[2025-04-22T03:32:00.724+0000] {processor.py:161} INFO - Started process (PID=65911) to work on /opt/airflow/dags/Code explanation.xlsx
[2025-04-22T03:32:00.728+0000] {processor.py:830} INFO - Processing file /opt/airflow/dags/Code explanation.xlsx for tasks to queue
[2025-04-22T03:32:00.739+0000] {logging_mixin.py:188} INFO - [2025-04-22T03:32:00.731+0000] {dagbag.py:538} INFO - Filling up the DagBag from /opt/airflow/dags/Code explanation.xlsx
[2025-04-22T03:32:00.904+0000] {processor.py:842} WARNING - No viable dags retrieved from /opt/airflow/dags/Code explanation.xlsx
[2025-04-22T03:32:01.008+0000] {processor.py:183} INFO - Processing /opt/airflow/dags/Code explanation.xlsx took 0.305 seconds
[2025-04-22T03:32:31.323+0000] {processor.py:161} INFO - Started process (PID=65948) to work on /opt/airflow/dags/Code explanation.xlsx
[2025-04-22T03:32:31.335+0000] {processor.py:830} INFO - Processing file /opt/airflow/dags/Code explanation.xlsx for tasks to queue
[2025-04-22T03:32:31.351+0000] {logging_mixin.py:188} INFO - [2025-04-22T03:32:31.350+0000] {dagbag.py:538} INFO - Filling up the DagBag from /opt/airflow/dags/Code explanation.xlsx
[2025-04-22T03:32:31.381+0000] {processor.py:842} WARNING - No viable dags retrieved from /opt/airflow/dags/Code explanation.xlsx
[2025-04-22T03:32:31.412+0000] {processor.py:183} INFO - Processing /opt/airflow/dags/Code explanation.xlsx took 0.098 seconds
[2025-04-22T03:33:02.114+0000] {processor.py:161} INFO - Started process (PID=65988) to work on /opt/airflow/dags/Code explanation.xlsx
[2025-04-22T03:33:02.116+0000] {processor.py:830} INFO - Processing file /opt/airflow/dags/Code explanation.xlsx for tasks to queue
[2025-04-22T03:33:02.118+0000] {logging_mixin.py:188} INFO - [2025-04-22T03:33:02.117+0000] {dagbag.py:538} INFO - Filling up the DagBag from /opt/airflow/dags/Code explanation.xlsx
[2025-04-22T03:33:02.145+0000] {processor.py:842} WARNING - No viable dags retrieved from /opt/airflow/dags/Code explanation.xlsx
[2025-04-22T03:33:02.172+0000] {processor.py:183} INFO - Processing /opt/airflow/dags/Code explanation.xlsx took 0.065 seconds
[2025-04-22T03:33:32.457+0000] {processor.py:161} INFO - Started process (PID=66029) to work on /opt/airflow/dags/Code explanation.xlsx
[2025-04-22T03:33:32.463+0000] {processor.py:830} INFO - Processing file /opt/airflow/dags/Code explanation.xlsx for tasks to queue
[2025-04-22T03:33:32.465+0000] {logging_mixin.py:188} INFO - [2025-04-22T03:33:32.464+0000] {dagbag.py:538} INFO - Filling up the DagBag from /opt/airflow/dags/Code explanation.xlsx
[2025-04-22T03:33:32.482+0000] {processor.py:842} WARNING - No viable dags retrieved from /opt/airflow/dags/Code explanation.xlsx
[2025-04-22T03:33:32.506+0000] {processor.py:183} INFO - Processing /opt/airflow/dags/Code explanation.xlsx took 0.054 seconds
[2025-04-22T03:34:02.696+0000] {processor.py:161} INFO - Started process (PID=66069) to work on /opt/airflow/dags/Code explanation.xlsx
[2025-04-22T03:34:02.697+0000] {processor.py:830} INFO - Processing file /opt/airflow/dags/Code explanation.xlsx for tasks to queue
[2025-04-22T03:34:02.699+0000] {logging_mixin.py:188} INFO - [2025-04-22T03:34:02.698+0000] {dagbag.py:538} INFO - Filling up the DagBag from /opt/airflow/dags/Code explanation.xlsx
[2025-04-22T03:34:02.712+0000] {processor.py:842} WARNING - No viable dags retrieved from /opt/airflow/dags/Code explanation.xlsx
[2025-04-22T03:34:02.727+0000] {processor.py:183} INFO - Processing /opt/airflow/dags/Code explanation.xlsx took 0.034 seconds
[2025-04-22T03:34:34.047+0000] {processor.py:161} INFO - Started process (PID=66117) to work on /opt/airflow/dags/Code explanation.xlsx
[2025-04-22T03:34:34.049+0000] {processor.py:830} INFO - Processing file /opt/airflow/dags/Code explanation.xlsx for tasks to queue
[2025-04-22T03:34:34.050+0000] {logging_mixin.py:188} INFO - [2025-04-22T03:34:34.050+0000] {dagbag.py:538} INFO - Filling up the DagBag from /opt/airflow/dags/Code explanation.xlsx
[2025-04-22T03:34:34.062+0000] {processor.py:842} WARNING - No viable dags retrieved from /opt/airflow/dags/Code explanation.xlsx
[2025-04-22T03:34:34.077+0000] {processor.py:183} INFO - Processing /opt/airflow/dags/Code explanation.xlsx took 0.033 seconds
[2025-04-22T03:35:05.054+0000] {processor.py:161} INFO - Started process (PID=66159) to work on /opt/airflow/dags/Code explanation.xlsx
[2025-04-22T03:35:05.055+0000] {processor.py:830} INFO - Processing file /opt/airflow/dags/Code explanation.xlsx for tasks to queue
[2025-04-22T03:35:05.056+0000] {logging_mixin.py:188} INFO - [2025-04-22T03:35:05.056+0000] {dagbag.py:538} INFO - Filling up the DagBag from /opt/airflow/dags/Code explanation.xlsx
[2025-04-22T03:35:05.070+0000] {processor.py:842} WARNING - No viable dags retrieved from /opt/airflow/dags/Code explanation.xlsx
[2025-04-22T03:35:05.083+0000] {processor.py:183} INFO - Processing /opt/airflow/dags/Code explanation.xlsx took 0.033 seconds
[2025-04-22T03:35:35.938+0000] {processor.py:161} INFO - Started process (PID=66201) to work on /opt/airflow/dags/Code explanation.xlsx
[2025-04-22T03:35:35.945+0000] {processor.py:830} INFO - Processing file /opt/airflow/dags/Code explanation.xlsx for tasks to queue
[2025-04-22T03:35:35.951+0000] {logging_mixin.py:188} INFO - [2025-04-22T03:35:35.950+0000] {dagbag.py:538} INFO - Filling up the DagBag from /opt/airflow/dags/Code explanation.xlsx
[2025-04-22T03:35:35.983+0000] {processor.py:842} WARNING - No viable dags retrieved from /opt/airflow/dags/Code explanation.xlsx
[2025-04-22T03:35:36.048+0000] {processor.py:183} INFO - Processing /opt/airflow/dags/Code explanation.xlsx took 0.116 seconds
[2025-04-22T03:36:06.380+0000] {processor.py:161} INFO - Started process (PID=66244) to work on /opt/airflow/dags/Code explanation.xlsx
[2025-04-22T03:36:06.382+0000] {processor.py:830} INFO - Processing file /opt/airflow/dags/Code explanation.xlsx for tasks to queue
[2025-04-22T03:36:06.383+0000] {logging_mixin.py:188} INFO - [2025-04-22T03:36:06.382+0000] {dagbag.py:538} INFO - Filling up the DagBag from /opt/airflow/dags/Code explanation.xlsx
[2025-04-22T03:36:06.396+0000] {processor.py:842} WARNING - No viable dags retrieved from /opt/airflow/dags/Code explanation.xlsx
[2025-04-22T03:36:06.412+0000] {processor.py:183} INFO - Processing /opt/airflow/dags/Code explanation.xlsx took 0.035 seconds
[2025-04-22T03:36:37.542+0000] {processor.py:161} INFO - Started process (PID=66289) to work on /opt/airflow/dags/Code explanation.xlsx
[2025-04-22T03:36:37.544+0000] {processor.py:830} INFO - Processing file /opt/airflow/dags/Code explanation.xlsx for tasks to queue
[2025-04-22T03:36:37.546+0000] {logging_mixin.py:188} INFO - [2025-04-22T03:36:37.545+0000] {dagbag.py:538} INFO - Filling up the DagBag from /opt/airflow/dags/Code explanation.xlsx
[2025-04-22T03:36:37.558+0000] {processor.py:842} WARNING - No viable dags retrieved from /opt/airflow/dags/Code explanation.xlsx
[2025-04-22T03:36:37.576+0000] {processor.py:183} INFO - Processing /opt/airflow/dags/Code explanation.xlsx took 0.039 seconds
[2025-04-22T03:37:08.223+0000] {processor.py:161} INFO - Started process (PID=66332) to work on /opt/airflow/dags/Code explanation.xlsx
[2025-04-22T03:37:08.225+0000] {processor.py:830} INFO - Processing file /opt/airflow/dags/Code explanation.xlsx for tasks to queue
[2025-04-22T03:37:08.227+0000] {logging_mixin.py:188} INFO - [2025-04-22T03:37:08.226+0000] {dagbag.py:538} INFO - Filling up the DagBag from /opt/airflow/dags/Code explanation.xlsx
[2025-04-22T03:37:08.343+0000] {processor.py:842} WARNING - No viable dags retrieved from /opt/airflow/dags/Code explanation.xlsx
[2025-04-22T03:37:08.367+0000] {processor.py:183} INFO - Processing /opt/airflow/dags/Code explanation.xlsx took 0.149 seconds
[2025-04-22T03:37:39.047+0000] {processor.py:161} INFO - Started process (PID=66375) to work on /opt/airflow/dags/Code explanation.xlsx
[2025-04-22T03:37:39.049+0000] {processor.py:830} INFO - Processing file /opt/airflow/dags/Code explanation.xlsx for tasks to queue
[2025-04-22T03:37:39.050+0000] {logging_mixin.py:188} INFO - [2025-04-22T03:37:39.049+0000] {dagbag.py:538} INFO - Filling up the DagBag from /opt/airflow/dags/Code explanation.xlsx
[2025-04-22T03:37:39.067+0000] {processor.py:842} WARNING - No viable dags retrieved from /opt/airflow/dags/Code explanation.xlsx
[2025-04-22T03:37:39.086+0000] {processor.py:183} INFO - Processing /opt/airflow/dags/Code explanation.xlsx took 0.042 seconds
[2025-04-22T03:38:09.552+0000] {processor.py:161} INFO - Started process (PID=66418) to work on /opt/airflow/dags/Code explanation.xlsx
[2025-04-22T03:38:09.553+0000] {processor.py:830} INFO - Processing file /opt/airflow/dags/Code explanation.xlsx for tasks to queue
[2025-04-22T03:38:09.555+0000] {logging_mixin.py:188} INFO - [2025-04-22T03:38:09.555+0000] {dagbag.py:538} INFO - Filling up the DagBag from /opt/airflow/dags/Code explanation.xlsx
[2025-04-22T03:38:09.568+0000] {processor.py:842} WARNING - No viable dags retrieved from /opt/airflow/dags/Code explanation.xlsx
[2025-04-22T03:38:09.589+0000] {processor.py:183} INFO - Processing /opt/airflow/dags/Code explanation.xlsx took 0.035 seconds
[2025-04-22T03:38:40.211+0000] {processor.py:161} INFO - Started process (PID=66459) to work on /opt/airflow/dags/Code explanation.xlsx
[2025-04-22T03:38:40.213+0000] {processor.py:830} INFO - Processing file /opt/airflow/dags/Code explanation.xlsx for tasks to queue
[2025-04-22T03:38:40.214+0000] {logging_mixin.py:188} INFO - [2025-04-22T03:38:40.214+0000] {dagbag.py:538} INFO - Filling up the DagBag from /opt/airflow/dags/Code explanation.xlsx
[2025-04-22T03:38:40.223+0000] {processor.py:842} WARNING - No viable dags retrieved from /opt/airflow/dags/Code explanation.xlsx
[2025-04-22T03:38:40.242+0000] {processor.py:183} INFO - Processing /opt/airflow/dags/Code explanation.xlsx took 0.035 seconds
[2025-04-22T03:39:11.992+0000] {processor.py:161} INFO - Started process (PID=66504) to work on /opt/airflow/dags/Code explanation.xlsx
[2025-04-22T03:39:11.995+0000] {processor.py:830} INFO - Processing file /opt/airflow/dags/Code explanation.xlsx for tasks to queue
[2025-04-22T03:39:12.005+0000] {logging_mixin.py:188} INFO - [2025-04-22T03:39:12.004+0000] {dagbag.py:538} INFO - Filling up the DagBag from /opt/airflow/dags/Code explanation.xlsx
[2025-04-22T03:39:12.152+0000] {processor.py:842} WARNING - No viable dags retrieved from /opt/airflow/dags/Code explanation.xlsx
[2025-04-22T03:39:12.168+0000] {processor.py:183} INFO - Processing /opt/airflow/dags/Code explanation.xlsx took 0.180 seconds
[2025-04-22T03:39:42.479+0000] {processor.py:161} INFO - Started process (PID=66547) to work on /opt/airflow/dags/Code explanation.xlsx
[2025-04-22T03:39:42.480+0000] {processor.py:830} INFO - Processing file /opt/airflow/dags/Code explanation.xlsx for tasks to queue
[2025-04-22T03:39:42.481+0000] {logging_mixin.py:188} INFO - [2025-04-22T03:39:42.481+0000] {dagbag.py:538} INFO - Filling up the DagBag from /opt/airflow/dags/Code explanation.xlsx
[2025-04-22T03:39:42.490+0000] {processor.py:842} WARNING - No viable dags retrieved from /opt/airflow/dags/Code explanation.xlsx
[2025-04-22T03:39:42.504+0000] {processor.py:183} INFO - Processing /opt/airflow/dags/Code explanation.xlsx took 0.029 seconds
[2025-04-22T03:40:13.375+0000] {processor.py:161} INFO - Started process (PID=66588) to work on /opt/airflow/dags/Code explanation.xlsx
[2025-04-22T03:40:13.376+0000] {processor.py:830} INFO - Processing file /opt/airflow/dags/Code explanation.xlsx for tasks to queue
[2025-04-22T03:40:13.378+0000] {logging_mixin.py:188} INFO - [2025-04-22T03:40:13.377+0000] {dagbag.py:538} INFO - Filling up the DagBag from /opt/airflow/dags/Code explanation.xlsx
[2025-04-22T03:40:13.387+0000] {processor.py:842} WARNING - No viable dags retrieved from /opt/airflow/dags/Code explanation.xlsx
[2025-04-22T03:40:13.408+0000] {processor.py:183} INFO - Processing /opt/airflow/dags/Code explanation.xlsx took 0.037 seconds
[2025-04-22T03:40:43.513+0000] {processor.py:161} INFO - Started process (PID=66626) to work on /opt/airflow/dags/Code explanation.xlsx
[2025-04-22T03:40:43.514+0000] {processor.py:830} INFO - Processing file /opt/airflow/dags/Code explanation.xlsx for tasks to queue
[2025-04-22T03:40:43.515+0000] {logging_mixin.py:188} INFO - [2025-04-22T03:40:43.515+0000] {dagbag.py:538} INFO - Filling up the DagBag from /opt/airflow/dags/Code explanation.xlsx
[2025-04-22T03:40:43.526+0000] {processor.py:842} WARNING - No viable dags retrieved from /opt/airflow/dags/Code explanation.xlsx
[2025-04-22T03:40:43.545+0000] {processor.py:183} INFO - Processing /opt/airflow/dags/Code explanation.xlsx took 0.037 seconds
[2025-04-22T03:41:13.766+0000] {processor.py:161} INFO - Started process (PID=66666) to work on /opt/airflow/dags/Code explanation.xlsx
[2025-04-22T03:41:13.768+0000] {processor.py:830} INFO - Processing file /opt/airflow/dags/Code explanation.xlsx for tasks to queue
[2025-04-22T03:41:13.769+0000] {logging_mixin.py:188} INFO - [2025-04-22T03:41:13.769+0000] {dagbag.py:538} INFO - Filling up the DagBag from /opt/airflow/dags/Code explanation.xlsx
[2025-04-22T03:41:13.776+0000] {processor.py:842} WARNING - No viable dags retrieved from /opt/airflow/dags/Code explanation.xlsx
[2025-04-22T03:41:13.790+0000] {processor.py:183} INFO - Processing /opt/airflow/dags/Code explanation.xlsx took 0.027 seconds
[2025-04-22T03:41:44.781+0000] {processor.py:161} INFO - Started process (PID=66709) to work on /opt/airflow/dags/Code explanation.xlsx
[2025-04-22T03:41:44.782+0000] {processor.py:830} INFO - Processing file /opt/airflow/dags/Code explanation.xlsx for tasks to queue
[2025-04-22T03:41:44.784+0000] {logging_mixin.py:188} INFO - [2025-04-22T03:41:44.783+0000] {dagbag.py:538} INFO - Filling up the DagBag from /opt/airflow/dags/Code explanation.xlsx
[2025-04-22T03:41:44.792+0000] {processor.py:842} WARNING - No viable dags retrieved from /opt/airflow/dags/Code explanation.xlsx
[2025-04-22T03:41:44.807+0000] {processor.py:183} INFO - Processing /opt/airflow/dags/Code explanation.xlsx took 0.032 seconds
[2025-04-22T03:48:20.575+0000] {processor.py:161} INFO - Started process (PID=66755) to work on /opt/airflow/dags/Code explanation.xlsx
[2025-04-22T03:48:20.579+0000] {processor.py:830} INFO - Processing file /opt/airflow/dags/Code explanation.xlsx for tasks to queue
[2025-04-22T03:48:20.585+0000] {logging_mixin.py:188} INFO - [2025-04-22T03:48:20.583+0000] {dagbag.py:538} INFO - Filling up the DagBag from /opt/airflow/dags/Code explanation.xlsx
[2025-04-22T03:48:20.619+0000] {processor.py:842} WARNING - No viable dags retrieved from /opt/airflow/dags/Code explanation.xlsx
[2025-04-22T03:48:20.665+0000] {processor.py:183} INFO - Processing /opt/airflow/dags/Code explanation.xlsx took 0.099 seconds
[2025-04-22T03:49:47.811+0000] {processor.py:161} INFO - Started process (PID=66800) to work on /opt/airflow/dags/Code explanation.xlsx
[2025-04-22T03:49:47.816+0000] {processor.py:830} INFO - Processing file /opt/airflow/dags/Code explanation.xlsx for tasks to queue
[2025-04-22T03:49:47.821+0000] {logging_mixin.py:188} INFO - [2025-04-22T03:49:47.821+0000] {dagbag.py:538} INFO - Filling up the DagBag from /opt/airflow/dags/Code explanation.xlsx
[2025-04-22T03:49:47.878+0000] {processor.py:842} WARNING - No viable dags retrieved from /opt/airflow/dags/Code explanation.xlsx
[2025-04-22T03:49:47.902+0000] {processor.py:183} INFO - Processing /opt/airflow/dags/Code explanation.xlsx took 0.096 seconds
[2025-04-22T03:50:18.348+0000] {processor.py:161} INFO - Started process (PID=66837) to work on /opt/airflow/dags/Code explanation.xlsx
[2025-04-22T03:50:18.364+0000] {processor.py:830} INFO - Processing file /opt/airflow/dags/Code explanation.xlsx for tasks to queue
[2025-04-22T03:50:18.369+0000] {logging_mixin.py:188} INFO - [2025-04-22T03:50:18.367+0000] {dagbag.py:538} INFO - Filling up the DagBag from /opt/airflow/dags/Code explanation.xlsx
[2025-04-22T03:50:18.397+0000] {processor.py:842} WARNING - No viable dags retrieved from /opt/airflow/dags/Code explanation.xlsx
[2025-04-22T03:50:18.452+0000] {processor.py:183} INFO - Processing /opt/airflow/dags/Code explanation.xlsx took 0.111 seconds
[2025-04-22T03:50:48.906+0000] {processor.py:161} INFO - Started process (PID=66877) to work on /opt/airflow/dags/Code explanation.xlsx
[2025-04-22T03:50:48.907+0000] {processor.py:830} INFO - Processing file /opt/airflow/dags/Code explanation.xlsx for tasks to queue
[2025-04-22T03:50:48.909+0000] {logging_mixin.py:188} INFO - [2025-04-22T03:50:48.908+0000] {dagbag.py:538} INFO - Filling up the DagBag from /opt/airflow/dags/Code explanation.xlsx
[2025-04-22T03:50:48.930+0000] {processor.py:842} WARNING - No viable dags retrieved from /opt/airflow/dags/Code explanation.xlsx
[2025-04-22T03:50:48.952+0000] {processor.py:183} INFO - Processing /opt/airflow/dags/Code explanation.xlsx took 0.049 seconds
[2025-04-22T03:51:19.507+0000] {processor.py:161} INFO - Started process (PID=66920) to work on /opt/airflow/dags/Code explanation.xlsx
[2025-04-22T03:51:19.510+0000] {processor.py:830} INFO - Processing file /opt/airflow/dags/Code explanation.xlsx for tasks to queue
[2025-04-22T03:51:19.511+0000] {logging_mixin.py:188} INFO - [2025-04-22T03:51:19.511+0000] {dagbag.py:538} INFO - Filling up the DagBag from /opt/airflow/dags/Code explanation.xlsx
[2025-04-22T03:51:19.612+0000] {processor.py:842} WARNING - No viable dags retrieved from /opt/airflow/dags/Code explanation.xlsx
[2025-04-22T03:51:19.649+0000] {processor.py:183} INFO - Processing /opt/airflow/dags/Code explanation.xlsx took 0.148 seconds
[2025-04-22T03:51:50.117+0000] {processor.py:161} INFO - Started process (PID=66963) to work on /opt/airflow/dags/Code explanation.xlsx
[2025-04-22T03:51:50.119+0000] {processor.py:830} INFO - Processing file /opt/airflow/dags/Code explanation.xlsx for tasks to queue
[2025-04-22T03:51:50.120+0000] {logging_mixin.py:188} INFO - [2025-04-22T03:51:50.120+0000] {dagbag.py:538} INFO - Filling up the DagBag from /opt/airflow/dags/Code explanation.xlsx
[2025-04-22T03:51:50.143+0000] {processor.py:842} WARNING - No viable dags retrieved from /opt/airflow/dags/Code explanation.xlsx
[2025-04-22T03:51:50.159+0000] {processor.py:183} INFO - Processing /opt/airflow/dags/Code explanation.xlsx took 0.044 seconds
[2025-04-22T03:52:20.436+0000] {processor.py:161} INFO - Started process (PID=67006) to work on /opt/airflow/dags/Code explanation.xlsx
[2025-04-22T03:52:20.438+0000] {processor.py:830} INFO - Processing file /opt/airflow/dags/Code explanation.xlsx for tasks to queue
[2025-04-22T03:52:20.440+0000] {logging_mixin.py:188} INFO - [2025-04-22T03:52:20.440+0000] {dagbag.py:538} INFO - Filling up the DagBag from /opt/airflow/dags/Code explanation.xlsx
[2025-04-22T03:52:20.461+0000] {processor.py:842} WARNING - No viable dags retrieved from /opt/airflow/dags/Code explanation.xlsx
[2025-04-22T03:52:20.490+0000] {processor.py:183} INFO - Processing /opt/airflow/dags/Code explanation.xlsx took 0.061 seconds
[2025-04-22T03:52:51.601+0000] {processor.py:161} INFO - Started process (PID=67047) to work on /opt/airflow/dags/Code explanation.xlsx
[2025-04-22T03:52:51.605+0000] {processor.py:830} INFO - Processing file /opt/airflow/dags/Code explanation.xlsx for tasks to queue
[2025-04-22T03:52:51.609+0000] {logging_mixin.py:188} INFO - [2025-04-22T03:52:51.608+0000] {dagbag.py:538} INFO - Filling up the DagBag from /opt/airflow/dags/Code explanation.xlsx
[2025-04-22T03:52:51.634+0000] {processor.py:842} WARNING - No viable dags retrieved from /opt/airflow/dags/Code explanation.xlsx
[2025-04-22T03:52:51.650+0000] {processor.py:183} INFO - Processing /opt/airflow/dags/Code explanation.xlsx took 0.053 seconds
[2025-04-22T03:53:22.625+0000] {processor.py:161} INFO - Started process (PID=67090) to work on /opt/airflow/dags/Code explanation.xlsx
[2025-04-22T03:53:22.626+0000] {processor.py:830} INFO - Processing file /opt/airflow/dags/Code explanation.xlsx for tasks to queue
[2025-04-22T03:53:22.627+0000] {logging_mixin.py:188} INFO - [2025-04-22T03:53:22.627+0000] {dagbag.py:538} INFO - Filling up the DagBag from /opt/airflow/dags/Code explanation.xlsx
[2025-04-22T03:53:22.637+0000] {processor.py:842} WARNING - No viable dags retrieved from /opt/airflow/dags/Code explanation.xlsx
[2025-04-22T03:53:22.652+0000] {processor.py:183} INFO - Processing /opt/airflow/dags/Code explanation.xlsx took 0.032 seconds
[2025-04-22T03:54:10.492+0000] {processor.py:161} INFO - Started process (PID=67146) to work on /opt/airflow/dags/Code explanation.xlsx
[2025-04-22T03:54:10.494+0000] {processor.py:830} INFO - Processing file /opt/airflow/dags/Code explanation.xlsx for tasks to queue
[2025-04-22T03:54:10.496+0000] {logging_mixin.py:188} INFO - [2025-04-22T03:54:10.495+0000] {dagbag.py:538} INFO - Filling up the DagBag from /opt/airflow/dags/Code explanation.xlsx
[2025-04-22T03:54:10.514+0000] {processor.py:842} WARNING - No viable dags retrieved from /opt/airflow/dags/Code explanation.xlsx
[2025-04-22T03:54:10.534+0000] {processor.py:183} INFO - Processing /opt/airflow/dags/Code explanation.xlsx took 0.046 seconds
[2025-04-22T03:54:41.368+0000] {processor.py:161} INFO - Started process (PID=67183) to work on /opt/airflow/dags/Code explanation.xlsx
[2025-04-22T03:54:41.369+0000] {processor.py:830} INFO - Processing file /opt/airflow/dags/Code explanation.xlsx for tasks to queue
[2025-04-22T03:54:41.371+0000] {logging_mixin.py:188} INFO - [2025-04-22T03:54:41.371+0000] {dagbag.py:538} INFO - Filling up the DagBag from /opt/airflow/dags/Code explanation.xlsx
[2025-04-22T03:54:41.385+0000] {processor.py:842} WARNING - No viable dags retrieved from /opt/airflow/dags/Code explanation.xlsx
[2025-04-22T03:54:41.404+0000] {processor.py:183} INFO - Processing /opt/airflow/dags/Code explanation.xlsx took 0.040 seconds
[2025-04-22T03:55:11.909+0000] {processor.py:161} INFO - Started process (PID=67226) to work on /opt/airflow/dags/Code explanation.xlsx
[2025-04-22T03:55:11.915+0000] {processor.py:830} INFO - Processing file /opt/airflow/dags/Code explanation.xlsx for tasks to queue
[2025-04-22T03:55:11.918+0000] {logging_mixin.py:188} INFO - [2025-04-22T03:55:11.917+0000] {dagbag.py:538} INFO - Filling up the DagBag from /opt/airflow/dags/Code explanation.xlsx
[2025-04-22T03:55:11.928+0000] {processor.py:842} WARNING - No viable dags retrieved from /opt/airflow/dags/Code explanation.xlsx
[2025-04-22T03:55:11.947+0000] {processor.py:183} INFO - Processing /opt/airflow/dags/Code explanation.xlsx took 0.047 seconds
[2025-04-22T03:55:43.003+0000] {processor.py:161} INFO - Started process (PID=67271) to work on /opt/airflow/dags/Code explanation.xlsx
[2025-04-22T03:55:43.005+0000] {processor.py:830} INFO - Processing file /opt/airflow/dags/Code explanation.xlsx for tasks to queue
[2025-04-22T03:55:43.006+0000] {logging_mixin.py:188} INFO - [2025-04-22T03:55:43.005+0000] {dagbag.py:538} INFO - Filling up the DagBag from /opt/airflow/dags/Code explanation.xlsx
[2025-04-22T03:55:43.024+0000] {processor.py:842} WARNING - No viable dags retrieved from /opt/airflow/dags/Code explanation.xlsx
[2025-04-22T03:55:43.051+0000] {processor.py:183} INFO - Processing /opt/airflow/dags/Code explanation.xlsx took 0.052 seconds
[2025-04-22T03:56:14.264+0000] {processor.py:161} INFO - Started process (PID=67312) to work on /opt/airflow/dags/Code explanation.xlsx
[2025-04-22T03:56:14.266+0000] {processor.py:830} INFO - Processing file /opt/airflow/dags/Code explanation.xlsx for tasks to queue
[2025-04-22T03:56:14.268+0000] {logging_mixin.py:188} INFO - [2025-04-22T03:56:14.268+0000] {dagbag.py:538} INFO - Filling up the DagBag from /opt/airflow/dags/Code explanation.xlsx
[2025-04-22T03:56:14.277+0000] {processor.py:842} WARNING - No viable dags retrieved from /opt/airflow/dags/Code explanation.xlsx
[2025-04-22T03:56:14.295+0000] {processor.py:183} INFO - Processing /opt/airflow/dags/Code explanation.xlsx took 0.039 seconds
[2025-04-22T03:56:44.508+0000] {processor.py:161} INFO - Started process (PID=67349) to work on /opt/airflow/dags/Code explanation.xlsx
[2025-04-22T03:56:44.510+0000] {processor.py:830} INFO - Processing file /opt/airflow/dags/Code explanation.xlsx for tasks to queue
[2025-04-22T03:56:44.511+0000] {logging_mixin.py:188} INFO - [2025-04-22T03:56:44.511+0000] {dagbag.py:538} INFO - Filling up the DagBag from /opt/airflow/dags/Code explanation.xlsx
[2025-04-22T03:56:44.519+0000] {processor.py:842} WARNING - No viable dags retrieved from /opt/airflow/dags/Code explanation.xlsx
[2025-04-22T03:56:44.535+0000] {processor.py:183} INFO - Processing /opt/airflow/dags/Code explanation.xlsx took 0.031 seconds
[2025-04-22T03:57:15.089+0000] {processor.py:161} INFO - Started process (PID=67389) to work on /opt/airflow/dags/Code explanation.xlsx
[2025-04-22T03:57:15.091+0000] {processor.py:830} INFO - Processing file /opt/airflow/dags/Code explanation.xlsx for tasks to queue
[2025-04-22T03:57:15.093+0000] {logging_mixin.py:188} INFO - [2025-04-22T03:57:15.093+0000] {dagbag.py:538} INFO - Filling up the DagBag from /opt/airflow/dags/Code explanation.xlsx
[2025-04-22T03:57:15.111+0000] {processor.py:842} WARNING - No viable dags retrieved from /opt/airflow/dags/Code explanation.xlsx
[2025-04-22T03:57:15.129+0000] {processor.py:183} INFO - Processing /opt/airflow/dags/Code explanation.xlsx took 0.047 seconds
[2025-04-22T03:57:45.571+0000] {processor.py:161} INFO - Started process (PID=67430) to work on /opt/airflow/dags/Code explanation.xlsx
[2025-04-22T03:57:45.572+0000] {processor.py:830} INFO - Processing file /opt/airflow/dags/Code explanation.xlsx for tasks to queue
[2025-04-22T03:57:45.573+0000] {logging_mixin.py:188} INFO - [2025-04-22T03:57:45.573+0000] {dagbag.py:538} INFO - Filling up the DagBag from /opt/airflow/dags/Code explanation.xlsx
[2025-04-22T03:57:45.582+0000] {processor.py:842} WARNING - No viable dags retrieved from /opt/airflow/dags/Code explanation.xlsx
[2025-04-22T03:57:45.598+0000] {processor.py:183} INFO - Processing /opt/airflow/dags/Code explanation.xlsx took 0.032 seconds
[2025-04-22T03:58:15.784+0000] {processor.py:161} INFO - Started process (PID=67467) to work on /opt/airflow/dags/Code explanation.xlsx
[2025-04-22T03:58:15.785+0000] {processor.py:830} INFO - Processing file /opt/airflow/dags/Code explanation.xlsx for tasks to queue
[2025-04-22T03:58:15.787+0000] {logging_mixin.py:188} INFO - [2025-04-22T03:58:15.786+0000] {dagbag.py:538} INFO - Filling up the DagBag from /opt/airflow/dags/Code explanation.xlsx
[2025-04-22T03:58:15.796+0000] {processor.py:842} WARNING - No viable dags retrieved from /opt/airflow/dags/Code explanation.xlsx
[2025-04-22T03:58:15.815+0000] {processor.py:183} INFO - Processing /opt/airflow/dags/Code explanation.xlsx took 0.035 seconds
[2025-04-22T03:58:46.252+0000] {processor.py:161} INFO - Started process (PID=67510) to work on /opt/airflow/dags/Code explanation.xlsx
[2025-04-22T03:58:46.253+0000] {processor.py:830} INFO - Processing file /opt/airflow/dags/Code explanation.xlsx for tasks to queue
[2025-04-22T03:58:46.254+0000] {logging_mixin.py:188} INFO - [2025-04-22T03:58:46.254+0000] {dagbag.py:538} INFO - Filling up the DagBag from /opt/airflow/dags/Code explanation.xlsx
[2025-04-22T03:58:46.262+0000] {processor.py:842} WARNING - No viable dags retrieved from /opt/airflow/dags/Code explanation.xlsx
[2025-04-22T03:58:46.278+0000] {processor.py:183} INFO - Processing /opt/airflow/dags/Code explanation.xlsx took 0.030 seconds
[2025-04-22T03:59:16.441+0000] {processor.py:161} INFO - Started process (PID=67543) to work on /opt/airflow/dags/Code explanation.xlsx
[2025-04-22T03:59:16.443+0000] {processor.py:830} INFO - Processing file /opt/airflow/dags/Code explanation.xlsx for tasks to queue
[2025-04-22T03:59:16.445+0000] {logging_mixin.py:188} INFO - [2025-04-22T03:59:16.444+0000] {dagbag.py:538} INFO - Filling up the DagBag from /opt/airflow/dags/Code explanation.xlsx
[2025-04-22T03:59:16.456+0000] {processor.py:842} WARNING - No viable dags retrieved from /opt/airflow/dags/Code explanation.xlsx
[2025-04-22T03:59:16.482+0000] {processor.py:183} INFO - Processing /opt/airflow/dags/Code explanation.xlsx took 0.047 seconds
[2025-04-22T03:59:46.709+0000] {processor.py:161} INFO - Started process (PID=67583) to work on /opt/airflow/dags/Code explanation.xlsx
[2025-04-22T03:59:46.733+0000] {processor.py:830} INFO - Processing file /opt/airflow/dags/Code explanation.xlsx for tasks to queue
[2025-04-22T03:59:46.768+0000] {logging_mixin.py:188} INFO - [2025-04-22T03:59:46.768+0000] {dagbag.py:538} INFO - Filling up the DagBag from /opt/airflow/dags/Code explanation.xlsx
[2025-04-22T03:59:46.914+0000] {processor.py:842} WARNING - No viable dags retrieved from /opt/airflow/dags/Code explanation.xlsx
[2025-04-22T03:59:46.967+0000] {processor.py:183} INFO - Processing /opt/airflow/dags/Code explanation.xlsx took 0.262 seconds
[2025-04-22T04:00:18.125+0000] {processor.py:161} INFO - Started process (PID=67629) to work on /opt/airflow/dags/Code explanation.xlsx
[2025-04-22T04:00:18.126+0000] {processor.py:830} INFO - Processing file /opt/airflow/dags/Code explanation.xlsx for tasks to queue
[2025-04-22T04:00:18.129+0000] {logging_mixin.py:188} INFO - [2025-04-22T04:00:18.128+0000] {dagbag.py:538} INFO - Filling up the DagBag from /opt/airflow/dags/Code explanation.xlsx
[2025-04-22T04:00:18.190+0000] {processor.py:842} WARNING - No viable dags retrieved from /opt/airflow/dags/Code explanation.xlsx
[2025-04-22T04:00:18.212+0000] {processor.py:183} INFO - Processing /opt/airflow/dags/Code explanation.xlsx took 0.090 seconds
[2025-04-22T04:00:48.645+0000] {processor.py:161} INFO - Started process (PID=67672) to work on /opt/airflow/dags/Code explanation.xlsx
[2025-04-22T04:00:48.646+0000] {processor.py:830} INFO - Processing file /opt/airflow/dags/Code explanation.xlsx for tasks to queue
[2025-04-22T04:00:48.648+0000] {logging_mixin.py:188} INFO - [2025-04-22T04:00:48.647+0000] {dagbag.py:538} INFO - Filling up the DagBag from /opt/airflow/dags/Code explanation.xlsx
[2025-04-22T04:00:48.661+0000] {processor.py:842} WARNING - No viable dags retrieved from /opt/airflow/dags/Code explanation.xlsx
[2025-04-22T04:00:48.692+0000] {processor.py:183} INFO - Processing /opt/airflow/dags/Code explanation.xlsx took 0.051 seconds
[2025-04-22T04:01:19.454+0000] {processor.py:161} INFO - Started process (PID=67715) to work on /opt/airflow/dags/Code explanation.xlsx
[2025-04-22T04:01:19.460+0000] {processor.py:830} INFO - Processing file /opt/airflow/dags/Code explanation.xlsx for tasks to queue
[2025-04-22T04:01:19.462+0000] {logging_mixin.py:188} INFO - [2025-04-22T04:01:19.461+0000] {dagbag.py:538} INFO - Filling up the DagBag from /opt/airflow/dags/Code explanation.xlsx
[2025-04-22T04:01:19.541+0000] {processor.py:842} WARNING - No viable dags retrieved from /opt/airflow/dags/Code explanation.xlsx
[2025-04-22T04:01:19.571+0000] {processor.py:183} INFO - Processing /opt/airflow/dags/Code explanation.xlsx took 0.128 seconds
[2025-04-22T04:01:50.313+0000] {processor.py:161} INFO - Started process (PID=67758) to work on /opt/airflow/dags/Code explanation.xlsx
[2025-04-22T04:01:50.316+0000] {processor.py:830} INFO - Processing file /opt/airflow/dags/Code explanation.xlsx for tasks to queue
[2025-04-22T04:01:50.319+0000] {logging_mixin.py:188} INFO - [2025-04-22T04:01:50.319+0000] {dagbag.py:538} INFO - Filling up the DagBag from /opt/airflow/dags/Code explanation.xlsx
[2025-04-22T04:01:50.334+0000] {processor.py:842} WARNING - No viable dags retrieved from /opt/airflow/dags/Code explanation.xlsx
[2025-04-22T04:01:50.358+0000] {processor.py:183} INFO - Processing /opt/airflow/dags/Code explanation.xlsx took 0.049 seconds
[2025-04-22T04:02:20.599+0000] {processor.py:161} INFO - Started process (PID=67798) to work on /opt/airflow/dags/Code explanation.xlsx
[2025-04-22T04:02:20.600+0000] {processor.py:830} INFO - Processing file /opt/airflow/dags/Code explanation.xlsx for tasks to queue
[2025-04-22T04:02:20.602+0000] {logging_mixin.py:188} INFO - [2025-04-22T04:02:20.601+0000] {dagbag.py:538} INFO - Filling up the DagBag from /opt/airflow/dags/Code explanation.xlsx
[2025-04-22T04:02:20.614+0000] {processor.py:842} WARNING - No viable dags retrieved from /opt/airflow/dags/Code explanation.xlsx
[2025-04-22T04:02:20.632+0000] {processor.py:183} INFO - Processing /opt/airflow/dags/Code explanation.xlsx took 0.037 seconds
[2025-04-22T04:02:51.297+0000] {processor.py:161} INFO - Started process (PID=67841) to work on /opt/airflow/dags/Code explanation.xlsx
[2025-04-22T04:02:51.299+0000] {processor.py:830} INFO - Processing file /opt/airflow/dags/Code explanation.xlsx for tasks to queue
[2025-04-22T04:02:51.300+0000] {logging_mixin.py:188} INFO - [2025-04-22T04:02:51.299+0000] {dagbag.py:538} INFO - Filling up the DagBag from /opt/airflow/dags/Code explanation.xlsx
[2025-04-22T04:02:51.312+0000] {processor.py:842} WARNING - No viable dags retrieved from /opt/airflow/dags/Code explanation.xlsx
[2025-04-22T04:02:51.324+0000] {processor.py:183} INFO - Processing /opt/airflow/dags/Code explanation.xlsx took 0.030 seconds
[2025-04-22T04:03:21.672+0000] {processor.py:161} INFO - Started process (PID=67884) to work on /opt/airflow/dags/Code explanation.xlsx
[2025-04-22T04:03:21.674+0000] {processor.py:830} INFO - Processing file /opt/airflow/dags/Code explanation.xlsx for tasks to queue
[2025-04-22T04:03:21.675+0000] {logging_mixin.py:188} INFO - [2025-04-22T04:03:21.675+0000] {dagbag.py:538} INFO - Filling up the DagBag from /opt/airflow/dags/Code explanation.xlsx
[2025-04-22T04:03:21.692+0000] {processor.py:842} WARNING - No viable dags retrieved from /opt/airflow/dags/Code explanation.xlsx
[2025-04-22T04:03:21.712+0000] {processor.py:183} INFO - Processing /opt/airflow/dags/Code explanation.xlsx took 0.044 seconds
[2025-04-22T04:03:51.885+0000] {processor.py:161} INFO - Started process (PID=67927) to work on /opt/airflow/dags/Code explanation.xlsx
[2025-04-22T04:03:51.888+0000] {processor.py:830} INFO - Processing file /opt/airflow/dags/Code explanation.xlsx for tasks to queue
[2025-04-22T04:03:51.889+0000] {logging_mixin.py:188} INFO - [2025-04-22T04:03:51.889+0000] {dagbag.py:538} INFO - Filling up the DagBag from /opt/airflow/dags/Code explanation.xlsx
[2025-04-22T04:03:51.909+0000] {processor.py:842} WARNING - No viable dags retrieved from /opt/airflow/dags/Code explanation.xlsx
[2025-04-22T04:03:51.927+0000] {processor.py:183} INFO - Processing /opt/airflow/dags/Code explanation.xlsx took 0.046 seconds
[2025-04-22T04:04:22.745+0000] {processor.py:161} INFO - Started process (PID=67970) to work on /opt/airflow/dags/Code explanation.xlsx
[2025-04-22T04:04:22.746+0000] {processor.py:830} INFO - Processing file /opt/airflow/dags/Code explanation.xlsx for tasks to queue
[2025-04-22T04:04:22.747+0000] {logging_mixin.py:188} INFO - [2025-04-22T04:04:22.747+0000] {dagbag.py:538} INFO - Filling up the DagBag from /opt/airflow/dags/Code explanation.xlsx
[2025-04-22T04:04:22.757+0000] {processor.py:842} WARNING - No viable dags retrieved from /opt/airflow/dags/Code explanation.xlsx
[2025-04-22T04:04:22.769+0000] {processor.py:183} INFO - Processing /opt/airflow/dags/Code explanation.xlsx took 0.028 seconds
[2025-04-22T04:04:52.903+0000] {processor.py:161} INFO - Started process (PID=68013) to work on /opt/airflow/dags/Code explanation.xlsx
[2025-04-22T04:04:52.904+0000] {processor.py:830} INFO - Processing file /opt/airflow/dags/Code explanation.xlsx for tasks to queue
[2025-04-22T04:04:52.905+0000] {logging_mixin.py:188} INFO - [2025-04-22T04:04:52.905+0000] {dagbag.py:538} INFO - Filling up the DagBag from /opt/airflow/dags/Code explanation.xlsx
[2025-04-22T04:04:52.924+0000] {processor.py:842} WARNING - No viable dags retrieved from /opt/airflow/dags/Code explanation.xlsx
[2025-04-22T04:04:52.939+0000] {processor.py:183} INFO - Processing /opt/airflow/dags/Code explanation.xlsx took 0.040 seconds
[2025-04-22T04:05:23.835+0000] {processor.py:161} INFO - Started process (PID=68056) to work on /opt/airflow/dags/Code explanation.xlsx
[2025-04-22T04:05:23.836+0000] {processor.py:830} INFO - Processing file /opt/airflow/dags/Code explanation.xlsx for tasks to queue
[2025-04-22T04:05:23.837+0000] {logging_mixin.py:188} INFO - [2025-04-22T04:05:23.837+0000] {dagbag.py:538} INFO - Filling up the DagBag from /opt/airflow/dags/Code explanation.xlsx
[2025-04-22T04:05:23.855+0000] {processor.py:842} WARNING - No viable dags retrieved from /opt/airflow/dags/Code explanation.xlsx
[2025-04-22T04:05:23.869+0000] {processor.py:183} INFO - Processing /opt/airflow/dags/Code explanation.xlsx took 0.038 seconds
[2025-04-22T04:05:54.387+0000] {processor.py:161} INFO - Started process (PID=68099) to work on /opt/airflow/dags/Code explanation.xlsx
[2025-04-22T04:05:54.389+0000] {processor.py:830} INFO - Processing file /opt/airflow/dags/Code explanation.xlsx for tasks to queue
[2025-04-22T04:05:54.393+0000] {logging_mixin.py:188} INFO - [2025-04-22T04:05:54.391+0000] {dagbag.py:538} INFO - Filling up the DagBag from /opt/airflow/dags/Code explanation.xlsx
[2025-04-22T04:05:54.415+0000] {processor.py:842} WARNING - No viable dags retrieved from /opt/airflow/dags/Code explanation.xlsx
[2025-04-22T04:05:54.436+0000] {processor.py:183} INFO - Processing /opt/airflow/dags/Code explanation.xlsx took 0.054 seconds
[2025-04-22T04:06:24.865+0000] {processor.py:161} INFO - Started process (PID=68142) to work on /opt/airflow/dags/Code explanation.xlsx
[2025-04-22T04:06:24.866+0000] {processor.py:830} INFO - Processing file /opt/airflow/dags/Code explanation.xlsx for tasks to queue
[2025-04-22T04:06:24.868+0000] {logging_mixin.py:188} INFO - [2025-04-22T04:06:24.867+0000] {dagbag.py:538} INFO - Filling up the DagBag from /opt/airflow/dags/Code explanation.xlsx
[2025-04-22T04:06:24.881+0000] {processor.py:842} WARNING - No viable dags retrieved from /opt/airflow/dags/Code explanation.xlsx
[2025-04-22T04:06:24.899+0000] {processor.py:183} INFO - Processing /opt/airflow/dags/Code explanation.xlsx took 0.037 seconds
[2025-04-22T04:06:55.268+0000] {processor.py:161} INFO - Started process (PID=68185) to work on /opt/airflow/dags/Code explanation.xlsx
[2025-04-22T04:06:55.270+0000] {processor.py:830} INFO - Processing file /opt/airflow/dags/Code explanation.xlsx for tasks to queue
[2025-04-22T04:06:55.272+0000] {logging_mixin.py:188} INFO - [2025-04-22T04:06:55.271+0000] {dagbag.py:538} INFO - Filling up the DagBag from /opt/airflow/dags/Code explanation.xlsx
[2025-04-22T04:06:55.297+0000] {processor.py:842} WARNING - No viable dags retrieved from /opt/airflow/dags/Code explanation.xlsx
[2025-04-22T04:06:55.320+0000] {processor.py:183} INFO - Processing /opt/airflow/dags/Code explanation.xlsx took 0.056 seconds
[2025-04-22T04:07:25.825+0000] {processor.py:161} INFO - Started process (PID=68228) to work on /opt/airflow/dags/Code explanation.xlsx
[2025-04-22T04:07:25.826+0000] {processor.py:830} INFO - Processing file /opt/airflow/dags/Code explanation.xlsx for tasks to queue
[2025-04-22T04:07:25.828+0000] {logging_mixin.py:188} INFO - [2025-04-22T04:07:25.827+0000] {dagbag.py:538} INFO - Filling up the DagBag from /opt/airflow/dags/Code explanation.xlsx
[2025-04-22T04:07:25.838+0000] {processor.py:842} WARNING - No viable dags retrieved from /opt/airflow/dags/Code explanation.xlsx
[2025-04-22T04:07:25.858+0000] {processor.py:183} INFO - Processing /opt/airflow/dags/Code explanation.xlsx took 0.037 seconds
[2025-04-22T04:07:56.283+0000] {processor.py:161} INFO - Started process (PID=68271) to work on /opt/airflow/dags/Code explanation.xlsx
[2025-04-22T04:07:56.285+0000] {processor.py:830} INFO - Processing file /opt/airflow/dags/Code explanation.xlsx for tasks to queue
[2025-04-22T04:07:56.286+0000] {logging_mixin.py:188} INFO - [2025-04-22T04:07:56.285+0000] {dagbag.py:538} INFO - Filling up the DagBag from /opt/airflow/dags/Code explanation.xlsx
[2025-04-22T04:07:56.295+0000] {processor.py:842} WARNING - No viable dags retrieved from /opt/airflow/dags/Code explanation.xlsx
[2025-04-22T04:07:56.309+0000] {processor.py:183} INFO - Processing /opt/airflow/dags/Code explanation.xlsx took 0.030 seconds
[2025-04-22T04:08:27.221+0000] {processor.py:161} INFO - Started process (PID=68314) to work on /opt/airflow/dags/Code explanation.xlsx
[2025-04-22T04:08:27.223+0000] {processor.py:830} INFO - Processing file /opt/airflow/dags/Code explanation.xlsx for tasks to queue
[2025-04-22T04:08:27.224+0000] {logging_mixin.py:188} INFO - [2025-04-22T04:08:27.224+0000] {dagbag.py:538} INFO - Filling up the DagBag from /opt/airflow/dags/Code explanation.xlsx
[2025-04-22T04:08:27.233+0000] {processor.py:842} WARNING - No viable dags retrieved from /opt/airflow/dags/Code explanation.xlsx
[2025-04-22T04:08:27.247+0000] {processor.py:183} INFO - Processing /opt/airflow/dags/Code explanation.xlsx took 0.030 seconds
[2025-04-22T04:08:57.739+0000] {processor.py:161} INFO - Started process (PID=68357) to work on /opt/airflow/dags/Code explanation.xlsx
[2025-04-22T04:08:57.741+0000] {processor.py:830} INFO - Processing file /opt/airflow/dags/Code explanation.xlsx for tasks to queue
[2025-04-22T04:08:57.742+0000] {logging_mixin.py:188} INFO - [2025-04-22T04:08:57.742+0000] {dagbag.py:538} INFO - Filling up the DagBag from /opt/airflow/dags/Code explanation.xlsx
[2025-04-22T04:08:57.760+0000] {processor.py:842} WARNING - No viable dags retrieved from /opt/airflow/dags/Code explanation.xlsx
[2025-04-22T04:08:57.795+0000] {processor.py:183} INFO - Processing /opt/airflow/dags/Code explanation.xlsx took 0.059 seconds
[2025-04-22T04:09:28.221+0000] {processor.py:161} INFO - Started process (PID=68400) to work on /opt/airflow/dags/Code explanation.xlsx
[2025-04-22T04:09:28.224+0000] {processor.py:830} INFO - Processing file /opt/airflow/dags/Code explanation.xlsx for tasks to queue
[2025-04-22T04:09:28.254+0000] {logging_mixin.py:188} INFO - [2025-04-22T04:09:28.253+0000] {dagbag.py:538} INFO - Filling up the DagBag from /opt/airflow/dags/Code explanation.xlsx
[2025-04-22T04:09:28.347+0000] {processor.py:842} WARNING - No viable dags retrieved from /opt/airflow/dags/Code explanation.xlsx
[2025-04-22T04:09:28.369+0000] {processor.py:183} INFO - Processing /opt/airflow/dags/Code explanation.xlsx took 0.151 seconds
[2025-04-22T04:09:59.323+0000] {processor.py:161} INFO - Started process (PID=68443) to work on /opt/airflow/dags/Code explanation.xlsx
[2025-04-22T04:09:59.327+0000] {processor.py:830} INFO - Processing file /opt/airflow/dags/Code explanation.xlsx for tasks to queue
[2025-04-22T04:09:59.331+0000] {logging_mixin.py:188} INFO - [2025-04-22T04:09:59.330+0000] {dagbag.py:538} INFO - Filling up the DagBag from /opt/airflow/dags/Code explanation.xlsx
[2025-04-22T04:09:59.358+0000] {processor.py:842} WARNING - No viable dags retrieved from /opt/airflow/dags/Code explanation.xlsx
[2025-04-22T04:09:59.390+0000] {processor.py:183} INFO - Processing /opt/airflow/dags/Code explanation.xlsx took 0.072 seconds
[2025-04-22T04:10:29.843+0000] {processor.py:161} INFO - Started process (PID=68486) to work on /opt/airflow/dags/Code explanation.xlsx
[2025-04-22T04:10:29.847+0000] {processor.py:830} INFO - Processing file /opt/airflow/dags/Code explanation.xlsx for tasks to queue
[2025-04-22T04:10:29.850+0000] {logging_mixin.py:188} INFO - [2025-04-22T04:10:29.849+0000] {dagbag.py:538} INFO - Filling up the DagBag from /opt/airflow/dags/Code explanation.xlsx
[2025-04-22T04:10:29.867+0000] {processor.py:842} WARNING - No viable dags retrieved from /opt/airflow/dags/Code explanation.xlsx
[2025-04-22T04:10:29.891+0000] {processor.py:183} INFO - Processing /opt/airflow/dags/Code explanation.xlsx took 0.059 seconds
[2025-04-22T04:11:00.158+0000] {processor.py:161} INFO - Started process (PID=68529) to work on /opt/airflow/dags/Code explanation.xlsx
[2025-04-22T04:11:00.160+0000] {processor.py:830} INFO - Processing file /opt/airflow/dags/Code explanation.xlsx for tasks to queue
[2025-04-22T04:11:00.162+0000] {logging_mixin.py:188} INFO - [2025-04-22T04:11:00.161+0000] {dagbag.py:538} INFO - Filling up the DagBag from /opt/airflow/dags/Code explanation.xlsx
[2025-04-22T04:11:00.175+0000] {processor.py:842} WARNING - No viable dags retrieved from /opt/airflow/dags/Code explanation.xlsx
[2025-04-22T04:11:00.201+0000] {processor.py:183} INFO - Processing /opt/airflow/dags/Code explanation.xlsx took 0.048 seconds
[2025-04-22T04:11:30.353+0000] {processor.py:161} INFO - Started process (PID=68572) to work on /opt/airflow/dags/Code explanation.xlsx
[2025-04-22T04:11:30.355+0000] {processor.py:830} INFO - Processing file /opt/airflow/dags/Code explanation.xlsx for tasks to queue
[2025-04-22T04:11:30.356+0000] {logging_mixin.py:188} INFO - [2025-04-22T04:11:30.356+0000] {dagbag.py:538} INFO - Filling up the DagBag from /opt/airflow/dags/Code explanation.xlsx
[2025-04-22T04:11:30.373+0000] {processor.py:842} WARNING - No viable dags retrieved from /opt/airflow/dags/Code explanation.xlsx
[2025-04-22T04:11:30.394+0000] {processor.py:183} INFO - Processing /opt/airflow/dags/Code explanation.xlsx took 0.045 seconds
[2025-04-22T04:12:01.017+0000] {processor.py:161} INFO - Started process (PID=68615) to work on /opt/airflow/dags/Code explanation.xlsx
[2025-04-22T04:12:01.019+0000] {processor.py:830} INFO - Processing file /opt/airflow/dags/Code explanation.xlsx for tasks to queue
[2025-04-22T04:12:01.022+0000] {logging_mixin.py:188} INFO - [2025-04-22T04:12:01.021+0000] {dagbag.py:538} INFO - Filling up the DagBag from /opt/airflow/dags/Code explanation.xlsx
[2025-04-22T04:12:01.038+0000] {processor.py:842} WARNING - No viable dags retrieved from /opt/airflow/dags/Code explanation.xlsx
[2025-04-22T04:12:01.072+0000] {processor.py:183} INFO - Processing /opt/airflow/dags/Code explanation.xlsx took 0.060 seconds
[2025-04-22T04:12:32.063+0000] {processor.py:161} INFO - Started process (PID=68658) to work on /opt/airflow/dags/Code explanation.xlsx
[2025-04-22T04:12:32.066+0000] {processor.py:830} INFO - Processing file /opt/airflow/dags/Code explanation.xlsx for tasks to queue
[2025-04-22T04:12:32.069+0000] {logging_mixin.py:188} INFO - [2025-04-22T04:12:32.068+0000] {dagbag.py:538} INFO - Filling up the DagBag from /opt/airflow/dags/Code explanation.xlsx
[2025-04-22T04:12:32.089+0000] {processor.py:842} WARNING - No viable dags retrieved from /opt/airflow/dags/Code explanation.xlsx
[2025-04-22T04:12:32.109+0000] {processor.py:183} INFO - Processing /opt/airflow/dags/Code explanation.xlsx took 0.064 seconds
[2025-04-22T04:13:02.540+0000] {processor.py:161} INFO - Started process (PID=68701) to work on /opt/airflow/dags/Code explanation.xlsx
[2025-04-22T04:13:02.543+0000] {processor.py:830} INFO - Processing file /opt/airflow/dags/Code explanation.xlsx for tasks to queue
[2025-04-22T04:13:02.547+0000] {logging_mixin.py:188} INFO - [2025-04-22T04:13:02.546+0000] {dagbag.py:538} INFO - Filling up the DagBag from /opt/airflow/dags/Code explanation.xlsx
[2025-04-22T04:13:02.574+0000] {processor.py:842} WARNING - No viable dags retrieved from /opt/airflow/dags/Code explanation.xlsx
[2025-04-22T04:13:02.605+0000] {processor.py:183} INFO - Processing /opt/airflow/dags/Code explanation.xlsx took 0.071 seconds
[2025-04-22T04:13:33.292+0000] {processor.py:161} INFO - Started process (PID=68744) to work on /opt/airflow/dags/Code explanation.xlsx
[2025-04-22T04:13:33.294+0000] {processor.py:830} INFO - Processing file /opt/airflow/dags/Code explanation.xlsx for tasks to queue
[2025-04-22T04:13:33.296+0000] {logging_mixin.py:188} INFO - [2025-04-22T04:13:33.296+0000] {dagbag.py:538} INFO - Filling up the DagBag from /opt/airflow/dags/Code explanation.xlsx
[2025-04-22T04:13:33.312+0000] {processor.py:842} WARNING - No viable dags retrieved from /opt/airflow/dags/Code explanation.xlsx
[2025-04-22T04:13:33.337+0000] {processor.py:183} INFO - Processing /opt/airflow/dags/Code explanation.xlsx took 0.052 seconds
[2025-04-22T04:14:04.429+0000] {processor.py:161} INFO - Started process (PID=68787) to work on /opt/airflow/dags/Code explanation.xlsx
[2025-04-22T04:14:04.434+0000] {processor.py:830} INFO - Processing file /opt/airflow/dags/Code explanation.xlsx for tasks to queue
[2025-04-22T04:14:04.435+0000] {logging_mixin.py:188} INFO - [2025-04-22T04:14:04.435+0000] {dagbag.py:538} INFO - Filling up the DagBag from /opt/airflow/dags/Code explanation.xlsx
[2025-04-22T04:14:04.480+0000] {processor.py:842} WARNING - No viable dags retrieved from /opt/airflow/dags/Code explanation.xlsx
[2025-04-22T04:14:04.504+0000] {processor.py:183} INFO - Processing /opt/airflow/dags/Code explanation.xlsx took 0.079 seconds
[2025-04-22T04:14:35.494+0000] {processor.py:161} INFO - Started process (PID=68830) to work on /opt/airflow/dags/Code explanation.xlsx
[2025-04-22T04:14:35.497+0000] {processor.py:830} INFO - Processing file /opt/airflow/dags/Code explanation.xlsx for tasks to queue
[2025-04-22T04:14:35.501+0000] {logging_mixin.py:188} INFO - [2025-04-22T04:14:35.500+0000] {dagbag.py:538} INFO - Filling up the DagBag from /opt/airflow/dags/Code explanation.xlsx
[2025-04-22T04:14:35.530+0000] {processor.py:842} WARNING - No viable dags retrieved from /opt/airflow/dags/Code explanation.xlsx
[2025-04-22T04:14:35.554+0000] {processor.py:183} INFO - Processing /opt/airflow/dags/Code explanation.xlsx took 0.067 seconds
[2025-04-22T04:15:06.336+0000] {processor.py:161} INFO - Started process (PID=68873) to work on /opt/airflow/dags/Code explanation.xlsx
[2025-04-22T04:15:06.338+0000] {processor.py:830} INFO - Processing file /opt/airflow/dags/Code explanation.xlsx for tasks to queue
[2025-04-22T04:15:06.339+0000] {logging_mixin.py:188} INFO - [2025-04-22T04:15:06.339+0000] {dagbag.py:538} INFO - Filling up the DagBag from /opt/airflow/dags/Code explanation.xlsx
[2025-04-22T04:15:06.352+0000] {processor.py:842} WARNING - No viable dags retrieved from /opt/airflow/dags/Code explanation.xlsx
[2025-04-22T04:15:06.373+0000] {processor.py:183} INFO - Processing /opt/airflow/dags/Code explanation.xlsx took 0.043 seconds
[2025-04-22T04:15:36.824+0000] {processor.py:161} INFO - Started process (PID=68916) to work on /opt/airflow/dags/Code explanation.xlsx
[2025-04-22T04:15:36.827+0000] {processor.py:830} INFO - Processing file /opt/airflow/dags/Code explanation.xlsx for tasks to queue
[2025-04-22T04:15:36.829+0000] {logging_mixin.py:188} INFO - [2025-04-22T04:15:36.828+0000] {dagbag.py:538} INFO - Filling up the DagBag from /opt/airflow/dags/Code explanation.xlsx
[2025-04-22T04:15:36.849+0000] {processor.py:842} WARNING - No viable dags retrieved from /opt/airflow/dags/Code explanation.xlsx
[2025-04-22T04:15:36.871+0000] {processor.py:183} INFO - Processing /opt/airflow/dags/Code explanation.xlsx took 0.051 seconds
[2025-04-22T04:16:07.818+0000] {processor.py:161} INFO - Started process (PID=68959) to work on /opt/airflow/dags/Code explanation.xlsx
[2025-04-22T04:16:07.820+0000] {processor.py:830} INFO - Processing file /opt/airflow/dags/Code explanation.xlsx for tasks to queue
[2025-04-22T04:16:07.821+0000] {logging_mixin.py:188} INFO - [2025-04-22T04:16:07.821+0000] {dagbag.py:538} INFO - Filling up the DagBag from /opt/airflow/dags/Code explanation.xlsx
[2025-04-22T04:16:07.834+0000] {processor.py:842} WARNING - No viable dags retrieved from /opt/airflow/dags/Code explanation.xlsx
[2025-04-22T04:16:07.854+0000] {processor.py:183} INFO - Processing /opt/airflow/dags/Code explanation.xlsx took 0.040 seconds
[2025-04-22T04:16:38.207+0000] {processor.py:161} INFO - Started process (PID=69002) to work on /opt/airflow/dags/Code explanation.xlsx
[2025-04-22T04:16:38.210+0000] {processor.py:830} INFO - Processing file /opt/airflow/dags/Code explanation.xlsx for tasks to queue
[2025-04-22T04:16:38.212+0000] {logging_mixin.py:188} INFO - [2025-04-22T04:16:38.211+0000] {dagbag.py:538} INFO - Filling up the DagBag from /opt/airflow/dags/Code explanation.xlsx
[2025-04-22T04:16:38.225+0000] {processor.py:842} WARNING - No viable dags retrieved from /opt/airflow/dags/Code explanation.xlsx
[2025-04-22T04:16:38.244+0000] {processor.py:183} INFO - Processing /opt/airflow/dags/Code explanation.xlsx took 0.042 seconds
[2025-04-22T04:17:09.192+0000] {processor.py:161} INFO - Started process (PID=69045) to work on /opt/airflow/dags/Code explanation.xlsx
[2025-04-22T04:17:09.196+0000] {processor.py:830} INFO - Processing file /opt/airflow/dags/Code explanation.xlsx for tasks to queue
[2025-04-22T04:17:09.198+0000] {logging_mixin.py:188} INFO - [2025-04-22T04:17:09.197+0000] {dagbag.py:538} INFO - Filling up the DagBag from /opt/airflow/dags/Code explanation.xlsx
[2025-04-22T04:17:09.245+0000] {processor.py:842} WARNING - No viable dags retrieved from /opt/airflow/dags/Code explanation.xlsx
[2025-04-22T04:17:09.291+0000] {processor.py:183} INFO - Processing /opt/airflow/dags/Code explanation.xlsx took 0.104 seconds
[2025-04-22T04:17:39.907+0000] {processor.py:161} INFO - Started process (PID=69088) to work on /opt/airflow/dags/Code explanation.xlsx
[2025-04-22T04:17:39.910+0000] {processor.py:830} INFO - Processing file /opt/airflow/dags/Code explanation.xlsx for tasks to queue
[2025-04-22T04:17:39.913+0000] {logging_mixin.py:188} INFO - [2025-04-22T04:17:39.913+0000] {dagbag.py:538} INFO - Filling up the DagBag from /opt/airflow/dags/Code explanation.xlsx
[2025-04-22T04:17:39.935+0000] {processor.py:842} WARNING - No viable dags retrieved from /opt/airflow/dags/Code explanation.xlsx
[2025-04-22T04:17:39.963+0000] {processor.py:183} INFO - Processing /opt/airflow/dags/Code explanation.xlsx took 0.060 seconds
[2025-04-22T04:18:10.395+0000] {processor.py:161} INFO - Started process (PID=69131) to work on /opt/airflow/dags/Code explanation.xlsx
[2025-04-22T04:18:10.398+0000] {processor.py:830} INFO - Processing file /opt/airflow/dags/Code explanation.xlsx for tasks to queue
[2025-04-22T04:18:10.401+0000] {logging_mixin.py:188} INFO - [2025-04-22T04:18:10.400+0000] {dagbag.py:538} INFO - Filling up the DagBag from /opt/airflow/dags/Code explanation.xlsx
[2025-04-22T04:18:10.419+0000] {processor.py:842} WARNING - No viable dags retrieved from /opt/airflow/dags/Code explanation.xlsx
[2025-04-22T04:18:10.469+0000] {processor.py:183} INFO - Processing /opt/airflow/dags/Code explanation.xlsx took 0.077 seconds
[2025-04-22T04:18:40.696+0000] {processor.py:161} INFO - Started process (PID=69174) to work on /opt/airflow/dags/Code explanation.xlsx
[2025-04-22T04:18:40.698+0000] {processor.py:830} INFO - Processing file /opt/airflow/dags/Code explanation.xlsx for tasks to queue
[2025-04-22T04:18:40.700+0000] {logging_mixin.py:188} INFO - [2025-04-22T04:18:40.699+0000] {dagbag.py:538} INFO - Filling up the DagBag from /opt/airflow/dags/Code explanation.xlsx
[2025-04-22T04:18:40.736+0000] {processor.py:842} WARNING - No viable dags retrieved from /opt/airflow/dags/Code explanation.xlsx
[2025-04-22T04:18:40.761+0000] {processor.py:183} INFO - Processing /opt/airflow/dags/Code explanation.xlsx took 0.071 seconds
[2025-04-22T04:19:10.907+0000] {processor.py:161} INFO - Started process (PID=69211) to work on /opt/airflow/dags/Code explanation.xlsx
[2025-04-22T04:19:10.909+0000] {processor.py:830} INFO - Processing file /opt/airflow/dags/Code explanation.xlsx for tasks to queue
[2025-04-22T04:19:10.914+0000] {logging_mixin.py:188} INFO - [2025-04-22T04:19:10.912+0000] {dagbag.py:538} INFO - Filling up the DagBag from /opt/airflow/dags/Code explanation.xlsx
[2025-04-22T04:19:10.944+0000] {processor.py:842} WARNING - No viable dags retrieved from /opt/airflow/dags/Code explanation.xlsx
[2025-04-22T04:19:10.988+0000] {processor.py:183} INFO - Processing /opt/airflow/dags/Code explanation.xlsx took 0.093 seconds
[2025-04-22T04:19:42.141+0000] {processor.py:161} INFO - Started process (PID=69254) to work on /opt/airflow/dags/Code explanation.xlsx
[2025-04-22T04:19:42.151+0000] {processor.py:830} INFO - Processing file /opt/airflow/dags/Code explanation.xlsx for tasks to queue
[2025-04-22T04:19:42.159+0000] {logging_mixin.py:188} INFO - [2025-04-22T04:19:42.158+0000] {dagbag.py:538} INFO - Filling up the DagBag from /opt/airflow/dags/Code explanation.xlsx
[2025-04-22T04:19:42.245+0000] {processor.py:842} WARNING - No viable dags retrieved from /opt/airflow/dags/Code explanation.xlsx
[2025-04-22T04:19:42.275+0000] {processor.py:183} INFO - Processing /opt/airflow/dags/Code explanation.xlsx took 0.142 seconds
[2025-04-22T04:20:12.826+0000] {processor.py:161} INFO - Started process (PID=69297) to work on /opt/airflow/dags/Code explanation.xlsx
[2025-04-22T04:20:12.830+0000] {processor.py:830} INFO - Processing file /opt/airflow/dags/Code explanation.xlsx for tasks to queue
[2025-04-22T04:20:12.836+0000] {logging_mixin.py:188} INFO - [2025-04-22T04:20:12.834+0000] {dagbag.py:538} INFO - Filling up the DagBag from /opt/airflow/dags/Code explanation.xlsx
[2025-04-22T04:20:12.879+0000] {processor.py:842} WARNING - No viable dags retrieved from /opt/airflow/dags/Code explanation.xlsx
[2025-04-22T04:20:12.909+0000] {processor.py:183} INFO - Processing /opt/airflow/dags/Code explanation.xlsx took 0.092 seconds
[2025-04-22T04:20:43.311+0000] {processor.py:161} INFO - Started process (PID=69340) to work on /opt/airflow/dags/Code explanation.xlsx
[2025-04-22T04:20:43.322+0000] {processor.py:830} INFO - Processing file /opt/airflow/dags/Code explanation.xlsx for tasks to queue
[2025-04-22T04:20:43.343+0000] {logging_mixin.py:188} INFO - [2025-04-22T04:20:43.342+0000] {dagbag.py:538} INFO - Filling up the DagBag from /opt/airflow/dags/Code explanation.xlsx
[2025-04-22T04:20:43.395+0000] {processor.py:842} WARNING - No viable dags retrieved from /opt/airflow/dags/Code explanation.xlsx
[2025-04-22T04:20:43.476+0000] {processor.py:183} INFO - Processing /opt/airflow/dags/Code explanation.xlsx took 0.172 seconds
[2025-04-22T04:21:13.986+0000] {processor.py:161} INFO - Started process (PID=69374) to work on /opt/airflow/dags/Code explanation.xlsx
[2025-04-22T04:21:13.988+0000] {processor.py:830} INFO - Processing file /opt/airflow/dags/Code explanation.xlsx for tasks to queue
[2025-04-22T04:21:13.996+0000] {logging_mixin.py:188} INFO - [2025-04-22T04:21:13.990+0000] {dagbag.py:538} INFO - Filling up the DagBag from /opt/airflow/dags/Code explanation.xlsx
[2025-04-22T04:21:14.042+0000] {processor.py:842} WARNING - No viable dags retrieved from /opt/airflow/dags/Code explanation.xlsx
[2025-04-22T04:21:14.074+0000] {processor.py:183} INFO - Processing /opt/airflow/dags/Code explanation.xlsx took 0.093 seconds
[2025-04-22T04:21:44.601+0000] {processor.py:161} INFO - Started process (PID=69414) to work on /opt/airflow/dags/Code explanation.xlsx
[2025-04-22T04:21:44.603+0000] {processor.py:830} INFO - Processing file /opt/airflow/dags/Code explanation.xlsx for tasks to queue
[2025-04-22T04:21:44.605+0000] {logging_mixin.py:188} INFO - [2025-04-22T04:21:44.604+0000] {dagbag.py:538} INFO - Filling up the DagBag from /opt/airflow/dags/Code explanation.xlsx
[2025-04-22T04:21:44.615+0000] {processor.py:842} WARNING - No viable dags retrieved from /opt/airflow/dags/Code explanation.xlsx
[2025-04-22T04:21:44.634+0000] {processor.py:183} INFO - Processing /opt/airflow/dags/Code explanation.xlsx took 0.041 seconds
[2025-04-22T04:22:15.127+0000] {processor.py:161} INFO - Started process (PID=69457) to work on /opt/airflow/dags/Code explanation.xlsx
[2025-04-22T04:22:15.132+0000] {processor.py:830} INFO - Processing file /opt/airflow/dags/Code explanation.xlsx for tasks to queue
[2025-04-22T04:22:15.134+0000] {logging_mixin.py:188} INFO - [2025-04-22T04:22:15.133+0000] {dagbag.py:538} INFO - Filling up the DagBag from /opt/airflow/dags/Code explanation.xlsx
[2025-04-22T04:22:15.157+0000] {processor.py:842} WARNING - No viable dags retrieved from /opt/airflow/dags/Code explanation.xlsx
[2025-04-22T04:22:15.178+0000] {processor.py:183} INFO - Processing /opt/airflow/dags/Code explanation.xlsx took 0.055 seconds
[2025-04-22T04:22:45.449+0000] {processor.py:161} INFO - Started process (PID=69500) to work on /opt/airflow/dags/Code explanation.xlsx
[2025-04-22T04:22:45.451+0000] {processor.py:830} INFO - Processing file /opt/airflow/dags/Code explanation.xlsx for tasks to queue
[2025-04-22T04:22:45.454+0000] {logging_mixin.py:188} INFO - [2025-04-22T04:22:45.453+0000] {dagbag.py:538} INFO - Filling up the DagBag from /opt/airflow/dags/Code explanation.xlsx
[2025-04-22T04:22:45.476+0000] {processor.py:842} WARNING - No viable dags retrieved from /opt/airflow/dags/Code explanation.xlsx
[2025-04-22T04:22:45.499+0000] {processor.py:183} INFO - Processing /opt/airflow/dags/Code explanation.xlsx took 0.054 seconds
[2025-04-22T04:23:15.819+0000] {processor.py:161} INFO - Started process (PID=69543) to work on /opt/airflow/dags/Code explanation.xlsx
[2025-04-22T04:23:15.821+0000] {processor.py:830} INFO - Processing file /opt/airflow/dags/Code explanation.xlsx for tasks to queue
[2025-04-22T04:23:15.823+0000] {logging_mixin.py:188} INFO - [2025-04-22T04:23:15.823+0000] {dagbag.py:538} INFO - Filling up the DagBag from /opt/airflow/dags/Code explanation.xlsx
[2025-04-22T04:23:15.848+0000] {processor.py:842} WARNING - No viable dags retrieved from /opt/airflow/dags/Code explanation.xlsx
[2025-04-22T04:23:15.876+0000] {processor.py:183} INFO - Processing /opt/airflow/dags/Code explanation.xlsx took 0.062 seconds
[2025-04-22T04:23:46.347+0000] {processor.py:161} INFO - Started process (PID=69586) to work on /opt/airflow/dags/Code explanation.xlsx
[2025-04-22T04:23:46.350+0000] {processor.py:830} INFO - Processing file /opt/airflow/dags/Code explanation.xlsx for tasks to queue
[2025-04-22T04:23:46.352+0000] {logging_mixin.py:188} INFO - [2025-04-22T04:23:46.351+0000] {dagbag.py:538} INFO - Filling up the DagBag from /opt/airflow/dags/Code explanation.xlsx
[2025-04-22T04:23:46.394+0000] {processor.py:842} WARNING - No viable dags retrieved from /opt/airflow/dags/Code explanation.xlsx
[2025-04-22T04:23:46.418+0000] {processor.py:183} INFO - Processing /opt/airflow/dags/Code explanation.xlsx took 0.076 seconds
[2025-04-22T04:24:16.642+0000] {processor.py:161} INFO - Started process (PID=69629) to work on /opt/airflow/dags/Code explanation.xlsx
[2025-04-22T04:24:16.646+0000] {processor.py:830} INFO - Processing file /opt/airflow/dags/Code explanation.xlsx for tasks to queue
[2025-04-22T04:24:16.649+0000] {logging_mixin.py:188} INFO - [2025-04-22T04:24:16.648+0000] {dagbag.py:538} INFO - Filling up the DagBag from /opt/airflow/dags/Code explanation.xlsx
[2025-04-22T04:24:16.667+0000] {processor.py:842} WARNING - No viable dags retrieved from /opt/airflow/dags/Code explanation.xlsx
[2025-04-22T04:24:16.686+0000] {processor.py:183} INFO - Processing /opt/airflow/dags/Code explanation.xlsx took 0.049 seconds
[2025-04-22T04:24:47.199+0000] {processor.py:161} INFO - Started process (PID=69672) to work on /opt/airflow/dags/Code explanation.xlsx
[2025-04-22T04:24:47.202+0000] {processor.py:830} INFO - Processing file /opt/airflow/dags/Code explanation.xlsx for tasks to queue
[2025-04-22T04:24:47.206+0000] {logging_mixin.py:188} INFO - [2025-04-22T04:24:47.205+0000] {dagbag.py:538} INFO - Filling up the DagBag from /opt/airflow/dags/Code explanation.xlsx
[2025-04-22T04:24:47.226+0000] {processor.py:842} WARNING - No viable dags retrieved from /opt/airflow/dags/Code explanation.xlsx
[2025-04-22T04:24:47.248+0000] {processor.py:183} INFO - Processing /opt/airflow/dags/Code explanation.xlsx took 0.055 seconds
[2025-04-22T04:25:17.996+0000] {processor.py:161} INFO - Started process (PID=69715) to work on /opt/airflow/dags/Code explanation.xlsx
[2025-04-22T04:25:17.998+0000] {processor.py:830} INFO - Processing file /opt/airflow/dags/Code explanation.xlsx for tasks to queue
[2025-04-22T04:25:17.999+0000] {logging_mixin.py:188} INFO - [2025-04-22T04:25:17.999+0000] {dagbag.py:538} INFO - Filling up the DagBag from /opt/airflow/dags/Code explanation.xlsx
[2025-04-22T04:25:18.015+0000] {processor.py:842} WARNING - No viable dags retrieved from /opt/airflow/dags/Code explanation.xlsx
[2025-04-22T04:25:18.035+0000] {processor.py:183} INFO - Processing /opt/airflow/dags/Code explanation.xlsx took 0.043 seconds
[2025-04-22T04:25:48.705+0000] {processor.py:161} INFO - Started process (PID=69758) to work on /opt/airflow/dags/Code explanation.xlsx
[2025-04-22T04:25:48.707+0000] {processor.py:830} INFO - Processing file /opt/airflow/dags/Code explanation.xlsx for tasks to queue
[2025-04-22T04:25:48.708+0000] {logging_mixin.py:188} INFO - [2025-04-22T04:25:48.708+0000] {dagbag.py:538} INFO - Filling up the DagBag from /opt/airflow/dags/Code explanation.xlsx
[2025-04-22T04:25:48.721+0000] {processor.py:842} WARNING - No viable dags retrieved from /opt/airflow/dags/Code explanation.xlsx
[2025-04-22T04:25:48.747+0000] {processor.py:183} INFO - Processing /opt/airflow/dags/Code explanation.xlsx took 0.046 seconds
[2025-04-22T04:26:18.910+0000] {processor.py:161} INFO - Started process (PID=69801) to work on /opt/airflow/dags/Code explanation.xlsx
[2025-04-22T04:26:18.912+0000] {processor.py:830} INFO - Processing file /opt/airflow/dags/Code explanation.xlsx for tasks to queue
[2025-04-22T04:26:18.914+0000] {logging_mixin.py:188} INFO - [2025-04-22T04:26:18.914+0000] {dagbag.py:538} INFO - Filling up the DagBag from /opt/airflow/dags/Code explanation.xlsx
[2025-04-22T04:26:18.931+0000] {processor.py:842} WARNING - No viable dags retrieved from /opt/airflow/dags/Code explanation.xlsx
[2025-04-22T04:26:18.956+0000] {processor.py:183} INFO - Processing /opt/airflow/dags/Code explanation.xlsx took 0.051 seconds
[2025-04-22T04:26:49.371+0000] {processor.py:161} INFO - Started process (PID=69844) to work on /opt/airflow/dags/Code explanation.xlsx
[2025-04-22T04:26:49.374+0000] {processor.py:830} INFO - Processing file /opt/airflow/dags/Code explanation.xlsx for tasks to queue
[2025-04-22T04:26:49.379+0000] {logging_mixin.py:188} INFO - [2025-04-22T04:26:49.376+0000] {dagbag.py:538} INFO - Filling up the DagBag from /opt/airflow/dags/Code explanation.xlsx
[2025-04-22T04:26:49.395+0000] {processor.py:842} WARNING - No viable dags retrieved from /opt/airflow/dags/Code explanation.xlsx
[2025-04-22T04:26:49.424+0000] {processor.py:183} INFO - Processing /opt/airflow/dags/Code explanation.xlsx took 0.059 seconds
[2025-04-22T04:27:20.296+0000] {processor.py:161} INFO - Started process (PID=69887) to work on /opt/airflow/dags/Code explanation.xlsx
[2025-04-22T04:27:20.304+0000] {processor.py:830} INFO - Processing file /opt/airflow/dags/Code explanation.xlsx for tasks to queue
[2025-04-22T04:27:20.320+0000] {logging_mixin.py:188} INFO - [2025-04-22T04:27:20.319+0000] {dagbag.py:538} INFO - Filling up the DagBag from /opt/airflow/dags/Code explanation.xlsx
[2025-04-22T04:27:20.353+0000] {processor.py:842} WARNING - No viable dags retrieved from /opt/airflow/dags/Code explanation.xlsx
[2025-04-22T04:27:20.372+0000] {processor.py:183} INFO - Processing /opt/airflow/dags/Code explanation.xlsx took 0.085 seconds
[2025-04-22T04:27:50.570+0000] {processor.py:161} INFO - Started process (PID=69930) to work on /opt/airflow/dags/Code explanation.xlsx
[2025-04-22T04:27:50.576+0000] {processor.py:830} INFO - Processing file /opt/airflow/dags/Code explanation.xlsx for tasks to queue
[2025-04-22T04:27:50.578+0000] {logging_mixin.py:188} INFO - [2025-04-22T04:27:50.577+0000] {dagbag.py:538} INFO - Filling up the DagBag from /opt/airflow/dags/Code explanation.xlsx
[2025-04-22T04:27:50.592+0000] {processor.py:842} WARNING - No viable dags retrieved from /opt/airflow/dags/Code explanation.xlsx
[2025-04-22T04:27:50.613+0000] {processor.py:183} INFO - Processing /opt/airflow/dags/Code explanation.xlsx took 0.052 seconds
[2025-04-22T04:28:21.465+0000] {processor.py:161} INFO - Started process (PID=69973) to work on /opt/airflow/dags/Code explanation.xlsx
[2025-04-22T04:28:21.467+0000] {processor.py:830} INFO - Processing file /opt/airflow/dags/Code explanation.xlsx for tasks to queue
[2025-04-22T04:28:21.469+0000] {logging_mixin.py:188} INFO - [2025-04-22T04:28:21.468+0000] {dagbag.py:538} INFO - Filling up the DagBag from /opt/airflow/dags/Code explanation.xlsx
[2025-04-22T04:28:21.482+0000] {processor.py:842} WARNING - No viable dags retrieved from /opt/airflow/dags/Code explanation.xlsx
[2025-04-22T04:28:21.522+0000] {processor.py:183} INFO - Processing /opt/airflow/dags/Code explanation.xlsx took 0.062 seconds
[2025-04-22T04:28:51.782+0000] {processor.py:161} INFO - Started process (PID=70016) to work on /opt/airflow/dags/Code explanation.xlsx
[2025-04-22T04:28:51.784+0000] {processor.py:830} INFO - Processing file /opt/airflow/dags/Code explanation.xlsx for tasks to queue
[2025-04-22T04:28:51.786+0000] {logging_mixin.py:188} INFO - [2025-04-22T04:28:51.785+0000] {dagbag.py:538} INFO - Filling up the DagBag from /opt/airflow/dags/Code explanation.xlsx
[2025-04-22T04:28:51.797+0000] {processor.py:842} WARNING - No viable dags retrieved from /opt/airflow/dags/Code explanation.xlsx
[2025-04-22T04:28:51.819+0000] {processor.py:183} INFO - Processing /opt/airflow/dags/Code explanation.xlsx took 0.042 seconds
[2025-04-22T04:29:22.296+0000] {processor.py:161} INFO - Started process (PID=70059) to work on /opt/airflow/dags/Code explanation.xlsx
[2025-04-22T04:29:22.298+0000] {processor.py:830} INFO - Processing file /opt/airflow/dags/Code explanation.xlsx for tasks to queue
[2025-04-22T04:29:22.299+0000] {logging_mixin.py:188} INFO - [2025-04-22T04:29:22.299+0000] {dagbag.py:538} INFO - Filling up the DagBag from /opt/airflow/dags/Code explanation.xlsx
[2025-04-22T04:29:22.312+0000] {processor.py:842} WARNING - No viable dags retrieved from /opt/airflow/dags/Code explanation.xlsx
[2025-04-22T04:29:22.337+0000] {processor.py:183} INFO - Processing /opt/airflow/dags/Code explanation.xlsx took 0.045 seconds
[2025-04-22T04:29:52.642+0000] {processor.py:161} INFO - Started process (PID=70102) to work on /opt/airflow/dags/Code explanation.xlsx
[2025-04-22T04:29:52.645+0000] {processor.py:830} INFO - Processing file /opt/airflow/dags/Code explanation.xlsx for tasks to queue
[2025-04-22T04:29:52.646+0000] {logging_mixin.py:188} INFO - [2025-04-22T04:29:52.646+0000] {dagbag.py:538} INFO - Filling up the DagBag from /opt/airflow/dags/Code explanation.xlsx
[2025-04-22T04:29:52.667+0000] {processor.py:842} WARNING - No viable dags retrieved from /opt/airflow/dags/Code explanation.xlsx
[2025-04-22T04:29:52.693+0000] {processor.py:183} INFO - Processing /opt/airflow/dags/Code explanation.xlsx took 0.056 seconds
[2025-04-22T04:30:22.979+0000] {processor.py:161} INFO - Started process (PID=70145) to work on /opt/airflow/dags/Code explanation.xlsx
[2025-04-22T04:30:22.982+0000] {processor.py:830} INFO - Processing file /opt/airflow/dags/Code explanation.xlsx for tasks to queue
[2025-04-22T04:30:22.984+0000] {logging_mixin.py:188} INFO - [2025-04-22T04:30:22.983+0000] {dagbag.py:538} INFO - Filling up the DagBag from /opt/airflow/dags/Code explanation.xlsx
[2025-04-22T04:30:23.011+0000] {processor.py:842} WARNING - No viable dags retrieved from /opt/airflow/dags/Code explanation.xlsx
[2025-04-22T04:30:23.038+0000] {processor.py:183} INFO - Processing /opt/airflow/dags/Code explanation.xlsx took 0.065 seconds
[2025-04-22T04:30:53.351+0000] {processor.py:161} INFO - Started process (PID=70188) to work on /opt/airflow/dags/Code explanation.xlsx
[2025-04-22T04:30:53.353+0000] {processor.py:830} INFO - Processing file /opt/airflow/dags/Code explanation.xlsx for tasks to queue
[2025-04-22T04:30:53.355+0000] {logging_mixin.py:188} INFO - [2025-04-22T04:30:53.355+0000] {dagbag.py:538} INFO - Filling up the DagBag from /opt/airflow/dags/Code explanation.xlsx
[2025-04-22T04:30:53.370+0000] {processor.py:842} WARNING - No viable dags retrieved from /opt/airflow/dags/Code explanation.xlsx
[2025-04-22T04:30:53.389+0000] {processor.py:183} INFO - Processing /opt/airflow/dags/Code explanation.xlsx took 0.044 seconds
[2025-04-22T04:31:24.273+0000] {processor.py:161} INFO - Started process (PID=70229) to work on /opt/airflow/dags/Code explanation.xlsx
[2025-04-22T04:31:24.284+0000] {processor.py:830} INFO - Processing file /opt/airflow/dags/Code explanation.xlsx for tasks to queue
[2025-04-22T04:31:24.287+0000] {logging_mixin.py:188} INFO - [2025-04-22T04:31:24.287+0000] {dagbag.py:538} INFO - Filling up the DagBag from /opt/airflow/dags/Code explanation.xlsx
[2025-04-22T04:31:24.313+0000] {processor.py:842} WARNING - No viable dags retrieved from /opt/airflow/dags/Code explanation.xlsx
[2025-04-22T04:31:24.346+0000] {processor.py:183} INFO - Processing /opt/airflow/dags/Code explanation.xlsx took 0.078 seconds
[2025-04-22T04:31:55.325+0000] {processor.py:161} INFO - Started process (PID=70272) to work on /opt/airflow/dags/Code explanation.xlsx
[2025-04-22T04:31:55.328+0000] {processor.py:830} INFO - Processing file /opt/airflow/dags/Code explanation.xlsx for tasks to queue
[2025-04-22T04:31:55.336+0000] {logging_mixin.py:188} INFO - [2025-04-22T04:31:55.336+0000] {dagbag.py:538} INFO - Filling up the DagBag from /opt/airflow/dags/Code explanation.xlsx
[2025-04-22T04:31:55.382+0000] {processor.py:842} WARNING - No viable dags retrieved from /opt/airflow/dags/Code explanation.xlsx
[2025-04-22T04:31:55.406+0000] {processor.py:183} INFO - Processing /opt/airflow/dags/Code explanation.xlsx took 0.085 seconds
[2025-04-22T04:32:25.835+0000] {processor.py:161} INFO - Started process (PID=70312) to work on /opt/airflow/dags/Code explanation.xlsx
[2025-04-22T04:32:25.837+0000] {processor.py:830} INFO - Processing file /opt/airflow/dags/Code explanation.xlsx for tasks to queue
[2025-04-22T04:32:25.838+0000] {logging_mixin.py:188} INFO - [2025-04-22T04:32:25.838+0000] {dagbag.py:538} INFO - Filling up the DagBag from /opt/airflow/dags/Code explanation.xlsx
[2025-04-22T04:32:25.855+0000] {processor.py:842} WARNING - No viable dags retrieved from /opt/airflow/dags/Code explanation.xlsx
[2025-04-22T04:32:25.875+0000] {processor.py:183} INFO - Processing /opt/airflow/dags/Code explanation.xlsx took 0.044 seconds
[2025-04-22T04:32:56.178+0000] {processor.py:161} INFO - Started process (PID=70355) to work on /opt/airflow/dags/Code explanation.xlsx
[2025-04-22T04:32:56.180+0000] {processor.py:830} INFO - Processing file /opt/airflow/dags/Code explanation.xlsx for tasks to queue
[2025-04-22T04:32:56.182+0000] {logging_mixin.py:188} INFO - [2025-04-22T04:32:56.181+0000] {dagbag.py:538} INFO - Filling up the DagBag from /opt/airflow/dags/Code explanation.xlsx
[2025-04-22T04:32:56.205+0000] {processor.py:842} WARNING - No viable dags retrieved from /opt/airflow/dags/Code explanation.xlsx
[2025-04-22T04:32:56.226+0000] {processor.py:183} INFO - Processing /opt/airflow/dags/Code explanation.xlsx took 0.053 seconds
[2025-04-22T04:33:27.345+0000] {processor.py:161} INFO - Started process (PID=70398) to work on /opt/airflow/dags/Code explanation.xlsx
[2025-04-22T04:33:27.348+0000] {processor.py:830} INFO - Processing file /opt/airflow/dags/Code explanation.xlsx for tasks to queue
[2025-04-22T04:33:27.350+0000] {logging_mixin.py:188} INFO - [2025-04-22T04:33:27.349+0000] {dagbag.py:538} INFO - Filling up the DagBag from /opt/airflow/dags/Code explanation.xlsx
[2025-04-22T04:33:27.375+0000] {processor.py:842} WARNING - No viable dags retrieved from /opt/airflow/dags/Code explanation.xlsx
[2025-04-22T04:33:27.413+0000] {processor.py:183} INFO - Processing /opt/airflow/dags/Code explanation.xlsx took 0.073 seconds
[2025-04-22T04:33:57.953+0000] {processor.py:161} INFO - Started process (PID=70439) to work on /opt/airflow/dags/Code explanation.xlsx
[2025-04-22T04:33:57.955+0000] {processor.py:830} INFO - Processing file /opt/airflow/dags/Code explanation.xlsx for tasks to queue
[2025-04-22T04:33:57.958+0000] {logging_mixin.py:188} INFO - [2025-04-22T04:33:57.957+0000] {dagbag.py:538} INFO - Filling up the DagBag from /opt/airflow/dags/Code explanation.xlsx
[2025-04-22T04:33:57.975+0000] {processor.py:842} WARNING - No viable dags retrieved from /opt/airflow/dags/Code explanation.xlsx
[2025-04-22T04:33:58.002+0000] {processor.py:183} INFO - Processing /opt/airflow/dags/Code explanation.xlsx took 0.053 seconds
[2025-04-22T04:34:29.708+0000] {processor.py:161} INFO - Started process (PID=70484) to work on /opt/airflow/dags/Code explanation.xlsx
[2025-04-22T04:34:29.710+0000] {processor.py:830} INFO - Processing file /opt/airflow/dags/Code explanation.xlsx for tasks to queue
[2025-04-22T04:34:29.713+0000] {logging_mixin.py:188} INFO - [2025-04-22T04:34:29.712+0000] {dagbag.py:538} INFO - Filling up the DagBag from /opt/airflow/dags/Code explanation.xlsx
[2025-04-22T04:34:29.742+0000] {processor.py:842} WARNING - No viable dags retrieved from /opt/airflow/dags/Code explanation.xlsx
[2025-04-22T04:34:29.780+0000] {processor.py:183} INFO - Processing /opt/airflow/dags/Code explanation.xlsx took 0.077 seconds
[2025-04-22T04:35:00.618+0000] {processor.py:161} INFO - Started process (PID=70525) to work on /opt/airflow/dags/Code explanation.xlsx
[2025-04-22T04:35:00.620+0000] {processor.py:830} INFO - Processing file /opt/airflow/dags/Code explanation.xlsx for tasks to queue
[2025-04-22T04:35:00.624+0000] {logging_mixin.py:188} INFO - [2025-04-22T04:35:00.623+0000] {dagbag.py:538} INFO - Filling up the DagBag from /opt/airflow/dags/Code explanation.xlsx
[2025-04-22T04:35:00.652+0000] {processor.py:842} WARNING - No viable dags retrieved from /opt/airflow/dags/Code explanation.xlsx
[2025-04-22T04:35:00.688+0000] {processor.py:183} INFO - Processing /opt/airflow/dags/Code explanation.xlsx took 0.077 seconds
[2025-04-22T04:35:31.469+0000] {processor.py:161} INFO - Started process (PID=70562) to work on /opt/airflow/dags/Code explanation.xlsx
[2025-04-22T04:35:31.471+0000] {processor.py:830} INFO - Processing file /opt/airflow/dags/Code explanation.xlsx for tasks to queue
[2025-04-22T04:35:31.473+0000] {logging_mixin.py:188} INFO - [2025-04-22T04:35:31.472+0000] {dagbag.py:538} INFO - Filling up the DagBag from /opt/airflow/dags/Code explanation.xlsx
[2025-04-22T04:35:31.570+0000] {processor.py:842} WARNING - No viable dags retrieved from /opt/airflow/dags/Code explanation.xlsx
[2025-04-22T04:35:31.600+0000] {processor.py:183} INFO - Processing /opt/airflow/dags/Code explanation.xlsx took 0.138 seconds
[2025-04-22T04:36:02.281+0000] {processor.py:161} INFO - Started process (PID=70605) to work on /opt/airflow/dags/Code explanation.xlsx
[2025-04-22T04:36:02.284+0000] {processor.py:830} INFO - Processing file /opt/airflow/dags/Code explanation.xlsx for tasks to queue
[2025-04-22T04:36:02.287+0000] {logging_mixin.py:188} INFO - [2025-04-22T04:36:02.286+0000] {dagbag.py:538} INFO - Filling up the DagBag from /opt/airflow/dags/Code explanation.xlsx
[2025-04-22T04:36:02.315+0000] {processor.py:842} WARNING - No viable dags retrieved from /opt/airflow/dags/Code explanation.xlsx
[2025-04-22T04:36:02.350+0000] {processor.py:183} INFO - Processing /opt/airflow/dags/Code explanation.xlsx took 0.075 seconds
[2025-04-22T04:36:34.772+0000] {processor.py:161} INFO - Started process (PID=70650) to work on /opt/airflow/dags/Code explanation.xlsx
[2025-04-22T04:36:34.775+0000] {processor.py:830} INFO - Processing file /opt/airflow/dags/Code explanation.xlsx for tasks to queue
[2025-04-22T04:36:34.778+0000] {logging_mixin.py:188} INFO - [2025-04-22T04:36:34.777+0000] {dagbag.py:538} INFO - Filling up the DagBag from /opt/airflow/dags/Code explanation.xlsx
[2025-04-22T04:36:34.802+0000] {processor.py:842} WARNING - No viable dags retrieved from /opt/airflow/dags/Code explanation.xlsx
[2025-04-22T04:36:34.869+0000] {processor.py:183} INFO - Processing /opt/airflow/dags/Code explanation.xlsx took 0.104 seconds
[2025-04-22T04:37:06.207+0000] {processor.py:161} INFO - Started process (PID=70691) to work on /opt/airflow/dags/Code explanation.xlsx
[2025-04-22T04:37:06.209+0000] {processor.py:830} INFO - Processing file /opt/airflow/dags/Code explanation.xlsx for tasks to queue
[2025-04-22T04:37:06.213+0000] {logging_mixin.py:188} INFO - [2025-04-22T04:37:06.211+0000] {dagbag.py:538} INFO - Filling up the DagBag from /opt/airflow/dags/Code explanation.xlsx
[2025-04-22T04:37:06.232+0000] {processor.py:842} WARNING - No viable dags retrieved from /opt/airflow/dags/Code explanation.xlsx
[2025-04-22T04:37:06.260+0000] {processor.py:183} INFO - Processing /opt/airflow/dags/Code explanation.xlsx took 0.058 seconds
[2025-04-22T04:37:37.781+0000] {processor.py:161} INFO - Started process (PID=70736) to work on /opt/airflow/dags/Code explanation.xlsx
[2025-04-22T04:37:37.784+0000] {processor.py:830} INFO - Processing file /opt/airflow/dags/Code explanation.xlsx for tasks to queue
[2025-04-22T04:37:37.788+0000] {logging_mixin.py:188} INFO - [2025-04-22T04:37:37.787+0000] {dagbag.py:538} INFO - Filling up the DagBag from /opt/airflow/dags/Code explanation.xlsx
[2025-04-22T04:37:37.817+0000] {processor.py:842} WARNING - No viable dags retrieved from /opt/airflow/dags/Code explanation.xlsx
[2025-04-22T04:37:37.845+0000] {processor.py:183} INFO - Processing /opt/airflow/dags/Code explanation.xlsx took 0.072 seconds
[2025-04-22T04:38:08.408+0000] {processor.py:161} INFO - Started process (PID=70777) to work on /opt/airflow/dags/Code explanation.xlsx
[2025-04-22T04:38:08.413+0000] {processor.py:830} INFO - Processing file /opt/airflow/dags/Code explanation.xlsx for tasks to queue
[2025-04-22T04:38:08.415+0000] {logging_mixin.py:188} INFO - [2025-04-22T04:38:08.414+0000] {dagbag.py:538} INFO - Filling up the DagBag from /opt/airflow/dags/Code explanation.xlsx
[2025-04-22T04:38:08.455+0000] {processor.py:842} WARNING - No viable dags retrieved from /opt/airflow/dags/Code explanation.xlsx
[2025-04-22T04:38:08.491+0000] {processor.py:183} INFO - Processing /opt/airflow/dags/Code explanation.xlsx took 0.091 seconds
[2025-04-22T04:38:40.544+0000] {processor.py:161} INFO - Started process (PID=70820) to work on /opt/airflow/dags/Code explanation.xlsx
[2025-04-22T04:38:40.547+0000] {processor.py:830} INFO - Processing file /opt/airflow/dags/Code explanation.xlsx for tasks to queue
[2025-04-22T04:38:40.551+0000] {logging_mixin.py:188} INFO - [2025-04-22T04:38:40.550+0000] {dagbag.py:538} INFO - Filling up the DagBag from /opt/airflow/dags/Code explanation.xlsx
[2025-04-22T04:38:40.618+0000] {processor.py:842} WARNING - No viable dags retrieved from /opt/airflow/dags/Code explanation.xlsx
[2025-04-22T04:38:40.663+0000] {processor.py:183} INFO - Processing /opt/airflow/dags/Code explanation.xlsx took 0.126 seconds
[2025-04-22T04:39:11.704+0000] {processor.py:161} INFO - Started process (PID=70863) to work on /opt/airflow/dags/Code explanation.xlsx
[2025-04-22T04:39:11.707+0000] {processor.py:830} INFO - Processing file /opt/airflow/dags/Code explanation.xlsx for tasks to queue
[2025-04-22T04:39:11.709+0000] {logging_mixin.py:188} INFO - [2025-04-22T04:39:11.708+0000] {dagbag.py:538} INFO - Filling up the DagBag from /opt/airflow/dags/Code explanation.xlsx
[2025-04-22T04:39:11.719+0000] {processor.py:842} WARNING - No viable dags retrieved from /opt/airflow/dags/Code explanation.xlsx
[2025-04-22T04:39:11.739+0000] {processor.py:183} INFO - Processing /opt/airflow/dags/Code explanation.xlsx took 0.040 seconds
[2025-04-22T04:39:42.955+0000] {processor.py:161} INFO - Started process (PID=70906) to work on /opt/airflow/dags/Code explanation.xlsx
[2025-04-22T04:39:42.957+0000] {processor.py:830} INFO - Processing file /opt/airflow/dags/Code explanation.xlsx for tasks to queue
[2025-04-22T04:39:42.958+0000] {logging_mixin.py:188} INFO - [2025-04-22T04:39:42.958+0000] {dagbag.py:538} INFO - Filling up the DagBag from /opt/airflow/dags/Code explanation.xlsx
[2025-04-22T04:39:42.974+0000] {processor.py:842} WARNING - No viable dags retrieved from /opt/airflow/dags/Code explanation.xlsx
[2025-04-22T04:39:42.994+0000] {processor.py:183} INFO - Processing /opt/airflow/dags/Code explanation.xlsx took 0.044 seconds
[2025-04-22T04:41:15.168+0000] {processor.py:161} INFO - Started process (PID=70955) to work on /opt/airflow/dags/Code explanation.xlsx
[2025-04-22T04:41:15.180+0000] {processor.py:830} INFO - Processing file /opt/airflow/dags/Code explanation.xlsx for tasks to queue
[2025-04-22T04:41:15.188+0000] {logging_mixin.py:188} INFO - [2025-04-22T04:41:15.187+0000] {dagbag.py:538} INFO - Filling up the DagBag from /opt/airflow/dags/Code explanation.xlsx
[2025-04-22T04:41:15.344+0000] {processor.py:842} WARNING - No viable dags retrieved from /opt/airflow/dags/Code explanation.xlsx
[2025-04-22T04:41:15.403+0000] {processor.py:183} INFO - Processing /opt/airflow/dags/Code explanation.xlsx took 0.245 seconds
[2025-04-22T04:41:45.606+0000] {processor.py:161} INFO - Started process (PID=70995) to work on /opt/airflow/dags/Code explanation.xlsx
[2025-04-22T04:41:45.609+0000] {processor.py:830} INFO - Processing file /opt/airflow/dags/Code explanation.xlsx for tasks to queue
[2025-04-22T04:41:45.611+0000] {logging_mixin.py:188} INFO - [2025-04-22T04:41:45.610+0000] {dagbag.py:538} INFO - Filling up the DagBag from /opt/airflow/dags/Code explanation.xlsx
[2025-04-22T04:41:45.636+0000] {processor.py:842} WARNING - No viable dags retrieved from /opt/airflow/dags/Code explanation.xlsx
[2025-04-22T04:41:45.664+0000] {processor.py:183} INFO - Processing /opt/airflow/dags/Code explanation.xlsx took 0.065 seconds
[2025-04-22T04:42:15.843+0000] {processor.py:161} INFO - Started process (PID=71036) to work on /opt/airflow/dags/Code explanation.xlsx
[2025-04-22T04:42:15.844+0000] {processor.py:830} INFO - Processing file /opt/airflow/dags/Code explanation.xlsx for tasks to queue
[2025-04-22T04:42:15.846+0000] {logging_mixin.py:188} INFO - [2025-04-22T04:42:15.846+0000] {dagbag.py:538} INFO - Filling up the DagBag from /opt/airflow/dags/Code explanation.xlsx
[2025-04-22T04:42:15.860+0000] {processor.py:842} WARNING - No viable dags retrieved from /opt/airflow/dags/Code explanation.xlsx
[2025-04-22T04:42:15.878+0000] {processor.py:183} INFO - Processing /opt/airflow/dags/Code explanation.xlsx took 0.038 seconds
[2025-04-22T04:42:46.141+0000] {processor.py:161} INFO - Started process (PID=71079) to work on /opt/airflow/dags/Code explanation.xlsx
[2025-04-22T04:42:46.142+0000] {processor.py:830} INFO - Processing file /opt/airflow/dags/Code explanation.xlsx for tasks to queue
[2025-04-22T04:42:46.143+0000] {logging_mixin.py:188} INFO - [2025-04-22T04:42:46.143+0000] {dagbag.py:538} INFO - Filling up the DagBag from /opt/airflow/dags/Code explanation.xlsx
[2025-04-22T04:42:46.157+0000] {processor.py:842} WARNING - No viable dags retrieved from /opt/airflow/dags/Code explanation.xlsx
[2025-04-22T04:42:46.175+0000] {processor.py:183} INFO - Processing /opt/airflow/dags/Code explanation.xlsx took 0.037 seconds
[2025-04-22T04:43:16.631+0000] {processor.py:161} INFO - Started process (PID=71122) to work on /opt/airflow/dags/Code explanation.xlsx
[2025-04-22T04:43:16.632+0000] {processor.py:830} INFO - Processing file /opt/airflow/dags/Code explanation.xlsx for tasks to queue
[2025-04-22T04:43:16.633+0000] {logging_mixin.py:188} INFO - [2025-04-22T04:43:16.633+0000] {dagbag.py:538} INFO - Filling up the DagBag from /opt/airflow/dags/Code explanation.xlsx
[2025-04-22T04:43:16.648+0000] {processor.py:842} WARNING - No viable dags retrieved from /opt/airflow/dags/Code explanation.xlsx
[2025-04-22T04:43:16.671+0000] {processor.py:183} INFO - Processing /opt/airflow/dags/Code explanation.xlsx took 0.044 seconds
[2025-04-22T04:43:47.153+0000] {processor.py:161} INFO - Started process (PID=71165) to work on /opt/airflow/dags/Code explanation.xlsx
[2025-04-22T04:43:47.154+0000] {processor.py:830} INFO - Processing file /opt/airflow/dags/Code explanation.xlsx for tasks to queue
[2025-04-22T04:43:47.155+0000] {logging_mixin.py:188} INFO - [2025-04-22T04:43:47.155+0000] {dagbag.py:538} INFO - Filling up the DagBag from /opt/airflow/dags/Code explanation.xlsx
[2025-04-22T04:43:47.167+0000] {processor.py:842} WARNING - No viable dags retrieved from /opt/airflow/dags/Code explanation.xlsx
[2025-04-22T04:43:47.180+0000] {processor.py:183} INFO - Processing /opt/airflow/dags/Code explanation.xlsx took 0.029 seconds
[2025-04-22T04:44:17.691+0000] {processor.py:161} INFO - Started process (PID=71208) to work on /opt/airflow/dags/Code explanation.xlsx
[2025-04-22T04:44:17.692+0000] {processor.py:830} INFO - Processing file /opt/airflow/dags/Code explanation.xlsx for tasks to queue
[2025-04-22T04:44:17.692+0000] {logging_mixin.py:188} INFO - [2025-04-22T04:44:17.692+0000] {dagbag.py:538} INFO - Filling up the DagBag from /opt/airflow/dags/Code explanation.xlsx
[2025-04-22T04:44:17.702+0000] {processor.py:842} WARNING - No viable dags retrieved from /opt/airflow/dags/Code explanation.xlsx
[2025-04-22T04:44:17.714+0000] {processor.py:183} INFO - Processing /opt/airflow/dags/Code explanation.xlsx took 0.026 seconds
[2025-04-22T04:44:48.183+0000] {processor.py:161} INFO - Started process (PID=71251) to work on /opt/airflow/dags/Code explanation.xlsx
[2025-04-22T04:44:48.184+0000] {processor.py:830} INFO - Processing file /opt/airflow/dags/Code explanation.xlsx for tasks to queue
[2025-04-22T04:44:48.185+0000] {logging_mixin.py:188} INFO - [2025-04-22T04:44:48.185+0000] {dagbag.py:538} INFO - Filling up the DagBag from /opt/airflow/dags/Code explanation.xlsx
[2025-04-22T04:44:48.194+0000] {processor.py:842} WARNING - No viable dags retrieved from /opt/airflow/dags/Code explanation.xlsx
[2025-04-22T04:44:48.206+0000] {processor.py:183} INFO - Processing /opt/airflow/dags/Code explanation.xlsx took 0.025 seconds
[2025-04-22T04:45:18.873+0000] {processor.py:161} INFO - Started process (PID=71294) to work on /opt/airflow/dags/Code explanation.xlsx
[2025-04-22T04:45:18.874+0000] {processor.py:830} INFO - Processing file /opt/airflow/dags/Code explanation.xlsx for tasks to queue
[2025-04-22T04:45:18.876+0000] {logging_mixin.py:188} INFO - [2025-04-22T04:45:18.876+0000] {dagbag.py:538} INFO - Filling up the DagBag from /opt/airflow/dags/Code explanation.xlsx
[2025-04-22T04:45:18.917+0000] {processor.py:842} WARNING - No viable dags retrieved from /opt/airflow/dags/Code explanation.xlsx
[2025-04-22T04:45:18.938+0000] {processor.py:183} INFO - Processing /opt/airflow/dags/Code explanation.xlsx took 0.074 seconds
[2025-04-22T04:45:50.029+0000] {processor.py:161} INFO - Started process (PID=71337) to work on /opt/airflow/dags/Code explanation.xlsx
[2025-04-22T04:45:50.031+0000] {processor.py:830} INFO - Processing file /opt/airflow/dags/Code explanation.xlsx for tasks to queue
[2025-04-22T04:45:50.033+0000] {logging_mixin.py:188} INFO - [2025-04-22T04:45:50.032+0000] {dagbag.py:538} INFO - Filling up the DagBag from /opt/airflow/dags/Code explanation.xlsx
[2025-04-22T04:45:50.053+0000] {processor.py:842} WARNING - No viable dags retrieved from /opt/airflow/dags/Code explanation.xlsx
[2025-04-22T04:45:50.077+0000] {processor.py:183} INFO - Processing /opt/airflow/dags/Code explanation.xlsx took 0.053 seconds
[2025-04-22T04:46:20.224+0000] {processor.py:161} INFO - Started process (PID=71377) to work on /opt/airflow/dags/Code explanation.xlsx
[2025-04-22T04:46:20.225+0000] {processor.py:830} INFO - Processing file /opt/airflow/dags/Code explanation.xlsx for tasks to queue
[2025-04-22T04:46:20.226+0000] {logging_mixin.py:188} INFO - [2025-04-22T04:46:20.226+0000] {dagbag.py:538} INFO - Filling up the DagBag from /opt/airflow/dags/Code explanation.xlsx
[2025-04-22T04:46:20.235+0000] {processor.py:842} WARNING - No viable dags retrieved from /opt/airflow/dags/Code explanation.xlsx
[2025-04-22T04:46:20.248+0000] {processor.py:183} INFO - Processing /opt/airflow/dags/Code explanation.xlsx took 0.026 seconds
[2025-04-22T04:46:51.045+0000] {processor.py:161} INFO - Started process (PID=71420) to work on /opt/airflow/dags/Code explanation.xlsx
[2025-04-22T04:46:51.047+0000] {processor.py:830} INFO - Processing file /opt/airflow/dags/Code explanation.xlsx for tasks to queue
[2025-04-22T04:46:51.048+0000] {logging_mixin.py:188} INFO - [2025-04-22T04:46:51.048+0000] {dagbag.py:538} INFO - Filling up the DagBag from /opt/airflow/dags/Code explanation.xlsx
[2025-04-22T04:46:51.060+0000] {processor.py:842} WARNING - No viable dags retrieved from /opt/airflow/dags/Code explanation.xlsx
[2025-04-22T04:46:51.072+0000] {processor.py:183} INFO - Processing /opt/airflow/dags/Code explanation.xlsx took 0.029 seconds
[2025-04-22T04:47:21.947+0000] {processor.py:161} INFO - Started process (PID=71463) to work on /opt/airflow/dags/Code explanation.xlsx
[2025-04-22T04:47:21.949+0000] {processor.py:830} INFO - Processing file /opt/airflow/dags/Code explanation.xlsx for tasks to queue
[2025-04-22T04:47:21.952+0000] {logging_mixin.py:188} INFO - [2025-04-22T04:47:21.951+0000] {dagbag.py:538} INFO - Filling up the DagBag from /opt/airflow/dags/Code explanation.xlsx
[2025-04-22T04:47:21.969+0000] {processor.py:842} WARNING - No viable dags retrieved from /opt/airflow/dags/Code explanation.xlsx
[2025-04-22T04:47:21.986+0000] {processor.py:183} INFO - Processing /opt/airflow/dags/Code explanation.xlsx took 0.044 seconds
[2025-04-22T04:47:52.161+0000] {processor.py:161} INFO - Started process (PID=71506) to work on /opt/airflow/dags/Code explanation.xlsx
[2025-04-22T04:47:52.162+0000] {processor.py:830} INFO - Processing file /opt/airflow/dags/Code explanation.xlsx for tasks to queue
[2025-04-22T04:47:52.163+0000] {logging_mixin.py:188} INFO - [2025-04-22T04:47:52.163+0000] {dagbag.py:538} INFO - Filling up the DagBag from /opt/airflow/dags/Code explanation.xlsx
[2025-04-22T04:47:52.172+0000] {processor.py:842} WARNING - No viable dags retrieved from /opt/airflow/dags/Code explanation.xlsx
[2025-04-22T04:47:52.184+0000] {processor.py:183} INFO - Processing /opt/airflow/dags/Code explanation.xlsx took 0.027 seconds
[2025-04-22T05:14:58.296+0000] {processor.py:161} INFO - Started process (PID=71559) to work on /opt/airflow/dags/Code explanation.xlsx
[2025-04-22T05:14:58.298+0000] {processor.py:830} INFO - Processing file /opt/airflow/dags/Code explanation.xlsx for tasks to queue
[2025-04-22T05:14:58.301+0000] {logging_mixin.py:188} INFO - [2025-04-22T05:14:58.300+0000] {dagbag.py:538} INFO - Filling up the DagBag from /opt/airflow/dags/Code explanation.xlsx
[2025-04-22T05:14:58.318+0000] {processor.py:842} WARNING - No viable dags retrieved from /opt/airflow/dags/Code explanation.xlsx
[2025-04-22T05:14:58.352+0000] {processor.py:183} INFO - Processing /opt/airflow/dags/Code explanation.xlsx took 0.063 seconds
[2025-04-22T05:15:29.300+0000] {processor.py:161} INFO - Started process (PID=71602) to work on /opt/airflow/dags/Code explanation.xlsx
[2025-04-22T05:15:29.302+0000] {processor.py:830} INFO - Processing file /opt/airflow/dags/Code explanation.xlsx for tasks to queue
[2025-04-22T05:15:29.303+0000] {logging_mixin.py:188} INFO - [2025-04-22T05:15:29.303+0000] {dagbag.py:538} INFO - Filling up the DagBag from /opt/airflow/dags/Code explanation.xlsx
[2025-04-22T05:15:29.316+0000] {processor.py:842} WARNING - No viable dags retrieved from /opt/airflow/dags/Code explanation.xlsx
[2025-04-22T05:15:29.332+0000] {processor.py:183} INFO - Processing /opt/airflow/dags/Code explanation.xlsx took 0.035 seconds
[2025-04-22T05:15:59.897+0000] {processor.py:161} INFO - Started process (PID=71645) to work on /opt/airflow/dags/Code explanation.xlsx
[2025-04-22T05:15:59.898+0000] {processor.py:830} INFO - Processing file /opt/airflow/dags/Code explanation.xlsx for tasks to queue
[2025-04-22T05:15:59.899+0000] {logging_mixin.py:188} INFO - [2025-04-22T05:15:59.899+0000] {dagbag.py:538} INFO - Filling up the DagBag from /opt/airflow/dags/Code explanation.xlsx
[2025-04-22T05:15:59.915+0000] {processor.py:842} WARNING - No viable dags retrieved from /opt/airflow/dags/Code explanation.xlsx
[2025-04-22T05:15:59.937+0000] {processor.py:183} INFO - Processing /opt/airflow/dags/Code explanation.xlsx took 0.044 seconds
