[2025-04-30T22:55:58.311+0000] {processor.py:161} INFO - Started process (PID=185) to work on /opt/airflow/dags/Code explanation.xlsx
[2025-04-30T22:55:58.314+0000] {processor.py:830} INFO - Processing file /opt/airflow/dags/Code explanation.xlsx for tasks to queue
[2025-04-30T22:55:58.316+0000] {logging_mixin.py:188} INFO - [2025-04-30T22:55:58.315+0000] {dagbag.py:538} INFO - Filling up the DagBag from /opt/airflow/dags/Code explanation.xlsx
[2025-04-30T22:55:58.337+0000] {processor.py:842} WARNING - No viable dags retrieved from /opt/airflow/dags/Code explanation.xlsx
[2025-04-30T22:55:58.377+0000] {processor.py:183} INFO - Processing /opt/airflow/dags/Code explanation.xlsx took 0.074 seconds
[2025-04-30T22:56:11.852+0000] {processor.py:161} INFO - Started process (PID=203) to work on /opt/airflow/dags/Code explanation.xlsx
[2025-04-30T22:56:11.858+0000] {processor.py:830} INFO - Processing file /opt/airflow/dags/Code explanation.xlsx for tasks to queue
[2025-04-30T22:56:11.860+0000] {logging_mixin.py:188} INFO - [2025-04-30T22:56:11.859+0000] {dagbag.py:538} INFO - Filling up the DagBag from /opt/airflow/dags/Code explanation.xlsx
[2025-04-30T22:56:11.915+0000] {processor.py:842} WARNING - No viable dags retrieved from /opt/airflow/dags/Code explanation.xlsx
[2025-04-30T22:56:11.950+0000] {processor.py:183} INFO - Processing /opt/airflow/dags/Code explanation.xlsx took 0.105 seconds
[2025-04-30T22:56:28.794+0000] {processor.py:161} INFO - Started process (PID=223) to work on /opt/airflow/dags/Code explanation.xlsx
[2025-04-30T22:56:28.796+0000] {processor.py:830} INFO - Processing file /opt/airflow/dags/Code explanation.xlsx for tasks to queue
[2025-04-30T22:56:28.798+0000] {logging_mixin.py:188} INFO - [2025-04-30T22:56:28.797+0000] {dagbag.py:538} INFO - Filling up the DagBag from /opt/airflow/dags/Code explanation.xlsx
[2025-04-30T22:56:28.816+0000] {processor.py:842} WARNING - No viable dags retrieved from /opt/airflow/dags/Code explanation.xlsx
[2025-04-30T22:56:28.843+0000] {processor.py:183} INFO - Processing /opt/airflow/dags/Code explanation.xlsx took 0.054 seconds
[2025-04-30T22:56:42.288+0000] {processor.py:161} INFO - Started process (PID=243) to work on /opt/airflow/dags/Code explanation.xlsx
[2025-04-30T22:56:42.289+0000] {processor.py:830} INFO - Processing file /opt/airflow/dags/Code explanation.xlsx for tasks to queue
[2025-04-30T22:56:42.290+0000] {logging_mixin.py:188} INFO - [2025-04-30T22:56:42.290+0000] {dagbag.py:538} INFO - Filling up the DagBag from /opt/airflow/dags/Code explanation.xlsx
[2025-04-30T22:56:42.298+0000] {processor.py:842} WARNING - No viable dags retrieved from /opt/airflow/dags/Code explanation.xlsx
[2025-04-30T22:56:42.309+0000] {processor.py:183} INFO - Processing /opt/airflow/dags/Code explanation.xlsx took 0.024 seconds
[2025-04-30T22:56:59.014+0000] {processor.py:161} INFO - Started process (PID=263) to work on /opt/airflow/dags/Code explanation.xlsx
[2025-04-30T22:56:59.015+0000] {processor.py:830} INFO - Processing file /opt/airflow/dags/Code explanation.xlsx for tasks to queue
[2025-04-30T22:56:59.016+0000] {logging_mixin.py:188} INFO - [2025-04-30T22:56:59.016+0000] {dagbag.py:538} INFO - Filling up the DagBag from /opt/airflow/dags/Code explanation.xlsx
[2025-04-30T22:56:59.026+0000] {processor.py:842} WARNING - No viable dags retrieved from /opt/airflow/dags/Code explanation.xlsx
[2025-04-30T22:56:59.042+0000] {processor.py:183} INFO - Processing /opt/airflow/dags/Code explanation.xlsx took 0.032 seconds
[2025-04-30T22:57:12.940+0000] {processor.py:161} INFO - Started process (PID=286) to work on /opt/airflow/dags/Code explanation.xlsx
[2025-04-30T22:57:12.941+0000] {processor.py:830} INFO - Processing file /opt/airflow/dags/Code explanation.xlsx for tasks to queue
[2025-04-30T22:57:12.942+0000] {logging_mixin.py:188} INFO - [2025-04-30T22:57:12.941+0000] {dagbag.py:538} INFO - Filling up the DagBag from /opt/airflow/dags/Code explanation.xlsx
[2025-04-30T22:57:12.950+0000] {processor.py:842} WARNING - No viable dags retrieved from /opt/airflow/dags/Code explanation.xlsx
[2025-04-30T22:57:12.962+0000] {processor.py:183} INFO - Processing /opt/airflow/dags/Code explanation.xlsx took 0.025 seconds
[2025-04-30T22:57:29.567+0000] {processor.py:161} INFO - Started process (PID=306) to work on /opt/airflow/dags/Code explanation.xlsx
[2025-04-30T22:57:29.568+0000] {processor.py:830} INFO - Processing file /opt/airflow/dags/Code explanation.xlsx for tasks to queue
[2025-04-30T22:57:29.569+0000] {logging_mixin.py:188} INFO - [2025-04-30T22:57:29.569+0000] {dagbag.py:538} INFO - Filling up the DagBag from /opt/airflow/dags/Code explanation.xlsx
[2025-04-30T22:57:29.578+0000] {processor.py:842} WARNING - No viable dags retrieved from /opt/airflow/dags/Code explanation.xlsx
[2025-04-30T22:57:29.590+0000] {processor.py:183} INFO - Processing /opt/airflow/dags/Code explanation.xlsx took 0.027 seconds
[2025-04-30T22:57:43.377+0000] {processor.py:161} INFO - Started process (PID=327) to work on /opt/airflow/dags/Code explanation.xlsx
[2025-04-30T22:57:43.378+0000] {processor.py:830} INFO - Processing file /opt/airflow/dags/Code explanation.xlsx for tasks to queue
[2025-04-30T22:57:43.379+0000] {logging_mixin.py:188} INFO - [2025-04-30T22:57:43.379+0000] {dagbag.py:538} INFO - Filling up the DagBag from /opt/airflow/dags/Code explanation.xlsx
[2025-04-30T22:57:43.390+0000] {processor.py:842} WARNING - No viable dags retrieved from /opt/airflow/dags/Code explanation.xlsx
[2025-04-30T22:57:43.406+0000] {processor.py:183} INFO - Processing /opt/airflow/dags/Code explanation.xlsx took 0.031 seconds
[2025-04-30T22:58:00.614+0000] {processor.py:161} INFO - Started process (PID=349) to work on /opt/airflow/dags/Code explanation.xlsx
[2025-04-30T22:58:00.616+0000] {processor.py:830} INFO - Processing file /opt/airflow/dags/Code explanation.xlsx for tasks to queue
[2025-04-30T22:58:00.619+0000] {logging_mixin.py:188} INFO - [2025-04-30T22:58:00.617+0000] {dagbag.py:538} INFO - Filling up the DagBag from /opt/airflow/dags/Code explanation.xlsx
[2025-04-30T22:58:00.637+0000] {processor.py:842} WARNING - No viable dags retrieved from /opt/airflow/dags/Code explanation.xlsx
[2025-04-30T22:58:00.664+0000] {processor.py:183} INFO - Processing /opt/airflow/dags/Code explanation.xlsx took 0.054 seconds
[2025-04-30T22:58:14.064+0000] {processor.py:161} INFO - Started process (PID=370) to work on /opt/airflow/dags/Code explanation.xlsx
[2025-04-30T22:58:14.066+0000] {processor.py:830} INFO - Processing file /opt/airflow/dags/Code explanation.xlsx for tasks to queue
[2025-04-30T22:58:14.067+0000] {logging_mixin.py:188} INFO - [2025-04-30T22:58:14.067+0000] {dagbag.py:538} INFO - Filling up the DagBag from /opt/airflow/dags/Code explanation.xlsx
[2025-04-30T22:58:14.085+0000] {processor.py:842} WARNING - No viable dags retrieved from /opt/airflow/dags/Code explanation.xlsx
[2025-04-30T22:58:14.120+0000] {processor.py:183} INFO - Processing /opt/airflow/dags/Code explanation.xlsx took 0.060 seconds
[2025-04-30T22:58:30.913+0000] {processor.py:161} INFO - Started process (PID=390) to work on /opt/airflow/dags/Code explanation.xlsx
[2025-04-30T22:58:30.915+0000] {processor.py:830} INFO - Processing file /opt/airflow/dags/Code explanation.xlsx for tasks to queue
[2025-04-30T22:58:30.918+0000] {logging_mixin.py:188} INFO - [2025-04-30T22:58:30.917+0000] {dagbag.py:538} INFO - Filling up the DagBag from /opt/airflow/dags/Code explanation.xlsx
[2025-04-30T22:58:30.952+0000] {processor.py:842} WARNING - No viable dags retrieved from /opt/airflow/dags/Code explanation.xlsx
[2025-04-30T22:58:30.982+0000] {processor.py:183} INFO - Processing /opt/airflow/dags/Code explanation.xlsx took 0.073 seconds
[2025-04-30T22:58:44.699+0000] {processor.py:161} INFO - Started process (PID=413) to work on /opt/airflow/dags/Code explanation.xlsx
[2025-04-30T22:58:44.701+0000] {processor.py:830} INFO - Processing file /opt/airflow/dags/Code explanation.xlsx for tasks to queue
[2025-04-30T22:58:44.703+0000] {logging_mixin.py:188} INFO - [2025-04-30T22:58:44.703+0000] {dagbag.py:538} INFO - Filling up the DagBag from /opt/airflow/dags/Code explanation.xlsx
[2025-04-30T22:58:44.720+0000] {processor.py:842} WARNING - No viable dags retrieved from /opt/airflow/dags/Code explanation.xlsx
[2025-04-30T22:58:44.741+0000] {processor.py:183} INFO - Processing /opt/airflow/dags/Code explanation.xlsx took 0.046 seconds
[2025-04-30T22:59:01.793+0000] {processor.py:161} INFO - Started process (PID=435) to work on /opt/airflow/dags/Code explanation.xlsx
[2025-04-30T22:59:01.795+0000] {processor.py:830} INFO - Processing file /opt/airflow/dags/Code explanation.xlsx for tasks to queue
[2025-04-30T22:59:01.796+0000] {logging_mixin.py:188} INFO - [2025-04-30T22:59:01.795+0000] {dagbag.py:538} INFO - Filling up the DagBag from /opt/airflow/dags/Code explanation.xlsx
[2025-04-30T22:59:01.812+0000] {processor.py:842} WARNING - No viable dags retrieved from /opt/airflow/dags/Code explanation.xlsx
[2025-04-30T22:59:01.829+0000] {processor.py:183} INFO - Processing /opt/airflow/dags/Code explanation.xlsx took 0.038 seconds
[2025-04-30T22:59:14.949+0000] {processor.py:161} INFO - Started process (PID=451) to work on /opt/airflow/dags/Code explanation.xlsx
[2025-04-30T22:59:14.950+0000] {processor.py:830} INFO - Processing file /opt/airflow/dags/Code explanation.xlsx for tasks to queue
[2025-04-30T22:59:14.952+0000] {logging_mixin.py:188} INFO - [2025-04-30T22:59:14.951+0000] {dagbag.py:538} INFO - Filling up the DagBag from /opt/airflow/dags/Code explanation.xlsx
[2025-04-30T22:59:14.960+0000] {processor.py:842} WARNING - No viable dags retrieved from /opt/airflow/dags/Code explanation.xlsx
[2025-04-30T22:59:14.974+0000] {processor.py:183} INFO - Processing /opt/airflow/dags/Code explanation.xlsx took 0.027 seconds
[2025-04-30T22:59:32.111+0000] {processor.py:161} INFO - Started process (PID=478) to work on /opt/airflow/dags/Code explanation.xlsx
[2025-04-30T22:59:32.112+0000] {processor.py:830} INFO - Processing file /opt/airflow/dags/Code explanation.xlsx for tasks to queue
[2025-04-30T22:59:32.113+0000] {logging_mixin.py:188} INFO - [2025-04-30T22:59:32.113+0000] {dagbag.py:538} INFO - Filling up the DagBag from /opt/airflow/dags/Code explanation.xlsx
[2025-04-30T22:59:32.124+0000] {processor.py:842} WARNING - No viable dags retrieved from /opt/airflow/dags/Code explanation.xlsx
[2025-04-30T22:59:32.137+0000] {processor.py:183} INFO - Processing /opt/airflow/dags/Code explanation.xlsx took 0.030 seconds
[2025-04-30T22:59:45.070+0000] {processor.py:161} INFO - Started process (PID=489) to work on /opt/airflow/dags/Code explanation.xlsx
[2025-04-30T22:59:45.070+0000] {processor.py:830} INFO - Processing file /opt/airflow/dags/Code explanation.xlsx for tasks to queue
[2025-04-30T22:59:45.072+0000] {logging_mixin.py:188} INFO - [2025-04-30T22:59:45.072+0000] {dagbag.py:538} INFO - Filling up the DagBag from /opt/airflow/dags/Code explanation.xlsx
[2025-04-30T22:59:45.082+0000] {processor.py:842} WARNING - No viable dags retrieved from /opt/airflow/dags/Code explanation.xlsx
[2025-04-30T22:59:45.097+0000] {processor.py:183} INFO - Processing /opt/airflow/dags/Code explanation.xlsx took 0.030 seconds
[2025-04-30T23:00:02.613+0000] {processor.py:161} INFO - Started process (PID=521) to work on /opt/airflow/dags/Code explanation.xlsx
[2025-04-30T23:00:02.614+0000] {processor.py:830} INFO - Processing file /opt/airflow/dags/Code explanation.xlsx for tasks to queue
[2025-04-30T23:00:02.615+0000] {logging_mixin.py:188} INFO - [2025-04-30T23:00:02.614+0000] {dagbag.py:538} INFO - Filling up the DagBag from /opt/airflow/dags/Code explanation.xlsx
[2025-04-30T23:00:02.627+0000] {processor.py:842} WARNING - No viable dags retrieved from /opt/airflow/dags/Code explanation.xlsx
[2025-04-30T23:00:02.640+0000] {processor.py:183} INFO - Processing /opt/airflow/dags/Code explanation.xlsx took 0.030 seconds
[2025-04-30T23:00:16.073+0000] {processor.py:161} INFO - Started process (PID=542) to work on /opt/airflow/dags/Code explanation.xlsx
[2025-04-30T23:00:16.075+0000] {processor.py:830} INFO - Processing file /opt/airflow/dags/Code explanation.xlsx for tasks to queue
[2025-04-30T23:00:16.076+0000] {logging_mixin.py:188} INFO - [2025-04-30T23:00:16.076+0000] {dagbag.py:538} INFO - Filling up the DagBag from /opt/airflow/dags/Code explanation.xlsx
[2025-04-30T23:00:16.090+0000] {processor.py:842} WARNING - No viable dags retrieved from /opt/airflow/dags/Code explanation.xlsx
[2025-04-30T23:00:16.110+0000] {processor.py:183} INFO - Processing /opt/airflow/dags/Code explanation.xlsx took 0.040 seconds
[2025-04-30T23:00:33.100+0000] {processor.py:161} INFO - Started process (PID=564) to work on /opt/airflow/dags/Code explanation.xlsx
[2025-04-30T23:00:33.102+0000] {processor.py:830} INFO - Processing file /opt/airflow/dags/Code explanation.xlsx for tasks to queue
[2025-04-30T23:00:33.104+0000] {logging_mixin.py:188} INFO - [2025-04-30T23:00:33.103+0000] {dagbag.py:538} INFO - Filling up the DagBag from /opt/airflow/dags/Code explanation.xlsx
[2025-04-30T23:00:33.116+0000] {processor.py:842} WARNING - No viable dags retrieved from /opt/airflow/dags/Code explanation.xlsx
[2025-04-30T23:00:33.141+0000] {processor.py:183} INFO - Processing /opt/airflow/dags/Code explanation.xlsx took 0.044 seconds
[2025-04-30T23:00:46.917+0000] {processor.py:161} INFO - Started process (PID=585) to work on /opt/airflow/dags/Code explanation.xlsx
[2025-04-30T23:00:46.919+0000] {processor.py:830} INFO - Processing file /opt/airflow/dags/Code explanation.xlsx for tasks to queue
[2025-04-30T23:00:46.922+0000] {logging_mixin.py:188} INFO - [2025-04-30T23:00:46.921+0000] {dagbag.py:538} INFO - Filling up the DagBag from /opt/airflow/dags/Code explanation.xlsx
[2025-04-30T23:00:46.940+0000] {processor.py:842} WARNING - No viable dags retrieved from /opt/airflow/dags/Code explanation.xlsx
[2025-04-30T23:00:46.964+0000] {processor.py:183} INFO - Processing /opt/airflow/dags/Code explanation.xlsx took 0.053 seconds
[2025-04-30T23:01:04.049+0000] {processor.py:161} INFO - Started process (PID=607) to work on /opt/airflow/dags/Code explanation.xlsx
[2025-04-30T23:01:04.051+0000] {processor.py:830} INFO - Processing file /opt/airflow/dags/Code explanation.xlsx for tasks to queue
[2025-04-30T23:01:04.052+0000] {logging_mixin.py:188} INFO - [2025-04-30T23:01:04.051+0000] {dagbag.py:538} INFO - Filling up the DagBag from /opt/airflow/dags/Code explanation.xlsx
[2025-04-30T23:01:04.061+0000] {processor.py:842} WARNING - No viable dags retrieved from /opt/airflow/dags/Code explanation.xlsx
[2025-04-30T23:01:04.075+0000] {processor.py:183} INFO - Processing /opt/airflow/dags/Code explanation.xlsx took 0.029 seconds
[2025-04-30T23:01:17.795+0000] {processor.py:161} INFO - Started process (PID=628) to work on /opt/airflow/dags/Code explanation.xlsx
[2025-04-30T23:01:17.796+0000] {processor.py:830} INFO - Processing file /opt/airflow/dags/Code explanation.xlsx for tasks to queue
[2025-04-30T23:01:17.797+0000] {logging_mixin.py:188} INFO - [2025-04-30T23:01:17.797+0000] {dagbag.py:538} INFO - Filling up the DagBag from /opt/airflow/dags/Code explanation.xlsx
[2025-04-30T23:01:17.810+0000] {processor.py:842} WARNING - No viable dags retrieved from /opt/airflow/dags/Code explanation.xlsx
[2025-04-30T23:01:17.824+0000] {processor.py:183} INFO - Processing /opt/airflow/dags/Code explanation.xlsx took 0.031 seconds
[2025-04-30T23:01:34.462+0000] {processor.py:161} INFO - Started process (PID=650) to work on /opt/airflow/dags/Code explanation.xlsx
[2025-04-30T23:01:34.464+0000] {processor.py:830} INFO - Processing file /opt/airflow/dags/Code explanation.xlsx for tasks to queue
[2025-04-30T23:01:34.465+0000] {logging_mixin.py:188} INFO - [2025-04-30T23:01:34.465+0000] {dagbag.py:538} INFO - Filling up the DagBag from /opt/airflow/dags/Code explanation.xlsx
[2025-04-30T23:01:34.476+0000] {processor.py:842} WARNING - No viable dags retrieved from /opt/airflow/dags/Code explanation.xlsx
[2025-04-30T23:01:34.491+0000] {processor.py:183} INFO - Processing /opt/airflow/dags/Code explanation.xlsx took 0.031 seconds
[2025-04-30T23:01:48.268+0000] {processor.py:161} INFO - Started process (PID=676) to work on /opt/airflow/dags/Code explanation.xlsx
[2025-04-30T23:01:48.269+0000] {processor.py:830} INFO - Processing file /opt/airflow/dags/Code explanation.xlsx for tasks to queue
[2025-04-30T23:01:48.270+0000] {logging_mixin.py:188} INFO - [2025-04-30T23:01:48.270+0000] {dagbag.py:538} INFO - Filling up the DagBag from /opt/airflow/dags/Code explanation.xlsx
[2025-04-30T23:01:48.279+0000] {processor.py:842} WARNING - No viable dags retrieved from /opt/airflow/dags/Code explanation.xlsx
[2025-04-30T23:01:48.292+0000] {processor.py:183} INFO - Processing /opt/airflow/dags/Code explanation.xlsx took 0.028 seconds
[2025-04-30T23:02:04.676+0000] {processor.py:161} INFO - Started process (PID=693) to work on /opt/airflow/dags/Code explanation.xlsx
[2025-04-30T23:02:04.677+0000] {processor.py:830} INFO - Processing file /opt/airflow/dags/Code explanation.xlsx for tasks to queue
[2025-04-30T23:02:04.678+0000] {logging_mixin.py:188} INFO - [2025-04-30T23:02:04.678+0000] {dagbag.py:538} INFO - Filling up the DagBag from /opt/airflow/dags/Code explanation.xlsx
[2025-04-30T23:02:04.688+0000] {processor.py:842} WARNING - No viable dags retrieved from /opt/airflow/dags/Code explanation.xlsx
[2025-04-30T23:02:04.699+0000] {processor.py:183} INFO - Processing /opt/airflow/dags/Code explanation.xlsx took 0.026 seconds
[2025-04-30T23:02:18.890+0000] {processor.py:161} INFO - Started process (PID=717) to work on /opt/airflow/dags/Code explanation.xlsx
[2025-04-30T23:02:18.891+0000] {processor.py:830} INFO - Processing file /opt/airflow/dags/Code explanation.xlsx for tasks to queue
[2025-04-30T23:02:18.892+0000] {logging_mixin.py:188} INFO - [2025-04-30T23:02:18.892+0000] {dagbag.py:538} INFO - Filling up the DagBag from /opt/airflow/dags/Code explanation.xlsx
[2025-04-30T23:02:18.904+0000] {processor.py:842} WARNING - No viable dags retrieved from /opt/airflow/dags/Code explanation.xlsx
[2025-04-30T23:02:18.920+0000] {processor.py:183} INFO - Processing /opt/airflow/dags/Code explanation.xlsx took 0.032 seconds
[2025-04-30T23:02:35.061+0000] {processor.py:161} INFO - Started process (PID=736) to work on /opt/airflow/dags/Code explanation.xlsx
[2025-04-30T23:02:35.062+0000] {processor.py:830} INFO - Processing file /opt/airflow/dags/Code explanation.xlsx for tasks to queue
[2025-04-30T23:02:35.063+0000] {logging_mixin.py:188} INFO - [2025-04-30T23:02:35.063+0000] {dagbag.py:538} INFO - Filling up the DagBag from /opt/airflow/dags/Code explanation.xlsx
[2025-04-30T23:02:35.073+0000] {processor.py:842} WARNING - No viable dags retrieved from /opt/airflow/dags/Code explanation.xlsx
[2025-04-30T23:02:35.090+0000] {processor.py:183} INFO - Processing /opt/airflow/dags/Code explanation.xlsx took 0.032 seconds
[2025-04-30T23:02:49.276+0000] {processor.py:161} INFO - Started process (PID=760) to work on /opt/airflow/dags/Code explanation.xlsx
[2025-04-30T23:02:49.277+0000] {processor.py:830} INFO - Processing file /opt/airflow/dags/Code explanation.xlsx for tasks to queue
[2025-04-30T23:02:49.278+0000] {logging_mixin.py:188} INFO - [2025-04-30T23:02:49.277+0000] {dagbag.py:538} INFO - Filling up the DagBag from /opt/airflow/dags/Code explanation.xlsx
[2025-04-30T23:02:49.287+0000] {processor.py:842} WARNING - No viable dags retrieved from /opt/airflow/dags/Code explanation.xlsx
[2025-04-30T23:02:49.300+0000] {processor.py:183} INFO - Processing /opt/airflow/dags/Code explanation.xlsx took 0.027 seconds
[2025-04-30T23:03:05.393+0000] {processor.py:161} INFO - Started process (PID=779) to work on /opt/airflow/dags/Code explanation.xlsx
[2025-04-30T23:03:05.396+0000] {processor.py:830} INFO - Processing file /opt/airflow/dags/Code explanation.xlsx for tasks to queue
[2025-04-30T23:03:05.399+0000] {logging_mixin.py:188} INFO - [2025-04-30T23:03:05.398+0000] {dagbag.py:538} INFO - Filling up the DagBag from /opt/airflow/dags/Code explanation.xlsx
[2025-04-30T23:03:05.421+0000] {processor.py:842} WARNING - No viable dags retrieved from /opt/airflow/dags/Code explanation.xlsx
[2025-04-30T23:03:05.439+0000] {processor.py:183} INFO - Processing /opt/airflow/dags/Code explanation.xlsx took 0.053 seconds
[2025-04-30T23:03:19.708+0000] {processor.py:161} INFO - Started process (PID=803) to work on /opt/airflow/dags/Code explanation.xlsx
[2025-04-30T23:03:19.709+0000] {processor.py:830} INFO - Processing file /opt/airflow/dags/Code explanation.xlsx for tasks to queue
[2025-04-30T23:03:19.710+0000] {logging_mixin.py:188} INFO - [2025-04-30T23:03:19.710+0000] {dagbag.py:538} INFO - Filling up the DagBag from /opt/airflow/dags/Code explanation.xlsx
[2025-04-30T23:03:19.720+0000] {processor.py:842} WARNING - No viable dags retrieved from /opt/airflow/dags/Code explanation.xlsx
[2025-04-30T23:03:19.733+0000] {processor.py:183} INFO - Processing /opt/airflow/dags/Code explanation.xlsx took 0.027 seconds
[2025-04-30T23:03:35.856+0000] {processor.py:161} INFO - Started process (PID=822) to work on /opt/airflow/dags/Code explanation.xlsx
[2025-04-30T23:03:35.857+0000] {processor.py:830} INFO - Processing file /opt/airflow/dags/Code explanation.xlsx for tasks to queue
[2025-04-30T23:03:35.858+0000] {logging_mixin.py:188} INFO - [2025-04-30T23:03:35.857+0000] {dagbag.py:538} INFO - Filling up the DagBag from /opt/airflow/dags/Code explanation.xlsx
[2025-04-30T23:03:35.876+0000] {processor.py:842} WARNING - No viable dags retrieved from /opt/airflow/dags/Code explanation.xlsx
[2025-04-30T23:03:35.888+0000] {processor.py:183} INFO - Processing /opt/airflow/dags/Code explanation.xlsx took 0.035 seconds
[2025-04-30T23:03:50.332+0000] {processor.py:161} INFO - Started process (PID=848) to work on /opt/airflow/dags/Code explanation.xlsx
[2025-04-30T23:03:50.333+0000] {processor.py:830} INFO - Processing file /opt/airflow/dags/Code explanation.xlsx for tasks to queue
[2025-04-30T23:03:50.334+0000] {logging_mixin.py:188} INFO - [2025-04-30T23:03:50.334+0000] {dagbag.py:538} INFO - Filling up the DagBag from /opt/airflow/dags/Code explanation.xlsx
[2025-04-30T23:03:50.344+0000] {processor.py:842} WARNING - No viable dags retrieved from /opt/airflow/dags/Code explanation.xlsx
[2025-04-30T23:03:50.357+0000] {processor.py:183} INFO - Processing /opt/airflow/dags/Code explanation.xlsx took 0.029 seconds
[2025-04-30T23:04:06.360+0000] {processor.py:161} INFO - Started process (PID=865) to work on /opt/airflow/dags/Code explanation.xlsx
[2025-04-30T23:04:06.361+0000] {processor.py:830} INFO - Processing file /opt/airflow/dags/Code explanation.xlsx for tasks to queue
[2025-04-30T23:04:06.363+0000] {logging_mixin.py:188} INFO - [2025-04-30T23:04:06.362+0000] {dagbag.py:538} INFO - Filling up the DagBag from /opt/airflow/dags/Code explanation.xlsx
[2025-04-30T23:04:06.379+0000] {processor.py:842} WARNING - No viable dags retrieved from /opt/airflow/dags/Code explanation.xlsx
[2025-04-30T23:04:06.394+0000] {processor.py:183} INFO - Processing /opt/airflow/dags/Code explanation.xlsx took 0.037 seconds
[2025-04-30T23:04:20.695+0000] {processor.py:161} INFO - Started process (PID=889) to work on /opt/airflow/dags/Code explanation.xlsx
[2025-04-30T23:04:20.697+0000] {processor.py:830} INFO - Processing file /opt/airflow/dags/Code explanation.xlsx for tasks to queue
[2025-04-30T23:04:20.698+0000] {logging_mixin.py:188} INFO - [2025-04-30T23:04:20.698+0000] {dagbag.py:538} INFO - Filling up the DagBag from /opt/airflow/dags/Code explanation.xlsx
[2025-04-30T23:04:20.716+0000] {processor.py:842} WARNING - No viable dags retrieved from /opt/airflow/dags/Code explanation.xlsx
[2025-04-30T23:04:20.755+0000] {processor.py:183} INFO - Processing /opt/airflow/dags/Code explanation.xlsx took 0.063 seconds
[2025-04-30T23:04:36.795+0000] {processor.py:161} INFO - Started process (PID=908) to work on /opt/airflow/dags/Code explanation.xlsx
[2025-04-30T23:04:36.796+0000] {processor.py:830} INFO - Processing file /opt/airflow/dags/Code explanation.xlsx for tasks to queue
[2025-04-30T23:04:36.798+0000] {logging_mixin.py:188} INFO - [2025-04-30T23:04:36.798+0000] {dagbag.py:538} INFO - Filling up the DagBag from /opt/airflow/dags/Code explanation.xlsx
[2025-04-30T23:04:36.812+0000] {processor.py:842} WARNING - No viable dags retrieved from /opt/airflow/dags/Code explanation.xlsx
[2025-04-30T23:04:36.829+0000] {processor.py:183} INFO - Processing /opt/airflow/dags/Code explanation.xlsx took 0.037 seconds
[2025-04-30T23:04:51.549+0000] {processor.py:161} INFO - Started process (PID=934) to work on /opt/airflow/dags/Code explanation.xlsx
[2025-04-30T23:04:51.550+0000] {processor.py:830} INFO - Processing file /opt/airflow/dags/Code explanation.xlsx for tasks to queue
[2025-04-30T23:04:51.551+0000] {logging_mixin.py:188} INFO - [2025-04-30T23:04:51.551+0000] {dagbag.py:538} INFO - Filling up the DagBag from /opt/airflow/dags/Code explanation.xlsx
[2025-04-30T23:04:51.558+0000] {processor.py:842} WARNING - No viable dags retrieved from /opt/airflow/dags/Code explanation.xlsx
[2025-04-30T23:04:51.570+0000] {processor.py:183} INFO - Processing /opt/airflow/dags/Code explanation.xlsx took 0.023 seconds
[2025-04-30T23:05:07.094+0000] {processor.py:161} INFO - Started process (PID=951) to work on /opt/airflow/dags/Code explanation.xlsx
[2025-04-30T23:05:07.096+0000] {processor.py:830} INFO - Processing file /opt/airflow/dags/Code explanation.xlsx for tasks to queue
[2025-04-30T23:05:07.097+0000] {logging_mixin.py:188} INFO - [2025-04-30T23:05:07.096+0000] {dagbag.py:538} INFO - Filling up the DagBag from /opt/airflow/dags/Code explanation.xlsx
[2025-04-30T23:05:07.106+0000] {processor.py:842} WARNING - No viable dags retrieved from /opt/airflow/dags/Code explanation.xlsx
[2025-04-30T23:05:07.117+0000] {processor.py:183} INFO - Processing /opt/airflow/dags/Code explanation.xlsx took 0.025 seconds
