[2025-04-30T22:56:02.555+0000] {processor.py:161} INFO - Started process (PID=203) to work on /opt/airflow/dags/exampledag.py
[2025-04-30T22:56:02.557+0000] {processor.py:830} INFO - Processing file /opt/airflow/dags/exampledag.py for tasks to queue
[2025-04-30T22:56:02.560+0000] {logging_mixin.py:188} INFO - [2025-04-30T22:56:02.559+0000] {dagbag.py:538} INFO - Filling up the DagBag from /opt/airflow/dags/exampledag.py
[2025-04-30T22:56:02.602+0000] {processor.py:840} INFO - DAG(s) 'chethan_test_dag' retrieved from /opt/airflow/dags/exampledag.py
[2025-04-30T22:56:02.794+0000] {logging_mixin.py:188} INFO - [2025-04-30T22:56:02.793+0000] {override.py:1769} INFO - Created Permission View: can delete on DAG:chethan_test_dag
[2025-04-30T22:56:02.823+0000] {logging_mixin.py:188} INFO - [2025-04-30T22:56:02.821+0000] {override.py:1769} INFO - Created Permission View: can edit on DAG:chethan_test_dag
[2025-04-30T22:56:02.853+0000] {logging_mixin.py:188} INFO - [2025-04-30T22:56:02.853+0000] {override.py:1769} INFO - Created Permission View: can read on DAG:chethan_test_dag
[2025-04-30T22:56:02.856+0000] {logging_mixin.py:188} INFO - [2025-04-30T22:56:02.855+0000] {dag.py:3036} INFO - Sync 1 DAGs
[2025-04-30T22:56:02.885+0000] {logging_mixin.py:188} INFO - [2025-04-30T22:56:02.885+0000] {dag.py:3058} INFO - Creating ORM DAG for chethan_test_dag
[2025-04-30T22:56:02.919+0000] {logging_mixin.py:188} INFO - [2025-04-30T22:56:02.919+0000] {dag.py:3823} INFO - Setting next_dagrun for chethan_test_dag to 2025-04-29 00:00:00+00:00, run_after=2025-04-30 00:00:00+00:00
[2025-04-30T22:56:02.953+0000] {processor.py:183} INFO - Processing /opt/airflow/dags/exampledag.py took 0.403 seconds
[2025-04-30T22:56:15.204+0000] {processor.py:161} INFO - Started process (PID=221) to work on /opt/airflow/dags/exampledag.py
[2025-04-30T22:56:15.227+0000] {processor.py:830} INFO - Processing file /opt/airflow/dags/exampledag.py for tasks to queue
[2025-04-30T22:56:15.229+0000] {logging_mixin.py:188} INFO - [2025-04-30T22:56:15.228+0000] {dagbag.py:538} INFO - Filling up the DagBag from /opt/airflow/dags/exampledag.py
[2025-04-30T22:56:15.305+0000] {processor.py:840} INFO - DAG(s) 'chethan_test_dag' retrieved from /opt/airflow/dags/exampledag.py
[2025-04-30T22:56:15.342+0000] {logging_mixin.py:188} INFO - [2025-04-30T22:56:15.342+0000] {dag.py:3036} INFO - Sync 1 DAGs
[2025-04-30T22:56:15.410+0000] {logging_mixin.py:188} INFO - [2025-04-30T22:56:15.410+0000] {dag.py:3823} INFO - Setting next_dagrun for chethan_test_dag to 2025-04-29 00:00:00+00:00, run_after=2025-04-30 00:00:00+00:00
[2025-04-30T22:56:15.476+0000] {processor.py:183} INFO - Processing /opt/airflow/dags/exampledag.py took 0.288 seconds
[2025-04-30T22:56:33.290+0000] {processor.py:161} INFO - Started process (PID=246) to work on /opt/airflow/dags/exampledag.py
[2025-04-30T22:56:33.292+0000] {processor.py:830} INFO - Processing file /opt/airflow/dags/exampledag.py for tasks to queue
[2025-04-30T22:56:33.293+0000] {logging_mixin.py:188} INFO - [2025-04-30T22:56:33.293+0000] {dagbag.py:538} INFO - Filling up the DagBag from /opt/airflow/dags/exampledag.py
[2025-04-30T22:56:33.332+0000] {processor.py:840} INFO - DAG(s) 'chethan_test_dag' retrieved from /opt/airflow/dags/exampledag.py
[2025-04-30T22:56:33.360+0000] {logging_mixin.py:188} INFO - [2025-04-30T22:56:33.360+0000] {dag.py:3036} INFO - Sync 1 DAGs
[2025-04-30T22:56:33.384+0000] {logging_mixin.py:188} INFO - [2025-04-30T22:56:33.384+0000] {dag.py:3823} INFO - Setting next_dagrun for chethan_test_dag to 2025-04-29 00:00:00+00:00, run_after=2025-04-30 00:00:00+00:00
[2025-04-30T22:56:33.404+0000] {processor.py:183} INFO - Processing /opt/airflow/dags/exampledag.py took 0.118 seconds
[2025-04-30T22:56:45.939+0000] {processor.py:161} INFO - Started process (PID=263) to work on /opt/airflow/dags/exampledag.py
[2025-04-30T22:56:45.941+0000] {processor.py:830} INFO - Processing file /opt/airflow/dags/exampledag.py for tasks to queue
[2025-04-30T22:56:45.942+0000] {logging_mixin.py:188} INFO - [2025-04-30T22:56:45.942+0000] {dagbag.py:538} INFO - Filling up the DagBag from /opt/airflow/dags/exampledag.py
[2025-04-30T22:56:45.984+0000] {processor.py:840} INFO - DAG(s) 'chethan_test_dag' retrieved from /opt/airflow/dags/exampledag.py
[2025-04-30T22:56:46.043+0000] {logging_mixin.py:188} INFO - [2025-04-30T22:56:46.043+0000] {dag.py:3036} INFO - Sync 1 DAGs
[2025-04-30T22:56:46.088+0000] {logging_mixin.py:188} INFO - [2025-04-30T22:56:46.087+0000] {dag.py:3823} INFO - Setting next_dagrun for chethan_test_dag to 2025-04-29 00:00:00+00:00, run_after=2025-04-30 00:00:00+00:00
[2025-04-30T22:56:46.121+0000] {processor.py:183} INFO - Processing /opt/airflow/dags/exampledag.py took 0.186 seconds
[2025-04-30T22:57:04.027+0000] {processor.py:161} INFO - Started process (PID=291) to work on /opt/airflow/dags/exampledag.py
[2025-04-30T22:57:04.031+0000] {processor.py:830} INFO - Processing file /opt/airflow/dags/exampledag.py for tasks to queue
[2025-04-30T22:57:04.035+0000] {logging_mixin.py:188} INFO - [2025-04-30T22:57:04.034+0000] {dagbag.py:538} INFO - Filling up the DagBag from /opt/airflow/dags/exampledag.py
[2025-04-30T22:57:04.089+0000] {processor.py:840} INFO - DAG(s) 'chethan_test_dag' retrieved from /opt/airflow/dags/exampledag.py
[2025-04-30T22:57:04.127+0000] {logging_mixin.py:188} INFO - [2025-04-30T22:57:04.127+0000] {dag.py:3036} INFO - Sync 1 DAGs
[2025-04-30T22:57:04.151+0000] {logging_mixin.py:188} INFO - [2025-04-30T22:57:04.150+0000] {dag.py:3823} INFO - Setting next_dagrun for chethan_test_dag to 2025-04-29 00:00:00+00:00, run_after=2025-04-30 00:00:00+00:00
[2025-04-30T22:57:04.173+0000] {processor.py:183} INFO - Processing /opt/airflow/dags/exampledag.py took 0.151 seconds
[2025-04-30T22:57:16.383+0000] {processor.py:161} INFO - Started process (PID=303) to work on /opt/airflow/dags/exampledag.py
[2025-04-30T22:57:16.385+0000] {processor.py:830} INFO - Processing file /opt/airflow/dags/exampledag.py for tasks to queue
[2025-04-30T22:57:16.387+0000] {logging_mixin.py:188} INFO - [2025-04-30T22:57:16.387+0000] {dagbag.py:538} INFO - Filling up the DagBag from /opt/airflow/dags/exampledag.py
[2025-04-30T22:57:16.427+0000] {processor.py:840} INFO - DAG(s) 'chethan_test_dag' retrieved from /opt/airflow/dags/exampledag.py
[2025-04-30T22:57:16.452+0000] {logging_mixin.py:188} INFO - [2025-04-30T22:57:16.452+0000] {dag.py:3036} INFO - Sync 1 DAGs
[2025-04-30T22:57:16.473+0000] {logging_mixin.py:188} INFO - [2025-04-30T22:57:16.473+0000] {dag.py:3823} INFO - Setting next_dagrun for chethan_test_dag to 2025-04-29 00:00:00+00:00, run_after=2025-04-30 00:00:00+00:00
[2025-04-30T22:57:16.496+0000] {processor.py:183} INFO - Processing /opt/airflow/dags/exampledag.py took 0.119 seconds
[2025-04-30T22:57:34.853+0000] {processor.py:161} INFO - Started process (PID=332) to work on /opt/airflow/dags/exampledag.py
[2025-04-30T22:57:34.855+0000] {processor.py:830} INFO - Processing file /opt/airflow/dags/exampledag.py for tasks to queue
[2025-04-30T22:57:34.857+0000] {logging_mixin.py:188} INFO - [2025-04-30T22:57:34.856+0000] {dagbag.py:538} INFO - Filling up the DagBag from /opt/airflow/dags/exampledag.py
[2025-04-30T22:57:34.891+0000] {processor.py:840} INFO - DAG(s) 'chethan_test_dag' retrieved from /opt/airflow/dags/exampledag.py
[2025-04-30T22:57:34.917+0000] {logging_mixin.py:188} INFO - [2025-04-30T22:57:34.916+0000] {dag.py:3036} INFO - Sync 1 DAGs
[2025-04-30T22:57:34.937+0000] {logging_mixin.py:188} INFO - [2025-04-30T22:57:34.937+0000] {dag.py:3823} INFO - Setting next_dagrun for chethan_test_dag to 2025-04-29 00:00:00+00:00, run_after=2025-04-30 00:00:00+00:00
[2025-04-30T22:57:34.956+0000] {processor.py:183} INFO - Processing /opt/airflow/dags/exampledag.py took 0.107 seconds
[2025-04-30T22:57:46.988+0000] {processor.py:161} INFO - Started process (PID=346) to work on /opt/airflow/dags/exampledag.py
[2025-04-30T22:57:46.990+0000] {processor.py:830} INFO - Processing file /opt/airflow/dags/exampledag.py for tasks to queue
[2025-04-30T22:57:46.991+0000] {logging_mixin.py:188} INFO - [2025-04-30T22:57:46.991+0000] {dagbag.py:538} INFO - Filling up the DagBag from /opt/airflow/dags/exampledag.py
[2025-04-30T22:57:47.033+0000] {processor.py:840} INFO - DAG(s) 'chethan_test_dag' retrieved from /opt/airflow/dags/exampledag.py
[2025-04-30T22:57:47.070+0000] {logging_mixin.py:188} INFO - [2025-04-30T22:57:47.070+0000] {dag.py:3036} INFO - Sync 1 DAGs
[2025-04-30T22:57:47.099+0000] {logging_mixin.py:188} INFO - [2025-04-30T22:57:47.099+0000] {dag.py:3823} INFO - Setting next_dagrun for chethan_test_dag to 2025-04-29 00:00:00+00:00, run_after=2025-04-30 00:00:00+00:00
[2025-04-30T22:57:47.118+0000] {processor.py:183} INFO - Processing /opt/airflow/dags/exampledag.py took 0.135 seconds
[2025-04-30T22:58:05.972+0000] {processor.py:161} INFO - Started process (PID=377) to work on /opt/airflow/dags/exampledag.py
[2025-04-30T22:58:05.974+0000] {processor.py:830} INFO - Processing file /opt/airflow/dags/exampledag.py for tasks to queue
[2025-04-30T22:58:05.976+0000] {logging_mixin.py:188} INFO - [2025-04-30T22:58:05.975+0000] {dagbag.py:538} INFO - Filling up the DagBag from /opt/airflow/dags/exampledag.py
[2025-04-30T22:58:06.010+0000] {processor.py:840} INFO - DAG(s) 'chethan_test_dag' retrieved from /opt/airflow/dags/exampledag.py
[2025-04-30T22:58:06.043+0000] {logging_mixin.py:188} INFO - [2025-04-30T22:58:06.043+0000] {dag.py:3036} INFO - Sync 1 DAGs
[2025-04-30T22:58:06.076+0000] {logging_mixin.py:188} INFO - [2025-04-30T22:58:06.076+0000] {dag.py:3823} INFO - Setting next_dagrun for chethan_test_dag to 2025-04-29 00:00:00+00:00, run_after=2025-04-30 00:00:00+00:00
[2025-04-30T22:58:06.110+0000] {processor.py:183} INFO - Processing /opt/airflow/dags/exampledag.py took 0.143 seconds
[2025-04-30T22:58:17.846+0000] {processor.py:161} INFO - Started process (PID=392) to work on /opt/airflow/dags/exampledag.py
[2025-04-30T22:58:17.848+0000] {processor.py:830} INFO - Processing file /opt/airflow/dags/exampledag.py for tasks to queue
[2025-04-30T22:58:17.850+0000] {logging_mixin.py:188} INFO - [2025-04-30T22:58:17.849+0000] {dagbag.py:538} INFO - Filling up the DagBag from /opt/airflow/dags/exampledag.py
[2025-04-30T22:58:17.880+0000] {processor.py:840} INFO - DAG(s) 'chethan_test_dag' retrieved from /opt/airflow/dags/exampledag.py
[2025-04-30T22:58:17.910+0000] {logging_mixin.py:188} INFO - [2025-04-30T22:58:17.910+0000] {dag.py:3036} INFO - Sync 1 DAGs
[2025-04-30T22:58:17.936+0000] {logging_mixin.py:188} INFO - [2025-04-30T22:58:17.936+0000] {dag.py:3823} INFO - Setting next_dagrun for chethan_test_dag to 2025-04-29 00:00:00+00:00, run_after=2025-04-30 00:00:00+00:00
[2025-04-30T22:58:17.983+0000] {processor.py:183} INFO - Processing /opt/airflow/dags/exampledag.py took 0.144 seconds
[2025-04-30T22:58:36.985+0000] {processor.py:161} INFO - Started process (PID=417) to work on /opt/airflow/dags/exampledag.py
[2025-04-30T22:58:36.987+0000] {processor.py:830} INFO - Processing file /opt/airflow/dags/exampledag.py for tasks to queue
[2025-04-30T22:58:36.989+0000] {logging_mixin.py:188} INFO - [2025-04-30T22:58:36.988+0000] {dagbag.py:538} INFO - Filling up the DagBag from /opt/airflow/dags/exampledag.py
[2025-04-30T22:58:37.040+0000] {processor.py:840} INFO - DAG(s) 'chethan_test_dag' retrieved from /opt/airflow/dags/exampledag.py
[2025-04-30T22:58:37.079+0000] {logging_mixin.py:188} INFO - [2025-04-30T22:58:37.078+0000] {dag.py:3036} INFO - Sync 1 DAGs
[2025-04-30T22:58:37.115+0000] {logging_mixin.py:188} INFO - [2025-04-30T22:58:37.115+0000] {dag.py:3823} INFO - Setting next_dagrun for chethan_test_dag to 2025-04-29 00:00:00+00:00, run_after=2025-04-30 00:00:00+00:00
[2025-04-30T22:58:37.147+0000] {processor.py:183} INFO - Processing /opt/airflow/dags/exampledag.py took 0.171 seconds
[2025-04-30T22:58:48.069+0000] {processor.py:161} INFO - Started process (PID=432) to work on /opt/airflow/dags/exampledag.py
[2025-04-30T22:58:48.070+0000] {processor.py:830} INFO - Processing file /opt/airflow/dags/exampledag.py for tasks to queue
[2025-04-30T22:58:48.071+0000] {logging_mixin.py:188} INFO - [2025-04-30T22:58:48.071+0000] {dagbag.py:538} INFO - Filling up the DagBag from /opt/airflow/dags/exampledag.py
[2025-04-30T22:58:48.113+0000] {processor.py:840} INFO - DAG(s) 'chethan_test_dag' retrieved from /opt/airflow/dags/exampledag.py
[2025-04-30T22:58:48.149+0000] {logging_mixin.py:188} INFO - [2025-04-30T22:58:48.149+0000] {dag.py:3036} INFO - Sync 1 DAGs
[2025-04-30T22:58:48.177+0000] {logging_mixin.py:188} INFO - [2025-04-30T22:58:48.177+0000] {dag.py:3823} INFO - Setting next_dagrun for chethan_test_dag to 2025-04-29 00:00:00+00:00, run_after=2025-04-30 00:00:00+00:00
[2025-04-30T22:58:48.198+0000] {processor.py:183} INFO - Processing /opt/airflow/dags/exampledag.py took 0.133 seconds
[2025-04-30T22:59:07.367+0000] {processor.py:161} INFO - Started process (PID=456) to work on /opt/airflow/dags/exampledag.py
[2025-04-30T22:59:07.368+0000] {processor.py:830} INFO - Processing file /opt/airflow/dags/exampledag.py for tasks to queue
[2025-04-30T22:59:07.370+0000] {logging_mixin.py:188} INFO - [2025-04-30T22:59:07.369+0000] {dagbag.py:538} INFO - Filling up the DagBag from /opt/airflow/dags/exampledag.py
[2025-04-30T22:59:07.391+0000] {processor.py:840} INFO - DAG(s) 'chethan_test_dag' retrieved from /opt/airflow/dags/exampledag.py
[2025-04-30T22:59:07.432+0000] {logging_mixin.py:188} INFO - [2025-04-30T22:59:07.431+0000] {dag.py:3036} INFO - Sync 1 DAGs
[2025-04-30T22:59:07.469+0000] {logging_mixin.py:188} INFO - [2025-04-30T22:59:07.469+0000] {dag.py:3823} INFO - Setting next_dagrun for chethan_test_dag to 2025-04-29 00:00:00+00:00, run_after=2025-04-30 00:00:00+00:00
[2025-04-30T22:59:07.495+0000] {processor.py:183} INFO - Processing /opt/airflow/dags/exampledag.py took 0.130 seconds
[2025-04-30T22:59:18.503+0000] {processor.py:161} INFO - Started process (PID=475) to work on /opt/airflow/dags/exampledag.py
[2025-04-30T22:59:18.505+0000] {processor.py:830} INFO - Processing file /opt/airflow/dags/exampledag.py for tasks to queue
[2025-04-30T22:59:18.507+0000] {logging_mixin.py:188} INFO - [2025-04-30T22:59:18.506+0000] {dagbag.py:538} INFO - Filling up the DagBag from /opt/airflow/dags/exampledag.py
[2025-04-30T22:59:18.546+0000] {processor.py:840} INFO - DAG(s) 'chethan_test_dag' retrieved from /opt/airflow/dags/exampledag.py
[2025-04-30T22:59:18.574+0000] {logging_mixin.py:188} INFO - [2025-04-30T22:59:18.574+0000] {dag.py:3036} INFO - Sync 1 DAGs
[2025-04-30T22:59:18.606+0000] {logging_mixin.py:188} INFO - [2025-04-30T22:59:18.606+0000] {dag.py:3823} INFO - Setting next_dagrun for chethan_test_dag to 2025-04-29 00:00:00+00:00, run_after=2025-04-30 00:00:00+00:00
[2025-04-30T22:59:18.631+0000] {processor.py:183} INFO - Processing /opt/airflow/dags/exampledag.py took 0.138 seconds
[2025-04-30T22:59:37.738+0000] {processor.py:161} INFO - Started process (PID=497) to work on /opt/airflow/dags/exampledag.py
[2025-04-30T22:59:37.739+0000] {processor.py:830} INFO - Processing file /opt/airflow/dags/exampledag.py for tasks to queue
[2025-04-30T22:59:37.740+0000] {logging_mixin.py:188} INFO - [2025-04-30T22:59:37.740+0000] {dagbag.py:538} INFO - Filling up the DagBag from /opt/airflow/dags/exampledag.py
[2025-04-30T22:59:37.763+0000] {processor.py:840} INFO - DAG(s) 'chethan_test_dag' retrieved from /opt/airflow/dags/exampledag.py
[2025-04-30T22:59:37.783+0000] {logging_mixin.py:188} INFO - [2025-04-30T22:59:37.783+0000] {dag.py:3036} INFO - Sync 1 DAGs
[2025-04-30T22:59:37.800+0000] {logging_mixin.py:188} INFO - [2025-04-30T22:59:37.800+0000] {dag.py:3823} INFO - Setting next_dagrun for chethan_test_dag to 2025-04-29 00:00:00+00:00, run_after=2025-04-30 00:00:00+00:00
[2025-04-30T22:59:37.822+0000] {processor.py:183} INFO - Processing /opt/airflow/dags/exampledag.py took 0.086 seconds
[2025-04-30T22:59:48.901+0000] {processor.py:161} INFO - Started process (PID=515) to work on /opt/airflow/dags/exampledag.py
[2025-04-30T22:59:48.904+0000] {processor.py:830} INFO - Processing file /opt/airflow/dags/exampledag.py for tasks to queue
[2025-04-30T22:59:48.907+0000] {logging_mixin.py:188} INFO - [2025-04-30T22:59:48.906+0000] {dagbag.py:538} INFO - Filling up the DagBag from /opt/airflow/dags/exampledag.py
[2025-04-30T22:59:48.943+0000] {processor.py:840} INFO - DAG(s) 'chethan_test_dag' retrieved from /opt/airflow/dags/exampledag.py
[2025-04-30T22:59:48.985+0000] {logging_mixin.py:188} INFO - [2025-04-30T22:59:48.984+0000] {dag.py:3036} INFO - Sync 1 DAGs
[2025-04-30T22:59:49.011+0000] {logging_mixin.py:188} INFO - [2025-04-30T22:59:49.011+0000] {dag.py:3823} INFO - Setting next_dagrun for chethan_test_dag to 2025-04-29 00:00:00+00:00, run_after=2025-04-30 00:00:00+00:00
[2025-04-30T22:59:49.040+0000] {processor.py:183} INFO - Processing /opt/airflow/dags/exampledag.py took 0.144 seconds
[2025-04-30T23:00:07.902+0000] {processor.py:161} INFO - Started process (PID=535) to work on /opt/airflow/dags/exampledag.py
[2025-04-30T23:00:07.903+0000] {processor.py:830} INFO - Processing file /opt/airflow/dags/exampledag.py for tasks to queue
[2025-04-30T23:00:07.904+0000] {logging_mixin.py:188} INFO - [2025-04-30T23:00:07.903+0000] {dagbag.py:538} INFO - Filling up the DagBag from /opt/airflow/dags/exampledag.py
[2025-04-30T23:00:07.928+0000] {processor.py:840} INFO - DAG(s) 'chethan_test_dag' retrieved from /opt/airflow/dags/exampledag.py
[2025-04-30T23:00:07.958+0000] {logging_mixin.py:188} INFO - [2025-04-30T23:00:07.958+0000] {dag.py:3036} INFO - Sync 1 DAGs
[2025-04-30T23:00:07.978+0000] {logging_mixin.py:188} INFO - [2025-04-30T23:00:07.978+0000] {dag.py:3823} INFO - Setting next_dagrun for chethan_test_dag to 2025-04-29 00:00:00+00:00, run_after=2025-04-30 00:00:00+00:00
[2025-04-30T23:00:08.005+0000] {processor.py:183} INFO - Processing /opt/airflow/dags/exampledag.py took 0.107 seconds
[2025-04-30T23:00:19.215+0000] {processor.py:161} INFO - Started process (PID=552) to work on /opt/airflow/dags/exampledag.py
[2025-04-30T23:00:19.216+0000] {processor.py:830} INFO - Processing file /opt/airflow/dags/exampledag.py for tasks to queue
[2025-04-30T23:00:19.218+0000] {logging_mixin.py:188} INFO - [2025-04-30T23:00:19.217+0000] {dagbag.py:538} INFO - Filling up the DagBag from /opt/airflow/dags/exampledag.py
[2025-04-30T23:00:19.244+0000] {processor.py:840} INFO - DAG(s) 'chethan_test_dag' retrieved from /opt/airflow/dags/exampledag.py
[2025-04-30T23:00:19.285+0000] {logging_mixin.py:188} INFO - [2025-04-30T23:00:19.284+0000] {dag.py:3036} INFO - Sync 1 DAGs
[2025-04-30T23:00:19.327+0000] {logging_mixin.py:188} INFO - [2025-04-30T23:00:19.327+0000] {dag.py:3823} INFO - Setting next_dagrun for chethan_test_dag to 2025-04-29 00:00:00+00:00, run_after=2025-04-30 00:00:00+00:00
[2025-04-30T23:00:19.371+0000] {processor.py:183} INFO - Processing /opt/airflow/dags/exampledag.py took 0.158 seconds
[2025-04-30T23:00:38.342+0000] {processor.py:161} INFO - Started process (PID=577) to work on /opt/airflow/dags/exampledag.py
[2025-04-30T23:00:38.343+0000] {processor.py:830} INFO - Processing file /opt/airflow/dags/exampledag.py for tasks to queue
[2025-04-30T23:00:38.344+0000] {logging_mixin.py:188} INFO - [2025-04-30T23:00:38.344+0000] {dagbag.py:538} INFO - Filling up the DagBag from /opt/airflow/dags/exampledag.py
[2025-04-30T23:00:38.393+0000] {processor.py:840} INFO - DAG(s) 'chethan_test_dag' retrieved from /opt/airflow/dags/exampledag.py
[2025-04-30T23:00:38.448+0000] {logging_mixin.py:188} INFO - [2025-04-30T23:00:38.447+0000] {dag.py:3036} INFO - Sync 1 DAGs
[2025-04-30T23:00:38.500+0000] {logging_mixin.py:188} INFO - [2025-04-30T23:00:38.500+0000] {dag.py:3823} INFO - Setting next_dagrun for chethan_test_dag to 2025-04-29 00:00:00+00:00, run_after=2025-04-30 00:00:00+00:00
[2025-04-30T23:00:38.548+0000] {processor.py:183} INFO - Processing /opt/airflow/dags/exampledag.py took 0.209 seconds
[2025-04-30T23:00:50.093+0000] {processor.py:161} INFO - Started process (PID=595) to work on /opt/airflow/dags/exampledag.py
[2025-04-30T23:00:50.094+0000] {processor.py:830} INFO - Processing file /opt/airflow/dags/exampledag.py for tasks to queue
[2025-04-30T23:00:50.096+0000] {logging_mixin.py:188} INFO - [2025-04-30T23:00:50.095+0000] {dagbag.py:538} INFO - Filling up the DagBag from /opt/airflow/dags/exampledag.py
[2025-04-30T23:00:50.129+0000] {processor.py:840} INFO - DAG(s) 'chethan_test_dag' retrieved from /opt/airflow/dags/exampledag.py
[2025-04-30T23:00:50.161+0000] {logging_mixin.py:188} INFO - [2025-04-30T23:00:50.161+0000] {dag.py:3036} INFO - Sync 1 DAGs
[2025-04-30T23:00:50.190+0000] {logging_mixin.py:188} INFO - [2025-04-30T23:00:50.190+0000] {dag.py:3823} INFO - Setting next_dagrun for chethan_test_dag to 2025-04-29 00:00:00+00:00, run_after=2025-04-30 00:00:00+00:00
[2025-04-30T23:00:50.226+0000] {processor.py:183} INFO - Processing /opt/airflow/dags/exampledag.py took 0.137 seconds
[2025-04-30T23:01:09.229+0000] {processor.py:161} INFO - Started process (PID=620) to work on /opt/airflow/dags/exampledag.py
[2025-04-30T23:01:09.230+0000] {processor.py:830} INFO - Processing file /opt/airflow/dags/exampledag.py for tasks to queue
[2025-04-30T23:01:09.231+0000] {logging_mixin.py:188} INFO - [2025-04-30T23:01:09.231+0000] {dagbag.py:538} INFO - Filling up the DagBag from /opt/airflow/dags/exampledag.py
[2025-04-30T23:01:09.258+0000] {processor.py:840} INFO - DAG(s) 'chethan_test_dag' retrieved from /opt/airflow/dags/exampledag.py
[2025-04-30T23:01:09.284+0000] {logging_mixin.py:188} INFO - [2025-04-30T23:01:09.283+0000] {dag.py:3036} INFO - Sync 1 DAGs
[2025-04-30T23:01:09.305+0000] {logging_mixin.py:188} INFO - [2025-04-30T23:01:09.305+0000] {dag.py:3823} INFO - Setting next_dagrun for chethan_test_dag to 2025-04-29 00:00:00+00:00, run_after=2025-04-30 00:00:00+00:00
[2025-04-30T23:01:09.330+0000] {processor.py:183} INFO - Processing /opt/airflow/dags/exampledag.py took 0.103 seconds
[2025-04-30T23:01:20.927+0000] {processor.py:161} INFO - Started process (PID=638) to work on /opt/airflow/dags/exampledag.py
[2025-04-30T23:01:20.928+0000] {processor.py:830} INFO - Processing file /opt/airflow/dags/exampledag.py for tasks to queue
[2025-04-30T23:01:20.929+0000] {logging_mixin.py:188} INFO - [2025-04-30T23:01:20.929+0000] {dagbag.py:538} INFO - Filling up the DagBag from /opt/airflow/dags/exampledag.py
[2025-04-30T23:01:20.963+0000] {processor.py:840} INFO - DAG(s) 'chethan_test_dag' retrieved from /opt/airflow/dags/exampledag.py
[2025-04-30T23:01:21.006+0000] {logging_mixin.py:188} INFO - [2025-04-30T23:01:21.006+0000] {dag.py:3036} INFO - Sync 1 DAGs
[2025-04-30T23:01:21.043+0000] {logging_mixin.py:188} INFO - [2025-04-30T23:01:21.042+0000] {dag.py:3823} INFO - Setting next_dagrun for chethan_test_dag to 2025-04-29 00:00:00+00:00, run_after=2025-04-30 00:00:00+00:00
[2025-04-30T23:01:21.074+0000] {processor.py:183} INFO - Processing /opt/airflow/dags/exampledag.py took 0.152 seconds
[2025-04-30T23:01:39.645+0000] {processor.py:161} INFO - Started process (PID=663) to work on /opt/airflow/dags/exampledag.py
[2025-04-30T23:01:39.646+0000] {processor.py:830} INFO - Processing file /opt/airflow/dags/exampledag.py for tasks to queue
[2025-04-30T23:01:39.647+0000] {logging_mixin.py:188} INFO - [2025-04-30T23:01:39.647+0000] {dagbag.py:538} INFO - Filling up the DagBag from /opt/airflow/dags/exampledag.py
[2025-04-30T23:01:39.680+0000] {processor.py:840} INFO - DAG(s) 'chethan_test_dag' retrieved from /opt/airflow/dags/exampledag.py
[2025-04-30T23:01:39.707+0000] {logging_mixin.py:188} INFO - [2025-04-30T23:01:39.707+0000] {dag.py:3036} INFO - Sync 1 DAGs
[2025-04-30T23:01:39.728+0000] {logging_mixin.py:188} INFO - [2025-04-30T23:01:39.727+0000] {dag.py:3823} INFO - Setting next_dagrun for chethan_test_dag to 2025-04-29 00:00:00+00:00, run_after=2025-04-30 00:00:00+00:00
[2025-04-30T23:01:39.748+0000] {processor.py:183} INFO - Processing /opt/airflow/dags/exampledag.py took 0.105 seconds
[2025-04-30T23:01:51.328+0000] {processor.py:161} INFO - Started process (PID=681) to work on /opt/airflow/dags/exampledag.py
[2025-04-30T23:01:51.330+0000] {processor.py:830} INFO - Processing file /opt/airflow/dags/exampledag.py for tasks to queue
[2025-04-30T23:01:51.331+0000] {logging_mixin.py:188} INFO - [2025-04-30T23:01:51.331+0000] {dagbag.py:538} INFO - Filling up the DagBag from /opt/airflow/dags/exampledag.py
[2025-04-30T23:01:51.360+0000] {processor.py:840} INFO - DAG(s) 'chethan_test_dag' retrieved from /opt/airflow/dags/exampledag.py
[2025-04-30T23:01:51.383+0000] {logging_mixin.py:188} INFO - [2025-04-30T23:01:51.383+0000] {dag.py:3036} INFO - Sync 1 DAGs
[2025-04-30T23:01:51.403+0000] {logging_mixin.py:188} INFO - [2025-04-30T23:01:51.403+0000] {dag.py:3823} INFO - Setting next_dagrun for chethan_test_dag to 2025-04-29 00:00:00+00:00, run_after=2025-04-30 00:00:00+00:00
[2025-04-30T23:01:51.422+0000] {processor.py:183} INFO - Processing /opt/airflow/dags/exampledag.py took 0.097 seconds
[2025-04-30T23:02:09.827+0000] {processor.py:161} INFO - Started process (PID=703) to work on /opt/airflow/dags/exampledag.py
[2025-04-30T23:02:09.828+0000] {processor.py:830} INFO - Processing file /opt/airflow/dags/exampledag.py for tasks to queue
[2025-04-30T23:02:09.829+0000] {logging_mixin.py:188} INFO - [2025-04-30T23:02:09.829+0000] {dagbag.py:538} INFO - Filling up the DagBag from /opt/airflow/dags/exampledag.py
[2025-04-30T23:02:09.848+0000] {processor.py:840} INFO - DAG(s) 'chethan_test_dag' retrieved from /opt/airflow/dags/exampledag.py
[2025-04-30T23:02:09.869+0000] {logging_mixin.py:188} INFO - [2025-04-30T23:02:09.869+0000] {dag.py:3036} INFO - Sync 1 DAGs
[2025-04-30T23:02:09.887+0000] {logging_mixin.py:188} INFO - [2025-04-30T23:02:09.886+0000] {dag.py:3823} INFO - Setting next_dagrun for chethan_test_dag to 2025-04-29 00:00:00+00:00, run_after=2025-04-30 00:00:00+00:00
[2025-04-30T23:02:09.901+0000] {processor.py:183} INFO - Processing /opt/airflow/dags/exampledag.py took 0.076 seconds
[2025-04-30T23:02:21.954+0000] {processor.py:161} INFO - Started process (PID=727) to work on /opt/airflow/dags/exampledag.py
[2025-04-30T23:02:21.957+0000] {processor.py:830} INFO - Processing file /opt/airflow/dags/exampledag.py for tasks to queue
[2025-04-30T23:02:21.958+0000] {logging_mixin.py:188} INFO - [2025-04-30T23:02:21.958+0000] {dagbag.py:538} INFO - Filling up the DagBag from /opt/airflow/dags/exampledag.py
[2025-04-30T23:02:22.005+0000] {processor.py:840} INFO - DAG(s) 'chethan_test_dag' retrieved from /opt/airflow/dags/exampledag.py
[2025-04-30T23:02:22.032+0000] {logging_mixin.py:188} INFO - [2025-04-30T23:02:22.032+0000] {dag.py:3036} INFO - Sync 1 DAGs
[2025-04-30T23:02:22.061+0000] {logging_mixin.py:188} INFO - [2025-04-30T23:02:22.061+0000] {dag.py:3823} INFO - Setting next_dagrun for chethan_test_dag to 2025-04-29 00:00:00+00:00, run_after=2025-04-30 00:00:00+00:00
[2025-04-30T23:02:22.091+0000] {processor.py:183} INFO - Processing /opt/airflow/dags/exampledag.py took 0.139 seconds
[2025-04-30T23:02:40.213+0000] {processor.py:161} INFO - Started process (PID=746) to work on /opt/airflow/dags/exampledag.py
[2025-04-30T23:02:40.214+0000] {processor.py:830} INFO - Processing file /opt/airflow/dags/exampledag.py for tasks to queue
[2025-04-30T23:02:40.215+0000] {logging_mixin.py:188} INFO - [2025-04-30T23:02:40.215+0000] {dagbag.py:538} INFO - Filling up the DagBag from /opt/airflow/dags/exampledag.py
[2025-04-30T23:02:40.236+0000] {processor.py:840} INFO - DAG(s) 'chethan_test_dag' retrieved from /opt/airflow/dags/exampledag.py
[2025-04-30T23:02:40.255+0000] {logging_mixin.py:188} INFO - [2025-04-30T23:02:40.255+0000] {dag.py:3036} INFO - Sync 1 DAGs
[2025-04-30T23:02:40.271+0000] {logging_mixin.py:188} INFO - [2025-04-30T23:02:40.271+0000] {dag.py:3823} INFO - Setting next_dagrun for chethan_test_dag to 2025-04-29 00:00:00+00:00, run_after=2025-04-30 00:00:00+00:00
[2025-04-30T23:02:40.291+0000] {processor.py:183} INFO - Processing /opt/airflow/dags/exampledag.py took 0.081 seconds
[2025-04-30T23:02:52.393+0000] {processor.py:161} INFO - Started process (PID=770) to work on /opt/airflow/dags/exampledag.py
[2025-04-30T23:02:52.394+0000] {processor.py:830} INFO - Processing file /opt/airflow/dags/exampledag.py for tasks to queue
[2025-04-30T23:02:52.395+0000] {logging_mixin.py:188} INFO - [2025-04-30T23:02:52.395+0000] {dagbag.py:538} INFO - Filling up the DagBag from /opt/airflow/dags/exampledag.py
[2025-04-30T23:02:52.419+0000] {processor.py:840} INFO - DAG(s) 'chethan_test_dag' retrieved from /opt/airflow/dags/exampledag.py
[2025-04-30T23:02:52.440+0000] {logging_mixin.py:188} INFO - [2025-04-30T23:02:52.440+0000] {dag.py:3036} INFO - Sync 1 DAGs
[2025-04-30T23:02:52.460+0000] {logging_mixin.py:188} INFO - [2025-04-30T23:02:52.460+0000] {dag.py:3823} INFO - Setting next_dagrun for chethan_test_dag to 2025-04-29 00:00:00+00:00, run_after=2025-04-30 00:00:00+00:00
[2025-04-30T23:02:52.483+0000] {processor.py:183} INFO - Processing /opt/airflow/dags/exampledag.py took 0.092 seconds
[2025-04-30T23:03:10.586+0000] {processor.py:161} INFO - Started process (PID=789) to work on /opt/airflow/dags/exampledag.py
[2025-04-30T23:03:10.588+0000] {processor.py:830} INFO - Processing file /opt/airflow/dags/exampledag.py for tasks to queue
[2025-04-30T23:03:10.591+0000] {logging_mixin.py:188} INFO - [2025-04-30T23:03:10.590+0000] {dagbag.py:538} INFO - Filling up the DagBag from /opt/airflow/dags/exampledag.py
[2025-04-30T23:03:10.620+0000] {processor.py:840} INFO - DAG(s) 'chethan_test_dag' retrieved from /opt/airflow/dags/exampledag.py
[2025-04-30T23:03:10.645+0000] {logging_mixin.py:188} INFO - [2025-04-30T23:03:10.645+0000] {dag.py:3036} INFO - Sync 1 DAGs
[2025-04-30T23:03:10.674+0000] {logging_mixin.py:188} INFO - [2025-04-30T23:03:10.674+0000] {dag.py:3823} INFO - Setting next_dagrun for chethan_test_dag to 2025-04-29 00:00:00+00:00, run_after=2025-04-30 00:00:00+00:00
[2025-04-30T23:03:10.701+0000] {processor.py:183} INFO - Processing /opt/airflow/dags/exampledag.py took 0.118 seconds
[2025-04-30T23:03:22.859+0000] {processor.py:161} INFO - Started process (PID=813) to work on /opt/airflow/dags/exampledag.py
[2025-04-30T23:03:22.860+0000] {processor.py:830} INFO - Processing file /opt/airflow/dags/exampledag.py for tasks to queue
[2025-04-30T23:03:22.861+0000] {logging_mixin.py:188} INFO - [2025-04-30T23:03:22.861+0000] {dagbag.py:538} INFO - Filling up the DagBag from /opt/airflow/dags/exampledag.py
[2025-04-30T23:03:22.890+0000] {processor.py:840} INFO - DAG(s) 'chethan_test_dag' retrieved from /opt/airflow/dags/exampledag.py
[2025-04-30T23:03:22.915+0000] {logging_mixin.py:188} INFO - [2025-04-30T23:03:22.915+0000] {dag.py:3036} INFO - Sync 1 DAGs
[2025-04-30T23:03:22.935+0000] {logging_mixin.py:188} INFO - [2025-04-30T23:03:22.935+0000] {dag.py:3823} INFO - Setting next_dagrun for chethan_test_dag to 2025-04-29 00:00:00+00:00, run_after=2025-04-30 00:00:00+00:00
[2025-04-30T23:03:22.954+0000] {processor.py:183} INFO - Processing /opt/airflow/dags/exampledag.py took 0.097 seconds
[2025-04-30T23:03:41.086+0000] {processor.py:161} INFO - Started process (PID=832) to work on /opt/airflow/dags/exampledag.py
[2025-04-30T23:03:41.087+0000] {processor.py:830} INFO - Processing file /opt/airflow/dags/exampledag.py for tasks to queue
[2025-04-30T23:03:41.089+0000] {logging_mixin.py:188} INFO - [2025-04-30T23:03:41.088+0000] {dagbag.py:538} INFO - Filling up the DagBag from /opt/airflow/dags/exampledag.py
[2025-04-30T23:03:41.132+0000] {processor.py:840} INFO - DAG(s) 'chethan_test_dag' retrieved from /opt/airflow/dags/exampledag.py
[2025-04-30T23:03:41.159+0000] {logging_mixin.py:188} INFO - [2025-04-30T23:03:41.159+0000] {dag.py:3036} INFO - Sync 1 DAGs
[2025-04-30T23:03:41.184+0000] {logging_mixin.py:188} INFO - [2025-04-30T23:03:41.184+0000] {dag.py:3823} INFO - Setting next_dagrun for chethan_test_dag to 2025-04-29 00:00:00+00:00, run_after=2025-04-30 00:00:00+00:00
[2025-04-30T23:03:41.208+0000] {processor.py:183} INFO - Processing /opt/airflow/dags/exampledag.py took 0.124 seconds
[2025-04-30T23:03:53.414+0000] {processor.py:161} INFO - Started process (PID=856) to work on /opt/airflow/dags/exampledag.py
[2025-04-30T23:03:53.415+0000] {processor.py:830} INFO - Processing file /opt/airflow/dags/exampledag.py for tasks to queue
[2025-04-30T23:03:53.417+0000] {logging_mixin.py:188} INFO - [2025-04-30T23:03:53.416+0000] {dagbag.py:538} INFO - Filling up the DagBag from /opt/airflow/dags/exampledag.py
[2025-04-30T23:03:53.442+0000] {processor.py:840} INFO - DAG(s) 'chethan_test_dag' retrieved from /opt/airflow/dags/exampledag.py
[2025-04-30T23:03:53.470+0000] {logging_mixin.py:188} INFO - [2025-04-30T23:03:53.470+0000] {dag.py:3036} INFO - Sync 1 DAGs
[2025-04-30T23:03:53.490+0000] {logging_mixin.py:188} INFO - [2025-04-30T23:03:53.490+0000] {dag.py:3823} INFO - Setting next_dagrun for chethan_test_dag to 2025-04-29 00:00:00+00:00, run_after=2025-04-30 00:00:00+00:00
[2025-04-30T23:03:53.511+0000] {processor.py:183} INFO - Processing /opt/airflow/dags/exampledag.py took 0.100 seconds
[2025-04-30T23:04:11.558+0000] {processor.py:161} INFO - Started process (PID=875) to work on /opt/airflow/dags/exampledag.py
[2025-04-30T23:04:11.560+0000] {processor.py:830} INFO - Processing file /opt/airflow/dags/exampledag.py for tasks to queue
[2025-04-30T23:04:11.561+0000] {logging_mixin.py:188} INFO - [2025-04-30T23:04:11.561+0000] {dagbag.py:538} INFO - Filling up the DagBag from /opt/airflow/dags/exampledag.py
[2025-04-30T23:04:11.595+0000] {processor.py:840} INFO - DAG(s) 'chethan_test_dag' retrieved from /opt/airflow/dags/exampledag.py
[2025-04-30T23:04:11.626+0000] {logging_mixin.py:188} INFO - [2025-04-30T23:04:11.626+0000] {dag.py:3036} INFO - Sync 1 DAGs
[2025-04-30T23:04:11.655+0000] {logging_mixin.py:188} INFO - [2025-04-30T23:04:11.654+0000] {dag.py:3823} INFO - Setting next_dagrun for chethan_test_dag to 2025-04-29 00:00:00+00:00, run_after=2025-04-30 00:00:00+00:00
[2025-04-30T23:04:11.678+0000] {processor.py:183} INFO - Processing /opt/airflow/dags/exampledag.py took 0.127 seconds
[2025-04-30T23:04:23.863+0000] {processor.py:161} INFO - Started process (PID=899) to work on /opt/airflow/dags/exampledag.py
[2025-04-30T23:04:23.865+0000] {processor.py:830} INFO - Processing file /opt/airflow/dags/exampledag.py for tasks to queue
[2025-04-30T23:04:23.866+0000] {logging_mixin.py:188} INFO - [2025-04-30T23:04:23.866+0000] {dagbag.py:538} INFO - Filling up the DagBag from /opt/airflow/dags/exampledag.py
[2025-04-30T23:04:23.896+0000] {processor.py:840} INFO - DAG(s) 'chethan_test_dag' retrieved from /opt/airflow/dags/exampledag.py
[2025-04-30T23:04:23.933+0000] {logging_mixin.py:188} INFO - [2025-04-30T23:04:23.932+0000] {dag.py:3036} INFO - Sync 1 DAGs
[2025-04-30T23:04:23.962+0000] {logging_mixin.py:188} INFO - [2025-04-30T23:04:23.961+0000] {dag.py:3823} INFO - Setting next_dagrun for chethan_test_dag to 2025-04-29 00:00:00+00:00, run_after=2025-04-30 00:00:00+00:00
[2025-04-30T23:04:23.992+0000] {processor.py:183} INFO - Processing /opt/airflow/dags/exampledag.py took 0.134 seconds
[2025-04-30T23:04:41.967+0000] {processor.py:161} INFO - Started process (PID=918) to work on /opt/airflow/dags/exampledag.py
[2025-04-30T23:04:41.969+0000] {processor.py:830} INFO - Processing file /opt/airflow/dags/exampledag.py for tasks to queue
[2025-04-30T23:04:41.970+0000] {logging_mixin.py:188} INFO - [2025-04-30T23:04:41.970+0000] {dagbag.py:538} INFO - Filling up the DagBag from /opt/airflow/dags/exampledag.py
[2025-04-30T23:04:41.994+0000] {processor.py:840} INFO - DAG(s) 'chethan_test_dag' retrieved from /opt/airflow/dags/exampledag.py
[2025-04-30T23:04:42.019+0000] {logging_mixin.py:188} INFO - [2025-04-30T23:04:42.018+0000] {dag.py:3036} INFO - Sync 1 DAGs
[2025-04-30T23:04:42.042+0000] {logging_mixin.py:188} INFO - [2025-04-30T23:04:42.042+0000] {dag.py:3823} INFO - Setting next_dagrun for chethan_test_dag to 2025-04-29 00:00:00+00:00, run_after=2025-04-30 00:00:00+00:00
[2025-04-30T23:04:42.070+0000] {processor.py:183} INFO - Processing /opt/airflow/dags/exampledag.py took 0.106 seconds
[2025-04-30T23:04:54.623+0000] {processor.py:161} INFO - Started process (PID=942) to work on /opt/airflow/dags/exampledag.py
[2025-04-30T23:04:54.624+0000] {processor.py:830} INFO - Processing file /opt/airflow/dags/exampledag.py for tasks to queue
[2025-04-30T23:04:54.625+0000] {logging_mixin.py:188} INFO - [2025-04-30T23:04:54.624+0000] {dagbag.py:538} INFO - Filling up the DagBag from /opt/airflow/dags/exampledag.py
[2025-04-30T23:04:54.644+0000] {processor.py:840} INFO - DAG(s) 'chethan_test_dag' retrieved from /opt/airflow/dags/exampledag.py
[2025-04-30T23:04:54.667+0000] {logging_mixin.py:188} INFO - [2025-04-30T23:04:54.667+0000] {dag.py:3036} INFO - Sync 1 DAGs
[2025-04-30T23:04:54.688+0000] {logging_mixin.py:188} INFO - [2025-04-30T23:04:54.688+0000] {dag.py:3823} INFO - Setting next_dagrun for chethan_test_dag to 2025-04-29 00:00:00+00:00, run_after=2025-04-30 00:00:00+00:00
[2025-04-30T23:04:54.716+0000] {processor.py:183} INFO - Processing /opt/airflow/dags/exampledag.py took 0.097 seconds
[2025-04-30T23:05:12.293+0000] {processor.py:161} INFO - Started process (PID=961) to work on /opt/airflow/dags/exampledag.py
[2025-04-30T23:05:12.296+0000] {processor.py:830} INFO - Processing file /opt/airflow/dags/exampledag.py for tasks to queue
[2025-04-30T23:05:12.299+0000] {logging_mixin.py:188} INFO - [2025-04-30T23:05:12.298+0000] {dagbag.py:538} INFO - Filling up the DagBag from /opt/airflow/dags/exampledag.py
[2025-04-30T23:05:12.383+0000] {processor.py:840} INFO - DAG(s) 'chethan_test_dag' retrieved from /opt/airflow/dags/exampledag.py
[2025-04-30T23:05:12.492+0000] {logging_mixin.py:188} INFO - [2025-04-30T23:05:12.492+0000] {dag.py:3036} INFO - Sync 1 DAGs
[2025-04-30T23:05:12.557+0000] {logging_mixin.py:188} INFO - [2025-04-30T23:05:12.556+0000] {dag.py:3823} INFO - Setting next_dagrun for chethan_test_dag to 2025-04-29 00:00:00+00:00, run_after=2025-04-30 00:00:00+00:00
[2025-04-30T23:05:12.603+0000] {processor.py:183} INFO - Processing /opt/airflow/dags/exampledag.py took 0.315 seconds
