[2025-04-30T22:55:58.013+0000] {processor.py:161} INFO - Started process (PID=177) to work on /opt/airflow/dags/from airflow import DAG.py
[2025-04-30T22:55:58.015+0000] {processor.py:830} INFO - Processing file /opt/airflow/dags/from airflow import DAG.py for tasks to queue
[2025-04-30T22:55:58.018+0000] {logging_mixin.py:188} INFO - [2025-04-30T22:55:58.017+0000] {dagbag.py:538} INFO - Filling up the DagBag from /opt/airflow/dags/from airflow import DAG.py
[2025-04-30T22:55:58.115+0000] {processor.py:840} INFO - DAG(s) 'kafka_producer_dag' retrieved from /opt/airflow/dags/from airflow import DAG.py
[2025-04-30T22:55:58.138+0000] {logging_mixin.py:188} INFO - [2025-04-30T22:55:58.137+0000] {dag.py:3036} INFO - Sync 1 DAGs
[2025-04-30T22:55:58.178+0000] {logging_mixin.py:188} INFO - [2025-04-30T22:55:58.178+0000] {dag.py:3823} INFO - Setting next_dagrun for kafka_producer_dag to 2024-01-01 00:00:00+00:00, run_after=2024-01-01 00:00:00+00:00
[2025-04-30T22:55:58.223+0000] {processor.py:183} INFO - Processing /opt/airflow/dags/from airflow import DAG.py took 0.217 seconds
[2025-04-30T22:56:11.381+0000] {processor.py:161} INFO - Started process (PID=195) to work on /opt/airflow/dags/from airflow import DAG.py
[2025-04-30T22:56:11.384+0000] {processor.py:830} INFO - Processing file /opt/airflow/dags/from airflow import DAG.py for tasks to queue
[2025-04-30T22:56:11.387+0000] {logging_mixin.py:188} INFO - [2025-04-30T22:56:11.386+0000] {dagbag.py:538} INFO - Filling up the DagBag from /opt/airflow/dags/from airflow import DAG.py
[2025-04-30T22:56:11.562+0000] {processor.py:840} INFO - DAG(s) 'kafka_producer_dag' retrieved from /opt/airflow/dags/from airflow import DAG.py
[2025-04-30T22:56:11.611+0000] {logging_mixin.py:188} INFO - [2025-04-30T22:56:11.607+0000] {dag.py:3036} INFO - Sync 1 DAGs
[2025-04-30T22:56:11.667+0000] {logging_mixin.py:188} INFO - [2025-04-30T22:56:11.667+0000] {dag.py:3823} INFO - Setting next_dagrun for kafka_producer_dag to 2024-01-01 00:00:00+00:00, run_after=2024-01-01 00:00:00+00:00
[2025-04-30T22:56:11.728+0000] {processor.py:183} INFO - Processing /opt/airflow/dags/from airflow import DAG.py took 0.363 seconds
[2025-04-30T22:56:28.741+0000] {processor.py:161} INFO - Started process (PID=220) to work on /opt/airflow/dags/from airflow import DAG.py
[2025-04-30T22:56:28.743+0000] {processor.py:830} INFO - Processing file /opt/airflow/dags/from airflow import DAG.py for tasks to queue
[2025-04-30T22:56:28.745+0000] {logging_mixin.py:188} INFO - [2025-04-30T22:56:28.745+0000] {dagbag.py:538} INFO - Filling up the DagBag from /opt/airflow/dags/from airflow import DAG.py
[2025-04-30T22:56:28.855+0000] {processor.py:840} INFO - DAG(s) 'kafka_producer_dag' retrieved from /opt/airflow/dags/from airflow import DAG.py
[2025-04-30T22:56:29.034+0000] {logging_mixin.py:188} INFO - [2025-04-30T22:56:29.034+0000] {dag.py:3036} INFO - Sync 1 DAGs
[2025-04-30T22:56:29.071+0000] {logging_mixin.py:188} INFO - [2025-04-30T22:56:29.070+0000] {dag.py:3823} INFO - Setting next_dagrun for kafka_producer_dag to 2024-01-01 00:00:00+00:00, run_after=2024-01-01 00:00:00+00:00
[2025-04-30T22:56:29.109+0000] {processor.py:183} INFO - Processing /opt/airflow/dags/from airflow import DAG.py took 0.372 seconds
[2025-04-30T22:56:42.106+0000] {processor.py:161} INFO - Started process (PID=238) to work on /opt/airflow/dags/from airflow import DAG.py
[2025-04-30T22:56:42.107+0000] {processor.py:830} INFO - Processing file /opt/airflow/dags/from airflow import DAG.py for tasks to queue
[2025-04-30T22:56:42.108+0000] {logging_mixin.py:188} INFO - [2025-04-30T22:56:42.108+0000] {dagbag.py:538} INFO - Filling up the DagBag from /opt/airflow/dags/from airflow import DAG.py
[2025-04-30T22:56:42.190+0000] {processor.py:840} INFO - DAG(s) 'kafka_producer_dag' retrieved from /opt/airflow/dags/from airflow import DAG.py
[2025-04-30T22:56:42.203+0000] {logging_mixin.py:188} INFO - [2025-04-30T22:56:42.203+0000] {dag.py:3036} INFO - Sync 1 DAGs
[2025-04-30T22:56:42.223+0000] {logging_mixin.py:188} INFO - [2025-04-30T22:56:42.223+0000] {dag.py:3823} INFO - Setting next_dagrun for kafka_producer_dag to 2024-01-01 00:00:00+00:00, run_after=2024-01-01 00:00:00+00:00
[2025-04-30T22:56:42.241+0000] {processor.py:183} INFO - Processing /opt/airflow/dags/from airflow import DAG.py took 0.138 seconds
[2025-04-30T22:57:00.061+0000] {processor.py:161} INFO - Started process (PID=268) to work on /opt/airflow/dags/from airflow import DAG.py
[2025-04-30T22:57:00.064+0000] {processor.py:830} INFO - Processing file /opt/airflow/dags/from airflow import DAG.py for tasks to queue
[2025-04-30T22:57:00.068+0000] {logging_mixin.py:188} INFO - [2025-04-30T22:57:00.066+0000] {dagbag.py:538} INFO - Filling up the DagBag from /opt/airflow/dags/from airflow import DAG.py
[2025-04-30T22:57:00.175+0000] {processor.py:840} INFO - DAG(s) 'kafka_producer_dag' retrieved from /opt/airflow/dags/from airflow import DAG.py
[2025-04-30T22:57:00.196+0000] {logging_mixin.py:188} INFO - [2025-04-30T22:57:00.196+0000] {dag.py:3036} INFO - Sync 1 DAGs
[2025-04-30T22:57:00.216+0000] {logging_mixin.py:188} INFO - [2025-04-30T22:57:00.216+0000] {dag.py:3823} INFO - Setting next_dagrun for kafka_producer_dag to 2024-01-01 00:00:00+00:00, run_after=2024-01-01 00:00:00+00:00
[2025-04-30T22:57:00.237+0000] {processor.py:183} INFO - Processing /opt/airflow/dags/from airflow import DAG.py took 0.186 seconds
[2025-04-30T22:57:12.785+0000] {processor.py:161} INFO - Started process (PID=279) to work on /opt/airflow/dags/from airflow import DAG.py
[2025-04-30T22:57:12.787+0000] {processor.py:830} INFO - Processing file /opt/airflow/dags/from airflow import DAG.py for tasks to queue
[2025-04-30T22:57:12.788+0000] {logging_mixin.py:188} INFO - [2025-04-30T22:57:12.788+0000] {dagbag.py:538} INFO - Filling up the DagBag from /opt/airflow/dags/from airflow import DAG.py
[2025-04-30T22:57:12.844+0000] {processor.py:840} INFO - DAG(s) 'kafka_producer_dag' retrieved from /opt/airflow/dags/from airflow import DAG.py
[2025-04-30T22:57:12.864+0000] {logging_mixin.py:188} INFO - [2025-04-30T22:57:12.864+0000] {dag.py:3036} INFO - Sync 1 DAGs
[2025-04-30T22:57:12.885+0000] {logging_mixin.py:188} INFO - [2025-04-30T22:57:12.885+0000] {dag.py:3823} INFO - Setting next_dagrun for kafka_producer_dag to 2024-01-01 00:00:00+00:00, run_after=2024-01-01 00:00:00+00:00
[2025-04-30T22:57:12.906+0000] {processor.py:183} INFO - Processing /opt/airflow/dags/from airflow import DAG.py took 0.124 seconds
[2025-04-30T22:57:30.600+0000] {processor.py:161} INFO - Started process (PID=311) to work on /opt/airflow/dags/from airflow import DAG.py
[2025-04-30T22:57:30.601+0000] {processor.py:830} INFO - Processing file /opt/airflow/dags/from airflow import DAG.py for tasks to queue
[2025-04-30T22:57:30.602+0000] {logging_mixin.py:188} INFO - [2025-04-30T22:57:30.602+0000] {dagbag.py:538} INFO - Filling up the DagBag from /opt/airflow/dags/from airflow import DAG.py
[2025-04-30T22:57:30.662+0000] {processor.py:840} INFO - DAG(s) 'kafka_producer_dag' retrieved from /opt/airflow/dags/from airflow import DAG.py
[2025-04-30T22:57:30.673+0000] {logging_mixin.py:188} INFO - [2025-04-30T22:57:30.673+0000] {dag.py:3036} INFO - Sync 1 DAGs
[2025-04-30T22:57:30.692+0000] {logging_mixin.py:188} INFO - [2025-04-30T22:57:30.692+0000] {dag.py:3823} INFO - Setting next_dagrun for kafka_producer_dag to 2024-01-01 00:00:00+00:00, run_after=2024-01-01 00:00:00+00:00
[2025-04-30T22:57:30.721+0000] {processor.py:183} INFO - Processing /opt/airflow/dags/from airflow import DAG.py took 0.124 seconds
[2025-04-30T22:57:43.206+0000] {processor.py:161} INFO - Started process (PID=322) to work on /opt/airflow/dags/from airflow import DAG.py
[2025-04-30T22:57:43.208+0000] {processor.py:830} INFO - Processing file /opt/airflow/dags/from airflow import DAG.py for tasks to queue
[2025-04-30T22:57:43.209+0000] {logging_mixin.py:188} INFO - [2025-04-30T22:57:43.209+0000] {dagbag.py:538} INFO - Filling up the DagBag from /opt/airflow/dags/from airflow import DAG.py
[2025-04-30T22:57:43.269+0000] {processor.py:840} INFO - DAG(s) 'kafka_producer_dag' retrieved from /opt/airflow/dags/from airflow import DAG.py
[2025-04-30T22:57:43.369+0000] {logging_mixin.py:188} INFO - [2025-04-30T22:57:43.369+0000] {dag.py:3036} INFO - Sync 1 DAGs
[2025-04-30T22:57:43.387+0000] {logging_mixin.py:188} INFO - [2025-04-30T22:57:43.387+0000] {dag.py:3823} INFO - Setting next_dagrun for kafka_producer_dag to 2024-01-01 00:00:00+00:00, run_after=2024-01-01 00:00:00+00:00
[2025-04-30T22:57:43.413+0000] {processor.py:183} INFO - Processing /opt/airflow/dags/from airflow import DAG.py took 0.211 seconds
[2025-04-30T22:58:01.649+0000] {processor.py:161} INFO - Started process (PID=354) to work on /opt/airflow/dags/from airflow import DAG.py
[2025-04-30T22:58:01.651+0000] {processor.py:830} INFO - Processing file /opt/airflow/dags/from airflow import DAG.py for tasks to queue
[2025-04-30T22:58:01.653+0000] {logging_mixin.py:188} INFO - [2025-04-30T22:58:01.652+0000] {dagbag.py:538} INFO - Filling up the DagBag from /opt/airflow/dags/from airflow import DAG.py
[2025-04-30T22:58:01.737+0000] {processor.py:840} INFO - DAG(s) 'kafka_producer_dag' retrieved from /opt/airflow/dags/from airflow import DAG.py
[2025-04-30T22:58:01.755+0000] {logging_mixin.py:188} INFO - [2025-04-30T22:58:01.754+0000] {dag.py:3036} INFO - Sync 1 DAGs
[2025-04-30T22:58:01.780+0000] {logging_mixin.py:188} INFO - [2025-04-30T22:58:01.779+0000] {dag.py:3823} INFO - Setting next_dagrun for kafka_producer_dag to 2024-01-01 00:00:00+00:00, run_after=2024-01-01 00:00:00+00:00
[2025-04-30T22:58:01.810+0000] {processor.py:183} INFO - Processing /opt/airflow/dags/from airflow import DAG.py took 0.164 seconds
[2025-04-30T22:58:13.910+0000] {processor.py:161} INFO - Started process (PID=365) to work on /opt/airflow/dags/from airflow import DAG.py
[2025-04-30T22:58:13.912+0000] {processor.py:830} INFO - Processing file /opt/airflow/dags/from airflow import DAG.py for tasks to queue
[2025-04-30T22:58:13.913+0000] {logging_mixin.py:188} INFO - [2025-04-30T22:58:13.913+0000] {dagbag.py:538} INFO - Filling up the DagBag from /opt/airflow/dags/from airflow import DAG.py
[2025-04-30T22:58:14.018+0000] {processor.py:840} INFO - DAG(s) 'kafka_producer_dag' retrieved from /opt/airflow/dags/from airflow import DAG.py
[2025-04-30T22:58:14.038+0000] {logging_mixin.py:188} INFO - [2025-04-30T22:58:14.038+0000] {dag.py:3036} INFO - Sync 1 DAGs
[2025-04-30T22:58:14.068+0000] {logging_mixin.py:188} INFO - [2025-04-30T22:58:14.067+0000] {dag.py:3823} INFO - Setting next_dagrun for kafka_producer_dag to 2024-01-01 00:00:00+00:00, run_after=2024-01-01 00:00:00+00:00
[2025-04-30T22:58:14.121+0000] {processor.py:183} INFO - Processing /opt/airflow/dags/from airflow import DAG.py took 0.218 seconds
[2025-04-30T22:58:32.078+0000] {processor.py:161} INFO - Started process (PID=397) to work on /opt/airflow/dags/from airflow import DAG.py
[2025-04-30T22:58:32.080+0000] {processor.py:830} INFO - Processing file /opt/airflow/dags/from airflow import DAG.py for tasks to queue
[2025-04-30T22:58:32.081+0000] {logging_mixin.py:188} INFO - [2025-04-30T22:58:32.081+0000] {dagbag.py:538} INFO - Filling up the DagBag from /opt/airflow/dags/from airflow import DAG.py
[2025-04-30T22:58:32.152+0000] {processor.py:840} INFO - DAG(s) 'kafka_producer_dag' retrieved from /opt/airflow/dags/from airflow import DAG.py
[2025-04-30T22:58:32.169+0000] {logging_mixin.py:188} INFO - [2025-04-30T22:58:32.169+0000] {dag.py:3036} INFO - Sync 1 DAGs
[2025-04-30T22:58:32.191+0000] {logging_mixin.py:188} INFO - [2025-04-30T22:58:32.191+0000] {dag.py:3823} INFO - Setting next_dagrun for kafka_producer_dag to 2024-01-01 00:00:00+00:00, run_after=2024-01-01 00:00:00+00:00
[2025-04-30T22:58:32.213+0000] {processor.py:183} INFO - Processing /opt/airflow/dags/from airflow import DAG.py took 0.138 seconds
[2025-04-30T22:58:44.648+0000] {processor.py:161} INFO - Started process (PID=408) to work on /opt/airflow/dags/from airflow import DAG.py
[2025-04-30T22:58:44.650+0000] {processor.py:830} INFO - Processing file /opt/airflow/dags/from airflow import DAG.py for tasks to queue
[2025-04-30T22:58:44.653+0000] {logging_mixin.py:188} INFO - [2025-04-30T22:58:44.652+0000] {dagbag.py:538} INFO - Filling up the DagBag from /opt/airflow/dags/from airflow import DAG.py
[2025-04-30T22:58:44.768+0000] {processor.py:840} INFO - DAG(s) 'kafka_producer_dag' retrieved from /opt/airflow/dags/from airflow import DAG.py
[2025-04-30T22:58:44.915+0000] {logging_mixin.py:188} INFO - [2025-04-30T22:58:44.915+0000] {dag.py:3036} INFO - Sync 1 DAGs
[2025-04-30T22:58:44.941+0000] {logging_mixin.py:188} INFO - [2025-04-30T22:58:44.941+0000] {dag.py:3823} INFO - Setting next_dagrun for kafka_producer_dag to 2024-01-01 00:00:00+00:00, run_after=2024-01-01 00:00:00+00:00
[2025-04-30T22:58:44.974+0000] {processor.py:183} INFO - Processing /opt/airflow/dags/from airflow import DAG.py took 0.333 seconds
[2025-04-30T22:59:02.807+0000] {processor.py:161} INFO - Started process (PID=440) to work on /opt/airflow/dags/from airflow import DAG.py
[2025-04-30T22:59:02.808+0000] {processor.py:830} INFO - Processing file /opt/airflow/dags/from airflow import DAG.py for tasks to queue
[2025-04-30T22:59:02.810+0000] {logging_mixin.py:188} INFO - [2025-04-30T22:59:02.810+0000] {dagbag.py:538} INFO - Filling up the DagBag from /opt/airflow/dags/from airflow import DAG.py
[2025-04-30T22:59:02.865+0000] {processor.py:840} INFO - DAG(s) 'kafka_producer_dag' retrieved from /opt/airflow/dags/from airflow import DAG.py
[2025-04-30T22:59:02.874+0000] {logging_mixin.py:188} INFO - [2025-04-30T22:59:02.874+0000] {dag.py:3036} INFO - Sync 1 DAGs
[2025-04-30T22:59:02.891+0000] {logging_mixin.py:188} INFO - [2025-04-30T22:59:02.891+0000] {dag.py:3823} INFO - Setting next_dagrun for kafka_producer_dag to 2024-01-01 00:00:00+00:00, run_after=2024-01-01 00:00:00+00:00
[2025-04-30T22:59:02.910+0000] {processor.py:183} INFO - Processing /opt/airflow/dags/from airflow import DAG.py took 0.106 seconds
[2025-04-30T22:59:15.037+0000] {processor.py:161} INFO - Started process (PID=458) to work on /opt/airflow/dags/from airflow import DAG.py
[2025-04-30T22:59:15.038+0000] {processor.py:830} INFO - Processing file /opt/airflow/dags/from airflow import DAG.py for tasks to queue
[2025-04-30T22:59:15.039+0000] {logging_mixin.py:188} INFO - [2025-04-30T22:59:15.039+0000] {dagbag.py:538} INFO - Filling up the DagBag from /opt/airflow/dags/from airflow import DAG.py
[2025-04-30T22:59:15.087+0000] {processor.py:840} INFO - DAG(s) 'kafka_producer_dag' retrieved from /opt/airflow/dags/from airflow import DAG.py
[2025-04-30T22:59:15.096+0000] {logging_mixin.py:188} INFO - [2025-04-30T22:59:15.096+0000] {dag.py:3036} INFO - Sync 1 DAGs
[2025-04-30T22:59:15.112+0000] {logging_mixin.py:188} INFO - [2025-04-30T22:59:15.112+0000] {dag.py:3823} INFO - Setting next_dagrun for kafka_producer_dag to 2024-01-01 00:00:00+00:00, run_after=2024-01-01 00:00:00+00:00
[2025-04-30T22:59:15.130+0000] {processor.py:183} INFO - Processing /opt/airflow/dags/from airflow import DAG.py took 0.096 seconds
[2025-04-30T22:59:33.146+0000] {processor.py:161} INFO - Started process (PID=483) to work on /opt/airflow/dags/from airflow import DAG.py
[2025-04-30T22:59:33.147+0000] {processor.py:830} INFO - Processing file /opt/airflow/dags/from airflow import DAG.py for tasks to queue
[2025-04-30T22:59:33.148+0000] {logging_mixin.py:188} INFO - [2025-04-30T22:59:33.148+0000] {dagbag.py:538} INFO - Filling up the DagBag from /opt/airflow/dags/from airflow import DAG.py
[2025-04-30T22:59:33.213+0000] {processor.py:840} INFO - DAG(s) 'kafka_producer_dag' retrieved from /opt/airflow/dags/from airflow import DAG.py
[2025-04-30T22:59:33.224+0000] {logging_mixin.py:188} INFO - [2025-04-30T22:59:33.224+0000] {dag.py:3036} INFO - Sync 1 DAGs
[2025-04-30T22:59:33.241+0000] {logging_mixin.py:188} INFO - [2025-04-30T22:59:33.241+0000] {dag.py:3823} INFO - Setting next_dagrun for kafka_producer_dag to 2024-01-01 00:00:00+00:00, run_after=2024-01-01 00:00:00+00:00
[2025-04-30T22:59:33.258+0000] {processor.py:183} INFO - Processing /opt/airflow/dags/from airflow import DAG.py took 0.114 seconds
[2025-04-30T22:59:45.223+0000] {processor.py:161} INFO - Started process (PID=499) to work on /opt/airflow/dags/from airflow import DAG.py
[2025-04-30T22:59:45.224+0000] {processor.py:830} INFO - Processing file /opt/airflow/dags/from airflow import DAG.py for tasks to queue
[2025-04-30T22:59:45.226+0000] {logging_mixin.py:188} INFO - [2025-04-30T22:59:45.225+0000] {dagbag.py:538} INFO - Filling up the DagBag from /opt/airflow/dags/from airflow import DAG.py
[2025-04-30T22:59:45.283+0000] {processor.py:840} INFO - DAG(s) 'kafka_producer_dag' retrieved from /opt/airflow/dags/from airflow import DAG.py
[2025-04-30T22:59:45.361+0000] {logging_mixin.py:188} INFO - [2025-04-30T22:59:45.361+0000] {dag.py:3036} INFO - Sync 1 DAGs
[2025-04-30T22:59:45.375+0000] {logging_mixin.py:188} INFO - [2025-04-30T22:59:45.375+0000] {dag.py:3823} INFO - Setting next_dagrun for kafka_producer_dag to 2024-01-01 00:00:00+00:00, run_after=2024-01-01 00:00:00+00:00
[2025-04-30T22:59:45.394+0000] {processor.py:183} INFO - Processing /opt/airflow/dags/from airflow import DAG.py took 0.173 seconds
[2025-04-30T23:00:03.649+0000] {processor.py:161} INFO - Started process (PID=526) to work on /opt/airflow/dags/from airflow import DAG.py
[2025-04-30T23:00:03.652+0000] {processor.py:830} INFO - Processing file /opt/airflow/dags/from airflow import DAG.py for tasks to queue
[2025-04-30T23:00:03.654+0000] {logging_mixin.py:188} INFO - [2025-04-30T23:00:03.654+0000] {dagbag.py:538} INFO - Filling up the DagBag from /opt/airflow/dags/from airflow import DAG.py
[2025-04-30T23:00:03.726+0000] {processor.py:840} INFO - DAG(s) 'kafka_producer_dag' retrieved from /opt/airflow/dags/from airflow import DAG.py
[2025-04-30T23:00:03.740+0000] {logging_mixin.py:188} INFO - [2025-04-30T23:00:03.739+0000] {dag.py:3036} INFO - Sync 1 DAGs
[2025-04-30T23:00:03.761+0000] {logging_mixin.py:188} INFO - [2025-04-30T23:00:03.761+0000] {dag.py:3823} INFO - Setting next_dagrun for kafka_producer_dag to 2024-01-01 00:00:00+00:00, run_after=2024-01-01 00:00:00+00:00
[2025-04-30T23:00:03.792+0000] {processor.py:183} INFO - Processing /opt/airflow/dags/from airflow import DAG.py took 0.150 seconds
[2025-04-30T23:00:15.980+0000] {processor.py:161} INFO - Started process (PID=537) to work on /opt/airflow/dags/from airflow import DAG.py
[2025-04-30T23:00:15.982+0000] {processor.py:830} INFO - Processing file /opt/airflow/dags/from airflow import DAG.py for tasks to queue
[2025-04-30T23:00:15.984+0000] {logging_mixin.py:188} INFO - [2025-04-30T23:00:15.983+0000] {dagbag.py:538} INFO - Filling up the DagBag from /opt/airflow/dags/from airflow import DAG.py
[2025-04-30T23:00:16.062+0000] {processor.py:840} INFO - DAG(s) 'kafka_producer_dag' retrieved from /opt/airflow/dags/from airflow import DAG.py
[2025-04-30T23:00:16.077+0000] {logging_mixin.py:188} INFO - [2025-04-30T23:00:16.076+0000] {dag.py:3036} INFO - Sync 1 DAGs
[2025-04-30T23:00:16.102+0000] {logging_mixin.py:188} INFO - [2025-04-30T23:00:16.102+0000] {dag.py:3823} INFO - Setting next_dagrun for kafka_producer_dag to 2024-01-01 00:00:00+00:00, run_after=2024-01-01 00:00:00+00:00
[2025-04-30T23:00:16.133+0000] {processor.py:183} INFO - Processing /opt/airflow/dags/from airflow import DAG.py took 0.156 seconds
[2025-04-30T23:00:34.141+0000] {processor.py:161} INFO - Started process (PID=569) to work on /opt/airflow/dags/from airflow import DAG.py
[2025-04-30T23:00:34.143+0000] {processor.py:830} INFO - Processing file /opt/airflow/dags/from airflow import DAG.py for tasks to queue
[2025-04-30T23:00:34.145+0000] {logging_mixin.py:188} INFO - [2025-04-30T23:00:34.144+0000] {dagbag.py:538} INFO - Filling up the DagBag from /opt/airflow/dags/from airflow import DAG.py
[2025-04-30T23:00:34.227+0000] {processor.py:840} INFO - DAG(s) 'kafka_producer_dag' retrieved from /opt/airflow/dags/from airflow import DAG.py
[2025-04-30T23:00:34.241+0000] {logging_mixin.py:188} INFO - [2025-04-30T23:00:34.241+0000] {dag.py:3036} INFO - Sync 1 DAGs
[2025-04-30T23:00:34.266+0000] {logging_mixin.py:188} INFO - [2025-04-30T23:00:34.265+0000] {dag.py:3823} INFO - Setting next_dagrun for kafka_producer_dag to 2024-01-01 00:00:00+00:00, run_after=2024-01-01 00:00:00+00:00
[2025-04-30T23:00:34.295+0000] {processor.py:183} INFO - Processing /opt/airflow/dags/from airflow import DAG.py took 0.158 seconds
[2025-04-30T23:00:46.888+0000] {processor.py:161} INFO - Started process (PID=582) to work on /opt/airflow/dags/from airflow import DAG.py
[2025-04-30T23:00:46.890+0000] {processor.py:830} INFO - Processing file /opt/airflow/dags/from airflow import DAG.py for tasks to queue
[2025-04-30T23:00:46.891+0000] {logging_mixin.py:188} INFO - [2025-04-30T23:00:46.890+0000] {dagbag.py:538} INFO - Filling up the DagBag from /opt/airflow/dags/from airflow import DAG.py
[2025-04-30T23:00:46.981+0000] {processor.py:840} INFO - DAG(s) 'kafka_producer_dag' retrieved from /opt/airflow/dags/from airflow import DAG.py
[2025-04-30T23:00:47.070+0000] {logging_mixin.py:188} INFO - [2025-04-30T23:00:47.070+0000] {dag.py:3036} INFO - Sync 1 DAGs
[2025-04-30T23:00:47.091+0000] {logging_mixin.py:188} INFO - [2025-04-30T23:00:47.091+0000] {dag.py:3823} INFO - Setting next_dagrun for kafka_producer_dag to 2024-01-01 00:00:00+00:00, run_after=2024-01-01 00:00:00+00:00
[2025-04-30T23:00:47.122+0000] {processor.py:183} INFO - Processing /opt/airflow/dags/from airflow import DAG.py took 0.236 seconds
[2025-04-30T23:01:05.074+0000] {processor.py:161} INFO - Started process (PID=612) to work on /opt/airflow/dags/from airflow import DAG.py
[2025-04-30T23:01:05.075+0000] {processor.py:830} INFO - Processing file /opt/airflow/dags/from airflow import DAG.py for tasks to queue
[2025-04-30T23:01:05.076+0000] {logging_mixin.py:188} INFO - [2025-04-30T23:01:05.076+0000] {dagbag.py:538} INFO - Filling up the DagBag from /opt/airflow/dags/from airflow import DAG.py
[2025-04-30T23:01:05.129+0000] {processor.py:840} INFO - DAG(s) 'kafka_producer_dag' retrieved from /opt/airflow/dags/from airflow import DAG.py
[2025-04-30T23:01:05.140+0000] {logging_mixin.py:188} INFO - [2025-04-30T23:01:05.140+0000] {dag.py:3036} INFO - Sync 1 DAGs
[2025-04-30T23:01:05.158+0000] {logging_mixin.py:188} INFO - [2025-04-30T23:01:05.158+0000] {dag.py:3823} INFO - Setting next_dagrun for kafka_producer_dag to 2024-01-01 00:00:00+00:00, run_after=2024-01-01 00:00:00+00:00
[2025-04-30T23:01:05.176+0000] {processor.py:183} INFO - Processing /opt/airflow/dags/from airflow import DAG.py took 0.105 seconds
[2025-04-30T23:01:17.713+0000] {processor.py:161} INFO - Started process (PID=623) to work on /opt/airflow/dags/from airflow import DAG.py
[2025-04-30T23:01:17.714+0000] {processor.py:830} INFO - Processing file /opt/airflow/dags/from airflow import DAG.py for tasks to queue
[2025-04-30T23:01:17.715+0000] {logging_mixin.py:188} INFO - [2025-04-30T23:01:17.715+0000] {dagbag.py:538} INFO - Filling up the DagBag from /opt/airflow/dags/from airflow import DAG.py
[2025-04-30T23:01:17.779+0000] {processor.py:840} INFO - DAG(s) 'kafka_producer_dag' retrieved from /opt/airflow/dags/from airflow import DAG.py
[2025-04-30T23:01:17.790+0000] {logging_mixin.py:188} INFO - [2025-04-30T23:01:17.790+0000] {dag.py:3036} INFO - Sync 1 DAGs
[2025-04-30T23:01:17.810+0000] {logging_mixin.py:188} INFO - [2025-04-30T23:01:17.810+0000] {dag.py:3823} INFO - Setting next_dagrun for kafka_producer_dag to 2024-01-01 00:00:00+00:00, run_after=2024-01-01 00:00:00+00:00
[2025-04-30T23:01:17.836+0000] {processor.py:183} INFO - Processing /opt/airflow/dags/from airflow import DAG.py took 0.126 seconds
[2025-04-30T23:01:35.479+0000] {processor.py:161} INFO - Started process (PID=655) to work on /opt/airflow/dags/from airflow import DAG.py
[2025-04-30T23:01:35.480+0000] {processor.py:830} INFO - Processing file /opt/airflow/dags/from airflow import DAG.py for tasks to queue
[2025-04-30T23:01:35.481+0000] {logging_mixin.py:188} INFO - [2025-04-30T23:01:35.480+0000] {dagbag.py:538} INFO - Filling up the DagBag from /opt/airflow/dags/from airflow import DAG.py
[2025-04-30T23:01:35.527+0000] {processor.py:840} INFO - DAG(s) 'kafka_producer_dag' retrieved from /opt/airflow/dags/from airflow import DAG.py
[2025-04-30T23:01:35.536+0000] {logging_mixin.py:188} INFO - [2025-04-30T23:01:35.536+0000] {dag.py:3036} INFO - Sync 1 DAGs
[2025-04-30T23:01:35.552+0000] {logging_mixin.py:188} INFO - [2025-04-30T23:01:35.551+0000] {dag.py:3823} INFO - Setting next_dagrun for kafka_producer_dag to 2024-01-01 00:00:00+00:00, run_after=2024-01-01 00:00:00+00:00
[2025-04-30T23:01:35.568+0000] {processor.py:183} INFO - Processing /opt/airflow/dags/from airflow import DAG.py took 0.091 seconds
[2025-04-30T23:01:48.064+0000] {processor.py:161} INFO - Started process (PID=671) to work on /opt/airflow/dags/from airflow import DAG.py
[2025-04-30T23:01:48.065+0000] {processor.py:830} INFO - Processing file /opt/airflow/dags/from airflow import DAG.py for tasks to queue
[2025-04-30T23:01:48.066+0000] {logging_mixin.py:188} INFO - [2025-04-30T23:01:48.066+0000] {dagbag.py:538} INFO - Filling up the DagBag from /opt/airflow/dags/from airflow import DAG.py
[2025-04-30T23:01:48.111+0000] {processor.py:840} INFO - DAG(s) 'kafka_producer_dag' retrieved from /opt/airflow/dags/from airflow import DAG.py
[2025-04-30T23:01:48.187+0000] {logging_mixin.py:188} INFO - [2025-04-30T23:01:48.187+0000] {dag.py:3036} INFO - Sync 1 DAGs
[2025-04-30T23:01:48.202+0000] {logging_mixin.py:188} INFO - [2025-04-30T23:01:48.202+0000] {dag.py:3823} INFO - Setting next_dagrun for kafka_producer_dag to 2024-01-01 00:00:00+00:00, run_after=2024-01-01 00:00:00+00:00
[2025-04-30T23:01:48.216+0000] {processor.py:183} INFO - Processing /opt/airflow/dags/from airflow import DAG.py took 0.155 seconds
[2025-04-30T23:02:05.706+0000] {processor.py:161} INFO - Started process (PID=698) to work on /opt/airflow/dags/from airflow import DAG.py
[2025-04-30T23:02:05.708+0000] {processor.py:830} INFO - Processing file /opt/airflow/dags/from airflow import DAG.py for tasks to queue
[2025-04-30T23:02:05.709+0000] {logging_mixin.py:188} INFO - [2025-04-30T23:02:05.708+0000] {dagbag.py:538} INFO - Filling up the DagBag from /opt/airflow/dags/from airflow import DAG.py
[2025-04-30T23:02:05.768+0000] {processor.py:840} INFO - DAG(s) 'kafka_producer_dag' retrieved from /opt/airflow/dags/from airflow import DAG.py
[2025-04-30T23:02:05.777+0000] {logging_mixin.py:188} INFO - [2025-04-30T23:02:05.777+0000] {dag.py:3036} INFO - Sync 1 DAGs
[2025-04-30T23:02:05.793+0000] {logging_mixin.py:188} INFO - [2025-04-30T23:02:05.793+0000] {dag.py:3823} INFO - Setting next_dagrun for kafka_producer_dag to 2024-01-01 00:00:00+00:00, run_after=2024-01-01 00:00:00+00:00
[2025-04-30T23:02:05.810+0000] {processor.py:183} INFO - Processing /opt/airflow/dags/from airflow import DAG.py took 0.107 seconds
[2025-04-30T23:02:18.821+0000] {processor.py:161} INFO - Started process (PID=712) to work on /opt/airflow/dags/from airflow import DAG.py
[2025-04-30T23:02:18.822+0000] {processor.py:830} INFO - Processing file /opt/airflow/dags/from airflow import DAG.py for tasks to queue
[2025-04-30T23:02:18.823+0000] {logging_mixin.py:188} INFO - [2025-04-30T23:02:18.823+0000] {dagbag.py:538} INFO - Filling up the DagBag from /opt/airflow/dags/from airflow import DAG.py
[2025-04-30T23:02:18.880+0000] {processor.py:840} INFO - DAG(s) 'kafka_producer_dag' retrieved from /opt/airflow/dags/from airflow import DAG.py
[2025-04-30T23:02:18.890+0000] {logging_mixin.py:188} INFO - [2025-04-30T23:02:18.890+0000] {dag.py:3036} INFO - Sync 1 DAGs
[2025-04-30T23:02:18.907+0000] {logging_mixin.py:188} INFO - [2025-04-30T23:02:18.907+0000] {dag.py:3823} INFO - Setting next_dagrun for kafka_producer_dag to 2024-01-01 00:00:00+00:00, run_after=2024-01-01 00:00:00+00:00
[2025-04-30T23:02:18.929+0000] {processor.py:183} INFO - Processing /opt/airflow/dags/from airflow import DAG.py took 0.110 seconds
[2025-04-30T23:02:36.094+0000] {processor.py:161} INFO - Started process (PID=741) to work on /opt/airflow/dags/from airflow import DAG.py
[2025-04-30T23:02:36.096+0000] {processor.py:830} INFO - Processing file /opt/airflow/dags/from airflow import DAG.py for tasks to queue
[2025-04-30T23:02:36.096+0000] {logging_mixin.py:188} INFO - [2025-04-30T23:02:36.096+0000] {dagbag.py:538} INFO - Filling up the DagBag from /opt/airflow/dags/from airflow import DAG.py
[2025-04-30T23:02:36.163+0000] {processor.py:840} INFO - DAG(s) 'kafka_producer_dag' retrieved from /opt/airflow/dags/from airflow import DAG.py
[2025-04-30T23:02:36.179+0000] {logging_mixin.py:188} INFO - [2025-04-30T23:02:36.179+0000] {dag.py:3036} INFO - Sync 1 DAGs
[2025-04-30T23:02:36.203+0000] {logging_mixin.py:188} INFO - [2025-04-30T23:02:36.203+0000] {dag.py:3823} INFO - Setting next_dagrun for kafka_producer_dag to 2024-01-01 00:00:00+00:00, run_after=2024-01-01 00:00:00+00:00
[2025-04-30T23:02:36.229+0000] {processor.py:183} INFO - Processing /opt/airflow/dags/from airflow import DAG.py took 0.138 seconds
[2025-04-30T23:02:49.259+0000] {processor.py:161} INFO - Started process (PID=757) to work on /opt/airflow/dags/from airflow import DAG.py
[2025-04-30T23:02:49.260+0000] {processor.py:830} INFO - Processing file /opt/airflow/dags/from airflow import DAG.py for tasks to queue
[2025-04-30T23:02:49.261+0000] {logging_mixin.py:188} INFO - [2025-04-30T23:02:49.261+0000] {dagbag.py:538} INFO - Filling up the DagBag from /opt/airflow/dags/from airflow import DAG.py
[2025-04-30T23:02:49.308+0000] {processor.py:840} INFO - DAG(s) 'kafka_producer_dag' retrieved from /opt/airflow/dags/from airflow import DAG.py
[2025-04-30T23:02:49.379+0000] {logging_mixin.py:188} INFO - [2025-04-30T23:02:49.378+0000] {dag.py:3036} INFO - Sync 1 DAGs
[2025-04-30T23:02:49.398+0000] {logging_mixin.py:188} INFO - [2025-04-30T23:02:49.397+0000] {dag.py:3823} INFO - Setting next_dagrun for kafka_producer_dag to 2024-01-01 00:00:00+00:00, run_after=2024-01-01 00:00:00+00:00
[2025-04-30T23:02:49.426+0000] {processor.py:183} INFO - Processing /opt/airflow/dags/from airflow import DAG.py took 0.169 seconds
[2025-04-30T23:03:06.411+0000] {processor.py:161} INFO - Started process (PID=784) to work on /opt/airflow/dags/from airflow import DAG.py
[2025-04-30T23:03:06.412+0000] {processor.py:830} INFO - Processing file /opt/airflow/dags/from airflow import DAG.py for tasks to queue
[2025-04-30T23:03:06.413+0000] {logging_mixin.py:188} INFO - [2025-04-30T23:03:06.413+0000] {dagbag.py:538} INFO - Filling up the DagBag from /opt/airflow/dags/from airflow import DAG.py
[2025-04-30T23:03:06.463+0000] {processor.py:840} INFO - DAG(s) 'kafka_producer_dag' retrieved from /opt/airflow/dags/from airflow import DAG.py
[2025-04-30T23:03:06.474+0000] {logging_mixin.py:188} INFO - [2025-04-30T23:03:06.474+0000] {dag.py:3036} INFO - Sync 1 DAGs
[2025-04-30T23:03:06.491+0000] {logging_mixin.py:188} INFO - [2025-04-30T23:03:06.490+0000] {dag.py:3823} INFO - Setting next_dagrun for kafka_producer_dag to 2024-01-01 00:00:00+00:00, run_after=2024-01-01 00:00:00+00:00
[2025-04-30T23:03:06.506+0000] {processor.py:183} INFO - Processing /opt/airflow/dags/from airflow import DAG.py took 0.098 seconds
[2025-04-30T23:03:19.644+0000] {processor.py:161} INFO - Started process (PID=798) to work on /opt/airflow/dags/from airflow import DAG.py
[2025-04-30T23:03:19.645+0000] {processor.py:830} INFO - Processing file /opt/airflow/dags/from airflow import DAG.py for tasks to queue
[2025-04-30T23:03:19.646+0000] {logging_mixin.py:188} INFO - [2025-04-30T23:03:19.646+0000] {dagbag.py:538} INFO - Filling up the DagBag from /opt/airflow/dags/from airflow import DAG.py
[2025-04-30T23:03:19.699+0000] {processor.py:840} INFO - DAG(s) 'kafka_producer_dag' retrieved from /opt/airflow/dags/from airflow import DAG.py
[2025-04-30T23:03:19.710+0000] {logging_mixin.py:188} INFO - [2025-04-30T23:03:19.710+0000] {dag.py:3036} INFO - Sync 1 DAGs
[2025-04-30T23:03:19.728+0000] {logging_mixin.py:188} INFO - [2025-04-30T23:03:19.728+0000] {dag.py:3823} INFO - Setting next_dagrun for kafka_producer_dag to 2024-01-01 00:00:00+00:00, run_after=2024-01-01 00:00:00+00:00
[2025-04-30T23:03:19.744+0000] {processor.py:183} INFO - Processing /opt/airflow/dags/from airflow import DAG.py took 0.103 seconds
[2025-04-30T23:03:36.885+0000] {processor.py:161} INFO - Started process (PID=827) to work on /opt/airflow/dags/from airflow import DAG.py
[2025-04-30T23:03:36.886+0000] {processor.py:830} INFO - Processing file /opt/airflow/dags/from airflow import DAG.py for tasks to queue
[2025-04-30T23:03:36.887+0000] {logging_mixin.py:188} INFO - [2025-04-30T23:03:36.887+0000] {dagbag.py:538} INFO - Filling up the DagBag from /opt/airflow/dags/from airflow import DAG.py
[2025-04-30T23:03:36.937+0000] {processor.py:840} INFO - DAG(s) 'kafka_producer_dag' retrieved from /opt/airflow/dags/from airflow import DAG.py
[2025-04-30T23:03:36.945+0000] {logging_mixin.py:188} INFO - [2025-04-30T23:03:36.945+0000] {dag.py:3036} INFO - Sync 1 DAGs
[2025-04-30T23:03:36.960+0000] {logging_mixin.py:188} INFO - [2025-04-30T23:03:36.960+0000] {dag.py:3823} INFO - Setting next_dagrun for kafka_producer_dag to 2024-01-01 00:00:00+00:00, run_after=2024-01-01 00:00:00+00:00
[2025-04-30T23:03:36.976+0000] {processor.py:183} INFO - Processing /opt/airflow/dags/from airflow import DAG.py took 0.094 seconds
[2025-04-30T23:03:50.100+0000] {processor.py:161} INFO - Started process (PID=843) to work on /opt/airflow/dags/from airflow import DAG.py
[2025-04-30T23:03:50.102+0000] {processor.py:830} INFO - Processing file /opt/airflow/dags/from airflow import DAG.py for tasks to queue
[2025-04-30T23:03:50.103+0000] {logging_mixin.py:188} INFO - [2025-04-30T23:03:50.102+0000] {dagbag.py:538} INFO - Filling up the DagBag from /opt/airflow/dags/from airflow import DAG.py
[2025-04-30T23:03:50.161+0000] {processor.py:840} INFO - DAG(s) 'kafka_producer_dag' retrieved from /opt/airflow/dags/from airflow import DAG.py
[2025-04-30T23:03:50.247+0000] {logging_mixin.py:188} INFO - [2025-04-30T23:03:50.246+0000] {dag.py:3036} INFO - Sync 1 DAGs
[2025-04-30T23:03:50.263+0000] {logging_mixin.py:188} INFO - [2025-04-30T23:03:50.262+0000] {dag.py:3823} INFO - Setting next_dagrun for kafka_producer_dag to 2024-01-01 00:00:00+00:00, run_after=2024-01-01 00:00:00+00:00
[2025-04-30T23:03:50.282+0000] {processor.py:183} INFO - Processing /opt/airflow/dags/from airflow import DAG.py took 0.184 seconds
[2025-04-30T23:04:07.388+0000] {processor.py:161} INFO - Started process (PID=870) to work on /opt/airflow/dags/from airflow import DAG.py
[2025-04-30T23:04:07.389+0000] {processor.py:830} INFO - Processing file /opt/airflow/dags/from airflow import DAG.py for tasks to queue
[2025-04-30T23:04:07.390+0000] {logging_mixin.py:188} INFO - [2025-04-30T23:04:07.390+0000] {dagbag.py:538} INFO - Filling up the DagBag from /opt/airflow/dags/from airflow import DAG.py
[2025-04-30T23:04:07.480+0000] {processor.py:840} INFO - DAG(s) 'kafka_producer_dag' retrieved from /opt/airflow/dags/from airflow import DAG.py
[2025-04-30T23:04:07.497+0000] {logging_mixin.py:188} INFO - [2025-04-30T23:04:07.497+0000] {dag.py:3036} INFO - Sync 1 DAGs
[2025-04-30T23:04:07.526+0000] {logging_mixin.py:188} INFO - [2025-04-30T23:04:07.526+0000] {dag.py:3823} INFO - Setting next_dagrun for kafka_producer_dag to 2024-01-01 00:00:00+00:00, run_after=2024-01-01 00:00:00+00:00
[2025-04-30T23:04:07.550+0000] {processor.py:183} INFO - Processing /opt/airflow/dags/from airflow import DAG.py took 0.166 seconds
[2025-04-30T23:04:20.558+0000] {processor.py:161} INFO - Started process (PID=884) to work on /opt/airflow/dags/from airflow import DAG.py
[2025-04-30T23:04:20.560+0000] {processor.py:830} INFO - Processing file /opt/airflow/dags/from airflow import DAG.py for tasks to queue
[2025-04-30T23:04:20.563+0000] {logging_mixin.py:188} INFO - [2025-04-30T23:04:20.562+0000] {dagbag.py:538} INFO - Filling up the DagBag from /opt/airflow/dags/from airflow import DAG.py
[2025-04-30T23:04:20.647+0000] {processor.py:840} INFO - DAG(s) 'kafka_producer_dag' retrieved from /opt/airflow/dags/from airflow import DAG.py
[2025-04-30T23:04:20.662+0000] {logging_mixin.py:188} INFO - [2025-04-30T23:04:20.662+0000] {dag.py:3036} INFO - Sync 1 DAGs
[2025-04-30T23:04:20.688+0000] {logging_mixin.py:188} INFO - [2025-04-30T23:04:20.688+0000] {dag.py:3823} INFO - Setting next_dagrun for kafka_producer_dag to 2024-01-01 00:00:00+00:00, run_after=2024-01-01 00:00:00+00:00
[2025-04-30T23:04:20.722+0000] {processor.py:183} INFO - Processing /opt/airflow/dags/from airflow import DAG.py took 0.173 seconds
[2025-04-30T23:04:37.826+0000] {processor.py:161} INFO - Started process (PID=913) to work on /opt/airflow/dags/from airflow import DAG.py
[2025-04-30T23:04:37.827+0000] {processor.py:830} INFO - Processing file /opt/airflow/dags/from airflow import DAG.py for tasks to queue
[2025-04-30T23:04:37.829+0000] {logging_mixin.py:188} INFO - [2025-04-30T23:04:37.829+0000] {dagbag.py:538} INFO - Filling up the DagBag from /opt/airflow/dags/from airflow import DAG.py
[2025-04-30T23:04:37.890+0000] {processor.py:840} INFO - DAG(s) 'kafka_producer_dag' retrieved from /opt/airflow/dags/from airflow import DAG.py
[2025-04-30T23:04:37.903+0000] {logging_mixin.py:188} INFO - [2025-04-30T23:04:37.903+0000] {dag.py:3036} INFO - Sync 1 DAGs
[2025-04-30T23:04:37.931+0000] {logging_mixin.py:188} INFO - [2025-04-30T23:04:37.931+0000] {dag.py:3823} INFO - Setting next_dagrun for kafka_producer_dag to 2024-01-01 00:00:00+00:00, run_after=2024-01-01 00:00:00+00:00
[2025-04-30T23:04:37.955+0000] {processor.py:183} INFO - Processing /opt/airflow/dags/from airflow import DAG.py took 0.132 seconds
[2025-04-30T23:04:51.325+0000] {processor.py:161} INFO - Started process (PID=929) to work on /opt/airflow/dags/from airflow import DAG.py
[2025-04-30T23:04:51.327+0000] {processor.py:830} INFO - Processing file /opt/airflow/dags/from airflow import DAG.py for tasks to queue
[2025-04-30T23:04:51.328+0000] {logging_mixin.py:188} INFO - [2025-04-30T23:04:51.327+0000] {dagbag.py:538} INFO - Filling up the DagBag from /opt/airflow/dags/from airflow import DAG.py
[2025-04-30T23:04:51.384+0000] {processor.py:840} INFO - DAG(s) 'kafka_producer_dag' retrieved from /opt/airflow/dags/from airflow import DAG.py
[2025-04-30T23:04:51.469+0000] {logging_mixin.py:188} INFO - [2025-04-30T23:04:51.469+0000] {dag.py:3036} INFO - Sync 1 DAGs
[2025-04-30T23:04:51.483+0000] {logging_mixin.py:188} INFO - [2025-04-30T23:04:51.483+0000] {dag.py:3823} INFO - Setting next_dagrun for kafka_producer_dag to 2024-01-01 00:00:00+00:00, run_after=2024-01-01 00:00:00+00:00
[2025-04-30T23:04:51.499+0000] {processor.py:183} INFO - Processing /opt/airflow/dags/from airflow import DAG.py took 0.176 seconds
[2025-04-30T23:05:08.140+0000] {processor.py:161} INFO - Started process (PID=956) to work on /opt/airflow/dags/from airflow import DAG.py
[2025-04-30T23:05:08.143+0000] {processor.py:830} INFO - Processing file /opt/airflow/dags/from airflow import DAG.py for tasks to queue
[2025-04-30T23:05:08.148+0000] {logging_mixin.py:188} INFO - [2025-04-30T23:05:08.145+0000] {dagbag.py:538} INFO - Filling up the DagBag from /opt/airflow/dags/from airflow import DAG.py
[2025-04-30T23:05:08.208+0000] {processor.py:840} INFO - DAG(s) 'kafka_producer_dag' retrieved from /opt/airflow/dags/from airflow import DAG.py
[2025-04-30T23:05:08.220+0000] {logging_mixin.py:188} INFO - [2025-04-30T23:05:08.219+0000] {dag.py:3036} INFO - Sync 1 DAGs
[2025-04-30T23:05:08.236+0000] {logging_mixin.py:188} INFO - [2025-04-30T23:05:08.235+0000] {dag.py:3823} INFO - Setting next_dagrun for kafka_producer_dag to 2024-01-01 00:00:00+00:00, run_after=2024-01-01 00:00:00+00:00
[2025-04-30T23:05:08.251+0000] {processor.py:183} INFO - Processing /opt/airflow/dags/from airflow import DAG.py took 0.116 seconds
