[2025-04-30T22:55:58.174+0000] {processor.py:161} INFO - Started process (PID=180) to work on /opt/airflow/dags/load_orders_to_postgres_dag.py
[2025-04-30T22:55:58.176+0000] {processor.py:830} INFO - Processing file /opt/airflow/dags/load_orders_to_postgres_dag.py for tasks to queue
[2025-04-30T22:55:58.178+0000] {logging_mixin.py:188} INFO - [2025-04-30T22:55:58.178+0000] {dagbag.py:538} INFO - Filling up the DagBag from /opt/airflow/dags/load_orders_to_postgres_dag.py
[2025-04-30T22:56:01.122+0000] {processor.py:840} INFO - DAG(s) 'load_orders_to_postgres_dag' retrieved from /opt/airflow/dags/load_orders_to_postgres_dag.py
[2025-04-30T22:56:01.436+0000] {logging_mixin.py:188} INFO - [2025-04-30T22:56:01.434+0000] {override.py:1769} INFO - Created Permission View: can delete on DAG:load_orders_to_postgres_dag
[2025-04-30T22:56:01.466+0000] {logging_mixin.py:188} INFO - [2025-04-30T22:56:01.465+0000] {override.py:1769} INFO - Created Permission View: can edit on DAG:load_orders_to_postgres_dag
[2025-04-30T22:56:01.486+0000] {logging_mixin.py:188} INFO - [2025-04-30T22:56:01.485+0000] {override.py:1769} INFO - Created Permission View: can read on DAG:load_orders_to_postgres_dag
[2025-04-30T22:56:01.490+0000] {logging_mixin.py:188} INFO - [2025-04-30T22:56:01.488+0000] {dag.py:3036} INFO - Sync 1 DAGs
[2025-04-30T22:56:01.519+0000] {logging_mixin.py:188} INFO - [2025-04-30T22:56:01.518+0000] {dag.py:3058} INFO - Creating ORM DAG for load_orders_to_postgres_dag
[2025-04-30T22:56:01.521+0000] {logging_mixin.py:188} INFO - [2025-04-30T22:56:01.521+0000] {dag.py:3823} INFO - Setting next_dagrun for load_orders_to_postgres_dag to None, run_after=None
[2025-04-30T22:56:01.560+0000] {processor.py:183} INFO - Processing /opt/airflow/dags/load_orders_to_postgres_dag.py took 3.392 seconds
[2025-04-30T22:56:11.825+0000] {processor.py:161} INFO - Started process (PID=200) to work on /opt/airflow/dags/load_orders_to_postgres_dag.py
[2025-04-30T22:56:11.827+0000] {processor.py:830} INFO - Processing file /opt/airflow/dags/load_orders_to_postgres_dag.py for tasks to queue
[2025-04-30T22:56:11.830+0000] {logging_mixin.py:188} INFO - [2025-04-30T22:56:11.829+0000] {dagbag.py:538} INFO - Filling up the DagBag from /opt/airflow/dags/load_orders_to_postgres_dag.py
[2025-04-30T22:56:13.953+0000] {processor.py:840} INFO - DAG(s) 'load_orders_to_postgres_dag' retrieved from /opt/airflow/dags/load_orders_to_postgres_dag.py
[2025-04-30T22:56:14.040+0000] {logging_mixin.py:188} INFO - [2025-04-30T22:56:14.038+0000] {dag.py:3036} INFO - Sync 1 DAGs
[2025-04-30T22:56:14.080+0000] {logging_mixin.py:188} INFO - [2025-04-30T22:56:14.079+0000] {dag.py:3823} INFO - Setting next_dagrun for load_orders_to_postgres_dag to None, run_after=None
[2025-04-30T22:56:14.126+0000] {processor.py:183} INFO - Processing /opt/airflow/dags/load_orders_to_postgres_dag.py took 2.310 seconds
[2025-04-30T22:56:32.027+0000] {processor.py:161} INFO - Started process (PID=230) to work on /opt/airflow/dags/load_orders_to_postgres_dag.py
[2025-04-30T22:56:32.031+0000] {processor.py:830} INFO - Processing file /opt/airflow/dags/load_orders_to_postgres_dag.py for tasks to queue
[2025-04-30T22:56:32.044+0000] {logging_mixin.py:188} INFO - [2025-04-30T22:56:32.033+0000] {dagbag.py:538} INFO - Filling up the DagBag from /opt/airflow/dags/load_orders_to_postgres_dag.py
[2025-04-30T22:56:32.705+0000] {processor.py:840} INFO - DAG(s) 'load_orders_to_postgres_dag' retrieved from /opt/airflow/dags/load_orders_to_postgres_dag.py
[2025-04-30T22:56:32.755+0000] {logging_mixin.py:188} INFO - [2025-04-30T22:56:32.754+0000] {dag.py:3036} INFO - Sync 1 DAGs
[2025-04-30T22:56:32.778+0000] {logging_mixin.py:188} INFO - [2025-04-30T22:56:32.778+0000] {dag.py:3823} INFO - Setting next_dagrun for load_orders_to_postgres_dag to None, run_after=None
[2025-04-30T22:56:32.818+0000] {processor.py:183} INFO - Processing /opt/airflow/dags/load_orders_to_postgres_dag.py took 0.802 seconds
[2025-04-30T22:56:44.335+0000] {processor.py:161} INFO - Started process (PID=248) to work on /opt/airflow/dags/load_orders_to_postgres_dag.py
[2025-04-30T22:56:44.336+0000] {processor.py:830} INFO - Processing file /opt/airflow/dags/load_orders_to_postgres_dag.py for tasks to queue
[2025-04-30T22:56:44.339+0000] {logging_mixin.py:188} INFO - [2025-04-30T22:56:44.338+0000] {dagbag.py:538} INFO - Filling up the DagBag from /opt/airflow/dags/load_orders_to_postgres_dag.py
[2025-04-30T22:56:44.758+0000] {processor.py:840} INFO - DAG(s) 'load_orders_to_postgres_dag' retrieved from /opt/airflow/dags/load_orders_to_postgres_dag.py
[2025-04-30T22:56:44.786+0000] {logging_mixin.py:188} INFO - [2025-04-30T22:56:44.786+0000] {dag.py:3036} INFO - Sync 1 DAGs
[2025-04-30T22:56:44.801+0000] {logging_mixin.py:188} INFO - [2025-04-30T22:56:44.801+0000] {dag.py:3823} INFO - Setting next_dagrun for load_orders_to_postgres_dag to None, run_after=None
[2025-04-30T22:56:44.826+0000] {processor.py:183} INFO - Processing /opt/airflow/dags/load_orders_to_postgres_dag.py took 0.494 seconds
[2025-04-30T22:57:03.172+0000] {processor.py:161} INFO - Started process (PID=273) to work on /opt/airflow/dags/load_orders_to_postgres_dag.py
[2025-04-30T22:57:03.174+0000] {processor.py:830} INFO - Processing file /opt/airflow/dags/load_orders_to_postgres_dag.py for tasks to queue
[2025-04-30T22:57:03.175+0000] {logging_mixin.py:188} INFO - [2025-04-30T22:57:03.175+0000] {dagbag.py:538} INFO - Filling up the DagBag from /opt/airflow/dags/load_orders_to_postgres_dag.py
[2025-04-30T22:57:03.472+0000] {processor.py:840} INFO - DAG(s) 'load_orders_to_postgres_dag' retrieved from /opt/airflow/dags/load_orders_to_postgres_dag.py
[2025-04-30T22:57:03.500+0000] {logging_mixin.py:188} INFO - [2025-04-30T22:57:03.499+0000] {dag.py:3036} INFO - Sync 1 DAGs
[2025-04-30T22:57:03.514+0000] {logging_mixin.py:188} INFO - [2025-04-30T22:57:03.514+0000] {dag.py:3823} INFO - Setting next_dagrun for load_orders_to_postgres_dag to None, run_after=None
[2025-04-30T22:57:03.534+0000] {processor.py:183} INFO - Processing /opt/airflow/dags/load_orders_to_postgres_dag.py took 0.365 seconds
[2025-04-30T22:57:14.975+0000] {processor.py:161} INFO - Started process (PID=291) to work on /opt/airflow/dags/load_orders_to_postgres_dag.py
[2025-04-30T22:57:14.976+0000] {processor.py:830} INFO - Processing file /opt/airflow/dags/load_orders_to_postgres_dag.py for tasks to queue
[2025-04-30T22:57:14.977+0000] {logging_mixin.py:188} INFO - [2025-04-30T22:57:14.977+0000] {dagbag.py:538} INFO - Filling up the DagBag from /opt/airflow/dags/load_orders_to_postgres_dag.py
[2025-04-30T22:57:15.233+0000] {processor.py:840} INFO - DAG(s) 'load_orders_to_postgres_dag' retrieved from /opt/airflow/dags/load_orders_to_postgres_dag.py
[2025-04-30T22:57:15.255+0000] {logging_mixin.py:188} INFO - [2025-04-30T22:57:15.255+0000] {dag.py:3036} INFO - Sync 1 DAGs
[2025-04-30T22:57:15.267+0000] {logging_mixin.py:188} INFO - [2025-04-30T22:57:15.267+0000] {dag.py:3823} INFO - Setting next_dagrun for load_orders_to_postgres_dag to None, run_after=None
[2025-04-30T22:57:15.284+0000] {processor.py:183} INFO - Processing /opt/airflow/dags/load_orders_to_postgres_dag.py took 0.311 seconds
[2025-04-30T22:57:33.749+0000] {processor.py:161} INFO - Started process (PID=316) to work on /opt/airflow/dags/load_orders_to_postgres_dag.py
[2025-04-30T22:57:33.750+0000] {processor.py:830} INFO - Processing file /opt/airflow/dags/load_orders_to_postgres_dag.py for tasks to queue
[2025-04-30T22:57:33.753+0000] {logging_mixin.py:188} INFO - [2025-04-30T22:57:33.752+0000] {dagbag.py:538} INFO - Filling up the DagBag from /opt/airflow/dags/load_orders_to_postgres_dag.py
[2025-04-30T22:57:34.124+0000] {processor.py:840} INFO - DAG(s) 'load_orders_to_postgres_dag' retrieved from /opt/airflow/dags/load_orders_to_postgres_dag.py
[2025-04-30T22:57:34.165+0000] {logging_mixin.py:188} INFO - [2025-04-30T22:57:34.165+0000] {dag.py:3036} INFO - Sync 1 DAGs
[2025-04-30T22:57:34.198+0000] {logging_mixin.py:188} INFO - [2025-04-30T22:57:34.198+0000] {dag.py:3823} INFO - Setting next_dagrun for load_orders_to_postgres_dag to None, run_after=None
[2025-04-30T22:57:34.230+0000] {processor.py:183} INFO - Processing /opt/airflow/dags/load_orders_to_postgres_dag.py took 0.485 seconds
[2025-04-30T22:57:45.443+0000] {processor.py:161} INFO - Started process (PID=334) to work on /opt/airflow/dags/load_orders_to_postgres_dag.py
[2025-04-30T22:57:45.444+0000] {processor.py:830} INFO - Processing file /opt/airflow/dags/load_orders_to_postgres_dag.py for tasks to queue
[2025-04-30T22:57:45.445+0000] {logging_mixin.py:188} INFO - [2025-04-30T22:57:45.445+0000] {dagbag.py:538} INFO - Filling up the DagBag from /opt/airflow/dags/load_orders_to_postgres_dag.py
[2025-04-30T22:57:45.815+0000] {processor.py:840} INFO - DAG(s) 'load_orders_to_postgres_dag' retrieved from /opt/airflow/dags/load_orders_to_postgres_dag.py
[2025-04-30T22:57:45.857+0000] {logging_mixin.py:188} INFO - [2025-04-30T22:57:45.857+0000] {dag.py:3036} INFO - Sync 1 DAGs
[2025-04-30T22:57:45.872+0000] {logging_mixin.py:188} INFO - [2025-04-30T22:57:45.872+0000] {dag.py:3823} INFO - Setting next_dagrun for load_orders_to_postgres_dag to None, run_after=None
[2025-04-30T22:57:45.900+0000] {processor.py:183} INFO - Processing /opt/airflow/dags/load_orders_to_postgres_dag.py took 0.461 seconds
[2025-04-30T22:58:04.816+0000] {processor.py:161} INFO - Started process (PID=359) to work on /opt/airflow/dags/load_orders_to_postgres_dag.py
[2025-04-30T22:58:04.817+0000] {processor.py:830} INFO - Processing file /opt/airflow/dags/load_orders_to_postgres_dag.py for tasks to queue
[2025-04-30T22:58:04.819+0000] {logging_mixin.py:188} INFO - [2025-04-30T22:58:04.819+0000] {dagbag.py:538} INFO - Filling up the DagBag from /opt/airflow/dags/load_orders_to_postgres_dag.py
[2025-04-30T22:58:05.282+0000] {processor.py:840} INFO - DAG(s) 'load_orders_to_postgres_dag' retrieved from /opt/airflow/dags/load_orders_to_postgres_dag.py
[2025-04-30T22:58:05.322+0000] {logging_mixin.py:188} INFO - [2025-04-30T22:58:05.321+0000] {dag.py:3036} INFO - Sync 1 DAGs
[2025-04-30T22:58:05.343+0000] {logging_mixin.py:188} INFO - [2025-04-30T22:58:05.343+0000] {dag.py:3823} INFO - Setting next_dagrun for load_orders_to_postgres_dag to None, run_after=None
[2025-04-30T22:58:05.375+0000] {processor.py:183} INFO - Processing /opt/airflow/dags/load_orders_to_postgres_dag.py took 0.562 seconds
[2025-04-30T22:58:16.133+0000] {processor.py:161} INFO - Started process (PID=377) to work on /opt/airflow/dags/load_orders_to_postgres_dag.py
[2025-04-30T22:58:16.135+0000] {processor.py:830} INFO - Processing file /opt/airflow/dags/load_orders_to_postgres_dag.py for tasks to queue
[2025-04-30T22:58:16.138+0000] {logging_mixin.py:188} INFO - [2025-04-30T22:58:16.137+0000] {dagbag.py:538} INFO - Filling up the DagBag from /opt/airflow/dags/load_orders_to_postgres_dag.py
[2025-04-30T22:58:16.626+0000] {processor.py:840} INFO - DAG(s) 'load_orders_to_postgres_dag' retrieved from /opt/airflow/dags/load_orders_to_postgres_dag.py
[2025-04-30T22:58:16.663+0000] {logging_mixin.py:188} INFO - [2025-04-30T22:58:16.662+0000] {dag.py:3036} INFO - Sync 1 DAGs
[2025-04-30T22:58:16.688+0000] {logging_mixin.py:188} INFO - [2025-04-30T22:58:16.688+0000] {dag.py:3823} INFO - Setting next_dagrun for load_orders_to_postgres_dag to None, run_after=None
[2025-04-30T22:58:16.737+0000] {processor.py:183} INFO - Processing /opt/airflow/dags/load_orders_to_postgres_dag.py took 0.610 seconds
[2025-04-30T22:58:36.293+0000] {processor.py:161} INFO - Started process (PID=402) to work on /opt/airflow/dags/load_orders_to_postgres_dag.py
[2025-04-30T22:58:36.295+0000] {processor.py:830} INFO - Processing file /opt/airflow/dags/load_orders_to_postgres_dag.py for tasks to queue
[2025-04-30T22:58:36.297+0000] {logging_mixin.py:188} INFO - [2025-04-30T22:58:36.296+0000] {dagbag.py:538} INFO - Filling up the DagBag from /opt/airflow/dags/load_orders_to_postgres_dag.py
[2025-04-30T22:58:36.730+0000] {processor.py:840} INFO - DAG(s) 'load_orders_to_postgres_dag' retrieved from /opt/airflow/dags/load_orders_to_postgres_dag.py
[2025-04-30T22:58:36.780+0000] {logging_mixin.py:188} INFO - [2025-04-30T22:58:36.780+0000] {dag.py:3036} INFO - Sync 1 DAGs
[2025-04-30T22:58:36.808+0000] {logging_mixin.py:188} INFO - [2025-04-30T22:58:36.807+0000] {dag.py:3823} INFO - Setting next_dagrun for load_orders_to_postgres_dag to None, run_after=None
[2025-04-30T22:58:36.850+0000] {processor.py:183} INFO - Processing /opt/airflow/dags/load_orders_to_postgres_dag.py took 0.561 seconds
[2025-04-30T22:58:46.836+0000] {processor.py:161} INFO - Started process (PID=420) to work on /opt/airflow/dags/load_orders_to_postgres_dag.py
[2025-04-30T22:58:46.838+0000] {processor.py:830} INFO - Processing file /opt/airflow/dags/load_orders_to_postgres_dag.py for tasks to queue
[2025-04-30T22:58:46.839+0000] {logging_mixin.py:188} INFO - [2025-04-30T22:58:46.838+0000] {dagbag.py:538} INFO - Filling up the DagBag from /opt/airflow/dags/load_orders_to_postgres_dag.py
[2025-04-30T22:58:47.214+0000] {processor.py:840} INFO - DAG(s) 'load_orders_to_postgres_dag' retrieved from /opt/airflow/dags/load_orders_to_postgres_dag.py
[2025-04-30T22:58:47.250+0000] {logging_mixin.py:188} INFO - [2025-04-30T22:58:47.250+0000] {dag.py:3036} INFO - Sync 1 DAGs
[2025-04-30T22:58:47.269+0000] {logging_mixin.py:188} INFO - [2025-04-30T22:58:47.269+0000] {dag.py:3823} INFO - Setting next_dagrun for load_orders_to_postgres_dag to None, run_after=None
[2025-04-30T22:58:47.305+0000] {processor.py:183} INFO - Processing /opt/airflow/dags/load_orders_to_postgres_dag.py took 0.472 seconds
[2025-04-30T22:59:06.966+0000] {processor.py:161} INFO - Started process (PID=445) to work on /opt/airflow/dags/load_orders_to_postgres_dag.py
[2025-04-30T22:59:06.967+0000] {processor.py:830} INFO - Processing file /opt/airflow/dags/load_orders_to_postgres_dag.py for tasks to queue
[2025-04-30T22:59:06.969+0000] {logging_mixin.py:188} INFO - [2025-04-30T22:59:06.968+0000] {dagbag.py:538} INFO - Filling up the DagBag from /opt/airflow/dags/load_orders_to_postgres_dag.py
[2025-04-30T22:59:07.262+0000] {processor.py:840} INFO - DAG(s) 'load_orders_to_postgres_dag' retrieved from /opt/airflow/dags/load_orders_to_postgres_dag.py
[2025-04-30T22:59:07.283+0000] {logging_mixin.py:188} INFO - [2025-04-30T22:59:07.282+0000] {dag.py:3036} INFO - Sync 1 DAGs
[2025-04-30T22:59:07.293+0000] {logging_mixin.py:188} INFO - [2025-04-30T22:59:07.293+0000] {dag.py:3823} INFO - Setting next_dagrun for load_orders_to_postgres_dag to None, run_after=None
[2025-04-30T22:59:07.311+0000] {processor.py:183} INFO - Processing /opt/airflow/dags/load_orders_to_postgres_dag.py took 0.347 seconds
[2025-04-30T22:59:18.087+0000] {processor.py:161} INFO - Started process (PID=463) to work on /opt/airflow/dags/load_orders_to_postgres_dag.py
[2025-04-30T22:59:18.088+0000] {processor.py:830} INFO - Processing file /opt/airflow/dags/load_orders_to_postgres_dag.py for tasks to queue
[2025-04-30T22:59:18.089+0000] {logging_mixin.py:188} INFO - [2025-04-30T22:59:18.089+0000] {dagbag.py:538} INFO - Filling up the DagBag from /opt/airflow/dags/load_orders_to_postgres_dag.py
[2025-04-30T22:59:18.360+0000] {processor.py:840} INFO - DAG(s) 'load_orders_to_postgres_dag' retrieved from /opt/airflow/dags/load_orders_to_postgres_dag.py
[2025-04-30T22:59:18.392+0000] {logging_mixin.py:188} INFO - [2025-04-30T22:59:18.391+0000] {dag.py:3036} INFO - Sync 1 DAGs
[2025-04-30T22:59:18.405+0000] {logging_mixin.py:188} INFO - [2025-04-30T22:59:18.405+0000] {dag.py:3823} INFO - Setting next_dagrun for load_orders_to_postgres_dag to None, run_after=None
[2025-04-30T22:59:18.427+0000] {processor.py:183} INFO - Processing /opt/airflow/dags/load_orders_to_postgres_dag.py took 0.343 seconds
[2025-04-30T22:59:37.362+0000] {processor.py:161} INFO - Started process (PID=488) to work on /opt/airflow/dags/load_orders_to_postgres_dag.py
[2025-04-30T22:59:37.363+0000] {processor.py:830} INFO - Processing file /opt/airflow/dags/load_orders_to_postgres_dag.py for tasks to queue
[2025-04-30T22:59:37.364+0000] {logging_mixin.py:188} INFO - [2025-04-30T22:59:37.364+0000] {dagbag.py:538} INFO - Filling up the DagBag from /opt/airflow/dags/load_orders_to_postgres_dag.py
[2025-04-30T22:59:37.628+0000] {processor.py:840} INFO - DAG(s) 'load_orders_to_postgres_dag' retrieved from /opt/airflow/dags/load_orders_to_postgres_dag.py
[2025-04-30T22:59:37.650+0000] {logging_mixin.py:188} INFO - [2025-04-30T22:59:37.649+0000] {dag.py:3036} INFO - Sync 1 DAGs
[2025-04-30T22:59:37.659+0000] {logging_mixin.py:188} INFO - [2025-04-30T22:59:37.659+0000] {dag.py:3823} INFO - Setting next_dagrun for load_orders_to_postgres_dag to None, run_after=None
[2025-04-30T22:59:37.678+0000] {processor.py:183} INFO - Processing /opt/airflow/dags/load_orders_to_postgres_dag.py took 0.319 seconds
[2025-04-30T22:59:48.485+0000] {processor.py:161} INFO - Started process (PID=506) to work on /opt/airflow/dags/load_orders_to_postgres_dag.py
[2025-04-30T22:59:48.486+0000] {processor.py:830} INFO - Processing file /opt/airflow/dags/load_orders_to_postgres_dag.py for tasks to queue
[2025-04-30T22:59:48.487+0000] {logging_mixin.py:188} INFO - [2025-04-30T22:59:48.487+0000] {dagbag.py:538} INFO - Filling up the DagBag from /opt/airflow/dags/load_orders_to_postgres_dag.py
[2025-04-30T22:59:48.715+0000] {processor.py:840} INFO - DAG(s) 'load_orders_to_postgres_dag' retrieved from /opt/airflow/dags/load_orders_to_postgres_dag.py
[2025-04-30T22:59:48.737+0000] {logging_mixin.py:188} INFO - [2025-04-30T22:59:48.737+0000] {dag.py:3036} INFO - Sync 1 DAGs
[2025-04-30T22:59:48.748+0000] {logging_mixin.py:188} INFO - [2025-04-30T22:59:48.747+0000] {dag.py:3823} INFO - Setting next_dagrun for load_orders_to_postgres_dag to None, run_after=None
[2025-04-30T22:59:48.768+0000] {processor.py:183} INFO - Processing /opt/airflow/dags/load_orders_to_postgres_dag.py took 0.285 seconds
[2025-04-30T23:00:07.768+0000] {processor.py:161} INFO - Started process (PID=531) to work on /opt/airflow/dags/load_orders_to_postgres_dag.py
[2025-04-30T23:00:07.770+0000] {processor.py:830} INFO - Processing file /opt/airflow/dags/load_orders_to_postgres_dag.py for tasks to queue
[2025-04-30T23:00:07.771+0000] {logging_mixin.py:188} INFO - [2025-04-30T23:00:07.770+0000] {dagbag.py:538} INFO - Filling up the DagBag from /opt/airflow/dags/load_orders_to_postgres_dag.py
[2025-04-30T23:00:08.025+0000] {processor.py:840} INFO - DAG(s) 'load_orders_to_postgres_dag' retrieved from /opt/airflow/dags/load_orders_to_postgres_dag.py
[2025-04-30T23:00:08.045+0000] {logging_mixin.py:188} INFO - [2025-04-30T23:00:08.045+0000] {dag.py:3036} INFO - Sync 1 DAGs
[2025-04-30T23:00:08.056+0000] {logging_mixin.py:188} INFO - [2025-04-30T23:00:08.056+0000] {dag.py:3823} INFO - Setting next_dagrun for load_orders_to_postgres_dag to None, run_after=None
[2025-04-30T23:00:08.079+0000] {processor.py:183} INFO - Processing /opt/airflow/dags/load_orders_to_postgres_dag.py took 0.315 seconds
[2025-04-30T23:00:19.207+0000] {processor.py:161} INFO - Started process (PID=549) to work on /opt/airflow/dags/load_orders_to_postgres_dag.py
[2025-04-30T23:00:19.208+0000] {processor.py:830} INFO - Processing file /opt/airflow/dags/load_orders_to_postgres_dag.py for tasks to queue
[2025-04-30T23:00:19.209+0000] {logging_mixin.py:188} INFO - [2025-04-30T23:00:19.209+0000] {dagbag.py:538} INFO - Filling up the DagBag from /opt/airflow/dags/load_orders_to_postgres_dag.py
[2025-04-30T23:00:19.799+0000] {processor.py:840} INFO - DAG(s) 'load_orders_to_postgres_dag' retrieved from /opt/airflow/dags/load_orders_to_postgres_dag.py
[2025-04-30T23:00:19.859+0000] {logging_mixin.py:188} INFO - [2025-04-30T23:00:19.859+0000] {dag.py:3036} INFO - Sync 1 DAGs
[2025-04-30T23:00:19.898+0000] {logging_mixin.py:188} INFO - [2025-04-30T23:00:19.897+0000] {dag.py:3823} INFO - Setting next_dagrun for load_orders_to_postgres_dag to None, run_after=None
[2025-04-30T23:00:19.951+0000] {processor.py:183} INFO - Processing /opt/airflow/dags/load_orders_to_postgres_dag.py took 0.747 seconds
[2025-04-30T23:00:38.331+0000] {processor.py:161} INFO - Started process (PID=574) to work on /opt/airflow/dags/load_orders_to_postgres_dag.py
[2025-04-30T23:00:38.332+0000] {processor.py:830} INFO - Processing file /opt/airflow/dags/load_orders_to_postgres_dag.py for tasks to queue
[2025-04-30T23:00:38.333+0000] {logging_mixin.py:188} INFO - [2025-04-30T23:00:38.333+0000] {dagbag.py:538} INFO - Filling up the DagBag from /opt/airflow/dags/load_orders_to_postgres_dag.py
[2025-04-30T23:00:38.889+0000] {processor.py:840} INFO - DAG(s) 'load_orders_to_postgres_dag' retrieved from /opt/airflow/dags/load_orders_to_postgres_dag.py
[2025-04-30T23:00:38.927+0000] {logging_mixin.py:188} INFO - [2025-04-30T23:00:38.926+0000] {dag.py:3036} INFO - Sync 1 DAGs
[2025-04-30T23:00:38.953+0000] {logging_mixin.py:188} INFO - [2025-04-30T23:00:38.953+0000] {dag.py:3823} INFO - Setting next_dagrun for load_orders_to_postgres_dag to None, run_after=None
[2025-04-30T23:00:38.990+0000] {processor.py:183} INFO - Processing /opt/airflow/dags/load_orders_to_postgres_dag.py took 0.662 seconds
[2025-04-30T23:00:50.078+0000] {processor.py:161} INFO - Started process (PID=592) to work on /opt/airflow/dags/load_orders_to_postgres_dag.py
[2025-04-30T23:00:50.079+0000] {processor.py:830} INFO - Processing file /opt/airflow/dags/load_orders_to_postgres_dag.py for tasks to queue
[2025-04-30T23:00:50.080+0000] {logging_mixin.py:188} INFO - [2025-04-30T23:00:50.080+0000] {dagbag.py:538} INFO - Filling up the DagBag from /opt/airflow/dags/load_orders_to_postgres_dag.py
[2025-04-30T23:00:50.480+0000] {processor.py:840} INFO - DAG(s) 'load_orders_to_postgres_dag' retrieved from /opt/airflow/dags/load_orders_to_postgres_dag.py
[2025-04-30T23:00:50.512+0000] {logging_mixin.py:188} INFO - [2025-04-30T23:00:50.511+0000] {dag.py:3036} INFO - Sync 1 DAGs
[2025-04-30T23:00:50.528+0000] {logging_mixin.py:188} INFO - [2025-04-30T23:00:50.528+0000] {dag.py:3823} INFO - Setting next_dagrun for load_orders_to_postgres_dag to None, run_after=None
[2025-04-30T23:00:50.564+0000] {processor.py:183} INFO - Processing /opt/airflow/dags/load_orders_to_postgres_dag.py took 0.489 seconds
[2025-04-30T23:01:09.220+0000] {processor.py:161} INFO - Started process (PID=617) to work on /opt/airflow/dags/load_orders_to_postgres_dag.py
[2025-04-30T23:01:09.221+0000] {processor.py:830} INFO - Processing file /opt/airflow/dags/load_orders_to_postgres_dag.py for tasks to queue
[2025-04-30T23:01:09.222+0000] {logging_mixin.py:188} INFO - [2025-04-30T23:01:09.222+0000] {dagbag.py:538} INFO - Filling up the DagBag from /opt/airflow/dags/load_orders_to_postgres_dag.py
[2025-04-30T23:01:09.480+0000] {processor.py:840} INFO - DAG(s) 'load_orders_to_postgres_dag' retrieved from /opt/airflow/dags/load_orders_to_postgres_dag.py
[2025-04-30T23:01:09.508+0000] {logging_mixin.py:188} INFO - [2025-04-30T23:01:09.507+0000] {dag.py:3036} INFO - Sync 1 DAGs
[2025-04-30T23:01:09.519+0000] {logging_mixin.py:188} INFO - [2025-04-30T23:01:09.519+0000] {dag.py:3823} INFO - Setting next_dagrun for load_orders_to_postgres_dag to None, run_after=None
[2025-04-30T23:01:09.540+0000] {processor.py:183} INFO - Processing /opt/airflow/dags/load_orders_to_postgres_dag.py took 0.322 seconds
[2025-04-30T23:01:20.919+0000] {processor.py:161} INFO - Started process (PID=635) to work on /opt/airflow/dags/load_orders_to_postgres_dag.py
[2025-04-30T23:01:20.921+0000] {processor.py:830} INFO - Processing file /opt/airflow/dags/load_orders_to_postgres_dag.py for tasks to queue
[2025-04-30T23:01:20.922+0000] {logging_mixin.py:188} INFO - [2025-04-30T23:01:20.922+0000] {dagbag.py:538} INFO - Filling up the DagBag from /opt/airflow/dags/load_orders_to_postgres_dag.py
[2025-04-30T23:01:21.293+0000] {processor.py:840} INFO - DAG(s) 'load_orders_to_postgres_dag' retrieved from /opt/airflow/dags/load_orders_to_postgres_dag.py
[2025-04-30T23:01:21.318+0000] {logging_mixin.py:188} INFO - [2025-04-30T23:01:21.318+0000] {dag.py:3036} INFO - Sync 1 DAGs
[2025-04-30T23:01:21.331+0000] {logging_mixin.py:188} INFO - [2025-04-30T23:01:21.331+0000] {dag.py:3823} INFO - Setting next_dagrun for load_orders_to_postgres_dag to None, run_after=None
[2025-04-30T23:01:21.354+0000] {processor.py:183} INFO - Processing /opt/airflow/dags/load_orders_to_postgres_dag.py took 0.442 seconds
[2025-04-30T23:01:39.633+0000] {processor.py:161} INFO - Started process (PID=660) to work on /opt/airflow/dags/load_orders_to_postgres_dag.py
[2025-04-30T23:01:39.635+0000] {processor.py:830} INFO - Processing file /opt/airflow/dags/load_orders_to_postgres_dag.py for tasks to queue
[2025-04-30T23:01:39.636+0000] {logging_mixin.py:188} INFO - [2025-04-30T23:01:39.635+0000] {dagbag.py:538} INFO - Filling up the DagBag from /opt/airflow/dags/load_orders_to_postgres_dag.py
[2025-04-30T23:01:39.881+0000] {processor.py:840} INFO - DAG(s) 'load_orders_to_postgres_dag' retrieved from /opt/airflow/dags/load_orders_to_postgres_dag.py
[2025-04-30T23:01:39.917+0000] {logging_mixin.py:188} INFO - [2025-04-30T23:01:39.915+0000] {dag.py:3036} INFO - Sync 1 DAGs
[2025-04-30T23:01:39.928+0000] {logging_mixin.py:188} INFO - [2025-04-30T23:01:39.928+0000] {dag.py:3823} INFO - Setting next_dagrun for load_orders_to_postgres_dag to None, run_after=None
[2025-04-30T23:01:39.959+0000] {processor.py:183} INFO - Processing /opt/airflow/dags/load_orders_to_postgres_dag.py took 0.329 seconds
[2025-04-30T23:01:51.471+0000] {processor.py:161} INFO - Started process (PID=686) to work on /opt/airflow/dags/load_orders_to_postgres_dag.py
[2025-04-30T23:01:51.472+0000] {processor.py:830} INFO - Processing file /opt/airflow/dags/load_orders_to_postgres_dag.py for tasks to queue
[2025-04-30T23:01:51.473+0000] {logging_mixin.py:188} INFO - [2025-04-30T23:01:51.473+0000] {dagbag.py:538} INFO - Filling up the DagBag from /opt/airflow/dags/load_orders_to_postgres_dag.py
[2025-04-30T23:01:51.700+0000] {processor.py:840} INFO - DAG(s) 'load_orders_to_postgres_dag' retrieved from /opt/airflow/dags/load_orders_to_postgres_dag.py
[2025-04-30T23:01:51.718+0000] {logging_mixin.py:188} INFO - [2025-04-30T23:01:51.717+0000] {dag.py:3036} INFO - Sync 1 DAGs
[2025-04-30T23:01:51.727+0000] {logging_mixin.py:188} INFO - [2025-04-30T23:01:51.727+0000] {dag.py:3823} INFO - Setting next_dagrun for load_orders_to_postgres_dag to None, run_after=None
[2025-04-30T23:01:51.741+0000] {processor.py:183} INFO - Processing /opt/airflow/dags/load_orders_to_postgres_dag.py took 0.273 seconds
[2025-04-30T23:02:10.924+0000] {processor.py:161} INFO - Started process (PID=708) to work on /opt/airflow/dags/load_orders_to_postgres_dag.py
[2025-04-30T23:02:10.925+0000] {processor.py:830} INFO - Processing file /opt/airflow/dags/load_orders_to_postgres_dag.py for tasks to queue
[2025-04-30T23:02:10.926+0000] {logging_mixin.py:188} INFO - [2025-04-30T23:02:10.925+0000] {dagbag.py:538} INFO - Filling up the DagBag from /opt/airflow/dags/load_orders_to_postgres_dag.py
[2025-04-30T23:02:11.354+0000] {processor.py:840} INFO - DAG(s) 'load_orders_to_postgres_dag' retrieved from /opt/airflow/dags/load_orders_to_postgres_dag.py
[2025-04-30T23:02:11.402+0000] {logging_mixin.py:188} INFO - [2025-04-30T23:02:11.401+0000] {dag.py:3036} INFO - Sync 1 DAGs
[2025-04-30T23:02:11.423+0000] {logging_mixin.py:188} INFO - [2025-04-30T23:02:11.423+0000] {dag.py:3823} INFO - Setting next_dagrun for load_orders_to_postgres_dag to None, run_after=None
[2025-04-30T23:02:11.451+0000] {processor.py:183} INFO - Processing /opt/airflow/dags/load_orders_to_postgres_dag.py took 0.530 seconds
[2025-04-30T23:02:21.945+0000] {processor.py:161} INFO - Started process (PID=724) to work on /opt/airflow/dags/load_orders_to_postgres_dag.py
[2025-04-30T23:02:21.946+0000] {processor.py:830} INFO - Processing file /opt/airflow/dags/load_orders_to_postgres_dag.py for tasks to queue
[2025-04-30T23:02:21.947+0000] {logging_mixin.py:188} INFO - [2025-04-30T23:02:21.946+0000] {dagbag.py:538} INFO - Filling up the DagBag from /opt/airflow/dags/load_orders_to_postgres_dag.py
[2025-04-30T23:02:22.262+0000] {processor.py:840} INFO - DAG(s) 'load_orders_to_postgres_dag' retrieved from /opt/airflow/dags/load_orders_to_postgres_dag.py
[2025-04-30T23:02:22.284+0000] {logging_mixin.py:188} INFO - [2025-04-30T23:02:22.283+0000] {dag.py:3036} INFO - Sync 1 DAGs
[2025-04-30T23:02:22.295+0000] {logging_mixin.py:188} INFO - [2025-04-30T23:02:22.295+0000] {dag.py:3823} INFO - Setting next_dagrun for load_orders_to_postgres_dag to None, run_after=None
[2025-04-30T23:02:22.311+0000] {processor.py:183} INFO - Processing /opt/airflow/dags/load_orders_to_postgres_dag.py took 0.369 seconds
[2025-04-30T23:02:42.263+0000] {processor.py:161} INFO - Started process (PID=751) to work on /opt/airflow/dags/load_orders_to_postgres_dag.py
[2025-04-30T23:02:42.263+0000] {processor.py:830} INFO - Processing file /opt/airflow/dags/load_orders_to_postgres_dag.py for tasks to queue
[2025-04-30T23:02:42.264+0000] {logging_mixin.py:188} INFO - [2025-04-30T23:02:42.264+0000] {dagbag.py:538} INFO - Filling up the DagBag from /opt/airflow/dags/load_orders_to_postgres_dag.py
[2025-04-30T23:02:42.495+0000] {processor.py:840} INFO - DAG(s) 'load_orders_to_postgres_dag' retrieved from /opt/airflow/dags/load_orders_to_postgres_dag.py
[2025-04-30T23:02:42.518+0000] {logging_mixin.py:188} INFO - [2025-04-30T23:02:42.517+0000] {dag.py:3036} INFO - Sync 1 DAGs
[2025-04-30T23:02:42.526+0000] {logging_mixin.py:188} INFO - [2025-04-30T23:02:42.526+0000] {dag.py:3823} INFO - Setting next_dagrun for load_orders_to_postgres_dag to None, run_after=None
[2025-04-30T23:02:42.543+0000] {processor.py:183} INFO - Processing /opt/airflow/dags/load_orders_to_postgres_dag.py took 0.283 seconds
[2025-04-30T23:02:52.382+0000] {processor.py:161} INFO - Started process (PID=767) to work on /opt/airflow/dags/load_orders_to_postgres_dag.py
[2025-04-30T23:02:52.383+0000] {processor.py:830} INFO - Processing file /opt/airflow/dags/load_orders_to_postgres_dag.py for tasks to queue
[2025-04-30T23:02:52.385+0000] {logging_mixin.py:188} INFO - [2025-04-30T23:02:52.385+0000] {dagbag.py:538} INFO - Filling up the DagBag from /opt/airflow/dags/load_orders_to_postgres_dag.py
[2025-04-30T23:02:52.642+0000] {processor.py:840} INFO - DAG(s) 'load_orders_to_postgres_dag' retrieved from /opt/airflow/dags/load_orders_to_postgres_dag.py
[2025-04-30T23:02:52.662+0000] {logging_mixin.py:188} INFO - [2025-04-30T23:02:52.661+0000] {dag.py:3036} INFO - Sync 1 DAGs
[2025-04-30T23:02:52.670+0000] {logging_mixin.py:188} INFO - [2025-04-30T23:02:52.670+0000] {dag.py:3823} INFO - Setting next_dagrun for load_orders_to_postgres_dag to None, run_after=None
[2025-04-30T23:02:52.687+0000] {processor.py:183} INFO - Processing /opt/airflow/dags/load_orders_to_postgres_dag.py took 0.307 seconds
[2025-04-30T23:03:12.640+0000] {processor.py:161} INFO - Started process (PID=794) to work on /opt/airflow/dags/load_orders_to_postgres_dag.py
[2025-04-30T23:03:12.641+0000] {processor.py:830} INFO - Processing file /opt/airflow/dags/load_orders_to_postgres_dag.py for tasks to queue
[2025-04-30T23:03:12.642+0000] {logging_mixin.py:188} INFO - [2025-04-30T23:03:12.641+0000] {dagbag.py:538} INFO - Filling up the DagBag from /opt/airflow/dags/load_orders_to_postgres_dag.py
[2025-04-30T23:03:12.875+0000] {processor.py:840} INFO - DAG(s) 'load_orders_to_postgres_dag' retrieved from /opt/airflow/dags/load_orders_to_postgres_dag.py
[2025-04-30T23:03:12.896+0000] {logging_mixin.py:188} INFO - [2025-04-30T23:03:12.895+0000] {dag.py:3036} INFO - Sync 1 DAGs
[2025-04-30T23:03:12.907+0000] {logging_mixin.py:188} INFO - [2025-04-30T23:03:12.907+0000] {dag.py:3823} INFO - Setting next_dagrun for load_orders_to_postgres_dag to None, run_after=None
[2025-04-30T23:03:12.927+0000] {processor.py:183} INFO - Processing /opt/airflow/dags/load_orders_to_postgres_dag.py took 0.290 seconds
[2025-04-30T23:03:22.841+0000] {processor.py:161} INFO - Started process (PID=810) to work on /opt/airflow/dags/load_orders_to_postgres_dag.py
[2025-04-30T23:03:22.843+0000] {processor.py:830} INFO - Processing file /opt/airflow/dags/load_orders_to_postgres_dag.py for tasks to queue
[2025-04-30T23:03:22.845+0000] {logging_mixin.py:188} INFO - [2025-04-30T23:03:22.844+0000] {dagbag.py:538} INFO - Filling up the DagBag from /opt/airflow/dags/load_orders_to_postgres_dag.py
[2025-04-30T23:03:23.108+0000] {processor.py:840} INFO - DAG(s) 'load_orders_to_postgres_dag' retrieved from /opt/airflow/dags/load_orders_to_postgres_dag.py
[2025-04-30T23:03:23.125+0000] {logging_mixin.py:188} INFO - [2025-04-30T23:03:23.125+0000] {dag.py:3036} INFO - Sync 1 DAGs
[2025-04-30T23:03:23.134+0000] {logging_mixin.py:188} INFO - [2025-04-30T23:03:23.134+0000] {dag.py:3823} INFO - Setting next_dagrun for load_orders_to_postgres_dag to None, run_after=None
[2025-04-30T23:03:23.149+0000] {processor.py:183} INFO - Processing /opt/airflow/dags/load_orders_to_postgres_dag.py took 0.313 seconds
[2025-04-30T23:03:43.136+0000] {processor.py:161} INFO - Started process (PID=837) to work on /opt/airflow/dags/load_orders_to_postgres_dag.py
[2025-04-30T23:03:43.137+0000] {processor.py:830} INFO - Processing file /opt/airflow/dags/load_orders_to_postgres_dag.py for tasks to queue
[2025-04-30T23:03:43.137+0000] {logging_mixin.py:188} INFO - [2025-04-30T23:03:43.137+0000] {dagbag.py:538} INFO - Filling up the DagBag from /opt/airflow/dags/load_orders_to_postgres_dag.py
[2025-04-30T23:03:43.395+0000] {processor.py:840} INFO - DAG(s) 'load_orders_to_postgres_dag' retrieved from /opt/airflow/dags/load_orders_to_postgres_dag.py
[2025-04-30T23:03:43.422+0000] {logging_mixin.py:188} INFO - [2025-04-30T23:03:43.422+0000] {dag.py:3036} INFO - Sync 1 DAGs
[2025-04-30T23:03:43.435+0000] {logging_mixin.py:188} INFO - [2025-04-30T23:03:43.435+0000] {dag.py:3823} INFO - Setting next_dagrun for load_orders_to_postgres_dag to None, run_after=None
[2025-04-30T23:03:43.455+0000] {processor.py:183} INFO - Processing /opt/airflow/dags/load_orders_to_postgres_dag.py took 0.322 seconds
[2025-04-30T23:03:53.403+0000] {processor.py:161} INFO - Started process (PID=853) to work on /opt/airflow/dags/load_orders_to_postgres_dag.py
[2025-04-30T23:03:53.404+0000] {processor.py:830} INFO - Processing file /opt/airflow/dags/load_orders_to_postgres_dag.py for tasks to queue
[2025-04-30T23:03:53.406+0000] {logging_mixin.py:188} INFO - [2025-04-30T23:03:53.406+0000] {dagbag.py:538} INFO - Filling up the DagBag from /opt/airflow/dags/load_orders_to_postgres_dag.py
[2025-04-30T23:03:53.640+0000] {processor.py:840} INFO - DAG(s) 'load_orders_to_postgres_dag' retrieved from /opt/airflow/dags/load_orders_to_postgres_dag.py
[2025-04-30T23:03:53.660+0000] {logging_mixin.py:188} INFO - [2025-04-30T23:03:53.660+0000] {dag.py:3036} INFO - Sync 1 DAGs
[2025-04-30T23:03:53.671+0000] {logging_mixin.py:188} INFO - [2025-04-30T23:03:53.671+0000] {dag.py:3823} INFO - Setting next_dagrun for load_orders_to_postgres_dag to None, run_after=None
[2025-04-30T23:03:53.691+0000] {processor.py:183} INFO - Processing /opt/airflow/dags/load_orders_to_postgres_dag.py took 0.291 seconds
[2025-04-30T23:04:13.692+0000] {processor.py:161} INFO - Started process (PID=880) to work on /opt/airflow/dags/load_orders_to_postgres_dag.py
[2025-04-30T23:04:13.695+0000] {processor.py:830} INFO - Processing file /opt/airflow/dags/load_orders_to_postgres_dag.py for tasks to queue
[2025-04-30T23:04:13.698+0000] {logging_mixin.py:188} INFO - [2025-04-30T23:04:13.697+0000] {dagbag.py:538} INFO - Filling up the DagBag from /opt/airflow/dags/load_orders_to_postgres_dag.py
[2025-04-30T23:04:14.054+0000] {processor.py:840} INFO - DAG(s) 'load_orders_to_postgres_dag' retrieved from /opt/airflow/dags/load_orders_to_postgres_dag.py
[2025-04-30T23:04:14.100+0000] {logging_mixin.py:188} INFO - [2025-04-30T23:04:14.099+0000] {dag.py:3036} INFO - Sync 1 DAGs
[2025-04-30T23:04:14.125+0000] {logging_mixin.py:188} INFO - [2025-04-30T23:04:14.124+0000] {dag.py:3823} INFO - Setting next_dagrun for load_orders_to_postgres_dag to None, run_after=None
[2025-04-30T23:04:14.159+0000] {processor.py:183} INFO - Processing /opt/airflow/dags/load_orders_to_postgres_dag.py took 0.472 seconds
[2025-04-30T23:04:23.852+0000] {processor.py:161} INFO - Started process (PID=896) to work on /opt/airflow/dags/load_orders_to_postgres_dag.py
[2025-04-30T23:04:23.853+0000] {processor.py:830} INFO - Processing file /opt/airflow/dags/load_orders_to_postgres_dag.py for tasks to queue
[2025-04-30T23:04:23.854+0000] {logging_mixin.py:188} INFO - [2025-04-30T23:04:23.854+0000] {dagbag.py:538} INFO - Filling up the DagBag from /opt/airflow/dags/load_orders_to_postgres_dag.py
[2025-04-30T23:04:24.237+0000] {processor.py:840} INFO - DAG(s) 'load_orders_to_postgres_dag' retrieved from /opt/airflow/dags/load_orders_to_postgres_dag.py
[2025-04-30T23:04:24.290+0000] {logging_mixin.py:188} INFO - [2025-04-30T23:04:24.289+0000] {dag.py:3036} INFO - Sync 1 DAGs
[2025-04-30T23:04:24.327+0000] {logging_mixin.py:188} INFO - [2025-04-30T23:04:24.327+0000] {dag.py:3823} INFO - Setting next_dagrun for load_orders_to_postgres_dag to None, run_after=None
[2025-04-30T23:04:24.376+0000] {processor.py:183} INFO - Processing /opt/airflow/dags/load_orders_to_postgres_dag.py took 0.527 seconds
[2025-04-30T23:04:45.107+0000] {processor.py:161} INFO - Started process (PID=923) to work on /opt/airflow/dags/load_orders_to_postgres_dag.py
[2025-04-30T23:04:45.109+0000] {processor.py:830} INFO - Processing file /opt/airflow/dags/load_orders_to_postgres_dag.py for tasks to queue
[2025-04-30T23:04:45.110+0000] {logging_mixin.py:188} INFO - [2025-04-30T23:04:45.110+0000] {dagbag.py:538} INFO - Filling up the DagBag from /opt/airflow/dags/load_orders_to_postgres_dag.py
[2025-04-30T23:04:45.403+0000] {processor.py:840} INFO - DAG(s) 'load_orders_to_postgres_dag' retrieved from /opt/airflow/dags/load_orders_to_postgres_dag.py
[2025-04-30T23:04:45.429+0000] {logging_mixin.py:188} INFO - [2025-04-30T23:04:45.428+0000] {dag.py:3036} INFO - Sync 1 DAGs
[2025-04-30T23:04:45.441+0000] {logging_mixin.py:188} INFO - [2025-04-30T23:04:45.441+0000] {dag.py:3823} INFO - Setting next_dagrun for load_orders_to_postgres_dag to None, run_after=None
[2025-04-30T23:04:45.466+0000] {processor.py:183} INFO - Processing /opt/airflow/dags/load_orders_to_postgres_dag.py took 0.364 seconds
[2025-04-30T23:04:54.612+0000] {processor.py:161} INFO - Started process (PID=939) to work on /opt/airflow/dags/load_orders_to_postgres_dag.py
[2025-04-30T23:04:54.614+0000] {processor.py:830} INFO - Processing file /opt/airflow/dags/load_orders_to_postgres_dag.py for tasks to queue
[2025-04-30T23:04:54.615+0000] {logging_mixin.py:188} INFO - [2025-04-30T23:04:54.614+0000] {dagbag.py:538} INFO - Filling up the DagBag from /opt/airflow/dags/load_orders_to_postgres_dag.py
[2025-04-30T23:04:54.909+0000] {processor.py:840} INFO - DAG(s) 'load_orders_to_postgres_dag' retrieved from /opt/airflow/dags/load_orders_to_postgres_dag.py
[2025-04-30T23:04:54.938+0000] {logging_mixin.py:188} INFO - [2025-04-30T23:04:54.937+0000] {dag.py:3036} INFO - Sync 1 DAGs
[2025-04-30T23:04:54.952+0000] {logging_mixin.py:188} INFO - [2025-04-30T23:04:54.952+0000] {dag.py:3823} INFO - Setting next_dagrun for load_orders_to_postgres_dag to None, run_after=None
[2025-04-30T23:04:54.976+0000] {processor.py:183} INFO - Processing /opt/airflow/dags/load_orders_to_postgres_dag.py took 0.366 seconds
[2025-04-30T23:05:15.781+0000] {processor.py:161} INFO - Started process (PID=966) to work on /opt/airflow/dags/load_orders_to_postgres_dag.py
[2025-04-30T23:05:15.784+0000] {processor.py:830} INFO - Processing file /opt/airflow/dags/load_orders_to_postgres_dag.py for tasks to queue
[2025-04-30T23:05:15.787+0000] {logging_mixin.py:188} INFO - [2025-04-30T23:05:15.786+0000] {dagbag.py:538} INFO - Filling up the DagBag from /opt/airflow/dags/load_orders_to_postgres_dag.py
[2025-04-30T23:05:16.687+0000] {processor.py:840} INFO - DAG(s) 'load_orders_to_postgres_dag' retrieved from /opt/airflow/dags/load_orders_to_postgres_dag.py
[2025-04-30T23:05:16.764+0000] {logging_mixin.py:188} INFO - [2025-04-30T23:05:16.762+0000] {dag.py:3036} INFO - Sync 1 DAGs
[2025-04-30T23:05:16.818+0000] {logging_mixin.py:188} INFO - [2025-04-30T23:05:16.817+0000] {dag.py:3823} INFO - Setting next_dagrun for load_orders_to_postgres_dag to None, run_after=None
[2025-04-30T23:05:16.870+0000] {processor.py:183} INFO - Processing /opt/airflow/dags/load_orders_to_postgres_dag.py took 1.095 seconds
