[2025-04-30T22:55:57.028+0000] {processor.py:161} INFO - Started process (PID=167) to work on /opt/airflow/dags/produce_orders_to_kafka_dag.py
[2025-04-30T22:55:57.031+0000] {processor.py:830} INFO - Processing file /opt/airflow/dags/produce_orders_to_kafka_dag.py for tasks to queue
[2025-04-30T22:55:57.034+0000] {logging_mixin.py:188} INFO - [2025-04-30T22:55:57.033+0000] {dagbag.py:538} INFO - Filling up the DagBag from /opt/airflow/dags/produce_orders_to_kafka_dag.py
[2025-04-30T22:55:57.290+0000] {processor.py:840} INFO - DAG(s) 'produce_orders_to_kafka_dag' retrieved from /opt/airflow/dags/produce_orders_to_kafka_dag.py
[2025-04-30T22:55:57.831+0000] {logging_mixin.py:188} INFO - [2025-04-30T22:55:57.830+0000] {override.py:1769} INFO - Created Permission View: can delete on DAG:produce_orders_to_kafka_dag
[2025-04-30T22:55:57.849+0000] {logging_mixin.py:188} INFO - [2025-04-30T22:55:57.848+0000] {override.py:1769} INFO - Created Permission View: can edit on DAG:produce_orders_to_kafka_dag
[2025-04-30T22:55:57.865+0000] {logging_mixin.py:188} INFO - [2025-04-30T22:55:57.864+0000] {override.py:1769} INFO - Created Permission View: can read on DAG:produce_orders_to_kafka_dag
[2025-04-30T22:55:57.866+0000] {logging_mixin.py:188} INFO - [2025-04-30T22:55:57.866+0000] {dag.py:3036} INFO - Sync 1 DAGs
[2025-04-30T22:55:57.888+0000] {logging_mixin.py:188} INFO - [2025-04-30T22:55:57.888+0000] {dag.py:3058} INFO - Creating ORM DAG for produce_orders_to_kafka_dag
[2025-04-30T22:55:57.890+0000] {logging_mixin.py:188} INFO - [2025-04-30T22:55:57.890+0000] {dag.py:3823} INFO - Setting next_dagrun for produce_orders_to_kafka_dag to None, run_after=None
[2025-04-30T22:55:57.934+0000] {processor.py:183} INFO - Processing /opt/airflow/dags/produce_orders_to_kafka_dag.py took 0.925 seconds
[2025-04-30T22:56:10.815+0000] {processor.py:161} INFO - Started process (PID=185) to work on /opt/airflow/dags/produce_orders_to_kafka_dag.py
[2025-04-30T22:56:10.821+0000] {processor.py:830} INFO - Processing file /opt/airflow/dags/produce_orders_to_kafka_dag.py for tasks to queue
[2025-04-30T22:56:10.826+0000] {logging_mixin.py:188} INFO - [2025-04-30T22:56:10.824+0000] {dagbag.py:538} INFO - Filling up the DagBag from /opt/airflow/dags/produce_orders_to_kafka_dag.py
[2025-04-30T22:56:11.068+0000] {processor.py:840} INFO - DAG(s) 'produce_orders_to_kafka_dag' retrieved from /opt/airflow/dags/produce_orders_to_kafka_dag.py
[2025-04-30T22:56:11.156+0000] {logging_mixin.py:188} INFO - [2025-04-30T22:56:11.156+0000] {dag.py:3036} INFO - Sync 1 DAGs
[2025-04-30T22:56:11.203+0000] {logging_mixin.py:188} INFO - [2025-04-30T22:56:11.203+0000] {dag.py:3823} INFO - Setting next_dagrun for produce_orders_to_kafka_dag to None, run_after=None
[2025-04-30T22:56:11.264+0000] {processor.py:183} INFO - Processing /opt/airflow/dags/produce_orders_to_kafka_dag.py took 0.462 seconds
[2025-04-30T22:56:28.348+0000] {processor.py:161} INFO - Started process (PID=210) to work on /opt/airflow/dags/produce_orders_to_kafka_dag.py
[2025-04-30T22:56:28.354+0000] {processor.py:830} INFO - Processing file /opt/airflow/dags/produce_orders_to_kafka_dag.py for tasks to queue
[2025-04-30T22:56:28.356+0000] {logging_mixin.py:188} INFO - [2025-04-30T22:56:28.355+0000] {dagbag.py:538} INFO - Filling up the DagBag from /opt/airflow/dags/produce_orders_to_kafka_dag.py
[2025-04-30T22:56:28.504+0000] {processor.py:840} INFO - DAG(s) 'produce_orders_to_kafka_dag' retrieved from /opt/airflow/dags/produce_orders_to_kafka_dag.py
[2025-04-30T22:56:28.572+0000] {logging_mixin.py:188} INFO - [2025-04-30T22:56:28.571+0000] {dag.py:3036} INFO - Sync 1 DAGs
[2025-04-30T22:56:28.605+0000] {logging_mixin.py:188} INFO - [2025-04-30T22:56:28.604+0000] {dag.py:3823} INFO - Setting next_dagrun for produce_orders_to_kafka_dag to None, run_after=None
[2025-04-30T22:56:28.661+0000] {processor.py:183} INFO - Processing /opt/airflow/dags/produce_orders_to_kafka_dag.py took 0.328 seconds
[2025-04-30T22:56:41.903+0000] {processor.py:161} INFO - Started process (PID=228) to work on /opt/airflow/dags/produce_orders_to_kafka_dag.py
[2025-04-30T22:56:41.907+0000] {processor.py:830} INFO - Processing file /opt/airflow/dags/produce_orders_to_kafka_dag.py for tasks to queue
[2025-04-30T22:56:41.910+0000] {logging_mixin.py:188} INFO - [2025-04-30T22:56:41.909+0000] {dagbag.py:538} INFO - Filling up the DagBag from /opt/airflow/dags/produce_orders_to_kafka_dag.py
[2025-04-30T22:56:41.985+0000] {processor.py:840} INFO - DAG(s) 'produce_orders_to_kafka_dag' retrieved from /opt/airflow/dags/produce_orders_to_kafka_dag.py
[2025-04-30T22:56:42.024+0000] {logging_mixin.py:188} INFO - [2025-04-30T22:56:42.024+0000] {dag.py:3036} INFO - Sync 1 DAGs
[2025-04-30T22:56:42.041+0000] {logging_mixin.py:188} INFO - [2025-04-30T22:56:42.040+0000] {dag.py:3823} INFO - Setting next_dagrun for produce_orders_to_kafka_dag to None, run_after=None
[2025-04-30T22:56:42.060+0000] {processor.py:183} INFO - Processing /opt/airflow/dags/produce_orders_to_kafka_dag.py took 0.163 seconds
[2025-04-30T22:56:58.799+0000] {processor.py:161} INFO - Started process (PID=253) to work on /opt/airflow/dags/produce_orders_to_kafka_dag.py
[2025-04-30T22:56:58.801+0000] {processor.py:830} INFO - Processing file /opt/airflow/dags/produce_orders_to_kafka_dag.py for tasks to queue
[2025-04-30T22:56:58.802+0000] {logging_mixin.py:188} INFO - [2025-04-30T22:56:58.802+0000] {dagbag.py:538} INFO - Filling up the DagBag from /opt/airflow/dags/produce_orders_to_kafka_dag.py
[2025-04-30T22:56:58.872+0000] {processor.py:840} INFO - DAG(s) 'produce_orders_to_kafka_dag' retrieved from /opt/airflow/dags/produce_orders_to_kafka_dag.py
[2025-04-30T22:56:58.901+0000] {logging_mixin.py:188} INFO - [2025-04-30T22:56:58.901+0000] {dag.py:3036} INFO - Sync 1 DAGs
[2025-04-30T22:56:58.917+0000] {logging_mixin.py:188} INFO - [2025-04-30T22:56:58.916+0000] {dag.py:3823} INFO - Setting next_dagrun for produce_orders_to_kafka_dag to None, run_after=None
[2025-04-30T22:56:58.945+0000] {processor.py:183} INFO - Processing /opt/airflow/dags/produce_orders_to_kafka_dag.py took 0.151 seconds
[2025-04-30T22:57:12.617+0000] {processor.py:161} INFO - Started process (PID=271) to work on /opt/airflow/dags/produce_orders_to_kafka_dag.py
[2025-04-30T22:57:12.618+0000] {processor.py:830} INFO - Processing file /opt/airflow/dags/produce_orders_to_kafka_dag.py for tasks to queue
[2025-04-30T22:57:12.619+0000] {logging_mixin.py:188} INFO - [2025-04-30T22:57:12.619+0000] {dagbag.py:538} INFO - Filling up the DagBag from /opt/airflow/dags/produce_orders_to_kafka_dag.py
[2025-04-30T22:57:12.685+0000] {processor.py:840} INFO - DAG(s) 'produce_orders_to_kafka_dag' retrieved from /opt/airflow/dags/produce_orders_to_kafka_dag.py
[2025-04-30T22:57:12.710+0000] {logging_mixin.py:188} INFO - [2025-04-30T22:57:12.710+0000] {dag.py:3036} INFO - Sync 1 DAGs
[2025-04-30T22:57:12.720+0000] {logging_mixin.py:188} INFO - [2025-04-30T22:57:12.720+0000] {dag.py:3823} INFO - Setting next_dagrun for produce_orders_to_kafka_dag to None, run_after=None
[2025-04-30T22:57:12.742+0000] {processor.py:183} INFO - Processing /opt/airflow/dags/produce_orders_to_kafka_dag.py took 0.127 seconds
[2025-04-30T22:57:29.375+0000] {processor.py:161} INFO - Started process (PID=296) to work on /opt/airflow/dags/produce_orders_to_kafka_dag.py
[2025-04-30T22:57:29.377+0000] {processor.py:830} INFO - Processing file /opt/airflow/dags/produce_orders_to_kafka_dag.py for tasks to queue
[2025-04-30T22:57:29.378+0000] {logging_mixin.py:188} INFO - [2025-04-30T22:57:29.378+0000] {dagbag.py:538} INFO - Filling up the DagBag from /opt/airflow/dags/produce_orders_to_kafka_dag.py
[2025-04-30T22:57:29.448+0000] {processor.py:840} INFO - DAG(s) 'produce_orders_to_kafka_dag' retrieved from /opt/airflow/dags/produce_orders_to_kafka_dag.py
[2025-04-30T22:57:29.478+0000] {logging_mixin.py:188} INFO - [2025-04-30T22:57:29.478+0000] {dag.py:3036} INFO - Sync 1 DAGs
[2025-04-30T22:57:29.489+0000] {logging_mixin.py:188} INFO - [2025-04-30T22:57:29.489+0000] {dag.py:3823} INFO - Setting next_dagrun for produce_orders_to_kafka_dag to None, run_after=None
[2025-04-30T22:57:29.514+0000] {processor.py:183} INFO - Processing /opt/airflow/dags/produce_orders_to_kafka_dag.py took 0.141 seconds
[2025-04-30T22:57:42.952+0000] {processor.py:161} INFO - Started process (PID=314) to work on /opt/airflow/dags/produce_orders_to_kafka_dag.py
[2025-04-30T22:57:42.954+0000] {processor.py:830} INFO - Processing file /opt/airflow/dags/produce_orders_to_kafka_dag.py for tasks to queue
[2025-04-30T22:57:42.956+0000] {logging_mixin.py:188} INFO - [2025-04-30T22:57:42.955+0000] {dagbag.py:538} INFO - Filling up the DagBag from /opt/airflow/dags/produce_orders_to_kafka_dag.py
[2025-04-30T22:57:43.067+0000] {processor.py:840} INFO - DAG(s) 'produce_orders_to_kafka_dag' retrieved from /opt/airflow/dags/produce_orders_to_kafka_dag.py
[2025-04-30T22:57:43.095+0000] {logging_mixin.py:188} INFO - [2025-04-30T22:57:43.094+0000] {dag.py:3036} INFO - Sync 1 DAGs
[2025-04-30T22:57:43.106+0000] {logging_mixin.py:188} INFO - [2025-04-30T22:57:43.106+0000] {dag.py:3823} INFO - Setting next_dagrun for produce_orders_to_kafka_dag to None, run_after=None
[2025-04-30T22:57:43.124+0000] {processor.py:183} INFO - Processing /opt/airflow/dags/produce_orders_to_kafka_dag.py took 0.176 seconds
[2025-04-30T22:58:00.336+0000] {processor.py:161} INFO - Started process (PID=339) to work on /opt/airflow/dags/produce_orders_to_kafka_dag.py
[2025-04-30T22:58:00.338+0000] {processor.py:830} INFO - Processing file /opt/airflow/dags/produce_orders_to_kafka_dag.py for tasks to queue
[2025-04-30T22:58:00.340+0000] {logging_mixin.py:188} INFO - [2025-04-30T22:58:00.340+0000] {dagbag.py:538} INFO - Filling up the DagBag from /opt/airflow/dags/produce_orders_to_kafka_dag.py
[2025-04-30T22:58:00.426+0000] {processor.py:840} INFO - DAG(s) 'produce_orders_to_kafka_dag' retrieved from /opt/airflow/dags/produce_orders_to_kafka_dag.py
[2025-04-30T22:58:00.461+0000] {logging_mixin.py:188} INFO - [2025-04-30T22:58:00.461+0000] {dag.py:3036} INFO - Sync 1 DAGs
[2025-04-30T22:58:00.483+0000] {logging_mixin.py:188} INFO - [2025-04-30T22:58:00.483+0000] {dag.py:3823} INFO - Setting next_dagrun for produce_orders_to_kafka_dag to None, run_after=None
[2025-04-30T22:58:00.524+0000] {processor.py:183} INFO - Processing /opt/airflow/dags/produce_orders_to_kafka_dag.py took 0.192 seconds
[2025-04-30T22:58:13.623+0000] {processor.py:161} INFO - Started process (PID=357) to work on /opt/airflow/dags/produce_orders_to_kafka_dag.py
[2025-04-30T22:58:13.624+0000] {processor.py:830} INFO - Processing file /opt/airflow/dags/produce_orders_to_kafka_dag.py for tasks to queue
[2025-04-30T22:58:13.626+0000] {logging_mixin.py:188} INFO - [2025-04-30T22:58:13.625+0000] {dagbag.py:538} INFO - Filling up the DagBag from /opt/airflow/dags/produce_orders_to_kafka_dag.py
[2025-04-30T22:58:13.748+0000] {processor.py:840} INFO - DAG(s) 'produce_orders_to_kafka_dag' retrieved from /opt/airflow/dags/produce_orders_to_kafka_dag.py
[2025-04-30T22:58:13.790+0000] {logging_mixin.py:188} INFO - [2025-04-30T22:58:13.790+0000] {dag.py:3036} INFO - Sync 1 DAGs
[2025-04-30T22:58:13.808+0000] {logging_mixin.py:188} INFO - [2025-04-30T22:58:13.808+0000] {dag.py:3823} INFO - Setting next_dagrun for produce_orders_to_kafka_dag to None, run_after=None
[2025-04-30T22:58:13.838+0000] {processor.py:183} INFO - Processing /opt/airflow/dags/produce_orders_to_kafka_dag.py took 0.221 seconds
[2025-04-30T22:58:30.607+0000] {processor.py:161} INFO - Started process (PID=382) to work on /opt/airflow/dags/produce_orders_to_kafka_dag.py
[2025-04-30T22:58:30.608+0000] {processor.py:830} INFO - Processing file /opt/airflow/dags/produce_orders_to_kafka_dag.py for tasks to queue
[2025-04-30T22:58:30.610+0000] {logging_mixin.py:188} INFO - [2025-04-30T22:58:30.609+0000] {dagbag.py:538} INFO - Filling up the DagBag from /opt/airflow/dags/produce_orders_to_kafka_dag.py
[2025-04-30T22:58:30.709+0000] {processor.py:840} INFO - DAG(s) 'produce_orders_to_kafka_dag' retrieved from /opt/airflow/dags/produce_orders_to_kafka_dag.py
[2025-04-30T22:58:30.751+0000] {logging_mixin.py:188} INFO - [2025-04-30T22:58:30.751+0000] {dag.py:3036} INFO - Sync 1 DAGs
[2025-04-30T22:58:30.769+0000] {logging_mixin.py:188} INFO - [2025-04-30T22:58:30.769+0000] {dag.py:3823} INFO - Setting next_dagrun for produce_orders_to_kafka_dag to None, run_after=None
[2025-04-30T22:58:30.801+0000] {processor.py:183} INFO - Processing /opt/airflow/dags/produce_orders_to_kafka_dag.py took 0.199 seconds
[2025-04-30T22:58:44.399+0000] {processor.py:161} INFO - Started process (PID=400) to work on /opt/airflow/dags/produce_orders_to_kafka_dag.py
[2025-04-30T22:58:44.401+0000] {processor.py:830} INFO - Processing file /opt/airflow/dags/produce_orders_to_kafka_dag.py for tasks to queue
[2025-04-30T22:58:44.402+0000] {logging_mixin.py:188} INFO - [2025-04-30T22:58:44.402+0000] {dagbag.py:538} INFO - Filling up the DagBag from /opt/airflow/dags/produce_orders_to_kafka_dag.py
[2025-04-30T22:58:44.493+0000] {processor.py:840} INFO - DAG(s) 'produce_orders_to_kafka_dag' retrieved from /opt/airflow/dags/produce_orders_to_kafka_dag.py
[2025-04-30T22:58:44.526+0000] {logging_mixin.py:188} INFO - [2025-04-30T22:58:44.526+0000] {dag.py:3036} INFO - Sync 1 DAGs
[2025-04-30T22:58:44.545+0000] {logging_mixin.py:188} INFO - [2025-04-30T22:58:44.544+0000] {dag.py:3823} INFO - Setting next_dagrun for produce_orders_to_kafka_dag to None, run_after=None
[2025-04-30T22:58:44.579+0000] {processor.py:183} INFO - Processing /opt/airflow/dags/produce_orders_to_kafka_dag.py took 0.183 seconds
[2025-04-30T22:59:01.605+0000] {processor.py:161} INFO - Started process (PID=425) to work on /opt/airflow/dags/produce_orders_to_kafka_dag.py
[2025-04-30T22:59:01.606+0000] {processor.py:830} INFO - Processing file /opt/airflow/dags/produce_orders_to_kafka_dag.py for tasks to queue
[2025-04-30T22:59:01.607+0000] {logging_mixin.py:188} INFO - [2025-04-30T22:59:01.606+0000] {dagbag.py:538} INFO - Filling up the DagBag from /opt/airflow/dags/produce_orders_to_kafka_dag.py
[2025-04-30T22:59:01.680+0000] {processor.py:840} INFO - DAG(s) 'produce_orders_to_kafka_dag' retrieved from /opt/airflow/dags/produce_orders_to_kafka_dag.py
[2025-04-30T22:59:01.707+0000] {logging_mixin.py:188} INFO - [2025-04-30T22:59:01.707+0000] {dag.py:3036} INFO - Sync 1 DAGs
[2025-04-30T22:59:01.718+0000] {logging_mixin.py:188} INFO - [2025-04-30T22:59:01.718+0000] {dag.py:3823} INFO - Setting next_dagrun for produce_orders_to_kafka_dag to None, run_after=None
[2025-04-30T22:59:01.739+0000] {processor.py:183} INFO - Processing /opt/airflow/dags/produce_orders_to_kafka_dag.py took 0.137 seconds
[2025-04-30T22:59:14.759+0000] {processor.py:161} INFO - Started process (PID=443) to work on /opt/airflow/dags/produce_orders_to_kafka_dag.py
[2025-04-30T22:59:14.760+0000] {processor.py:830} INFO - Processing file /opt/airflow/dags/produce_orders_to_kafka_dag.py for tasks to queue
[2025-04-30T22:59:14.762+0000] {logging_mixin.py:188} INFO - [2025-04-30T22:59:14.762+0000] {dagbag.py:538} INFO - Filling up the DagBag from /opt/airflow/dags/produce_orders_to_kafka_dag.py
[2025-04-30T22:59:14.840+0000] {processor.py:840} INFO - DAG(s) 'produce_orders_to_kafka_dag' retrieved from /opt/airflow/dags/produce_orders_to_kafka_dag.py
[2025-04-30T22:59:14.865+0000] {logging_mixin.py:188} INFO - [2025-04-30T22:59:14.864+0000] {dag.py:3036} INFO - Sync 1 DAGs
[2025-04-30T22:59:14.877+0000] {logging_mixin.py:188} INFO - [2025-04-30T22:59:14.877+0000] {dag.py:3823} INFO - Setting next_dagrun for produce_orders_to_kafka_dag to None, run_after=None
[2025-04-30T22:59:14.906+0000] {processor.py:183} INFO - Processing /opt/airflow/dags/produce_orders_to_kafka_dag.py took 0.151 seconds
[2025-04-30T22:59:31.929+0000] {processor.py:161} INFO - Started process (PID=468) to work on /opt/airflow/dags/produce_orders_to_kafka_dag.py
[2025-04-30T22:59:31.930+0000] {processor.py:830} INFO - Processing file /opt/airflow/dags/produce_orders_to_kafka_dag.py for tasks to queue
[2025-04-30T22:59:31.931+0000] {logging_mixin.py:188} INFO - [2025-04-30T22:59:31.930+0000] {dagbag.py:538} INFO - Filling up the DagBag from /opt/airflow/dags/produce_orders_to_kafka_dag.py
[2025-04-30T22:59:31.991+0000] {processor.py:840} INFO - DAG(s) 'produce_orders_to_kafka_dag' retrieved from /opt/airflow/dags/produce_orders_to_kafka_dag.py
[2025-04-30T22:59:32.020+0000] {logging_mixin.py:188} INFO - [2025-04-30T22:59:32.019+0000] {dag.py:3036} INFO - Sync 1 DAGs
[2025-04-30T22:59:32.032+0000] {logging_mixin.py:188} INFO - [2025-04-30T22:59:32.031+0000] {dag.py:3823} INFO - Setting next_dagrun for produce_orders_to_kafka_dag to None, run_after=None
[2025-04-30T22:59:32.053+0000] {processor.py:183} INFO - Processing /opt/airflow/dags/produce_orders_to_kafka_dag.py took 0.126 seconds
[2025-04-30T22:59:45.058+0000] {processor.py:161} INFO - Started process (PID=486) to work on /opt/airflow/dags/produce_orders_to_kafka_dag.py
[2025-04-30T22:59:45.060+0000] {processor.py:830} INFO - Processing file /opt/airflow/dags/produce_orders_to_kafka_dag.py for tasks to queue
[2025-04-30T22:59:45.061+0000] {logging_mixin.py:188} INFO - [2025-04-30T22:59:45.061+0000] {dagbag.py:538} INFO - Filling up the DagBag from /opt/airflow/dags/produce_orders_to_kafka_dag.py
[2025-04-30T22:59:45.119+0000] {processor.py:840} INFO - DAG(s) 'produce_orders_to_kafka_dag' retrieved from /opt/airflow/dags/produce_orders_to_kafka_dag.py
[2025-04-30T22:59:45.141+0000] {logging_mixin.py:188} INFO - [2025-04-30T22:59:45.141+0000] {dag.py:3036} INFO - Sync 1 DAGs
[2025-04-30T22:59:45.152+0000] {logging_mixin.py:188} INFO - [2025-04-30T22:59:45.151+0000] {dag.py:3823} INFO - Setting next_dagrun for produce_orders_to_kafka_dag to None, run_after=None
[2025-04-30T22:59:45.171+0000] {processor.py:183} INFO - Processing /opt/airflow/dags/produce_orders_to_kafka_dag.py took 0.116 seconds
[2025-04-30T23:00:02.438+0000] {processor.py:161} INFO - Started process (PID=511) to work on /opt/airflow/dags/produce_orders_to_kafka_dag.py
[2025-04-30T23:00:02.439+0000] {processor.py:830} INFO - Processing file /opt/airflow/dags/produce_orders_to_kafka_dag.py for tasks to queue
[2025-04-30T23:00:02.441+0000] {logging_mixin.py:188} INFO - [2025-04-30T23:00:02.440+0000] {dagbag.py:538} INFO - Filling up the DagBag from /opt/airflow/dags/produce_orders_to_kafka_dag.py
[2025-04-30T23:00:02.499+0000] {processor.py:840} INFO - DAG(s) 'produce_orders_to_kafka_dag' retrieved from /opt/airflow/dags/produce_orders_to_kafka_dag.py
[2025-04-30T23:00:02.523+0000] {logging_mixin.py:188} INFO - [2025-04-30T23:00:02.523+0000] {dag.py:3036} INFO - Sync 1 DAGs
[2025-04-30T23:00:02.533+0000] {logging_mixin.py:188} INFO - [2025-04-30T23:00:02.533+0000] {dag.py:3823} INFO - Setting next_dagrun for produce_orders_to_kafka_dag to None, run_after=None
[2025-04-30T23:00:02.557+0000] {processor.py:183} INFO - Processing /opt/airflow/dags/produce_orders_to_kafka_dag.py took 0.122 seconds
[2025-04-30T23:00:15.728+0000] {processor.py:161} INFO - Started process (PID=529) to work on /opt/airflow/dags/produce_orders_to_kafka_dag.py
[2025-04-30T23:00:15.729+0000] {processor.py:830} INFO - Processing file /opt/airflow/dags/produce_orders_to_kafka_dag.py for tasks to queue
[2025-04-30T23:00:15.731+0000] {logging_mixin.py:188} INFO - [2025-04-30T23:00:15.730+0000] {dagbag.py:538} INFO - Filling up the DagBag from /opt/airflow/dags/produce_orders_to_kafka_dag.py
[2025-04-30T23:00:15.824+0000] {processor.py:840} INFO - DAG(s) 'produce_orders_to_kafka_dag' retrieved from /opt/airflow/dags/produce_orders_to_kafka_dag.py
[2025-04-30T23:00:15.861+0000] {logging_mixin.py:188} INFO - [2025-04-30T23:00:15.860+0000] {dag.py:3036} INFO - Sync 1 DAGs
[2025-04-30T23:00:15.880+0000] {logging_mixin.py:188} INFO - [2025-04-30T23:00:15.880+0000] {dag.py:3823} INFO - Setting next_dagrun for produce_orders_to_kafka_dag to None, run_after=None
[2025-04-30T23:00:15.918+0000] {processor.py:183} INFO - Processing /opt/airflow/dags/produce_orders_to_kafka_dag.py took 0.195 seconds
[2025-04-30T23:00:32.865+0000] {processor.py:161} INFO - Started process (PID=554) to work on /opt/airflow/dags/produce_orders_to_kafka_dag.py
[2025-04-30T23:00:32.866+0000] {processor.py:830} INFO - Processing file /opt/airflow/dags/produce_orders_to_kafka_dag.py for tasks to queue
[2025-04-30T23:00:32.868+0000] {logging_mixin.py:188} INFO - [2025-04-30T23:00:32.867+0000] {dagbag.py:538} INFO - Filling up the DagBag from /opt/airflow/dags/produce_orders_to_kafka_dag.py
[2025-04-30T23:00:32.948+0000] {processor.py:840} INFO - DAG(s) 'produce_orders_to_kafka_dag' retrieved from /opt/airflow/dags/produce_orders_to_kafka_dag.py
[2025-04-30T23:00:32.986+0000] {logging_mixin.py:188} INFO - [2025-04-30T23:00:32.986+0000] {dag.py:3036} INFO - Sync 1 DAGs
[2025-04-30T23:00:33.001+0000] {logging_mixin.py:188} INFO - [2025-04-30T23:00:33.001+0000] {dag.py:3823} INFO - Setting next_dagrun for produce_orders_to_kafka_dag to None, run_after=None
[2025-04-30T23:00:33.034+0000] {processor.py:183} INFO - Processing /opt/airflow/dags/produce_orders_to_kafka_dag.py took 0.172 seconds
[2025-04-30T23:00:46.633+0000] {processor.py:161} INFO - Started process (PID=572) to work on /opt/airflow/dags/produce_orders_to_kafka_dag.py
[2025-04-30T23:00:46.634+0000] {processor.py:830} INFO - Processing file /opt/airflow/dags/produce_orders_to_kafka_dag.py for tasks to queue
[2025-04-30T23:00:46.636+0000] {logging_mixin.py:188} INFO - [2025-04-30T23:00:46.636+0000] {dagbag.py:538} INFO - Filling up the DagBag from /opt/airflow/dags/produce_orders_to_kafka_dag.py
[2025-04-30T23:00:46.739+0000] {processor.py:840} INFO - DAG(s) 'produce_orders_to_kafka_dag' retrieved from /opt/airflow/dags/produce_orders_to_kafka_dag.py
[2025-04-30T23:00:46.780+0000] {logging_mixin.py:188} INFO - [2025-04-30T23:00:46.780+0000] {dag.py:3036} INFO - Sync 1 DAGs
[2025-04-30T23:00:46.798+0000] {logging_mixin.py:188} INFO - [2025-04-30T23:00:46.798+0000] {dag.py:3823} INFO - Setting next_dagrun for produce_orders_to_kafka_dag to None, run_after=None
[2025-04-30T23:00:46.829+0000] {processor.py:183} INFO - Processing /opt/airflow/dags/produce_orders_to_kafka_dag.py took 0.200 seconds
[2025-04-30T23:01:03.837+0000] {processor.py:161} INFO - Started process (PID=597) to work on /opt/airflow/dags/produce_orders_to_kafka_dag.py
[2025-04-30T23:01:03.838+0000] {processor.py:830} INFO - Processing file /opt/airflow/dags/produce_orders_to_kafka_dag.py for tasks to queue
[2025-04-30T23:01:03.839+0000] {logging_mixin.py:188} INFO - [2025-04-30T23:01:03.839+0000] {dagbag.py:538} INFO - Filling up the DagBag from /opt/airflow/dags/produce_orders_to_kafka_dag.py
[2025-04-30T23:01:03.909+0000] {processor.py:840} INFO - DAG(s) 'produce_orders_to_kafka_dag' retrieved from /opt/airflow/dags/produce_orders_to_kafka_dag.py
[2025-04-30T23:01:03.945+0000] {logging_mixin.py:188} INFO - [2025-04-30T23:01:03.945+0000] {dag.py:3036} INFO - Sync 1 DAGs
[2025-04-30T23:01:03.962+0000] {logging_mixin.py:188} INFO - [2025-04-30T23:01:03.962+0000] {dag.py:3823} INFO - Setting next_dagrun for produce_orders_to_kafka_dag to None, run_after=None
[2025-04-30T23:01:03.989+0000] {processor.py:183} INFO - Processing /opt/airflow/dags/produce_orders_to_kafka_dag.py took 0.155 seconds
[2025-04-30T23:01:17.547+0000] {processor.py:161} INFO - Started process (PID=615) to work on /opt/airflow/dags/produce_orders_to_kafka_dag.py
[2025-04-30T23:01:17.548+0000] {processor.py:830} INFO - Processing file /opt/airflow/dags/produce_orders_to_kafka_dag.py for tasks to queue
[2025-04-30T23:01:17.550+0000] {logging_mixin.py:188} INFO - [2025-04-30T23:01:17.550+0000] {dagbag.py:538} INFO - Filling up the DagBag from /opt/airflow/dags/produce_orders_to_kafka_dag.py
[2025-04-30T23:01:17.612+0000] {processor.py:840} INFO - DAG(s) 'produce_orders_to_kafka_dag' retrieved from /opt/airflow/dags/produce_orders_to_kafka_dag.py
[2025-04-30T23:01:17.635+0000] {logging_mixin.py:188} INFO - [2025-04-30T23:01:17.635+0000] {dag.py:3036} INFO - Sync 1 DAGs
[2025-04-30T23:01:17.645+0000] {logging_mixin.py:188} INFO - [2025-04-30T23:01:17.645+0000] {dag.py:3823} INFO - Setting next_dagrun for produce_orders_to_kafka_dag to None, run_after=None
[2025-04-30T23:01:17.667+0000] {processor.py:183} INFO - Processing /opt/airflow/dags/produce_orders_to_kafka_dag.py took 0.123 seconds
[2025-04-30T23:01:34.248+0000] {processor.py:161} INFO - Started process (PID=640) to work on /opt/airflow/dags/produce_orders_to_kafka_dag.py
[2025-04-30T23:01:34.250+0000] {processor.py:830} INFO - Processing file /opt/airflow/dags/produce_orders_to_kafka_dag.py for tasks to queue
[2025-04-30T23:01:34.251+0000] {logging_mixin.py:188} INFO - [2025-04-30T23:01:34.251+0000] {dagbag.py:538} INFO - Filling up the DagBag from /opt/airflow/dags/produce_orders_to_kafka_dag.py
[2025-04-30T23:01:34.331+0000] {processor.py:840} INFO - DAG(s) 'produce_orders_to_kafka_dag' retrieved from /opt/airflow/dags/produce_orders_to_kafka_dag.py
[2025-04-30T23:01:34.362+0000] {logging_mixin.py:188} INFO - [2025-04-30T23:01:34.362+0000] {dag.py:3036} INFO - Sync 1 DAGs
[2025-04-30T23:01:34.375+0000] {logging_mixin.py:188} INFO - [2025-04-30T23:01:34.375+0000] {dag.py:3823} INFO - Setting next_dagrun for produce_orders_to_kafka_dag to None, run_after=None
[2025-04-30T23:01:34.397+0000] {processor.py:183} INFO - Processing /opt/airflow/dags/produce_orders_to_kafka_dag.py took 0.154 seconds
[2025-04-30T23:01:47.913+0000] {processor.py:161} INFO - Started process (PID=661) to work on /opt/airflow/dags/produce_orders_to_kafka_dag.py
[2025-04-30T23:01:47.914+0000] {processor.py:830} INFO - Processing file /opt/airflow/dags/produce_orders_to_kafka_dag.py for tasks to queue
[2025-04-30T23:01:47.915+0000] {logging_mixin.py:188} INFO - [2025-04-30T23:01:47.915+0000] {dagbag.py:538} INFO - Filling up the DagBag from /opt/airflow/dags/produce_orders_to_kafka_dag.py
[2025-04-30T23:01:47.968+0000] {processor.py:840} INFO - DAG(s) 'produce_orders_to_kafka_dag' retrieved from /opt/airflow/dags/produce_orders_to_kafka_dag.py
[2025-04-30T23:01:47.990+0000] {logging_mixin.py:188} INFO - [2025-04-30T23:01:47.990+0000] {dag.py:3036} INFO - Sync 1 DAGs
[2025-04-30T23:01:48.001+0000] {logging_mixin.py:188} INFO - [2025-04-30T23:01:48.001+0000] {dag.py:3823} INFO - Setting next_dagrun for produce_orders_to_kafka_dag to None, run_after=None
[2025-04-30T23:01:48.020+0000] {processor.py:183} INFO - Processing /opt/airflow/dags/produce_orders_to_kafka_dag.py took 0.110 seconds
[2025-04-30T23:02:04.507+0000] {processor.py:161} INFO - Started process (PID=683) to work on /opt/airflow/dags/produce_orders_to_kafka_dag.py
[2025-04-30T23:02:04.508+0000] {processor.py:830} INFO - Processing file /opt/airflow/dags/produce_orders_to_kafka_dag.py for tasks to queue
[2025-04-30T23:02:04.509+0000] {logging_mixin.py:188} INFO - [2025-04-30T23:02:04.509+0000] {dagbag.py:538} INFO - Filling up the DagBag from /opt/airflow/dags/produce_orders_to_kafka_dag.py
[2025-04-30T23:02:04.568+0000] {processor.py:840} INFO - DAG(s) 'produce_orders_to_kafka_dag' retrieved from /opt/airflow/dags/produce_orders_to_kafka_dag.py
[2025-04-30T23:02:04.590+0000] {logging_mixin.py:188} INFO - [2025-04-30T23:02:04.590+0000] {dag.py:3036} INFO - Sync 1 DAGs
[2025-04-30T23:02:04.600+0000] {logging_mixin.py:188} INFO - [2025-04-30T23:02:04.600+0000] {dag.py:3823} INFO - Setting next_dagrun for produce_orders_to_kafka_dag to None, run_after=None
[2025-04-30T23:02:04.620+0000] {processor.py:183} INFO - Processing /opt/airflow/dags/produce_orders_to_kafka_dag.py took 0.117 seconds
[2025-04-30T23:02:18.636+0000] {processor.py:161} INFO - Started process (PID=704) to work on /opt/airflow/dags/produce_orders_to_kafka_dag.py
[2025-04-30T23:02:18.638+0000] {processor.py:830} INFO - Processing file /opt/airflow/dags/produce_orders_to_kafka_dag.py for tasks to queue
[2025-04-30T23:02:18.639+0000] {logging_mixin.py:188} INFO - [2025-04-30T23:02:18.639+0000] {dagbag.py:538} INFO - Filling up the DagBag from /opt/airflow/dags/produce_orders_to_kafka_dag.py
[2025-04-30T23:02:18.695+0000] {processor.py:840} INFO - DAG(s) 'produce_orders_to_kafka_dag' retrieved from /opt/airflow/dags/produce_orders_to_kafka_dag.py
[2025-04-30T23:02:18.725+0000] {logging_mixin.py:188} INFO - [2025-04-30T23:02:18.725+0000] {dag.py:3036} INFO - Sync 1 DAGs
[2025-04-30T23:02:18.747+0000] {logging_mixin.py:188} INFO - [2025-04-30T23:02:18.747+0000] {dag.py:3823} INFO - Setting next_dagrun for produce_orders_to_kafka_dag to None, run_after=None
[2025-04-30T23:02:18.777+0000] {processor.py:183} INFO - Processing /opt/airflow/dags/produce_orders_to_kafka_dag.py took 0.143 seconds
[2025-04-30T23:02:34.879+0000] {processor.py:161} INFO - Started process (PID=726) to work on /opt/airflow/dags/produce_orders_to_kafka_dag.py
[2025-04-30T23:02:34.881+0000] {processor.py:830} INFO - Processing file /opt/airflow/dags/produce_orders_to_kafka_dag.py for tasks to queue
[2025-04-30T23:02:34.883+0000] {logging_mixin.py:188} INFO - [2025-04-30T23:02:34.882+0000] {dagbag.py:538} INFO - Filling up the DagBag from /opt/airflow/dags/produce_orders_to_kafka_dag.py
[2025-04-30T23:02:34.942+0000] {processor.py:840} INFO - DAG(s) 'produce_orders_to_kafka_dag' retrieved from /opt/airflow/dags/produce_orders_to_kafka_dag.py
[2025-04-30T23:02:34.969+0000] {logging_mixin.py:188} INFO - [2025-04-30T23:02:34.969+0000] {dag.py:3036} INFO - Sync 1 DAGs
[2025-04-30T23:02:34.981+0000] {logging_mixin.py:188} INFO - [2025-04-30T23:02:34.981+0000] {dag.py:3823} INFO - Setting next_dagrun for produce_orders_to_kafka_dag to None, run_after=None
[2025-04-30T23:02:35.004+0000] {processor.py:183} INFO - Processing /opt/airflow/dags/produce_orders_to_kafka_dag.py took 0.128 seconds
[2025-04-30T23:02:49.111+0000] {processor.py:161} INFO - Started process (PID=747) to work on /opt/airflow/dags/produce_orders_to_kafka_dag.py
[2025-04-30T23:02:49.112+0000] {processor.py:830} INFO - Processing file /opt/airflow/dags/produce_orders_to_kafka_dag.py for tasks to queue
[2025-04-30T23:02:49.112+0000] {logging_mixin.py:188} INFO - [2025-04-30T23:02:49.112+0000] {dagbag.py:538} INFO - Filling up the DagBag from /opt/airflow/dags/produce_orders_to_kafka_dag.py
[2025-04-30T23:02:49.160+0000] {processor.py:840} INFO - DAG(s) 'produce_orders_to_kafka_dag' retrieved from /opt/airflow/dags/produce_orders_to_kafka_dag.py
[2025-04-30T23:02:49.181+0000] {logging_mixin.py:188} INFO - [2025-04-30T23:02:49.181+0000] {dag.py:3036} INFO - Sync 1 DAGs
[2025-04-30T23:02:49.192+0000] {logging_mixin.py:188} INFO - [2025-04-30T23:02:49.192+0000] {dag.py:3823} INFO - Setting next_dagrun for produce_orders_to_kafka_dag to None, run_after=None
[2025-04-30T23:02:49.212+0000] {processor.py:183} INFO - Processing /opt/airflow/dags/produce_orders_to_kafka_dag.py took 0.103 seconds
[2025-04-30T23:03:05.213+0000] {processor.py:161} INFO - Started process (PID=769) to work on /opt/airflow/dags/produce_orders_to_kafka_dag.py
[2025-04-30T23:03:05.216+0000] {processor.py:830} INFO - Processing file /opt/airflow/dags/produce_orders_to_kafka_dag.py for tasks to queue
[2025-04-30T23:03:05.218+0000] {logging_mixin.py:188} INFO - [2025-04-30T23:03:05.218+0000] {dagbag.py:538} INFO - Filling up the DagBag from /opt/airflow/dags/produce_orders_to_kafka_dag.py
[2025-04-30T23:03:05.284+0000] {processor.py:840} INFO - DAG(s) 'produce_orders_to_kafka_dag' retrieved from /opt/airflow/dags/produce_orders_to_kafka_dag.py
[2025-04-30T23:03:05.304+0000] {logging_mixin.py:188} INFO - [2025-04-30T23:03:05.304+0000] {dag.py:3036} INFO - Sync 1 DAGs
[2025-04-30T23:03:05.314+0000] {logging_mixin.py:188} INFO - [2025-04-30T23:03:05.313+0000] {dag.py:3823} INFO - Setting next_dagrun for produce_orders_to_kafka_dag to None, run_after=None
[2025-04-30T23:03:05.332+0000] {processor.py:183} INFO - Processing /opt/airflow/dags/produce_orders_to_kafka_dag.py took 0.122 seconds
[2025-04-30T23:03:19.485+0000] {processor.py:161} INFO - Started process (PID=790) to work on /opt/airflow/dags/produce_orders_to_kafka_dag.py
[2025-04-30T23:03:19.486+0000] {processor.py:830} INFO - Processing file /opt/airflow/dags/produce_orders_to_kafka_dag.py for tasks to queue
[2025-04-30T23:03:19.487+0000] {logging_mixin.py:188} INFO - [2025-04-30T23:03:19.487+0000] {dagbag.py:538} INFO - Filling up the DagBag from /opt/airflow/dags/produce_orders_to_kafka_dag.py
[2025-04-30T23:03:19.548+0000] {processor.py:840} INFO - DAG(s) 'produce_orders_to_kafka_dag' retrieved from /opt/airflow/dags/produce_orders_to_kafka_dag.py
[2025-04-30T23:03:19.571+0000] {logging_mixin.py:188} INFO - [2025-04-30T23:03:19.571+0000] {dag.py:3036} INFO - Sync 1 DAGs
[2025-04-30T23:03:19.582+0000] {logging_mixin.py:188} INFO - [2025-04-30T23:03:19.582+0000] {dag.py:3823} INFO - Setting next_dagrun for produce_orders_to_kafka_dag to None, run_after=None
[2025-04-30T23:03:19.601+0000] {processor.py:183} INFO - Processing /opt/airflow/dags/produce_orders_to_kafka_dag.py took 0.118 seconds
[2025-04-30T23:03:35.649+0000] {processor.py:161} INFO - Started process (PID=812) to work on /opt/airflow/dags/produce_orders_to_kafka_dag.py
[2025-04-30T23:03:35.650+0000] {processor.py:830} INFO - Processing file /opt/airflow/dags/produce_orders_to_kafka_dag.py for tasks to queue
[2025-04-30T23:03:35.652+0000] {logging_mixin.py:188} INFO - [2025-04-30T23:03:35.651+0000] {dagbag.py:538} INFO - Filling up the DagBag from /opt/airflow/dags/produce_orders_to_kafka_dag.py
[2025-04-30T23:03:35.751+0000] {processor.py:840} INFO - DAG(s) 'produce_orders_to_kafka_dag' retrieved from /opt/airflow/dags/produce_orders_to_kafka_dag.py
[2025-04-30T23:03:35.778+0000] {logging_mixin.py:188} INFO - [2025-04-30T23:03:35.778+0000] {dag.py:3036} INFO - Sync 1 DAGs
[2025-04-30T23:03:35.787+0000] {logging_mixin.py:188} INFO - [2025-04-30T23:03:35.787+0000] {dag.py:3823} INFO - Setting next_dagrun for produce_orders_to_kafka_dag to None, run_after=None
[2025-04-30T23:03:35.806+0000] {processor.py:183} INFO - Processing /opt/airflow/dags/produce_orders_to_kafka_dag.py took 0.160 seconds
[2025-04-30T23:03:49.922+0000] {processor.py:161} INFO - Started process (PID=833) to work on /opt/airflow/dags/produce_orders_to_kafka_dag.py
[2025-04-30T23:03:49.923+0000] {processor.py:830} INFO - Processing file /opt/airflow/dags/produce_orders_to_kafka_dag.py for tasks to queue
[2025-04-30T23:03:49.924+0000] {logging_mixin.py:188} INFO - [2025-04-30T23:03:49.924+0000] {dagbag.py:538} INFO - Filling up the DagBag from /opt/airflow/dags/produce_orders_to_kafka_dag.py
[2025-04-30T23:03:49.987+0000] {processor.py:840} INFO - DAG(s) 'produce_orders_to_kafka_dag' retrieved from /opt/airflow/dags/produce_orders_to_kafka_dag.py
[2025-04-30T23:03:50.011+0000] {logging_mixin.py:188} INFO - [2025-04-30T23:03:50.011+0000] {dag.py:3036} INFO - Sync 1 DAGs
[2025-04-30T23:03:50.022+0000] {logging_mixin.py:188} INFO - [2025-04-30T23:03:50.022+0000] {dag.py:3823} INFO - Setting next_dagrun for produce_orders_to_kafka_dag to None, run_after=None
[2025-04-30T23:03:50.043+0000] {processor.py:183} INFO - Processing /opt/airflow/dags/produce_orders_to_kafka_dag.py took 0.128 seconds
[2025-04-30T23:04:06.139+0000] {processor.py:161} INFO - Started process (PID=855) to work on /opt/airflow/dags/produce_orders_to_kafka_dag.py
[2025-04-30T23:04:06.140+0000] {processor.py:830} INFO - Processing file /opt/airflow/dags/produce_orders_to_kafka_dag.py for tasks to queue
[2025-04-30T23:04:06.142+0000] {logging_mixin.py:188} INFO - [2025-04-30T23:04:06.141+0000] {dagbag.py:538} INFO - Filling up the DagBag from /opt/airflow/dags/produce_orders_to_kafka_dag.py
[2025-04-30T23:04:06.219+0000] {processor.py:840} INFO - DAG(s) 'produce_orders_to_kafka_dag' retrieved from /opt/airflow/dags/produce_orders_to_kafka_dag.py
[2025-04-30T23:04:06.256+0000] {logging_mixin.py:188} INFO - [2025-04-30T23:04:06.256+0000] {dag.py:3036} INFO - Sync 1 DAGs
[2025-04-30T23:04:06.274+0000] {logging_mixin.py:188} INFO - [2025-04-30T23:04:06.274+0000] {dag.py:3823} INFO - Setting next_dagrun for produce_orders_to_kafka_dag to None, run_after=None
[2025-04-30T23:04:06.299+0000] {processor.py:183} INFO - Processing /opt/airflow/dags/produce_orders_to_kafka_dag.py took 0.164 seconds
[2025-04-30T23:04:20.287+0000] {processor.py:161} INFO - Started process (PID=876) to work on /opt/airflow/dags/produce_orders_to_kafka_dag.py
[2025-04-30T23:04:20.289+0000] {processor.py:830} INFO - Processing file /opt/airflow/dags/produce_orders_to_kafka_dag.py for tasks to queue
[2025-04-30T23:04:20.290+0000] {logging_mixin.py:188} INFO - [2025-04-30T23:04:20.289+0000] {dagbag.py:538} INFO - Filling up the DagBag from /opt/airflow/dags/produce_orders_to_kafka_dag.py
[2025-04-30T23:04:20.375+0000] {processor.py:840} INFO - DAG(s) 'produce_orders_to_kafka_dag' retrieved from /opt/airflow/dags/produce_orders_to_kafka_dag.py
[2025-04-30T23:04:20.415+0000] {logging_mixin.py:188} INFO - [2025-04-30T23:04:20.415+0000] {dag.py:3036} INFO - Sync 1 DAGs
[2025-04-30T23:04:20.436+0000] {logging_mixin.py:188} INFO - [2025-04-30T23:04:20.436+0000] {dag.py:3823} INFO - Setting next_dagrun for produce_orders_to_kafka_dag to None, run_after=None
[2025-04-30T23:04:20.471+0000] {processor.py:183} INFO - Processing /opt/airflow/dags/produce_orders_to_kafka_dag.py took 0.186 seconds
[2025-04-30T23:04:36.578+0000] {processor.py:161} INFO - Started process (PID=898) to work on /opt/airflow/dags/produce_orders_to_kafka_dag.py
[2025-04-30T23:04:36.580+0000] {processor.py:830} INFO - Processing file /opt/airflow/dags/produce_orders_to_kafka_dag.py for tasks to queue
[2025-04-30T23:04:36.581+0000] {logging_mixin.py:188} INFO - [2025-04-30T23:04:36.581+0000] {dagbag.py:538} INFO - Filling up the DagBag from /opt/airflow/dags/produce_orders_to_kafka_dag.py
[2025-04-30T23:04:36.653+0000] {processor.py:840} INFO - DAG(s) 'produce_orders_to_kafka_dag' retrieved from /opt/airflow/dags/produce_orders_to_kafka_dag.py
[2025-04-30T23:04:36.687+0000] {logging_mixin.py:188} INFO - [2025-04-30T23:04:36.687+0000] {dag.py:3036} INFO - Sync 1 DAGs
[2025-04-30T23:04:36.703+0000] {logging_mixin.py:188} INFO - [2025-04-30T23:04:36.703+0000] {dag.py:3823} INFO - Setting next_dagrun for produce_orders_to_kafka_dag to None, run_after=None
[2025-04-30T23:04:36.727+0000] {processor.py:183} INFO - Processing /opt/airflow/dags/produce_orders_to_kafka_dag.py took 0.152 seconds
[2025-04-30T23:04:51.140+0000] {processor.py:161} INFO - Started process (PID=919) to work on /opt/airflow/dags/produce_orders_to_kafka_dag.py
[2025-04-30T23:04:51.141+0000] {processor.py:830} INFO - Processing file /opt/airflow/dags/produce_orders_to_kafka_dag.py for tasks to queue
[2025-04-30T23:04:51.142+0000] {logging_mixin.py:188} INFO - [2025-04-30T23:04:51.142+0000] {dagbag.py:538} INFO - Filling up the DagBag from /opt/airflow/dags/produce_orders_to_kafka_dag.py
[2025-04-30T23:04:51.216+0000] {processor.py:840} INFO - DAG(s) 'produce_orders_to_kafka_dag' retrieved from /opt/airflow/dags/produce_orders_to_kafka_dag.py
[2025-04-30T23:04:51.241+0000] {logging_mixin.py:188} INFO - [2025-04-30T23:04:51.241+0000] {dag.py:3036} INFO - Sync 1 DAGs
[2025-04-30T23:04:51.251+0000] {logging_mixin.py:188} INFO - [2025-04-30T23:04:51.251+0000] {dag.py:3823} INFO - Setting next_dagrun for produce_orders_to_kafka_dag to None, run_after=None
[2025-04-30T23:04:51.270+0000] {processor.py:183} INFO - Processing /opt/airflow/dags/produce_orders_to_kafka_dag.py took 0.134 seconds
[2025-04-30T23:05:06.907+0000] {processor.py:161} INFO - Started process (PID=941) to work on /opt/airflow/dags/produce_orders_to_kafka_dag.py
[2025-04-30T23:05:06.908+0000] {processor.py:830} INFO - Processing file /opt/airflow/dags/produce_orders_to_kafka_dag.py for tasks to queue
[2025-04-30T23:05:06.909+0000] {logging_mixin.py:188} INFO - [2025-04-30T23:05:06.909+0000] {dagbag.py:538} INFO - Filling up the DagBag from /opt/airflow/dags/produce_orders_to_kafka_dag.py
[2025-04-30T23:05:06.975+0000] {processor.py:840} INFO - DAG(s) 'produce_orders_to_kafka_dag' retrieved from /opt/airflow/dags/produce_orders_to_kafka_dag.py
[2025-04-30T23:05:07.006+0000] {logging_mixin.py:188} INFO - [2025-04-30T23:05:07.006+0000] {dag.py:3036} INFO - Sync 1 DAGs
[2025-04-30T23:05:07.020+0000] {logging_mixin.py:188} INFO - [2025-04-30T23:05:07.020+0000] {dag.py:3823} INFO - Setting next_dagrun for produce_orders_to_kafka_dag to None, run_after=None
[2025-04-30T23:05:07.039+0000] {processor.py:183} INFO - Processing /opt/airflow/dags/produce_orders_to_kafka_dag.py took 0.134 seconds
