[2025-04-30T22:55:58.499+0000] {processor.py:161} INFO - Started process (PID=191) to work on /opt/airflow/dags/transform_orders_dag.py
[2025-04-30T22:55:58.501+0000] {processor.py:830} INFO - Processing file /opt/airflow/dags/transform_orders_dag.py for tasks to queue
[2025-04-30T22:55:58.504+0000] {logging_mixin.py:188} INFO - [2025-04-30T22:55:58.503+0000] {dagbag.py:538} INFO - Filling up the DagBag from /opt/airflow/dags/transform_orders_dag.py
[2025-04-30T22:56:01.132+0000] {processor.py:840} INFO - DAG(s) 'clean_orders_csv_dag' retrieved from /opt/airflow/dags/transform_orders_dag.py
[2025-04-30T22:56:01.439+0000] {logging_mixin.py:188} INFO - [2025-04-30T22:56:01.436+0000] {override.py:1769} INFO - Created Permission View: can delete on DAG:clean_orders_csv_dag
[2025-04-30T22:56:01.470+0000] {logging_mixin.py:188} INFO - [2025-04-30T22:56:01.469+0000] {override.py:1769} INFO - Created Permission View: can edit on DAG:clean_orders_csv_dag
[2025-04-30T22:56:01.488+0000] {logging_mixin.py:188} INFO - [2025-04-30T22:56:01.487+0000] {override.py:1769} INFO - Created Permission View: can read on DAG:clean_orders_csv_dag
[2025-04-30T22:56:01.491+0000] {logging_mixin.py:188} INFO - [2025-04-30T22:56:01.489+0000] {dag.py:3036} INFO - Sync 1 DAGs
[2025-04-30T22:56:01.518+0000] {logging_mixin.py:188} INFO - [2025-04-30T22:56:01.518+0000] {dag.py:3058} INFO - Creating ORM DAG for clean_orders_csv_dag
[2025-04-30T22:56:01.521+0000] {logging_mixin.py:188} INFO - [2025-04-30T22:56:01.520+0000] {dag.py:3823} INFO - Setting next_dagrun for clean_orders_csv_dag to None, run_after=None
[2025-04-30T22:56:01.558+0000] {processor.py:183} INFO - Processing /opt/airflow/dags/transform_orders_dag.py took 3.067 seconds
[2025-04-30T22:56:12.032+0000] {processor.py:161} INFO - Started process (PID=209) to work on /opt/airflow/dags/transform_orders_dag.py
[2025-04-30T22:56:12.034+0000] {processor.py:830} INFO - Processing file /opt/airflow/dags/transform_orders_dag.py for tasks to queue
[2025-04-30T22:56:12.036+0000] {logging_mixin.py:188} INFO - [2025-04-30T22:56:12.036+0000] {dagbag.py:538} INFO - Filling up the DagBag from /opt/airflow/dags/transform_orders_dag.py
[2025-04-30T22:56:13.948+0000] {processor.py:840} INFO - DAG(s) 'clean_orders_csv_dag' retrieved from /opt/airflow/dags/transform_orders_dag.py
[2025-04-30T22:56:14.014+0000] {logging_mixin.py:188} INFO - [2025-04-30T22:56:14.012+0000] {dag.py:3036} INFO - Sync 1 DAGs
[2025-04-30T22:56:14.077+0000] {logging_mixin.py:188} INFO - [2025-04-30T22:56:14.077+0000] {dag.py:3823} INFO - Setting next_dagrun for clean_orders_csv_dag to None, run_after=None
[2025-04-30T22:56:14.118+0000] {processor.py:183} INFO - Processing /opt/airflow/dags/transform_orders_dag.py took 2.091 seconds
[2025-04-30T22:56:32.103+0000] {processor.py:161} INFO - Started process (PID=233) to work on /opt/airflow/dags/transform_orders_dag.py
[2025-04-30T22:56:32.106+0000] {processor.py:830} INFO - Processing file /opt/airflow/dags/transform_orders_dag.py for tasks to queue
[2025-04-30T22:56:32.108+0000] {logging_mixin.py:188} INFO - [2025-04-30T22:56:32.108+0000] {dagbag.py:538} INFO - Filling up the DagBag from /opt/airflow/dags/transform_orders_dag.py
[2025-04-30T22:56:32.709+0000] {processor.py:840} INFO - DAG(s) 'clean_orders_csv_dag' retrieved from /opt/airflow/dags/transform_orders_dag.py
[2025-04-30T22:56:32.758+0000] {logging_mixin.py:188} INFO - [2025-04-30T22:56:32.757+0000] {dag.py:3036} INFO - Sync 1 DAGs
[2025-04-30T22:56:32.777+0000] {logging_mixin.py:188} INFO - [2025-04-30T22:56:32.776+0000] {dag.py:3823} INFO - Setting next_dagrun for clean_orders_csv_dag to None, run_after=None
[2025-04-30T22:56:32.814+0000] {processor.py:183} INFO - Processing /opt/airflow/dags/transform_orders_dag.py took 0.770 seconds
[2025-04-30T22:56:44.350+0000] {processor.py:161} INFO - Started process (PID=251) to work on /opt/airflow/dags/transform_orders_dag.py
[2025-04-30T22:56:44.352+0000] {processor.py:830} INFO - Processing file /opt/airflow/dags/transform_orders_dag.py for tasks to queue
[2025-04-30T22:56:44.355+0000] {logging_mixin.py:188} INFO - [2025-04-30T22:56:44.354+0000] {dagbag.py:538} INFO - Filling up the DagBag from /opt/airflow/dags/transform_orders_dag.py
[2025-04-30T22:56:44.768+0000] {processor.py:840} INFO - DAG(s) 'clean_orders_csv_dag' retrieved from /opt/airflow/dags/transform_orders_dag.py
[2025-04-30T22:56:44.799+0000] {logging_mixin.py:188} INFO - [2025-04-30T22:56:44.798+0000] {dag.py:3036} INFO - Sync 1 DAGs
[2025-04-30T22:56:44.811+0000] {logging_mixin.py:188} INFO - [2025-04-30T22:56:44.811+0000] {dag.py:3823} INFO - Setting next_dagrun for clean_orders_csv_dag to None, run_after=None
[2025-04-30T22:56:44.834+0000] {processor.py:183} INFO - Processing /opt/airflow/dags/transform_orders_dag.py took 0.487 seconds
[2025-04-30T22:57:03.183+0000] {processor.py:161} INFO - Started process (PID=276) to work on /opt/airflow/dags/transform_orders_dag.py
[2025-04-30T22:57:03.184+0000] {processor.py:830} INFO - Processing file /opt/airflow/dags/transform_orders_dag.py for tasks to queue
[2025-04-30T22:57:03.185+0000] {logging_mixin.py:188} INFO - [2025-04-30T22:57:03.185+0000] {dagbag.py:538} INFO - Filling up the DagBag from /opt/airflow/dags/transform_orders_dag.py
[2025-04-30T22:57:03.459+0000] {processor.py:840} INFO - DAG(s) 'clean_orders_csv_dag' retrieved from /opt/airflow/dags/transform_orders_dag.py
[2025-04-30T22:57:03.496+0000] {logging_mixin.py:188} INFO - [2025-04-30T22:57:03.496+0000] {dag.py:3036} INFO - Sync 1 DAGs
[2025-04-30T22:57:03.511+0000] {logging_mixin.py:188} INFO - [2025-04-30T22:57:03.511+0000] {dag.py:3823} INFO - Setting next_dagrun for clean_orders_csv_dag to None, run_after=None
[2025-04-30T22:57:03.532+0000] {processor.py:183} INFO - Processing /opt/airflow/dags/transform_orders_dag.py took 0.355 seconds
[2025-04-30T22:57:14.985+0000] {processor.py:161} INFO - Started process (PID=294) to work on /opt/airflow/dags/transform_orders_dag.py
[2025-04-30T22:57:14.986+0000] {processor.py:830} INFO - Processing file /opt/airflow/dags/transform_orders_dag.py for tasks to queue
[2025-04-30T22:57:14.987+0000] {logging_mixin.py:188} INFO - [2025-04-30T22:57:14.987+0000] {dagbag.py:538} INFO - Filling up the DagBag from /opt/airflow/dags/transform_orders_dag.py
[2025-04-30T22:57:15.233+0000] {processor.py:840} INFO - DAG(s) 'clean_orders_csv_dag' retrieved from /opt/airflow/dags/transform_orders_dag.py
[2025-04-30T22:57:15.256+0000] {logging_mixin.py:188} INFO - [2025-04-30T22:57:15.255+0000] {dag.py:3036} INFO - Sync 1 DAGs
[2025-04-30T22:57:15.267+0000] {logging_mixin.py:188} INFO - [2025-04-30T22:57:15.266+0000] {dag.py:3823} INFO - Setting next_dagrun for clean_orders_csv_dag to None, run_after=None
[2025-04-30T22:57:15.283+0000] {processor.py:183} INFO - Processing /opt/airflow/dags/transform_orders_dag.py took 0.301 seconds
[2025-04-30T22:57:33.761+0000] {processor.py:161} INFO - Started process (PID=319) to work on /opt/airflow/dags/transform_orders_dag.py
[2025-04-30T22:57:33.763+0000] {processor.py:830} INFO - Processing file /opt/airflow/dags/transform_orders_dag.py for tasks to queue
[2025-04-30T22:57:33.765+0000] {logging_mixin.py:188} INFO - [2025-04-30T22:57:33.764+0000] {dagbag.py:538} INFO - Filling up the DagBag from /opt/airflow/dags/transform_orders_dag.py
[2025-04-30T22:57:34.129+0000] {processor.py:840} INFO - DAG(s) 'clean_orders_csv_dag' retrieved from /opt/airflow/dags/transform_orders_dag.py
[2025-04-30T22:57:34.165+0000] {logging_mixin.py:188} INFO - [2025-04-30T22:57:34.164+0000] {dag.py:3036} INFO - Sync 1 DAGs
[2025-04-30T22:57:34.198+0000] {logging_mixin.py:188} INFO - [2025-04-30T22:57:34.197+0000] {dag.py:3823} INFO - Setting next_dagrun for clean_orders_csv_dag to None, run_after=None
[2025-04-30T22:57:34.232+0000] {processor.py:183} INFO - Processing /opt/airflow/dags/transform_orders_dag.py took 0.474 seconds
[2025-04-30T22:57:45.450+0000] {processor.py:161} INFO - Started process (PID=337) to work on /opt/airflow/dags/transform_orders_dag.py
[2025-04-30T22:57:45.451+0000] {processor.py:830} INFO - Processing file /opt/airflow/dags/transform_orders_dag.py for tasks to queue
[2025-04-30T22:57:45.452+0000] {logging_mixin.py:188} INFO - [2025-04-30T22:57:45.452+0000] {dagbag.py:538} INFO - Filling up the DagBag from /opt/airflow/dags/transform_orders_dag.py
[2025-04-30T22:57:45.812+0000] {processor.py:840} INFO - DAG(s) 'clean_orders_csv_dag' retrieved from /opt/airflow/dags/transform_orders_dag.py
[2025-04-30T22:57:45.846+0000] {logging_mixin.py:188} INFO - [2025-04-30T22:57:45.846+0000] {dag.py:3036} INFO - Sync 1 DAGs
[2025-04-30T22:57:45.862+0000] {logging_mixin.py:188} INFO - [2025-04-30T22:57:45.862+0000] {dag.py:3823} INFO - Setting next_dagrun for clean_orders_csv_dag to None, run_after=None
[2025-04-30T22:57:45.891+0000] {processor.py:183} INFO - Processing /opt/airflow/dags/transform_orders_dag.py took 0.444 seconds
[2025-04-30T22:58:04.828+0000] {processor.py:161} INFO - Started process (PID=362) to work on /opt/airflow/dags/transform_orders_dag.py
[2025-04-30T22:58:04.829+0000] {processor.py:830} INFO - Processing file /opt/airflow/dags/transform_orders_dag.py for tasks to queue
[2025-04-30T22:58:04.831+0000] {logging_mixin.py:188} INFO - [2025-04-30T22:58:04.830+0000] {dagbag.py:538} INFO - Filling up the DagBag from /opt/airflow/dags/transform_orders_dag.py
[2025-04-30T22:58:05.307+0000] {processor.py:840} INFO - DAG(s) 'clean_orders_csv_dag' retrieved from /opt/airflow/dags/transform_orders_dag.py
[2025-04-30T22:58:05.344+0000] {logging_mixin.py:188} INFO - [2025-04-30T22:58:05.344+0000] {dag.py:3036} INFO - Sync 1 DAGs
[2025-04-30T22:58:05.360+0000] {logging_mixin.py:188} INFO - [2025-04-30T22:58:05.359+0000] {dag.py:3823} INFO - Setting next_dagrun for clean_orders_csv_dag to None, run_after=None
[2025-04-30T22:58:05.390+0000] {processor.py:183} INFO - Processing /opt/airflow/dags/transform_orders_dag.py took 0.566 seconds
[2025-04-30T22:58:16.156+0000] {processor.py:161} INFO - Started process (PID=380) to work on /opt/airflow/dags/transform_orders_dag.py
[2025-04-30T22:58:16.158+0000] {processor.py:830} INFO - Processing file /opt/airflow/dags/transform_orders_dag.py for tasks to queue
[2025-04-30T22:58:16.163+0000] {logging_mixin.py:188} INFO - [2025-04-30T22:58:16.162+0000] {dagbag.py:538} INFO - Filling up the DagBag from /opt/airflow/dags/transform_orders_dag.py
[2025-04-30T22:58:16.616+0000] {processor.py:840} INFO - DAG(s) 'clean_orders_csv_dag' retrieved from /opt/airflow/dags/transform_orders_dag.py
[2025-04-30T22:58:16.654+0000] {logging_mixin.py:188} INFO - [2025-04-30T22:58:16.653+0000] {dag.py:3036} INFO - Sync 1 DAGs
[2025-04-30T22:58:16.672+0000] {logging_mixin.py:188} INFO - [2025-04-30T22:58:16.672+0000] {dag.py:3823} INFO - Setting next_dagrun for clean_orders_csv_dag to None, run_after=None
[2025-04-30T22:58:16.710+0000] {processor.py:183} INFO - Processing /opt/airflow/dags/transform_orders_dag.py took 0.562 seconds
[2025-04-30T22:58:36.306+0000] {processor.py:161} INFO - Started process (PID=405) to work on /opt/airflow/dags/transform_orders_dag.py
[2025-04-30T22:58:36.308+0000] {processor.py:830} INFO - Processing file /opt/airflow/dags/transform_orders_dag.py for tasks to queue
[2025-04-30T22:58:36.310+0000] {logging_mixin.py:188} INFO - [2025-04-30T22:58:36.309+0000] {dagbag.py:538} INFO - Filling up the DagBag from /opt/airflow/dags/transform_orders_dag.py
[2025-04-30T22:58:36.800+0000] {processor.py:840} INFO - DAG(s) 'clean_orders_csv_dag' retrieved from /opt/airflow/dags/transform_orders_dag.py
[2025-04-30T22:58:36.850+0000] {logging_mixin.py:188} INFO - [2025-04-30T22:58:36.849+0000] {dag.py:3036} INFO - Sync 1 DAGs
[2025-04-30T22:58:36.877+0000] {logging_mixin.py:188} INFO - [2025-04-30T22:58:36.877+0000] {dag.py:3823} INFO - Setting next_dagrun for clean_orders_csv_dag to None, run_after=None
[2025-04-30T22:58:36.913+0000] {processor.py:183} INFO - Processing /opt/airflow/dags/transform_orders_dag.py took 0.610 seconds
[2025-04-30T22:58:46.848+0000] {processor.py:161} INFO - Started process (PID=423) to work on /opt/airflow/dags/transform_orders_dag.py
[2025-04-30T22:58:46.849+0000] {processor.py:830} INFO - Processing file /opt/airflow/dags/transform_orders_dag.py for tasks to queue
[2025-04-30T22:58:46.851+0000] {logging_mixin.py:188} INFO - [2025-04-30T22:58:46.850+0000] {dagbag.py:538} INFO - Filling up the DagBag from /opt/airflow/dags/transform_orders_dag.py
[2025-04-30T22:58:47.216+0000] {processor.py:840} INFO - DAG(s) 'clean_orders_csv_dag' retrieved from /opt/airflow/dags/transform_orders_dag.py
[2025-04-30T22:58:47.255+0000] {logging_mixin.py:188} INFO - [2025-04-30T22:58:47.254+0000] {dag.py:3036} INFO - Sync 1 DAGs
[2025-04-30T22:58:47.276+0000] {logging_mixin.py:188} INFO - [2025-04-30T22:58:47.276+0000] {dag.py:3823} INFO - Setting next_dagrun for clean_orders_csv_dag to None, run_after=None
[2025-04-30T22:58:47.309+0000] {processor.py:183} INFO - Processing /opt/airflow/dags/transform_orders_dag.py took 0.465 seconds
[2025-04-30T22:59:07.011+0000] {processor.py:161} INFO - Started process (PID=448) to work on /opt/airflow/dags/transform_orders_dag.py
[2025-04-30T22:59:07.012+0000] {processor.py:830} INFO - Processing file /opt/airflow/dags/transform_orders_dag.py for tasks to queue
[2025-04-30T22:59:07.013+0000] {logging_mixin.py:188} INFO - [2025-04-30T22:59:07.013+0000] {dagbag.py:538} INFO - Filling up the DagBag from /opt/airflow/dags/transform_orders_dag.py
[2025-04-30T22:59:07.298+0000] {processor.py:840} INFO - DAG(s) 'clean_orders_csv_dag' retrieved from /opt/airflow/dags/transform_orders_dag.py
[2025-04-30T22:59:07.319+0000] {logging_mixin.py:188} INFO - [2025-04-30T22:59:07.318+0000] {dag.py:3036} INFO - Sync 1 DAGs
[2025-04-30T22:59:07.330+0000] {logging_mixin.py:188} INFO - [2025-04-30T22:59:07.330+0000] {dag.py:3823} INFO - Setting next_dagrun for clean_orders_csv_dag to None, run_after=None
[2025-04-30T22:59:07.346+0000] {processor.py:183} INFO - Processing /opt/airflow/dags/transform_orders_dag.py took 0.337 seconds
[2025-04-30T22:59:18.096+0000] {processor.py:161} INFO - Started process (PID=466) to work on /opt/airflow/dags/transform_orders_dag.py
[2025-04-30T22:59:18.097+0000] {processor.py:830} INFO - Processing file /opt/airflow/dags/transform_orders_dag.py for tasks to queue
[2025-04-30T22:59:18.098+0000] {logging_mixin.py:188} INFO - [2025-04-30T22:59:18.098+0000] {dagbag.py:538} INFO - Filling up the DagBag from /opt/airflow/dags/transform_orders_dag.py
[2025-04-30T22:59:18.379+0000] {processor.py:840} INFO - DAG(s) 'clean_orders_csv_dag' retrieved from /opt/airflow/dags/transform_orders_dag.py
[2025-04-30T22:59:18.401+0000] {logging_mixin.py:188} INFO - [2025-04-30T22:59:18.400+0000] {dag.py:3036} INFO - Sync 1 DAGs
[2025-04-30T22:59:18.419+0000] {logging_mixin.py:188} INFO - [2025-04-30T22:59:18.419+0000] {dag.py:3823} INFO - Setting next_dagrun for clean_orders_csv_dag to None, run_after=None
[2025-04-30T22:59:18.444+0000] {processor.py:183} INFO - Processing /opt/airflow/dags/transform_orders_dag.py took 0.350 seconds
[2025-04-30T22:59:37.728+0000] {processor.py:161} INFO - Started process (PID=494) to work on /opt/airflow/dags/transform_orders_dag.py
[2025-04-30T22:59:37.729+0000] {processor.py:830} INFO - Processing file /opt/airflow/dags/transform_orders_dag.py for tasks to queue
[2025-04-30T22:59:37.730+0000] {logging_mixin.py:188} INFO - [2025-04-30T22:59:37.729+0000] {dagbag.py:538} INFO - Filling up the DagBag from /opt/airflow/dags/transform_orders_dag.py
[2025-04-30T22:59:37.985+0000] {processor.py:840} INFO - DAG(s) 'clean_orders_csv_dag' retrieved from /opt/airflow/dags/transform_orders_dag.py
[2025-04-30T22:59:38.009+0000] {logging_mixin.py:188} INFO - [2025-04-30T22:59:38.009+0000] {dag.py:3036} INFO - Sync 1 DAGs
[2025-04-30T22:59:38.022+0000] {logging_mixin.py:188} INFO - [2025-04-30T22:59:38.022+0000] {dag.py:3823} INFO - Setting next_dagrun for clean_orders_csv_dag to None, run_after=None
[2025-04-30T22:59:38.048+0000] {processor.py:183} INFO - Processing /opt/airflow/dags/transform_orders_dag.py took 0.322 seconds
[2025-04-30T22:59:48.898+0000] {processor.py:161} INFO - Started process (PID=512) to work on /opt/airflow/dags/transform_orders_dag.py
[2025-04-30T22:59:48.900+0000] {processor.py:830} INFO - Processing file /opt/airflow/dags/transform_orders_dag.py for tasks to queue
[2025-04-30T22:59:48.904+0000] {logging_mixin.py:188} INFO - [2025-04-30T22:59:48.902+0000] {dagbag.py:538} INFO - Filling up the DagBag from /opt/airflow/dags/transform_orders_dag.py
[2025-04-30T22:59:49.199+0000] {processor.py:840} INFO - DAG(s) 'clean_orders_csv_dag' retrieved from /opt/airflow/dags/transform_orders_dag.py
[2025-04-30T22:59:49.222+0000] {logging_mixin.py:188} INFO - [2025-04-30T22:59:49.221+0000] {dag.py:3036} INFO - Sync 1 DAGs
[2025-04-30T22:59:49.240+0000] {logging_mixin.py:188} INFO - [2025-04-30T22:59:49.239+0000] {dag.py:3823} INFO - Setting next_dagrun for clean_orders_csv_dag to None, run_after=None
[2025-04-30T22:59:49.267+0000] {processor.py:183} INFO - Processing /opt/airflow/dags/transform_orders_dag.py took 0.377 seconds
[2025-04-30T23:00:08.165+0000] {processor.py:161} INFO - Started process (PID=542) to work on /opt/airflow/dags/transform_orders_dag.py
[2025-04-30T23:00:08.167+0000] {processor.py:830} INFO - Processing file /opt/airflow/dags/transform_orders_dag.py for tasks to queue
[2025-04-30T23:00:08.168+0000] {logging_mixin.py:188} INFO - [2025-04-30T23:00:08.168+0000] {dagbag.py:538} INFO - Filling up the DagBag from /opt/airflow/dags/transform_orders_dag.py
[2025-04-30T23:00:08.408+0000] {processor.py:840} INFO - DAG(s) 'clean_orders_csv_dag' retrieved from /opt/airflow/dags/transform_orders_dag.py
[2025-04-30T23:00:08.428+0000] {logging_mixin.py:188} INFO - [2025-04-30T23:00:08.427+0000] {dag.py:3036} INFO - Sync 1 DAGs
[2025-04-30T23:00:08.438+0000] {logging_mixin.py:188} INFO - [2025-04-30T23:00:08.438+0000] {dag.py:3823} INFO - Setting next_dagrun for clean_orders_csv_dag to None, run_after=None
[2025-04-30T23:00:08.454+0000] {processor.py:183} INFO - Processing /opt/airflow/dags/transform_orders_dag.py took 0.292 seconds
[2025-04-30T23:00:19.489+0000] {processor.py:161} INFO - Started process (PID=558) to work on /opt/airflow/dags/transform_orders_dag.py
[2025-04-30T23:00:19.492+0000] {processor.py:830} INFO - Processing file /opt/airflow/dags/transform_orders_dag.py for tasks to queue
[2025-04-30T23:00:19.495+0000] {logging_mixin.py:188} INFO - [2025-04-30T23:00:19.494+0000] {dagbag.py:538} INFO - Filling up the DagBag from /opt/airflow/dags/transform_orders_dag.py
[2025-04-30T23:00:20.052+0000] {processor.py:840} INFO - DAG(s) 'clean_orders_csv_dag' retrieved from /opt/airflow/dags/transform_orders_dag.py
[2025-04-30T23:00:20.080+0000] {logging_mixin.py:188} INFO - [2025-04-30T23:00:20.080+0000] {dag.py:3036} INFO - Sync 1 DAGs
[2025-04-30T23:00:20.095+0000] {logging_mixin.py:188} INFO - [2025-04-30T23:00:20.094+0000] {dag.py:3823} INFO - Setting next_dagrun for clean_orders_csv_dag to None, run_after=None
[2025-04-30T23:00:20.120+0000] {processor.py:183} INFO - Processing /opt/airflow/dags/transform_orders_dag.py took 0.638 seconds
[2025-04-30T23:00:38.668+0000] {processor.py:161} INFO - Started process (PID=583) to work on /opt/airflow/dags/transform_orders_dag.py
[2025-04-30T23:00:38.670+0000] {processor.py:830} INFO - Processing file /opt/airflow/dags/transform_orders_dag.py for tasks to queue
[2025-04-30T23:00:38.673+0000] {logging_mixin.py:188} INFO - [2025-04-30T23:00:38.673+0000] {dagbag.py:538} INFO - Filling up the DagBag from /opt/airflow/dags/transform_orders_dag.py
[2025-04-30T23:00:39.087+0000] {processor.py:840} INFO - DAG(s) 'clean_orders_csv_dag' retrieved from /opt/airflow/dags/transform_orders_dag.py
[2025-04-30T23:00:39.118+0000] {logging_mixin.py:188} INFO - [2025-04-30T23:00:39.118+0000] {dag.py:3036} INFO - Sync 1 DAGs
[2025-04-30T23:00:39.140+0000] {logging_mixin.py:188} INFO - [2025-04-30T23:00:39.139+0000] {dag.py:3823} INFO - Setting next_dagrun for clean_orders_csv_dag to None, run_after=None
[2025-04-30T23:00:39.169+0000] {processor.py:183} INFO - Processing /opt/airflow/dags/transform_orders_dag.py took 0.507 seconds
[2025-04-30T23:00:50.302+0000] {processor.py:161} INFO - Started process (PID=601) to work on /opt/airflow/dags/transform_orders_dag.py
[2025-04-30T23:00:50.304+0000] {processor.py:830} INFO - Processing file /opt/airflow/dags/transform_orders_dag.py for tasks to queue
[2025-04-30T23:00:50.306+0000] {logging_mixin.py:188} INFO - [2025-04-30T23:00:50.305+0000] {dagbag.py:538} INFO - Filling up the DagBag from /opt/airflow/dags/transform_orders_dag.py
[2025-04-30T23:00:50.775+0000] {processor.py:840} INFO - DAG(s) 'clean_orders_csv_dag' retrieved from /opt/airflow/dags/transform_orders_dag.py
[2025-04-30T23:00:50.818+0000] {logging_mixin.py:188} INFO - [2025-04-30T23:00:50.817+0000] {dag.py:3036} INFO - Sync 1 DAGs
[2025-04-30T23:00:50.842+0000] {logging_mixin.py:188} INFO - [2025-04-30T23:00:50.842+0000] {dag.py:3823} INFO - Setting next_dagrun for clean_orders_csv_dag to None, run_after=None
[2025-04-30T23:00:50.882+0000] {processor.py:183} INFO - Processing /opt/airflow/dags/transform_orders_dag.py took 0.584 seconds
[2025-04-30T23:01:09.374+0000] {processor.py:161} INFO - Started process (PID=626) to work on /opt/airflow/dags/transform_orders_dag.py
[2025-04-30T23:01:09.376+0000] {processor.py:830} INFO - Processing file /opt/airflow/dags/transform_orders_dag.py for tasks to queue
[2025-04-30T23:01:09.377+0000] {logging_mixin.py:188} INFO - [2025-04-30T23:01:09.377+0000] {dagbag.py:538} INFO - Filling up the DagBag from /opt/airflow/dags/transform_orders_dag.py
[2025-04-30T23:01:09.659+0000] {processor.py:840} INFO - DAG(s) 'clean_orders_csv_dag' retrieved from /opt/airflow/dags/transform_orders_dag.py
[2025-04-30T23:01:09.681+0000] {logging_mixin.py:188} INFO - [2025-04-30T23:01:09.681+0000] {dag.py:3036} INFO - Sync 1 DAGs
[2025-04-30T23:01:09.691+0000] {logging_mixin.py:188} INFO - [2025-04-30T23:01:09.691+0000] {dag.py:3823} INFO - Setting next_dagrun for clean_orders_csv_dag to None, run_after=None
[2025-04-30T23:01:09.710+0000] {processor.py:183} INFO - Processing /opt/airflow/dags/transform_orders_dag.py took 0.338 seconds
[2025-04-30T23:01:21.135+0000] {processor.py:161} INFO - Started process (PID=644) to work on /opt/airflow/dags/transform_orders_dag.py
[2025-04-30T23:01:21.136+0000] {processor.py:830} INFO - Processing file /opt/airflow/dags/transform_orders_dag.py for tasks to queue
[2025-04-30T23:01:21.137+0000] {logging_mixin.py:188} INFO - [2025-04-30T23:01:21.137+0000] {dagbag.py:538} INFO - Filling up the DagBag from /opt/airflow/dags/transform_orders_dag.py
[2025-04-30T23:01:21.456+0000] {processor.py:840} INFO - DAG(s) 'clean_orders_csv_dag' retrieved from /opt/airflow/dags/transform_orders_dag.py
[2025-04-30T23:01:21.480+0000] {logging_mixin.py:188} INFO - [2025-04-30T23:01:21.479+0000] {dag.py:3036} INFO - Sync 1 DAGs
[2025-04-30T23:01:21.495+0000] {logging_mixin.py:188} INFO - [2025-04-30T23:01:21.495+0000] {dag.py:3823} INFO - Setting next_dagrun for clean_orders_csv_dag to None, run_after=None
[2025-04-30T23:01:21.516+0000] {processor.py:183} INFO - Processing /opt/airflow/dags/transform_orders_dag.py took 0.388 seconds
[2025-04-30T23:01:39.793+0000] {processor.py:161} INFO - Started process (PID=669) to work on /opt/airflow/dags/transform_orders_dag.py
[2025-04-30T23:01:39.794+0000] {processor.py:830} INFO - Processing file /opt/airflow/dags/transform_orders_dag.py for tasks to queue
[2025-04-30T23:01:39.795+0000] {logging_mixin.py:188} INFO - [2025-04-30T23:01:39.794+0000] {dagbag.py:538} INFO - Filling up the DagBag from /opt/airflow/dags/transform_orders_dag.py
[2025-04-30T23:01:40.043+0000] {processor.py:840} INFO - DAG(s) 'clean_orders_csv_dag' retrieved from /opt/airflow/dags/transform_orders_dag.py
[2025-04-30T23:01:40.063+0000] {logging_mixin.py:188} INFO - [2025-04-30T23:01:40.062+0000] {dag.py:3036} INFO - Sync 1 DAGs
[2025-04-30T23:01:40.073+0000] {logging_mixin.py:188} INFO - [2025-04-30T23:01:40.073+0000] {dag.py:3823} INFO - Setting next_dagrun for clean_orders_csv_dag to None, run_after=None
[2025-04-30T23:01:40.093+0000] {processor.py:183} INFO - Processing /opt/airflow/dags/transform_orders_dag.py took 0.303 seconds
[2025-04-30T23:01:51.797+0000] {processor.py:161} INFO - Started process (PID=692) to work on /opt/airflow/dags/transform_orders_dag.py
[2025-04-30T23:01:51.798+0000] {processor.py:830} INFO - Processing file /opt/airflow/dags/transform_orders_dag.py for tasks to queue
[2025-04-30T23:01:51.800+0000] {logging_mixin.py:188} INFO - [2025-04-30T23:01:51.799+0000] {dagbag.py:538} INFO - Filling up the DagBag from /opt/airflow/dags/transform_orders_dag.py
[2025-04-30T23:01:52.045+0000] {processor.py:840} INFO - DAG(s) 'clean_orders_csv_dag' retrieved from /opt/airflow/dags/transform_orders_dag.py
[2025-04-30T23:01:52.084+0000] {logging_mixin.py:188} INFO - [2025-04-30T23:01:52.084+0000] {dag.py:3036} INFO - Sync 1 DAGs
[2025-04-30T23:01:52.095+0000] {logging_mixin.py:188} INFO - [2025-04-30T23:01:52.095+0000] {dag.py:3823} INFO - Setting next_dagrun for clean_orders_csv_dag to None, run_after=None
[2025-04-30T23:01:52.113+0000] {processor.py:183} INFO - Processing /opt/airflow/dags/transform_orders_dag.py took 0.319 seconds
[2025-04-30T23:02:10.933+0000] {processor.py:161} INFO - Started process (PID=711) to work on /opt/airflow/dags/transform_orders_dag.py
[2025-04-30T23:02:10.934+0000] {processor.py:830} INFO - Processing file /opt/airflow/dags/transform_orders_dag.py for tasks to queue
[2025-04-30T23:02:10.936+0000] {logging_mixin.py:188} INFO - [2025-04-30T23:02:10.935+0000] {dagbag.py:538} INFO - Filling up the DagBag from /opt/airflow/dags/transform_orders_dag.py
[2025-04-30T23:02:11.360+0000] {processor.py:840} INFO - DAG(s) 'clean_orders_csv_dag' retrieved from /opt/airflow/dags/transform_orders_dag.py
[2025-04-30T23:02:11.414+0000] {logging_mixin.py:188} INFO - [2025-04-30T23:02:11.413+0000] {dag.py:3036} INFO - Sync 1 DAGs
[2025-04-30T23:02:11.431+0000] {logging_mixin.py:188} INFO - [2025-04-30T23:02:11.431+0000] {dag.py:3823} INFO - Setting next_dagrun for clean_orders_csv_dag to None, run_after=None
[2025-04-30T23:02:11.459+0000] {processor.py:183} INFO - Processing /opt/airflow/dags/transform_orders_dag.py took 0.528 seconds
[2025-04-30T23:02:22.362+0000] {processor.py:161} INFO - Started process (PID=735) to work on /opt/airflow/dags/transform_orders_dag.py
[2025-04-30T23:02:22.363+0000] {processor.py:830} INFO - Processing file /opt/airflow/dags/transform_orders_dag.py for tasks to queue
[2025-04-30T23:02:22.365+0000] {logging_mixin.py:188} INFO - [2025-04-30T23:02:22.364+0000] {dagbag.py:538} INFO - Filling up the DagBag from /opt/airflow/dags/transform_orders_dag.py
[2025-04-30T23:02:22.611+0000] {processor.py:840} INFO - DAG(s) 'clean_orders_csv_dag' retrieved from /opt/airflow/dags/transform_orders_dag.py
[2025-04-30T23:02:22.635+0000] {logging_mixin.py:188} INFO - [2025-04-30T23:02:22.634+0000] {dag.py:3036} INFO - Sync 1 DAGs
[2025-04-30T23:02:22.647+0000] {logging_mixin.py:188} INFO - [2025-04-30T23:02:22.646+0000] {dag.py:3823} INFO - Setting next_dagrun for clean_orders_csv_dag to None, run_after=None
[2025-04-30T23:02:22.667+0000] {processor.py:183} INFO - Processing /opt/airflow/dags/transform_orders_dag.py took 0.307 seconds
[2025-04-30T23:02:42.270+0000] {processor.py:161} INFO - Started process (PID=754) to work on /opt/airflow/dags/transform_orders_dag.py
[2025-04-30T23:02:42.271+0000] {processor.py:830} INFO - Processing file /opt/airflow/dags/transform_orders_dag.py for tasks to queue
[2025-04-30T23:02:42.272+0000] {logging_mixin.py:188} INFO - [2025-04-30T23:02:42.272+0000] {dagbag.py:538} INFO - Filling up the DagBag from /opt/airflow/dags/transform_orders_dag.py
[2025-04-30T23:02:42.504+0000] {processor.py:840} INFO - DAG(s) 'clean_orders_csv_dag' retrieved from /opt/airflow/dags/transform_orders_dag.py
[2025-04-30T23:02:42.525+0000] {logging_mixin.py:188} INFO - [2025-04-30T23:02:42.525+0000] {dag.py:3036} INFO - Sync 1 DAGs
[2025-04-30T23:02:42.535+0000] {logging_mixin.py:188} INFO - [2025-04-30T23:02:42.535+0000] {dag.py:3823} INFO - Setting next_dagrun for clean_orders_csv_dag to None, run_after=None
[2025-04-30T23:02:42.554+0000] {processor.py:183} INFO - Processing /opt/airflow/dags/transform_orders_dag.py took 0.286 seconds
[2025-04-30T23:02:52.744+0000] {processor.py:161} INFO - Started process (PID=778) to work on /opt/airflow/dags/transform_orders_dag.py
[2025-04-30T23:02:52.745+0000] {processor.py:830} INFO - Processing file /opt/airflow/dags/transform_orders_dag.py for tasks to queue
[2025-04-30T23:02:52.746+0000] {logging_mixin.py:188} INFO - [2025-04-30T23:02:52.745+0000] {dagbag.py:538} INFO - Filling up the DagBag from /opt/airflow/dags/transform_orders_dag.py
[2025-04-30T23:02:52.984+0000] {processor.py:840} INFO - DAG(s) 'clean_orders_csv_dag' retrieved from /opt/airflow/dags/transform_orders_dag.py
[2025-04-30T23:02:53.007+0000] {logging_mixin.py:188} INFO - [2025-04-30T23:02:53.007+0000] {dag.py:3036} INFO - Sync 1 DAGs
[2025-04-30T23:02:53.016+0000] {logging_mixin.py:188} INFO - [2025-04-30T23:02:53.016+0000] {dag.py:3823} INFO - Setting next_dagrun for clean_orders_csv_dag to None, run_after=None
[2025-04-30T23:02:53.033+0000] {processor.py:183} INFO - Processing /opt/airflow/dags/transform_orders_dag.py took 0.292 seconds
[2025-04-30T23:03:12.651+0000] {processor.py:161} INFO - Started process (PID=797) to work on /opt/airflow/dags/transform_orders_dag.py
[2025-04-30T23:03:12.652+0000] {processor.py:830} INFO - Processing file /opt/airflow/dags/transform_orders_dag.py for tasks to queue
[2025-04-30T23:03:12.653+0000] {logging_mixin.py:188} INFO - [2025-04-30T23:03:12.653+0000] {dagbag.py:538} INFO - Filling up the DagBag from /opt/airflow/dags/transform_orders_dag.py
[2025-04-30T23:03:12.887+0000] {processor.py:840} INFO - DAG(s) 'clean_orders_csv_dag' retrieved from /opt/airflow/dags/transform_orders_dag.py
[2025-04-30T23:03:12.906+0000] {logging_mixin.py:188} INFO - [2025-04-30T23:03:12.906+0000] {dag.py:3036} INFO - Sync 1 DAGs
[2025-04-30T23:03:12.916+0000] {logging_mixin.py:188} INFO - [2025-04-30T23:03:12.916+0000] {dag.py:3823} INFO - Setting next_dagrun for clean_orders_csv_dag to None, run_after=None
[2025-04-30T23:03:12.934+0000] {processor.py:183} INFO - Processing /opt/airflow/dags/transform_orders_dag.py took 0.286 seconds
[2025-04-30T23:03:23.200+0000] {processor.py:161} INFO - Started process (PID=821) to work on /opt/airflow/dags/transform_orders_dag.py
[2025-04-30T23:03:23.201+0000] {processor.py:830} INFO - Processing file /opt/airflow/dags/transform_orders_dag.py for tasks to queue
[2025-04-30T23:03:23.202+0000] {logging_mixin.py:188} INFO - [2025-04-30T23:03:23.202+0000] {dagbag.py:538} INFO - Filling up the DagBag from /opt/airflow/dags/transform_orders_dag.py
[2025-04-30T23:03:23.430+0000] {processor.py:840} INFO - DAG(s) 'clean_orders_csv_dag' retrieved from /opt/airflow/dags/transform_orders_dag.py
[2025-04-30T23:03:23.449+0000] {logging_mixin.py:188} INFO - [2025-04-30T23:03:23.449+0000] {dag.py:3036} INFO - Sync 1 DAGs
[2025-04-30T23:03:23.459+0000] {logging_mixin.py:188} INFO - [2025-04-30T23:03:23.459+0000] {dag.py:3823} INFO - Setting next_dagrun for clean_orders_csv_dag to None, run_after=None
[2025-04-30T23:03:23.474+0000] {processor.py:183} INFO - Processing /opt/airflow/dags/transform_orders_dag.py took 0.277 seconds
[2025-04-30T23:03:43.144+0000] {processor.py:161} INFO - Started process (PID=840) to work on /opt/airflow/dags/transform_orders_dag.py
[2025-04-30T23:03:43.145+0000] {processor.py:830} INFO - Processing file /opt/airflow/dags/transform_orders_dag.py for tasks to queue
[2025-04-30T23:03:43.146+0000] {logging_mixin.py:188} INFO - [2025-04-30T23:03:43.146+0000] {dagbag.py:538} INFO - Filling up the DagBag from /opt/airflow/dags/transform_orders_dag.py
[2025-04-30T23:03:43.398+0000] {processor.py:840} INFO - DAG(s) 'clean_orders_csv_dag' retrieved from /opt/airflow/dags/transform_orders_dag.py
[2025-04-30T23:03:43.422+0000] {logging_mixin.py:188} INFO - [2025-04-30T23:03:43.422+0000] {dag.py:3036} INFO - Sync 1 DAGs
[2025-04-30T23:03:43.435+0000] {logging_mixin.py:188} INFO - [2025-04-30T23:03:43.435+0000] {dag.py:3823} INFO - Setting next_dagrun for clean_orders_csv_dag to None, run_after=None
[2025-04-30T23:03:43.454+0000] {processor.py:183} INFO - Processing /opt/airflow/dags/transform_orders_dag.py took 0.313 seconds
[2025-04-30T23:03:53.562+0000] {processor.py:161} INFO - Started process (PID=862) to work on /opt/airflow/dags/transform_orders_dag.py
[2025-04-30T23:03:53.564+0000] {processor.py:830} INFO - Processing file /opt/airflow/dags/transform_orders_dag.py for tasks to queue
[2025-04-30T23:03:53.565+0000] {logging_mixin.py:188} INFO - [2025-04-30T23:03:53.565+0000] {dagbag.py:538} INFO - Filling up the DagBag from /opt/airflow/dags/transform_orders_dag.py
[2025-04-30T23:03:53.791+0000] {processor.py:840} INFO - DAG(s) 'clean_orders_csv_dag' retrieved from /opt/airflow/dags/transform_orders_dag.py
[2025-04-30T23:03:53.809+0000] {logging_mixin.py:188} INFO - [2025-04-30T23:03:53.809+0000] {dag.py:3036} INFO - Sync 1 DAGs
[2025-04-30T23:03:53.826+0000] {logging_mixin.py:188} INFO - [2025-04-30T23:03:53.826+0000] {dag.py:3823} INFO - Setting next_dagrun for clean_orders_csv_dag to None, run_after=None
[2025-04-30T23:03:53.847+0000] {processor.py:183} INFO - Processing /opt/airflow/dags/transform_orders_dag.py took 0.288 seconds
[2025-04-30T23:04:13.710+0000] {processor.py:161} INFO - Started process (PID=883) to work on /opt/airflow/dags/transform_orders_dag.py
[2025-04-30T23:04:13.712+0000] {processor.py:830} INFO - Processing file /opt/airflow/dags/transform_orders_dag.py for tasks to queue
[2025-04-30T23:04:13.713+0000] {logging_mixin.py:188} INFO - [2025-04-30T23:04:13.713+0000] {dagbag.py:538} INFO - Filling up the DagBag from /opt/airflow/dags/transform_orders_dag.py
[2025-04-30T23:04:14.075+0000] {processor.py:840} INFO - DAG(s) 'clean_orders_csv_dag' retrieved from /opt/airflow/dags/transform_orders_dag.py
[2025-04-30T23:04:14.116+0000] {logging_mixin.py:188} INFO - [2025-04-30T23:04:14.115+0000] {dag.py:3036} INFO - Sync 1 DAGs
[2025-04-30T23:04:14.133+0000] {logging_mixin.py:188} INFO - [2025-04-30T23:04:14.133+0000] {dag.py:3823} INFO - Setting next_dagrun for clean_orders_csv_dag to None, run_after=None
[2025-04-30T23:04:14.166+0000] {processor.py:183} INFO - Processing /opt/airflow/dags/transform_orders_dag.py took 0.458 seconds
[2025-04-30T23:04:24.072+0000] {processor.py:161} INFO - Started process (PID=905) to work on /opt/airflow/dags/transform_orders_dag.py
[2025-04-30T23:04:24.074+0000] {processor.py:830} INFO - Processing file /opt/airflow/dags/transform_orders_dag.py for tasks to queue
[2025-04-30T23:04:24.076+0000] {logging_mixin.py:188} INFO - [2025-04-30T23:04:24.075+0000] {dagbag.py:538} INFO - Filling up the DagBag from /opt/airflow/dags/transform_orders_dag.py
[2025-04-30T23:04:24.600+0000] {processor.py:840} INFO - DAG(s) 'clean_orders_csv_dag' retrieved from /opt/airflow/dags/transform_orders_dag.py
[2025-04-30T23:04:24.638+0000] {logging_mixin.py:188} INFO - [2025-04-30T23:04:24.638+0000] {dag.py:3036} INFO - Sync 1 DAGs
[2025-04-30T23:04:24.657+0000] {logging_mixin.py:188} INFO - [2025-04-30T23:04:24.656+0000] {dag.py:3823} INFO - Setting next_dagrun for clean_orders_csv_dag to None, run_after=None
[2025-04-30T23:04:24.684+0000] {processor.py:183} INFO - Processing /opt/airflow/dags/transform_orders_dag.py took 0.615 seconds
[2025-04-30T23:04:45.122+0000] {processor.py:161} INFO - Started process (PID=926) to work on /opt/airflow/dags/transform_orders_dag.py
[2025-04-30T23:04:45.124+0000] {processor.py:830} INFO - Processing file /opt/airflow/dags/transform_orders_dag.py for tasks to queue
[2025-04-30T23:04:45.125+0000] {logging_mixin.py:188} INFO - [2025-04-30T23:04:45.124+0000] {dagbag.py:538} INFO - Filling up the DagBag from /opt/airflow/dags/transform_orders_dag.py
[2025-04-30T23:04:45.406+0000] {processor.py:840} INFO - DAG(s) 'clean_orders_csv_dag' retrieved from /opt/airflow/dags/transform_orders_dag.py
[2025-04-30T23:04:45.429+0000] {logging_mixin.py:188} INFO - [2025-04-30T23:04:45.429+0000] {dag.py:3036} INFO - Sync 1 DAGs
[2025-04-30T23:04:45.444+0000] {logging_mixin.py:188} INFO - [2025-04-30T23:04:45.444+0000] {dag.py:3823} INFO - Setting next_dagrun for clean_orders_csv_dag to None, run_after=None
[2025-04-30T23:04:45.467+0000] {processor.py:183} INFO - Processing /opt/airflow/dags/transform_orders_dag.py took 0.350 seconds
[2025-04-30T23:04:54.778+0000] {processor.py:161} INFO - Started process (PID=948) to work on /opt/airflow/dags/transform_orders_dag.py
[2025-04-30T23:04:54.779+0000] {processor.py:830} INFO - Processing file /opt/airflow/dags/transform_orders_dag.py for tasks to queue
[2025-04-30T23:04:54.781+0000] {logging_mixin.py:188} INFO - [2025-04-30T23:04:54.780+0000] {dagbag.py:538} INFO - Filling up the DagBag from /opt/airflow/dags/transform_orders_dag.py
[2025-04-30T23:04:55.079+0000] {processor.py:840} INFO - DAG(s) 'clean_orders_csv_dag' retrieved from /opt/airflow/dags/transform_orders_dag.py
[2025-04-30T23:04:55.098+0000] {logging_mixin.py:188} INFO - [2025-04-30T23:04:55.098+0000] {dag.py:3036} INFO - Sync 1 DAGs
[2025-04-30T23:04:55.108+0000] {logging_mixin.py:188} INFO - [2025-04-30T23:04:55.108+0000] {dag.py:3823} INFO - Setting next_dagrun for clean_orders_csv_dag to None, run_after=None
[2025-04-30T23:04:55.126+0000] {processor.py:183} INFO - Processing /opt/airflow/dags/transform_orders_dag.py took 0.351 seconds
[2025-04-30T23:05:15.806+0000] {processor.py:161} INFO - Started process (PID=969) to work on /opt/airflow/dags/transform_orders_dag.py
[2025-04-30T23:05:15.809+0000] {processor.py:830} INFO - Processing file /opt/airflow/dags/transform_orders_dag.py for tasks to queue
[2025-04-30T23:05:15.811+0000] {logging_mixin.py:188} INFO - [2025-04-30T23:05:15.810+0000] {dagbag.py:538} INFO - Filling up the DagBag from /opt/airflow/dags/transform_orders_dag.py
[2025-04-30T23:05:16.684+0000] {processor.py:840} INFO - DAG(s) 'clean_orders_csv_dag' retrieved from /opt/airflow/dags/transform_orders_dag.py
[2025-04-30T23:05:16.751+0000] {logging_mixin.py:188} INFO - [2025-04-30T23:05:16.751+0000] {dag.py:3036} INFO - Sync 1 DAGs
[2025-04-30T23:05:16.810+0000] {logging_mixin.py:188} INFO - [2025-04-30T23:05:16.809+0000] {dag.py:3823} INFO - Setting next_dagrun for clean_orders_csv_dag to None, run_after=None
[2025-04-30T23:05:16.857+0000] {processor.py:183} INFO - Processing /opt/airflow/dags/transform_orders_dag.py took 1.057 seconds
