[2025-05-02T23:04:47.743+0000] {taskinstance.py:1956} INFO - Dependencies all met for dep_context=non-requeueable deps ti=<TaskInstance: produce_orders_to_kafka_dag.produce_orders manual__2025-05-02T23:02:38.208259+00:00 [queued]>
[2025-05-02T23:04:47.750+0000] {taskinstance.py:1956} INFO - Dependencies all met for dep_context=requeueable deps ti=<TaskInstance: produce_orders_to_kafka_dag.produce_orders manual__2025-05-02T23:02:38.208259+00:00 [queued]>
[2025-05-02T23:04:47.750+0000] {taskinstance.py:2170} INFO - Starting attempt 2 of 2
[2025-05-02T23:04:47.759+0000] {taskinstance.py:2191} INFO - Executing <Task(PythonOperator): produce_orders> on 2025-05-02 23:02:38.208259+00:00
[2025-05-02T23:04:47.763+0000] {standard_task_runner.py:60} INFO - Started process 1041 to run task
[2025-05-02T23:04:47.766+0000] {standard_task_runner.py:87} INFO - Running: ['***', 'tasks', 'run', 'produce_orders_to_kafka_dag', 'produce_orders', 'manual__2025-05-02T23:02:38.208259+00:00', '--job-id', '9', '--raw', '--subdir', 'DAGS_FOLDER/produce_orders_to_kafka_dag.py', '--cfg-path', '/tmp/tmpgmdmpbfk']
[2025-05-02T23:04:47.768+0000] {standard_task_runner.py:88} INFO - Job 9: Subtask produce_orders
[2025-05-02T23:04:47.782+0000] {logging_mixin.py:188} WARNING - /home/***/.local/lib/python3.11/site-packages/***/settings.py:194 DeprecationWarning: The sql_alchemy_conn option in [core] has been moved to the sql_alchemy_conn option in [database] - the old setting has been used, but please update your config.
[2025-05-02T23:04:47.807+0000] {task_command.py:423} INFO - Running <TaskInstance: produce_orders_to_kafka_dag.produce_orders manual__2025-05-02T23:02:38.208259+00:00 [running]> on host e29ede4d6f1d
[2025-05-02T23:04:47.859+0000] {taskinstance.py:2480} INFO - Exporting env vars: AIRFLOW_CTX_DAG_OWNER='chethan' AIRFLOW_CTX_DAG_ID='produce_orders_to_kafka_dag' AIRFLOW_CTX_TASK_ID='produce_orders' AIRFLOW_CTX_EXECUTION_DATE='2025-05-02T23:02:38.208259+00:00' AIRFLOW_CTX_TRY_NUMBER='2' AIRFLOW_CTX_DAG_RUN_ID='manual__2025-05-02T23:02:38.208259+00:00'
[2025-05-02T23:04:51.832+0000] {conn.py:1527} WARNING - DNS lookup failed for kafka:9092, exception was [Errno -2] Name or service not known. Is your advertised.listeners (called advertised.host.name before Kafka 9) correct and resolvable?
[2025-05-02T23:04:51.834+0000] {conn.py:315} ERROR - DNS lookup failed for kafka:9092 (0)
[2025-05-02T23:04:51.836+0000] {conn.py:1205} INFO - Probing node bootstrap-0 broker version
[2025-05-02T23:04:55.381+0000] {conn.py:1527} WARNING - DNS lookup failed for kafka:9092, exception was [Errno -2] Name or service not known. Is your advertised.listeners (called advertised.host.name before Kafka 9) correct and resolvable?
[2025-05-02T23:04:55.384+0000] {conn.py:315} ERROR - DNS lookup failed for kafka:9092 (0)
[2025-05-02T23:04:55.385+0000] {taskinstance.py:2698} ERROR - Task failed with exception
Traceback (most recent call last):
  File "/home/airflow/.local/lib/python3.11/site-packages/airflow/models/taskinstance.py", line 433, in _execute_task
    result = execute_callable(context=context, **execute_callable_kwargs)
             ^^^^^^^^^^^^^^^^^^^^^^^^^^^^^^^^^^^^^^^^^^^^^^^^^^^^^^^^^^^^
  File "/home/airflow/.local/lib/python3.11/site-packages/airflow/operators/python.py", line 199, in execute
    return_value = self.execute_callable()
                   ^^^^^^^^^^^^^^^^^^^^^^^
  File "/home/airflow/.local/lib/python3.11/site-packages/airflow/operators/python.py", line 216, in execute_callable
    return self.python_callable(*self.op_args, **self.op_kwargs)
           ^^^^^^^^^^^^^^^^^^^^^^^^^^^^^^^^^^^^^^^^^^^^^^^^^^^^^
  File "/opt/airflow/dags/produce_orders_to_kafka_dag.py", line 26, in send_orders_to_kafka
    producer = KafkaProducer(
               ^^^^^^^^^^^^^^
  File "/home/airflow/.local/lib/python3.11/site-packages/kafka/producer/kafka.py", line 381, in __init__
    client = KafkaClient(metrics=self._metrics, metric_group_prefix='producer',
             ^^^^^^^^^^^^^^^^^^^^^^^^^^^^^^^^^^^^^^^^^^^^^^^^^^^^^^^^^^^^^^^^^^
  File "/home/airflow/.local/lib/python3.11/site-packages/kafka/client_async.py", line 244, in __init__
    self.config['api_version'] = self.check_version(timeout=check_timeout)
                                 ^^^^^^^^^^^^^^^^^^^^^^^^^^^^^^^^^^^^^^^^^
  File "/home/airflow/.local/lib/python3.11/site-packages/kafka/client_async.py", line 927, in check_version
    raise Errors.NoBrokersAvailable()
kafka.errors.NoBrokersAvailable: NoBrokersAvailable
[2025-05-02T23:04:55.398+0000] {taskinstance.py:1138} INFO - Marking task as FAILED. dag_id=produce_orders_to_kafka_dag, task_id=produce_orders, execution_date=20250502T230238, start_date=20250502T230447, end_date=20250502T230455
[2025-05-02T23:04:55.413+0000] {standard_task_runner.py:107} ERROR - Failed to execute job 9 for task produce_orders (NoBrokersAvailable; 1041)
[2025-05-02T23:04:55.455+0000] {local_task_job_runner.py:234} INFO - Task exited with return code 1
[2025-05-02T23:04:55.466+0000] {taskinstance.py:3280} INFO - 0 downstream tasks scheduled from follow-on schedule check
