[2025-04-26T23:41:27.316+0000] {processor.py:161} INFO - Started process (PID=186) to work on /opt/airflow/dags/Code explanation.xlsx
[2025-04-26T23:41:27.317+0000] {processor.py:830} INFO - Processing file /opt/airflow/dags/Code explanation.xlsx for tasks to queue
[2025-04-26T23:41:27.318+0000] {logging_mixin.py:188} INFO - [2025-04-26T23:41:27.317+0000] {dagbag.py:538} INFO - Filling up the DagBag from /opt/airflow/dags/Code explanation.xlsx
[2025-04-26T23:41:27.330+0000] {processor.py:842} WARNING - No viable dags retrieved from /opt/airflow/dags/Code explanation.xlsx
[2025-04-26T23:41:27.349+0000] {processor.py:183} INFO - Processing /opt/airflow/dags/Code explanation.xlsx took 0.037 seconds
[2025-04-26T23:41:58.015+0000] {processor.py:161} INFO - Started process (PID=223) to work on /opt/airflow/dags/Code explanation.xlsx
[2025-04-26T23:41:58.016+0000] {processor.py:830} INFO - Processing file /opt/airflow/dags/Code explanation.xlsx for tasks to queue
[2025-04-26T23:41:58.017+0000] {logging_mixin.py:188} INFO - [2025-04-26T23:41:58.017+0000] {dagbag.py:538} INFO - Filling up the DagBag from /opt/airflow/dags/Code explanation.xlsx
[2025-04-26T23:41:58.033+0000] {processor.py:842} WARNING - No viable dags retrieved from /opt/airflow/dags/Code explanation.xlsx
[2025-04-26T23:41:58.048+0000] {processor.py:183} INFO - Processing /opt/airflow/dags/Code explanation.xlsx took 0.036 seconds
[2025-04-26T23:42:28.382+0000] {processor.py:161} INFO - Started process (PID=263) to work on /opt/airflow/dags/Code explanation.xlsx
[2025-04-26T23:42:28.383+0000] {processor.py:830} INFO - Processing file /opt/airflow/dags/Code explanation.xlsx for tasks to queue
[2025-04-26T23:42:28.384+0000] {logging_mixin.py:188} INFO - [2025-04-26T23:42:28.384+0000] {dagbag.py:538} INFO - Filling up the DagBag from /opt/airflow/dags/Code explanation.xlsx
[2025-04-26T23:42:28.397+0000] {processor.py:842} WARNING - No viable dags retrieved from /opt/airflow/dags/Code explanation.xlsx
[2025-04-26T23:42:28.409+0000] {processor.py:183} INFO - Processing /opt/airflow/dags/Code explanation.xlsx took 0.029 seconds
[2025-04-26T23:42:59.071+0000] {processor.py:161} INFO - Started process (PID=309) to work on /opt/airflow/dags/Code explanation.xlsx
[2025-04-26T23:42:59.073+0000] {processor.py:830} INFO - Processing file /opt/airflow/dags/Code explanation.xlsx for tasks to queue
[2025-04-26T23:42:59.075+0000] {logging_mixin.py:188} INFO - [2025-04-26T23:42:59.074+0000] {dagbag.py:538} INFO - Filling up the DagBag from /opt/airflow/dags/Code explanation.xlsx
[2025-04-26T23:42:59.092+0000] {processor.py:842} WARNING - No viable dags retrieved from /opt/airflow/dags/Code explanation.xlsx
[2025-04-26T23:42:59.130+0000] {processor.py:183} INFO - Processing /opt/airflow/dags/Code explanation.xlsx took 0.063 seconds
[2025-04-26T23:43:29.832+0000] {processor.py:161} INFO - Started process (PID=349) to work on /opt/airflow/dags/Code explanation.xlsx
[2025-04-26T23:43:29.833+0000] {processor.py:830} INFO - Processing file /opt/airflow/dags/Code explanation.xlsx for tasks to queue
[2025-04-26T23:43:29.834+0000] {logging_mixin.py:188} INFO - [2025-04-26T23:43:29.834+0000] {dagbag.py:538} INFO - Filling up the DagBag from /opt/airflow/dags/Code explanation.xlsx
[2025-04-26T23:43:29.847+0000] {processor.py:842} WARNING - No viable dags retrieved from /opt/airflow/dags/Code explanation.xlsx
[2025-04-26T23:43:29.863+0000] {processor.py:183} INFO - Processing /opt/airflow/dags/Code explanation.xlsx took 0.033 seconds
[2025-04-26T23:44:00.339+0000] {processor.py:161} INFO - Started process (PID=395) to work on /opt/airflow/dags/Code explanation.xlsx
[2025-04-26T23:44:00.340+0000] {processor.py:830} INFO - Processing file /opt/airflow/dags/Code explanation.xlsx for tasks to queue
[2025-04-26T23:44:00.342+0000] {logging_mixin.py:188} INFO - [2025-04-26T23:44:00.341+0000] {dagbag.py:538} INFO - Filling up the DagBag from /opt/airflow/dags/Code explanation.xlsx
[2025-04-26T23:44:00.357+0000] {processor.py:842} WARNING - No viable dags retrieved from /opt/airflow/dags/Code explanation.xlsx
[2025-04-26T23:44:00.376+0000] {processor.py:183} INFO - Processing /opt/airflow/dags/Code explanation.xlsx took 0.039 seconds
[2025-04-26T23:44:30.539+0000] {processor.py:161} INFO - Started process (PID=435) to work on /opt/airflow/dags/Code explanation.xlsx
[2025-04-26T23:44:30.540+0000] {processor.py:830} INFO - Processing file /opt/airflow/dags/Code explanation.xlsx for tasks to queue
[2025-04-26T23:44:30.541+0000] {logging_mixin.py:188} INFO - [2025-04-26T23:44:30.541+0000] {dagbag.py:538} INFO - Filling up the DagBag from /opt/airflow/dags/Code explanation.xlsx
[2025-04-26T23:44:30.554+0000] {processor.py:842} WARNING - No viable dags retrieved from /opt/airflow/dags/Code explanation.xlsx
[2025-04-26T23:44:30.569+0000] {processor.py:183} INFO - Processing /opt/airflow/dags/Code explanation.xlsx took 0.032 seconds
[2025-04-26T23:45:01.131+0000] {processor.py:161} INFO - Started process (PID=481) to work on /opt/airflow/dags/Code explanation.xlsx
[2025-04-26T23:45:01.132+0000] {processor.py:830} INFO - Processing file /opt/airflow/dags/Code explanation.xlsx for tasks to queue
[2025-04-26T23:45:01.133+0000] {logging_mixin.py:188} INFO - [2025-04-26T23:45:01.133+0000] {dagbag.py:538} INFO - Filling up the DagBag from /opt/airflow/dags/Code explanation.xlsx
[2025-04-26T23:45:01.147+0000] {processor.py:842} WARNING - No viable dags retrieved from /opt/airflow/dags/Code explanation.xlsx
[2025-04-26T23:45:01.159+0000] {processor.py:183} INFO - Processing /opt/airflow/dags/Code explanation.xlsx took 0.031 seconds
[2025-04-26T23:45:31.670+0000] {processor.py:161} INFO - Started process (PID=524) to work on /opt/airflow/dags/Code explanation.xlsx
[2025-04-26T23:45:31.671+0000] {processor.py:830} INFO - Processing file /opt/airflow/dags/Code explanation.xlsx for tasks to queue
[2025-04-26T23:45:31.671+0000] {logging_mixin.py:188} INFO - [2025-04-26T23:45:31.671+0000] {dagbag.py:538} INFO - Filling up the DagBag from /opt/airflow/dags/Code explanation.xlsx
[2025-04-26T23:45:31.681+0000] {processor.py:842} WARNING - No viable dags retrieved from /opt/airflow/dags/Code explanation.xlsx
[2025-04-26T23:45:31.692+0000] {processor.py:183} INFO - Processing /opt/airflow/dags/Code explanation.xlsx took 0.025 seconds
[2025-04-26T23:46:01.888+0000] {processor.py:161} INFO - Started process (PID=567) to work on /opt/airflow/dags/Code explanation.xlsx
[2025-04-26T23:46:01.889+0000] {processor.py:830} INFO - Processing file /opt/airflow/dags/Code explanation.xlsx for tasks to queue
[2025-04-26T23:46:01.890+0000] {logging_mixin.py:188} INFO - [2025-04-26T23:46:01.890+0000] {dagbag.py:538} INFO - Filling up the DagBag from /opt/airflow/dags/Code explanation.xlsx
[2025-04-26T23:46:01.902+0000] {processor.py:842} WARNING - No viable dags retrieved from /opt/airflow/dags/Code explanation.xlsx
[2025-04-26T23:46:01.917+0000] {processor.py:183} INFO - Processing /opt/airflow/dags/Code explanation.xlsx took 0.032 seconds
[2025-04-26T23:46:32.745+0000] {processor.py:161} INFO - Started process (PID=610) to work on /opt/airflow/dags/Code explanation.xlsx
[2025-04-26T23:46:32.747+0000] {processor.py:830} INFO - Processing file /opt/airflow/dags/Code explanation.xlsx for tasks to queue
[2025-04-26T23:46:32.748+0000] {logging_mixin.py:188} INFO - [2025-04-26T23:46:32.748+0000] {dagbag.py:538} INFO - Filling up the DagBag from /opt/airflow/dags/Code explanation.xlsx
[2025-04-26T23:46:32.765+0000] {processor.py:842} WARNING - No viable dags retrieved from /opt/airflow/dags/Code explanation.xlsx
[2025-04-26T23:46:32.780+0000] {processor.py:183} INFO - Processing /opt/airflow/dags/Code explanation.xlsx took 0.038 seconds
[2025-04-26T23:47:02.945+0000] {processor.py:161} INFO - Started process (PID=653) to work on /opt/airflow/dags/Code explanation.xlsx
[2025-04-26T23:47:02.946+0000] {processor.py:830} INFO - Processing file /opt/airflow/dags/Code explanation.xlsx for tasks to queue
[2025-04-26T23:47:02.946+0000] {logging_mixin.py:188} INFO - [2025-04-26T23:47:02.946+0000] {dagbag.py:538} INFO - Filling up the DagBag from /opt/airflow/dags/Code explanation.xlsx
[2025-04-26T23:47:02.955+0000] {processor.py:842} WARNING - No viable dags retrieved from /opt/airflow/dags/Code explanation.xlsx
[2025-04-26T23:47:02.966+0000] {processor.py:183} INFO - Processing /opt/airflow/dags/Code explanation.xlsx took 0.023 seconds
[2025-04-26T23:47:33.499+0000] {processor.py:161} INFO - Started process (PID=696) to work on /opt/airflow/dags/Code explanation.xlsx
[2025-04-26T23:47:33.501+0000] {processor.py:830} INFO - Processing file /opt/airflow/dags/Code explanation.xlsx for tasks to queue
[2025-04-26T23:47:33.502+0000] {logging_mixin.py:188} INFO - [2025-04-26T23:47:33.501+0000] {dagbag.py:538} INFO - Filling up the DagBag from /opt/airflow/dags/Code explanation.xlsx
[2025-04-26T23:47:33.517+0000] {processor.py:842} WARNING - No viable dags retrieved from /opt/airflow/dags/Code explanation.xlsx
[2025-04-26T23:47:33.534+0000] {processor.py:183} INFO - Processing /opt/airflow/dags/Code explanation.xlsx took 0.038 seconds
[2025-04-26T23:48:04.032+0000] {processor.py:161} INFO - Started process (PID=739) to work on /opt/airflow/dags/Code explanation.xlsx
[2025-04-26T23:48:04.033+0000] {processor.py:830} INFO - Processing file /opt/airflow/dags/Code explanation.xlsx for tasks to queue
[2025-04-26T23:48:04.034+0000] {logging_mixin.py:188} INFO - [2025-04-26T23:48:04.034+0000] {dagbag.py:538} INFO - Filling up the DagBag from /opt/airflow/dags/Code explanation.xlsx
[2025-04-26T23:48:04.051+0000] {processor.py:842} WARNING - No viable dags retrieved from /opt/airflow/dags/Code explanation.xlsx
[2025-04-26T23:48:04.062+0000] {processor.py:183} INFO - Processing /opt/airflow/dags/Code explanation.xlsx took 0.032 seconds
[2025-04-26T23:48:34.461+0000] {processor.py:161} INFO - Started process (PID=782) to work on /opt/airflow/dags/Code explanation.xlsx
[2025-04-26T23:48:34.463+0000] {processor.py:830} INFO - Processing file /opt/airflow/dags/Code explanation.xlsx for tasks to queue
[2025-04-26T23:48:34.464+0000] {logging_mixin.py:188} INFO - [2025-04-26T23:48:34.463+0000] {dagbag.py:538} INFO - Filling up the DagBag from /opt/airflow/dags/Code explanation.xlsx
[2025-04-26T23:48:34.480+0000] {processor.py:842} WARNING - No viable dags retrieved from /opt/airflow/dags/Code explanation.xlsx
[2025-04-26T23:48:34.492+0000] {processor.py:183} INFO - Processing /opt/airflow/dags/Code explanation.xlsx took 0.036 seconds
[2025-04-26T23:49:04.804+0000] {processor.py:161} INFO - Started process (PID=825) to work on /opt/airflow/dags/Code explanation.xlsx
[2025-04-26T23:49:04.806+0000] {processor.py:830} INFO - Processing file /opt/airflow/dags/Code explanation.xlsx for tasks to queue
[2025-04-26T23:49:04.807+0000] {logging_mixin.py:188} INFO - [2025-04-26T23:49:04.806+0000] {dagbag.py:538} INFO - Filling up the DagBag from /opt/airflow/dags/Code explanation.xlsx
[2025-04-26T23:49:04.817+0000] {processor.py:842} WARNING - No viable dags retrieved from /opt/airflow/dags/Code explanation.xlsx
[2025-04-26T23:49:04.829+0000] {processor.py:183} INFO - Processing /opt/airflow/dags/Code explanation.xlsx took 0.028 seconds
[2025-04-26T23:49:35.227+0000] {processor.py:161} INFO - Started process (PID=868) to work on /opt/airflow/dags/Code explanation.xlsx
[2025-04-26T23:49:35.228+0000] {processor.py:830} INFO - Processing file /opt/airflow/dags/Code explanation.xlsx for tasks to queue
[2025-04-26T23:49:35.229+0000] {logging_mixin.py:188} INFO - [2025-04-26T23:49:35.228+0000] {dagbag.py:538} INFO - Filling up the DagBag from /opt/airflow/dags/Code explanation.xlsx
[2025-04-26T23:49:35.240+0000] {processor.py:842} WARNING - No viable dags retrieved from /opt/airflow/dags/Code explanation.xlsx
[2025-04-26T23:49:35.255+0000] {processor.py:183} INFO - Processing /opt/airflow/dags/Code explanation.xlsx took 0.030 seconds
[2025-04-26T23:50:05.581+0000] {processor.py:161} INFO - Started process (PID=911) to work on /opt/airflow/dags/Code explanation.xlsx
[2025-04-26T23:50:05.582+0000] {processor.py:830} INFO - Processing file /opt/airflow/dags/Code explanation.xlsx for tasks to queue
[2025-04-26T23:50:05.583+0000] {logging_mixin.py:188} INFO - [2025-04-26T23:50:05.583+0000] {dagbag.py:538} INFO - Filling up the DagBag from /opt/airflow/dags/Code explanation.xlsx
[2025-04-26T23:50:05.598+0000] {processor.py:842} WARNING - No viable dags retrieved from /opt/airflow/dags/Code explanation.xlsx
[2025-04-26T23:50:05.608+0000] {processor.py:183} INFO - Processing /opt/airflow/dags/Code explanation.xlsx took 0.029 seconds
[2025-04-26T23:50:35.814+0000] {processor.py:161} INFO - Started process (PID=954) to work on /opt/airflow/dags/Code explanation.xlsx
[2025-04-26T23:50:35.816+0000] {processor.py:830} INFO - Processing file /opt/airflow/dags/Code explanation.xlsx for tasks to queue
[2025-04-26T23:50:35.818+0000] {logging_mixin.py:188} INFO - [2025-04-26T23:50:35.817+0000] {dagbag.py:538} INFO - Filling up the DagBag from /opt/airflow/dags/Code explanation.xlsx
[2025-04-26T23:50:35.841+0000] {processor.py:842} WARNING - No viable dags retrieved from /opt/airflow/dags/Code explanation.xlsx
[2025-04-26T23:50:35.873+0000] {processor.py:183} INFO - Processing /opt/airflow/dags/Code explanation.xlsx took 0.063 seconds
[2025-04-26T23:51:06.553+0000] {processor.py:161} INFO - Started process (PID=997) to work on /opt/airflow/dags/Code explanation.xlsx
[2025-04-26T23:51:06.557+0000] {processor.py:830} INFO - Processing file /opt/airflow/dags/Code explanation.xlsx for tasks to queue
[2025-04-26T23:51:06.563+0000] {logging_mixin.py:188} INFO - [2025-04-26T23:51:06.561+0000] {dagbag.py:538} INFO - Filling up the DagBag from /opt/airflow/dags/Code explanation.xlsx
[2025-04-26T23:51:06.597+0000] {processor.py:842} WARNING - No viable dags retrieved from /opt/airflow/dags/Code explanation.xlsx
[2025-04-26T23:51:06.617+0000] {processor.py:183} INFO - Processing /opt/airflow/dags/Code explanation.xlsx took 0.071 seconds
[2025-04-26T23:51:37.288+0000] {processor.py:161} INFO - Started process (PID=1040) to work on /opt/airflow/dags/Code explanation.xlsx
[2025-04-26T23:51:37.290+0000] {processor.py:830} INFO - Processing file /opt/airflow/dags/Code explanation.xlsx for tasks to queue
[2025-04-26T23:51:37.291+0000] {logging_mixin.py:188} INFO - [2025-04-26T23:51:37.291+0000] {dagbag.py:538} INFO - Filling up the DagBag from /opt/airflow/dags/Code explanation.xlsx
[2025-04-26T23:51:37.305+0000] {processor.py:842} WARNING - No viable dags retrieved from /opt/airflow/dags/Code explanation.xlsx
[2025-04-26T23:51:37.318+0000] {processor.py:183} INFO - Processing /opt/airflow/dags/Code explanation.xlsx took 0.033 seconds
[2025-04-26T23:52:07.606+0000] {processor.py:161} INFO - Started process (PID=1083) to work on /opt/airflow/dags/Code explanation.xlsx
[2025-04-26T23:52:07.607+0000] {processor.py:830} INFO - Processing file /opt/airflow/dags/Code explanation.xlsx for tasks to queue
[2025-04-26T23:52:07.609+0000] {logging_mixin.py:188} INFO - [2025-04-26T23:52:07.608+0000] {dagbag.py:538} INFO - Filling up the DagBag from /opt/airflow/dags/Code explanation.xlsx
[2025-04-26T23:52:07.619+0000] {processor.py:842} WARNING - No viable dags retrieved from /opt/airflow/dags/Code explanation.xlsx
[2025-04-26T23:52:07.632+0000] {processor.py:183} INFO - Processing /opt/airflow/dags/Code explanation.xlsx took 0.029 seconds
[2025-04-26T23:52:38.423+0000] {processor.py:161} INFO - Started process (PID=1126) to work on /opt/airflow/dags/Code explanation.xlsx
[2025-04-26T23:52:38.425+0000] {processor.py:830} INFO - Processing file /opt/airflow/dags/Code explanation.xlsx for tasks to queue
[2025-04-26T23:52:38.426+0000] {logging_mixin.py:188} INFO - [2025-04-26T23:52:38.426+0000] {dagbag.py:538} INFO - Filling up the DagBag from /opt/airflow/dags/Code explanation.xlsx
[2025-04-26T23:52:38.436+0000] {processor.py:842} WARNING - No viable dags retrieved from /opt/airflow/dags/Code explanation.xlsx
[2025-04-26T23:52:38.449+0000] {processor.py:183} INFO - Processing /opt/airflow/dags/Code explanation.xlsx took 0.029 seconds
[2025-04-26T23:53:08.806+0000] {processor.py:161} INFO - Started process (PID=1175) to work on /opt/airflow/dags/Code explanation.xlsx
[2025-04-26T23:53:08.808+0000] {processor.py:830} INFO - Processing file /opt/airflow/dags/Code explanation.xlsx for tasks to queue
[2025-04-26T23:53:08.810+0000] {logging_mixin.py:188} INFO - [2025-04-26T23:53:08.809+0000] {dagbag.py:538} INFO - Filling up the DagBag from /opt/airflow/dags/Code explanation.xlsx
[2025-04-26T23:53:08.825+0000] {processor.py:842} WARNING - No viable dags retrieved from /opt/airflow/dags/Code explanation.xlsx
[2025-04-26T23:53:08.846+0000] {processor.py:183} INFO - Processing /opt/airflow/dags/Code explanation.xlsx took 0.043 seconds
[2025-04-26T23:53:39.379+0000] {processor.py:161} INFO - Started process (PID=1218) to work on /opt/airflow/dags/Code explanation.xlsx
[2025-04-26T23:53:39.380+0000] {processor.py:830} INFO - Processing file /opt/airflow/dags/Code explanation.xlsx for tasks to queue
[2025-04-26T23:53:39.381+0000] {logging_mixin.py:188} INFO - [2025-04-26T23:53:39.381+0000] {dagbag.py:538} INFO - Filling up the DagBag from /opt/airflow/dags/Code explanation.xlsx
[2025-04-26T23:53:39.392+0000] {processor.py:842} WARNING - No viable dags retrieved from /opt/airflow/dags/Code explanation.xlsx
[2025-04-26T23:53:39.403+0000] {processor.py:183} INFO - Processing /opt/airflow/dags/Code explanation.xlsx took 0.026 seconds
[2025-04-26T23:54:09.768+0000] {processor.py:161} INFO - Started process (PID=1261) to work on /opt/airflow/dags/Code explanation.xlsx
[2025-04-26T23:54:09.769+0000] {processor.py:830} INFO - Processing file /opt/airflow/dags/Code explanation.xlsx for tasks to queue
[2025-04-26T23:54:09.770+0000] {logging_mixin.py:188} INFO - [2025-04-26T23:54:09.770+0000] {dagbag.py:538} INFO - Filling up the DagBag from /opt/airflow/dags/Code explanation.xlsx
[2025-04-26T23:54:09.784+0000] {processor.py:842} WARNING - No viable dags retrieved from /opt/airflow/dags/Code explanation.xlsx
[2025-04-26T23:54:09.797+0000] {processor.py:183} INFO - Processing /opt/airflow/dags/Code explanation.xlsx took 0.032 seconds
[2025-04-26T23:54:40.419+0000] {processor.py:161} INFO - Started process (PID=1304) to work on /opt/airflow/dags/Code explanation.xlsx
[2025-04-26T23:54:40.420+0000] {processor.py:830} INFO - Processing file /opt/airflow/dags/Code explanation.xlsx for tasks to queue
[2025-04-26T23:54:40.422+0000] {logging_mixin.py:188} INFO - [2025-04-26T23:54:40.421+0000] {dagbag.py:538} INFO - Filling up the DagBag from /opt/airflow/dags/Code explanation.xlsx
[2025-04-26T23:54:40.441+0000] {processor.py:842} WARNING - No viable dags retrieved from /opt/airflow/dags/Code explanation.xlsx
[2025-04-26T23:54:40.459+0000] {processor.py:183} INFO - Processing /opt/airflow/dags/Code explanation.xlsx took 0.044 seconds
[2025-04-26T23:55:11.028+0000] {processor.py:161} INFO - Started process (PID=1347) to work on /opt/airflow/dags/Code explanation.xlsx
[2025-04-26T23:55:11.029+0000] {processor.py:830} INFO - Processing file /opt/airflow/dags/Code explanation.xlsx for tasks to queue
[2025-04-26T23:55:11.030+0000] {logging_mixin.py:188} INFO - [2025-04-26T23:55:11.030+0000] {dagbag.py:538} INFO - Filling up the DagBag from /opt/airflow/dags/Code explanation.xlsx
[2025-04-26T23:55:11.040+0000] {processor.py:842} WARNING - No viable dags retrieved from /opt/airflow/dags/Code explanation.xlsx
[2025-04-26T23:55:11.051+0000] {processor.py:183} INFO - Processing /opt/airflow/dags/Code explanation.xlsx took 0.025 seconds
[2025-04-26T23:55:41.548+0000] {processor.py:161} INFO - Started process (PID=1390) to work on /opt/airflow/dags/Code explanation.xlsx
[2025-04-26T23:55:41.549+0000] {processor.py:830} INFO - Processing file /opt/airflow/dags/Code explanation.xlsx for tasks to queue
[2025-04-26T23:55:41.550+0000] {logging_mixin.py:188} INFO - [2025-04-26T23:55:41.550+0000] {dagbag.py:538} INFO - Filling up the DagBag from /opt/airflow/dags/Code explanation.xlsx
[2025-04-26T23:55:41.560+0000] {processor.py:842} WARNING - No viable dags retrieved from /opt/airflow/dags/Code explanation.xlsx
[2025-04-26T23:55:41.572+0000] {processor.py:183} INFO - Processing /opt/airflow/dags/Code explanation.xlsx took 0.029 seconds
[2025-04-26T23:56:11.772+0000] {processor.py:161} INFO - Started process (PID=1433) to work on /opt/airflow/dags/Code explanation.xlsx
[2025-04-26T23:56:11.774+0000] {processor.py:830} INFO - Processing file /opt/airflow/dags/Code explanation.xlsx for tasks to queue
[2025-04-26T23:56:11.776+0000] {logging_mixin.py:188} INFO - [2025-04-26T23:56:11.776+0000] {dagbag.py:538} INFO - Filling up the DagBag from /opt/airflow/dags/Code explanation.xlsx
[2025-04-26T23:56:11.800+0000] {processor.py:842} WARNING - No viable dags retrieved from /opt/airflow/dags/Code explanation.xlsx
[2025-04-26T23:56:11.838+0000] {processor.py:183} INFO - Processing /opt/airflow/dags/Code explanation.xlsx took 0.070 seconds
[2025-04-26T23:56:42.139+0000] {processor.py:161} INFO - Started process (PID=1476) to work on /opt/airflow/dags/Code explanation.xlsx
[2025-04-26T23:56:42.140+0000] {processor.py:830} INFO - Processing file /opt/airflow/dags/Code explanation.xlsx for tasks to queue
[2025-04-26T23:56:42.141+0000] {logging_mixin.py:188} INFO - [2025-04-26T23:56:42.141+0000] {dagbag.py:538} INFO - Filling up the DagBag from /opt/airflow/dags/Code explanation.xlsx
[2025-04-26T23:56:42.152+0000] {processor.py:842} WARNING - No viable dags retrieved from /opt/airflow/dags/Code explanation.xlsx
[2025-04-26T23:56:42.162+0000] {processor.py:183} INFO - Processing /opt/airflow/dags/Code explanation.xlsx took 0.026 seconds
[2025-04-26T23:57:12.585+0000] {processor.py:161} INFO - Started process (PID=1519) to work on /opt/airflow/dags/Code explanation.xlsx
[2025-04-26T23:57:12.586+0000] {processor.py:830} INFO - Processing file /opt/airflow/dags/Code explanation.xlsx for tasks to queue
[2025-04-26T23:57:12.587+0000] {logging_mixin.py:188} INFO - [2025-04-26T23:57:12.587+0000] {dagbag.py:538} INFO - Filling up the DagBag from /opt/airflow/dags/Code explanation.xlsx
[2025-04-26T23:57:12.600+0000] {processor.py:842} WARNING - No viable dags retrieved from /opt/airflow/dags/Code explanation.xlsx
[2025-04-26T23:57:12.614+0000] {processor.py:183} INFO - Processing /opt/airflow/dags/Code explanation.xlsx took 0.032 seconds
[2025-04-26T23:57:43.356+0000] {processor.py:161} INFO - Started process (PID=1562) to work on /opt/airflow/dags/Code explanation.xlsx
[2025-04-26T23:57:43.357+0000] {processor.py:830} INFO - Processing file /opt/airflow/dags/Code explanation.xlsx for tasks to queue
[2025-04-26T23:57:43.358+0000] {logging_mixin.py:188} INFO - [2025-04-26T23:57:43.358+0000] {dagbag.py:538} INFO - Filling up the DagBag from /opt/airflow/dags/Code explanation.xlsx
[2025-04-26T23:57:43.368+0000] {processor.py:842} WARNING - No viable dags retrieved from /opt/airflow/dags/Code explanation.xlsx
[2025-04-26T23:57:43.382+0000] {processor.py:183} INFO - Processing /opt/airflow/dags/Code explanation.xlsx took 0.028 seconds
[2025-04-26T23:58:13.490+0000] {processor.py:161} INFO - Started process (PID=1605) to work on /opt/airflow/dags/Code explanation.xlsx
[2025-04-26T23:58:13.492+0000] {processor.py:830} INFO - Processing file /opt/airflow/dags/Code explanation.xlsx for tasks to queue
[2025-04-26T23:58:13.494+0000] {logging_mixin.py:188} INFO - [2025-04-26T23:58:13.493+0000] {dagbag.py:538} INFO - Filling up the DagBag from /opt/airflow/dags/Code explanation.xlsx
[2025-04-26T23:58:13.512+0000] {processor.py:842} WARNING - No viable dags retrieved from /opt/airflow/dags/Code explanation.xlsx
[2025-04-26T23:58:13.532+0000] {processor.py:183} INFO - Processing /opt/airflow/dags/Code explanation.xlsx took 0.046 seconds
[2025-04-26T23:58:43.942+0000] {processor.py:161} INFO - Started process (PID=1648) to work on /opt/airflow/dags/Code explanation.xlsx
[2025-04-26T23:58:43.943+0000] {processor.py:830} INFO - Processing file /opt/airflow/dags/Code explanation.xlsx for tasks to queue
[2025-04-26T23:58:43.945+0000] {logging_mixin.py:188} INFO - [2025-04-26T23:58:43.944+0000] {dagbag.py:538} INFO - Filling up the DagBag from /opt/airflow/dags/Code explanation.xlsx
[2025-04-26T23:58:43.955+0000] {processor.py:842} WARNING - No viable dags retrieved from /opt/airflow/dags/Code explanation.xlsx
[2025-04-26T23:58:43.968+0000] {processor.py:183} INFO - Processing /opt/airflow/dags/Code explanation.xlsx took 0.028 seconds
[2025-04-26T23:59:14.194+0000] {processor.py:161} INFO - Started process (PID=1694) to work on /opt/airflow/dags/Code explanation.xlsx
[2025-04-26T23:59:14.195+0000] {processor.py:830} INFO - Processing file /opt/airflow/dags/Code explanation.xlsx for tasks to queue
[2025-04-26T23:59:14.196+0000] {logging_mixin.py:188} INFO - [2025-04-26T23:59:14.196+0000] {dagbag.py:538} INFO - Filling up the DagBag from /opt/airflow/dags/Code explanation.xlsx
[2025-04-26T23:59:14.206+0000] {processor.py:842} WARNING - No viable dags retrieved from /opt/airflow/dags/Code explanation.xlsx
[2025-04-26T23:59:14.217+0000] {processor.py:183} INFO - Processing /opt/airflow/dags/Code explanation.xlsx took 0.025 seconds
[2025-04-26T23:59:44.969+0000] {processor.py:161} INFO - Started process (PID=1737) to work on /opt/airflow/dags/Code explanation.xlsx
[2025-04-26T23:59:44.970+0000] {processor.py:830} INFO - Processing file /opt/airflow/dags/Code explanation.xlsx for tasks to queue
[2025-04-26T23:59:44.971+0000] {logging_mixin.py:188} INFO - [2025-04-26T23:59:44.971+0000] {dagbag.py:538} INFO - Filling up the DagBag from /opt/airflow/dags/Code explanation.xlsx
[2025-04-26T23:59:44.984+0000] {processor.py:842} WARNING - No viable dags retrieved from /opt/airflow/dags/Code explanation.xlsx
[2025-04-26T23:59:44.996+0000] {processor.py:183} INFO - Processing /opt/airflow/dags/Code explanation.xlsx took 0.029 seconds
