[2025-04-26T23:41:28.076+0000] {processor.py:161} INFO - Started process (PID=202) to work on /opt/airflow/dags/exampledag.py
[2025-04-26T23:41:28.078+0000] {processor.py:830} INFO - Processing file /opt/airflow/dags/exampledag.py for tasks to queue
[2025-04-26T23:41:28.087+0000] {logging_mixin.py:188} INFO - [2025-04-26T23:41:28.086+0000] {dagbag.py:538} INFO - Filling up the DagBag from /opt/airflow/dags/exampledag.py
[2025-04-26T23:41:28.137+0000] {processor.py:840} INFO - DAG(s) 'chethan_test_dag' retrieved from /opt/airflow/dags/exampledag.py
[2025-04-26T23:41:28.177+0000] {logging_mixin.py:188} INFO - [2025-04-26T23:41:28.177+0000] {dag.py:3036} INFO - Sync 1 DAGs
[2025-04-26T23:41:28.203+0000] {logging_mixin.py:188} INFO - [2025-04-26T23:41:28.203+0000] {dag.py:3823} INFO - Setting next_dagrun for chethan_test_dag to 2025-04-25 00:00:00+00:00, run_after=2025-04-26 00:00:00+00:00
[2025-04-26T23:41:28.227+0000] {processor.py:183} INFO - Processing /opt/airflow/dags/exampledag.py took 0.154 seconds
[2025-04-26T23:41:58.458+0000] {processor.py:161} INFO - Started process (PID=240) to work on /opt/airflow/dags/exampledag.py
[2025-04-26T23:41:58.459+0000] {processor.py:830} INFO - Processing file /opt/airflow/dags/exampledag.py for tasks to queue
[2025-04-26T23:41:58.461+0000] {logging_mixin.py:188} INFO - [2025-04-26T23:41:58.460+0000] {dagbag.py:538} INFO - Filling up the DagBag from /opt/airflow/dags/exampledag.py
[2025-04-26T23:41:58.492+0000] {processor.py:840} INFO - DAG(s) 'chethan_test_dag' retrieved from /opt/airflow/dags/exampledag.py
[2025-04-26T23:41:58.578+0000] {logging_mixin.py:188} INFO - [2025-04-26T23:41:58.578+0000] {dag.py:3036} INFO - Sync 1 DAGs
[2025-04-26T23:41:58.597+0000] {logging_mixin.py:188} INFO - [2025-04-26T23:41:58.597+0000] {dag.py:3823} INFO - Setting next_dagrun for chethan_test_dag to 2025-04-25 00:00:00+00:00, run_after=2025-04-26 00:00:00+00:00
[2025-04-26T23:41:58.619+0000] {processor.py:183} INFO - Processing /opt/airflow/dags/exampledag.py took 0.163 seconds
[2025-04-26T23:42:29.248+0000] {processor.py:161} INFO - Started process (PID=283) to work on /opt/airflow/dags/exampledag.py
[2025-04-26T23:42:29.251+0000] {processor.py:830} INFO - Processing file /opt/airflow/dags/exampledag.py for tasks to queue
[2025-04-26T23:42:29.254+0000] {logging_mixin.py:188} INFO - [2025-04-26T23:42:29.253+0000] {dagbag.py:538} INFO - Filling up the DagBag from /opt/airflow/dags/exampledag.py
[2025-04-26T23:42:29.284+0000] {processor.py:840} INFO - DAG(s) 'chethan_test_dag' retrieved from /opt/airflow/dags/exampledag.py
[2025-04-26T23:42:29.311+0000] {logging_mixin.py:188} INFO - [2025-04-26T23:42:29.310+0000] {dag.py:3036} INFO - Sync 1 DAGs
[2025-04-26T23:42:29.341+0000] {logging_mixin.py:188} INFO - [2025-04-26T23:42:29.340+0000] {dag.py:3823} INFO - Setting next_dagrun for chethan_test_dag to 2025-04-25 00:00:00+00:00, run_after=2025-04-26 00:00:00+00:00
[2025-04-26T23:42:29.365+0000] {processor.py:183} INFO - Processing /opt/airflow/dags/exampledag.py took 0.125 seconds
[2025-04-26T23:43:00.646+0000] {processor.py:161} INFO - Started process (PID=332) to work on /opt/airflow/dags/exampledag.py
[2025-04-26T23:43:00.648+0000] {processor.py:830} INFO - Processing file /opt/airflow/dags/exampledag.py for tasks to queue
[2025-04-26T23:43:00.650+0000] {logging_mixin.py:188} INFO - [2025-04-26T23:43:00.650+0000] {dagbag.py:538} INFO - Filling up the DagBag from /opt/airflow/dags/exampledag.py
[2025-04-26T23:43:00.718+0000] {processor.py:840} INFO - DAG(s) 'chethan_test_dag' retrieved from /opt/airflow/dags/exampledag.py
[2025-04-26T23:43:00.799+0000] {logging_mixin.py:188} INFO - [2025-04-26T23:43:00.798+0000] {dag.py:3036} INFO - Sync 1 DAGs
[2025-04-26T23:43:00.864+0000] {logging_mixin.py:188} INFO - [2025-04-26T23:43:00.864+0000] {dag.py:3823} INFO - Setting next_dagrun for chethan_test_dag to 2025-04-25 00:00:00+00:00, run_after=2025-04-26 00:00:00+00:00
[2025-04-26T23:43:00.909+0000] {processor.py:183} INFO - Processing /opt/airflow/dags/exampledag.py took 0.269 seconds
[2025-04-26T23:43:31.839+0000] {processor.py:161} INFO - Started process (PID=377) to work on /opt/airflow/dags/exampledag.py
[2025-04-26T23:43:31.840+0000] {processor.py:830} INFO - Processing file /opt/airflow/dags/exampledag.py for tasks to queue
[2025-04-26T23:43:31.841+0000] {logging_mixin.py:188} INFO - [2025-04-26T23:43:31.840+0000] {dagbag.py:538} INFO - Filling up the DagBag from /opt/airflow/dags/exampledag.py
[2025-04-26T23:43:31.869+0000] {processor.py:840} INFO - DAG(s) 'chethan_test_dag' retrieved from /opt/airflow/dags/exampledag.py
[2025-04-26T23:43:31.890+0000] {logging_mixin.py:188} INFO - [2025-04-26T23:43:31.890+0000] {dag.py:3036} INFO - Sync 1 DAGs
[2025-04-26T23:43:31.907+0000] {logging_mixin.py:188} INFO - [2025-04-26T23:43:31.907+0000] {dag.py:3823} INFO - Setting next_dagrun for chethan_test_dag to 2025-04-25 00:00:00+00:00, run_after=2025-04-26 00:00:00+00:00
[2025-04-26T23:43:31.923+0000] {processor.py:183} INFO - Processing /opt/airflow/dags/exampledag.py took 0.087 seconds
[2025-04-26T23:44:02.445+0000] {processor.py:161} INFO - Started process (PID=420) to work on /opt/airflow/dags/exampledag.py
[2025-04-26T23:44:02.447+0000] {processor.py:830} INFO - Processing file /opt/airflow/dags/exampledag.py for tasks to queue
[2025-04-26T23:44:02.448+0000] {logging_mixin.py:188} INFO - [2025-04-26T23:44:02.448+0000] {dagbag.py:538} INFO - Filling up the DagBag from /opt/airflow/dags/exampledag.py
[2025-04-26T23:44:02.497+0000] {processor.py:840} INFO - DAG(s) 'chethan_test_dag' retrieved from /opt/airflow/dags/exampledag.py
[2025-04-26T23:44:02.529+0000] {logging_mixin.py:188} INFO - [2025-04-26T23:44:02.529+0000] {dag.py:3036} INFO - Sync 1 DAGs
[2025-04-26T23:44:02.560+0000] {logging_mixin.py:188} INFO - [2025-04-26T23:44:02.560+0000] {dag.py:3823} INFO - Setting next_dagrun for chethan_test_dag to 2025-04-25 00:00:00+00:00, run_after=2025-04-26 00:00:00+00:00
[2025-04-26T23:44:02.582+0000] {processor.py:183} INFO - Processing /opt/airflow/dags/exampledag.py took 0.140 seconds
[2025-04-26T23:44:33.453+0000] {processor.py:161} INFO - Started process (PID=463) to work on /opt/airflow/dags/exampledag.py
[2025-04-26T23:44:33.455+0000] {processor.py:830} INFO - Processing file /opt/airflow/dags/exampledag.py for tasks to queue
[2025-04-26T23:44:33.455+0000] {logging_mixin.py:188} INFO - [2025-04-26T23:44:33.455+0000] {dagbag.py:538} INFO - Filling up the DagBag from /opt/airflow/dags/exampledag.py
[2025-04-26T23:44:33.486+0000] {processor.py:840} INFO - DAG(s) 'chethan_test_dag' retrieved from /opt/airflow/dags/exampledag.py
[2025-04-26T23:44:33.508+0000] {logging_mixin.py:188} INFO - [2025-04-26T23:44:33.507+0000] {dag.py:3036} INFO - Sync 1 DAGs
[2025-04-26T23:44:33.527+0000] {logging_mixin.py:188} INFO - [2025-04-26T23:44:33.527+0000] {dag.py:3823} INFO - Setting next_dagrun for chethan_test_dag to 2025-04-25 00:00:00+00:00, run_after=2025-04-26 00:00:00+00:00
[2025-04-26T23:44:33.542+0000] {processor.py:183} INFO - Processing /opt/airflow/dags/exampledag.py took 0.091 seconds
[2025-04-26T23:45:03.863+0000] {processor.py:161} INFO - Started process (PID=507) to work on /opt/airflow/dags/exampledag.py
[2025-04-26T23:45:03.864+0000] {processor.py:830} INFO - Processing file /opt/airflow/dags/exampledag.py for tasks to queue
[2025-04-26T23:45:03.866+0000] {logging_mixin.py:188} INFO - [2025-04-26T23:45:03.865+0000] {dagbag.py:538} INFO - Filling up the DagBag from /opt/airflow/dags/exampledag.py
[2025-04-26T23:45:03.922+0000] {processor.py:840} INFO - DAG(s) 'chethan_test_dag' retrieved from /opt/airflow/dags/exampledag.py
[2025-04-26T23:45:03.968+0000] {logging_mixin.py:188} INFO - [2025-04-26T23:45:03.968+0000] {dag.py:3036} INFO - Sync 1 DAGs
[2025-04-26T23:45:04.006+0000] {logging_mixin.py:188} INFO - [2025-04-26T23:45:04.006+0000] {dag.py:3823} INFO - Setting next_dagrun for chethan_test_dag to 2025-04-25 00:00:00+00:00, run_after=2025-04-26 00:00:00+00:00
[2025-04-26T23:45:04.030+0000] {processor.py:183} INFO - Processing /opt/airflow/dags/exampledag.py took 0.170 seconds
[2025-04-26T23:45:34.134+0000] {processor.py:161} INFO - Started process (PID=544) to work on /opt/airflow/dags/exampledag.py
[2025-04-26T23:45:34.136+0000] {processor.py:830} INFO - Processing file /opt/airflow/dags/exampledag.py for tasks to queue
[2025-04-26T23:45:34.137+0000] {logging_mixin.py:188} INFO - [2025-04-26T23:45:34.136+0000] {dagbag.py:538} INFO - Filling up the DagBag from /opt/airflow/dags/exampledag.py
[2025-04-26T23:45:34.163+0000] {processor.py:840} INFO - DAG(s) 'chethan_test_dag' retrieved from /opt/airflow/dags/exampledag.py
[2025-04-26T23:45:34.193+0000] {logging_mixin.py:188} INFO - [2025-04-26T23:45:34.193+0000] {dag.py:3036} INFO - Sync 1 DAGs
[2025-04-26T23:45:34.216+0000] {logging_mixin.py:188} INFO - [2025-04-26T23:45:34.216+0000] {dag.py:3823} INFO - Setting next_dagrun for chethan_test_dag to 2025-04-25 00:00:00+00:00, run_after=2025-04-26 00:00:00+00:00
[2025-04-26T23:45:34.240+0000] {processor.py:183} INFO - Processing /opt/airflow/dags/exampledag.py took 0.108 seconds
[2025-04-26T23:46:04.596+0000] {processor.py:161} INFO - Started process (PID=586) to work on /opt/airflow/dags/exampledag.py
[2025-04-26T23:46:04.598+0000] {processor.py:830} INFO - Processing file /opt/airflow/dags/exampledag.py for tasks to queue
[2025-04-26T23:46:04.599+0000] {logging_mixin.py:188} INFO - [2025-04-26T23:46:04.599+0000] {dagbag.py:538} INFO - Filling up the DagBag from /opt/airflow/dags/exampledag.py
[2025-04-26T23:46:04.629+0000] {processor.py:840} INFO - DAG(s) 'chethan_test_dag' retrieved from /opt/airflow/dags/exampledag.py
[2025-04-26T23:46:04.661+0000] {logging_mixin.py:188} INFO - [2025-04-26T23:46:04.660+0000] {dag.py:3036} INFO - Sync 1 DAGs
[2025-04-26T23:46:04.687+0000] {logging_mixin.py:188} INFO - [2025-04-26T23:46:04.686+0000] {dag.py:3823} INFO - Setting next_dagrun for chethan_test_dag to 2025-04-25 00:00:00+00:00, run_after=2025-04-26 00:00:00+00:00
[2025-04-26T23:46:04.711+0000] {processor.py:183} INFO - Processing /opt/airflow/dags/exampledag.py took 0.118 seconds
[2025-04-26T23:46:36.171+0000] {processor.py:161} INFO - Started process (PID=636) to work on /opt/airflow/dags/exampledag.py
[2025-04-26T23:46:36.174+0000] {processor.py:830} INFO - Processing file /opt/airflow/dags/exampledag.py for tasks to queue
[2025-04-26T23:46:36.176+0000] {logging_mixin.py:188} INFO - [2025-04-26T23:46:36.175+0000] {dagbag.py:538} INFO - Filling up the DagBag from /opt/airflow/dags/exampledag.py
[2025-04-26T23:46:36.245+0000] {processor.py:840} INFO - DAG(s) 'chethan_test_dag' retrieved from /opt/airflow/dags/exampledag.py
[2025-04-26T23:46:36.297+0000] {logging_mixin.py:188} INFO - [2025-04-26T23:46:36.296+0000] {dag.py:3036} INFO - Sync 1 DAGs
[2025-04-26T23:46:36.341+0000] {logging_mixin.py:188} INFO - [2025-04-26T23:46:36.340+0000] {dag.py:3823} INFO - Setting next_dagrun for chethan_test_dag to 2025-04-25 00:00:00+00:00, run_after=2025-04-26 00:00:00+00:00
[2025-04-26T23:46:36.398+0000] {processor.py:183} INFO - Processing /opt/airflow/dags/exampledag.py took 0.237 seconds
[2025-04-26T23:47:06.776+0000] {processor.py:161} INFO - Started process (PID=681) to work on /opt/airflow/dags/exampledag.py
[2025-04-26T23:47:06.778+0000] {processor.py:830} INFO - Processing file /opt/airflow/dags/exampledag.py for tasks to queue
[2025-04-26T23:47:06.780+0000] {logging_mixin.py:188} INFO - [2025-04-26T23:47:06.780+0000] {dagbag.py:538} INFO - Filling up the DagBag from /opt/airflow/dags/exampledag.py
[2025-04-26T23:47:06.826+0000] {processor.py:840} INFO - DAG(s) 'chethan_test_dag' retrieved from /opt/airflow/dags/exampledag.py
[2025-04-26T23:47:06.869+0000] {logging_mixin.py:188} INFO - [2025-04-26T23:47:06.869+0000] {dag.py:3036} INFO - Sync 1 DAGs
[2025-04-26T23:47:06.890+0000] {logging_mixin.py:188} INFO - [2025-04-26T23:47:06.890+0000] {dag.py:3823} INFO - Setting next_dagrun for chethan_test_dag to 2025-04-25 00:00:00+00:00, run_after=2025-04-26 00:00:00+00:00
[2025-04-26T23:47:06.909+0000] {processor.py:183} INFO - Processing /opt/airflow/dags/exampledag.py took 0.137 seconds
[2025-04-26T23:47:37.267+0000] {processor.py:161} INFO - Started process (PID=724) to work on /opt/airflow/dags/exampledag.py
[2025-04-26T23:47:37.268+0000] {processor.py:830} INFO - Processing file /opt/airflow/dags/exampledag.py for tasks to queue
[2025-04-26T23:47:37.269+0000] {logging_mixin.py:188} INFO - [2025-04-26T23:47:37.269+0000] {dagbag.py:538} INFO - Filling up the DagBag from /opt/airflow/dags/exampledag.py
[2025-04-26T23:47:37.293+0000] {processor.py:840} INFO - DAG(s) 'chethan_test_dag' retrieved from /opt/airflow/dags/exampledag.py
[2025-04-26T23:47:37.317+0000] {logging_mixin.py:188} INFO - [2025-04-26T23:47:37.316+0000] {dag.py:3036} INFO - Sync 1 DAGs
[2025-04-26T23:47:37.335+0000] {logging_mixin.py:188} INFO - [2025-04-26T23:47:37.335+0000] {dag.py:3823} INFO - Setting next_dagrun for chethan_test_dag to 2025-04-25 00:00:00+00:00, run_after=2025-04-26 00:00:00+00:00
[2025-04-26T23:47:37.351+0000] {processor.py:183} INFO - Processing /opt/airflow/dags/exampledag.py took 0.087 seconds
[2025-04-26T23:48:07.709+0000] {processor.py:161} INFO - Started process (PID=767) to work on /opt/airflow/dags/exampledag.py
[2025-04-26T23:48:07.710+0000] {processor.py:830} INFO - Processing file /opt/airflow/dags/exampledag.py for tasks to queue
[2025-04-26T23:48:07.712+0000] {logging_mixin.py:188} INFO - [2025-04-26T23:48:07.711+0000] {dagbag.py:538} INFO - Filling up the DagBag from /opt/airflow/dags/exampledag.py
[2025-04-26T23:48:07.737+0000] {processor.py:840} INFO - DAG(s) 'chethan_test_dag' retrieved from /opt/airflow/dags/exampledag.py
[2025-04-26T23:48:07.755+0000] {logging_mixin.py:188} INFO - [2025-04-26T23:48:07.755+0000] {dag.py:3036} INFO - Sync 1 DAGs
[2025-04-26T23:48:07.774+0000] {logging_mixin.py:188} INFO - [2025-04-26T23:48:07.773+0000] {dag.py:3823} INFO - Setting next_dagrun for chethan_test_dag to 2025-04-25 00:00:00+00:00, run_after=2025-04-26 00:00:00+00:00
[2025-04-26T23:48:07.791+0000] {processor.py:183} INFO - Processing /opt/airflow/dags/exampledag.py took 0.084 seconds
[2025-04-26T23:48:38.318+0000] {processor.py:161} INFO - Started process (PID=810) to work on /opt/airflow/dags/exampledag.py
[2025-04-26T23:48:38.330+0000] {processor.py:830} INFO - Processing file /opt/airflow/dags/exampledag.py for tasks to queue
[2025-04-26T23:48:38.333+0000] {logging_mixin.py:188} INFO - [2025-04-26T23:48:38.332+0000] {dagbag.py:538} INFO - Filling up the DagBag from /opt/airflow/dags/exampledag.py
[2025-04-26T23:48:38.407+0000] {processor.py:840} INFO - DAG(s) 'chethan_test_dag' retrieved from /opt/airflow/dags/exampledag.py
[2025-04-26T23:48:38.490+0000] {logging_mixin.py:188} INFO - [2025-04-26T23:48:38.490+0000] {dag.py:3036} INFO - Sync 1 DAGs
[2025-04-26T23:48:38.551+0000] {logging_mixin.py:188} INFO - [2025-04-26T23:48:38.550+0000] {dag.py:3823} INFO - Setting next_dagrun for chethan_test_dag to 2025-04-25 00:00:00+00:00, run_after=2025-04-26 00:00:00+00:00
[2025-04-26T23:48:38.609+0000] {processor.py:183} INFO - Processing /opt/airflow/dags/exampledag.py took 0.294 seconds
[2025-04-26T23:49:09.407+0000] {processor.py:161} INFO - Started process (PID=853) to work on /opt/airflow/dags/exampledag.py
[2025-04-26T23:49:09.410+0000] {processor.py:830} INFO - Processing file /opt/airflow/dags/exampledag.py for tasks to queue
[2025-04-26T23:49:09.412+0000] {logging_mixin.py:188} INFO - [2025-04-26T23:49:09.411+0000] {dagbag.py:538} INFO - Filling up the DagBag from /opt/airflow/dags/exampledag.py
[2025-04-26T23:49:09.471+0000] {processor.py:840} INFO - DAG(s) 'chethan_test_dag' retrieved from /opt/airflow/dags/exampledag.py
[2025-04-26T23:49:09.518+0000] {logging_mixin.py:188} INFO - [2025-04-26T23:49:09.518+0000] {dag.py:3036} INFO - Sync 1 DAGs
[2025-04-26T23:49:09.549+0000] {logging_mixin.py:188} INFO - [2025-04-26T23:49:09.549+0000] {dag.py:3823} INFO - Setting next_dagrun for chethan_test_dag to 2025-04-25 00:00:00+00:00, run_after=2025-04-26 00:00:00+00:00
[2025-04-26T23:49:09.581+0000] {processor.py:183} INFO - Processing /opt/airflow/dags/exampledag.py took 0.178 seconds
[2025-04-26T23:49:39.894+0000] {processor.py:161} INFO - Started process (PID=896) to work on /opt/airflow/dags/exampledag.py
[2025-04-26T23:49:39.896+0000] {processor.py:830} INFO - Processing file /opt/airflow/dags/exampledag.py for tasks to queue
[2025-04-26T23:49:39.896+0000] {logging_mixin.py:188} INFO - [2025-04-26T23:49:39.896+0000] {dagbag.py:538} INFO - Filling up the DagBag from /opt/airflow/dags/exampledag.py
[2025-04-26T23:49:39.923+0000] {processor.py:840} INFO - DAG(s) 'chethan_test_dag' retrieved from /opt/airflow/dags/exampledag.py
[2025-04-26T23:49:39.952+0000] {logging_mixin.py:188} INFO - [2025-04-26T23:49:39.952+0000] {dag.py:3036} INFO - Sync 1 DAGs
[2025-04-26T23:49:39.970+0000] {logging_mixin.py:188} INFO - [2025-04-26T23:49:39.970+0000] {dag.py:3823} INFO - Setting next_dagrun for chethan_test_dag to 2025-04-25 00:00:00+00:00, run_after=2025-04-26 00:00:00+00:00
[2025-04-26T23:49:39.988+0000] {processor.py:183} INFO - Processing /opt/airflow/dags/exampledag.py took 0.096 seconds
[2025-04-26T23:50:10.277+0000] {processor.py:161} INFO - Started process (PID=939) to work on /opt/airflow/dags/exampledag.py
[2025-04-26T23:50:10.278+0000] {processor.py:830} INFO - Processing file /opt/airflow/dags/exampledag.py for tasks to queue
[2025-04-26T23:50:10.279+0000] {logging_mixin.py:188} INFO - [2025-04-26T23:50:10.278+0000] {dagbag.py:538} INFO - Filling up the DagBag from /opt/airflow/dags/exampledag.py
[2025-04-26T23:50:10.308+0000] {processor.py:840} INFO - DAG(s) 'chethan_test_dag' retrieved from /opt/airflow/dags/exampledag.py
[2025-04-26T23:50:10.325+0000] {logging_mixin.py:188} INFO - [2025-04-26T23:50:10.325+0000] {dag.py:3036} INFO - Sync 1 DAGs
[2025-04-26T23:50:10.341+0000] {logging_mixin.py:188} INFO - [2025-04-26T23:50:10.340+0000] {dag.py:3823} INFO - Setting next_dagrun for chethan_test_dag to 2025-04-25 00:00:00+00:00, run_after=2025-04-26 00:00:00+00:00
[2025-04-26T23:50:10.356+0000] {processor.py:183} INFO - Processing /opt/airflow/dags/exampledag.py took 0.081 seconds
[2025-04-26T23:50:40.898+0000] {processor.py:161} INFO - Started process (PID=982) to work on /opt/airflow/dags/exampledag.py
[2025-04-26T23:50:40.899+0000] {processor.py:830} INFO - Processing file /opt/airflow/dags/exampledag.py for tasks to queue
[2025-04-26T23:50:40.900+0000] {logging_mixin.py:188} INFO - [2025-04-26T23:50:40.900+0000] {dagbag.py:538} INFO - Filling up the DagBag from /opt/airflow/dags/exampledag.py
[2025-04-26T23:50:40.930+0000] {processor.py:840} INFO - DAG(s) 'chethan_test_dag' retrieved from /opt/airflow/dags/exampledag.py
[2025-04-26T23:50:40.954+0000] {logging_mixin.py:188} INFO - [2025-04-26T23:50:40.954+0000] {dag.py:3036} INFO - Sync 1 DAGs
[2025-04-26T23:50:40.975+0000] {logging_mixin.py:188} INFO - [2025-04-26T23:50:40.975+0000] {dag.py:3823} INFO - Setting next_dagrun for chethan_test_dag to 2025-04-25 00:00:00+00:00, run_after=2025-04-26 00:00:00+00:00
[2025-04-26T23:50:41.002+0000] {processor.py:183} INFO - Processing /opt/airflow/dags/exampledag.py took 0.107 seconds
[2025-04-26T23:51:11.512+0000] {processor.py:161} INFO - Started process (PID=1025) to work on /opt/airflow/dags/exampledag.py
[2025-04-26T23:51:11.513+0000] {processor.py:830} INFO - Processing file /opt/airflow/dags/exampledag.py for tasks to queue
[2025-04-26T23:51:11.513+0000] {logging_mixin.py:188} INFO - [2025-04-26T23:51:11.513+0000] {dagbag.py:538} INFO - Filling up the DagBag from /opt/airflow/dags/exampledag.py
[2025-04-26T23:51:11.538+0000] {processor.py:840} INFO - DAG(s) 'chethan_test_dag' retrieved from /opt/airflow/dags/exampledag.py
[2025-04-26T23:51:11.558+0000] {logging_mixin.py:188} INFO - [2025-04-26T23:51:11.558+0000] {dag.py:3036} INFO - Sync 1 DAGs
[2025-04-26T23:51:11.574+0000] {logging_mixin.py:188} INFO - [2025-04-26T23:51:11.574+0000] {dag.py:3823} INFO - Setting next_dagrun for chethan_test_dag to 2025-04-25 00:00:00+00:00, run_after=2025-04-26 00:00:00+00:00
[2025-04-26T23:51:11.592+0000] {processor.py:183} INFO - Processing /opt/airflow/dags/exampledag.py took 0.083 seconds
[2025-04-26T23:51:42.001+0000] {processor.py:161} INFO - Started process (PID=1066) to work on /opt/airflow/dags/exampledag.py
[2025-04-26T23:51:42.002+0000] {processor.py:830} INFO - Processing file /opt/airflow/dags/exampledag.py for tasks to queue
[2025-04-26T23:51:42.004+0000] {logging_mixin.py:188} INFO - [2025-04-26T23:51:42.003+0000] {dagbag.py:538} INFO - Filling up the DagBag from /opt/airflow/dags/exampledag.py
[2025-04-26T23:51:42.030+0000] {processor.py:840} INFO - DAG(s) 'chethan_test_dag' retrieved from /opt/airflow/dags/exampledag.py
[2025-04-26T23:51:42.053+0000] {logging_mixin.py:188} INFO - [2025-04-26T23:51:42.052+0000] {dag.py:3036} INFO - Sync 1 DAGs
[2025-04-26T23:51:42.071+0000] {logging_mixin.py:188} INFO - [2025-04-26T23:51:42.070+0000] {dag.py:3823} INFO - Setting next_dagrun for chethan_test_dag to 2025-04-25 00:00:00+00:00, run_after=2025-04-26 00:00:00+00:00
[2025-04-26T23:51:42.089+0000] {processor.py:183} INFO - Processing /opt/airflow/dags/exampledag.py took 0.090 seconds
[2025-04-26T23:52:12.712+0000] {processor.py:161} INFO - Started process (PID=1111) to work on /opt/airflow/dags/exampledag.py
[2025-04-26T23:52:12.714+0000] {processor.py:830} INFO - Processing file /opt/airflow/dags/exampledag.py for tasks to queue
[2025-04-26T23:52:12.715+0000] {logging_mixin.py:188} INFO - [2025-04-26T23:52:12.714+0000] {dagbag.py:538} INFO - Filling up the DagBag from /opt/airflow/dags/exampledag.py
[2025-04-26T23:52:12.746+0000] {processor.py:840} INFO - DAG(s) 'chethan_test_dag' retrieved from /opt/airflow/dags/exampledag.py
[2025-04-26T23:52:12.767+0000] {logging_mixin.py:188} INFO - [2025-04-26T23:52:12.767+0000] {dag.py:3036} INFO - Sync 1 DAGs
[2025-04-26T23:52:12.802+0000] {logging_mixin.py:188} INFO - [2025-04-26T23:52:12.802+0000] {dag.py:3823} INFO - Setting next_dagrun for chethan_test_dag to 2025-04-25 00:00:00+00:00, run_after=2025-04-26 00:00:00+00:00
[2025-04-26T23:52:12.821+0000] {processor.py:183} INFO - Processing /opt/airflow/dags/exampledag.py took 0.111 seconds
[2025-04-26T23:52:43.194+0000] {processor.py:161} INFO - Started process (PID=1155) to work on /opt/airflow/dags/exampledag.py
[2025-04-26T23:52:43.195+0000] {processor.py:830} INFO - Processing file /opt/airflow/dags/exampledag.py for tasks to queue
[2025-04-26T23:52:43.197+0000] {logging_mixin.py:188} INFO - [2025-04-26T23:52:43.197+0000] {dagbag.py:538} INFO - Filling up the DagBag from /opt/airflow/dags/exampledag.py
[2025-04-26T23:52:43.233+0000] {processor.py:840} INFO - DAG(s) 'chethan_test_dag' retrieved from /opt/airflow/dags/exampledag.py
[2025-04-26T23:52:43.258+0000] {logging_mixin.py:188} INFO - [2025-04-26T23:52:43.257+0000] {dag.py:3036} INFO - Sync 1 DAGs
[2025-04-26T23:52:43.281+0000] {logging_mixin.py:188} INFO - [2025-04-26T23:52:43.281+0000] {dag.py:3823} INFO - Setting next_dagrun for chethan_test_dag to 2025-04-25 00:00:00+00:00, run_after=2025-04-26 00:00:00+00:00
[2025-04-26T23:52:43.306+0000] {processor.py:183} INFO - Processing /opt/airflow/dags/exampledag.py took 0.115 seconds
[2025-04-26T23:53:13.446+0000] {processor.py:161} INFO - Started process (PID=1194) to work on /opt/airflow/dags/exampledag.py
[2025-04-26T23:53:13.447+0000] {processor.py:830} INFO - Processing file /opt/airflow/dags/exampledag.py for tasks to queue
[2025-04-26T23:53:13.448+0000] {logging_mixin.py:188} INFO - [2025-04-26T23:53:13.448+0000] {dagbag.py:538} INFO - Filling up the DagBag from /opt/airflow/dags/exampledag.py
[2025-04-26T23:53:13.477+0000] {processor.py:840} INFO - DAG(s) 'chethan_test_dag' retrieved from /opt/airflow/dags/exampledag.py
[2025-04-26T23:53:13.500+0000] {logging_mixin.py:188} INFO - [2025-04-26T23:53:13.500+0000] {dag.py:3036} INFO - Sync 1 DAGs
[2025-04-26T23:53:13.524+0000] {logging_mixin.py:188} INFO - [2025-04-26T23:53:13.524+0000] {dag.py:3823} INFO - Setting next_dagrun for chethan_test_dag to 2025-04-25 00:00:00+00:00, run_after=2025-04-26 00:00:00+00:00
[2025-04-26T23:53:13.546+0000] {processor.py:183} INFO - Processing /opt/airflow/dags/exampledag.py took 0.103 seconds
[2025-04-26T23:53:43.669+0000] {processor.py:161} INFO - Started process (PID=1232) to work on /opt/airflow/dags/exampledag.py
[2025-04-26T23:53:43.670+0000] {processor.py:830} INFO - Processing file /opt/airflow/dags/exampledag.py for tasks to queue
[2025-04-26T23:53:43.671+0000] {logging_mixin.py:188} INFO - [2025-04-26T23:53:43.671+0000] {dagbag.py:538} INFO - Filling up the DagBag from /opt/airflow/dags/exampledag.py
[2025-04-26T23:53:43.693+0000] {processor.py:840} INFO - DAG(s) 'chethan_test_dag' retrieved from /opt/airflow/dags/exampledag.py
[2025-04-26T23:53:43.715+0000] {logging_mixin.py:188} INFO - [2025-04-26T23:53:43.715+0000] {dag.py:3036} INFO - Sync 1 DAGs
[2025-04-26T23:53:43.734+0000] {logging_mixin.py:188} INFO - [2025-04-26T23:53:43.734+0000] {dag.py:3823} INFO - Setting next_dagrun for chethan_test_dag to 2025-04-25 00:00:00+00:00, run_after=2025-04-26 00:00:00+00:00
[2025-04-26T23:53:43.756+0000] {processor.py:183} INFO - Processing /opt/airflow/dags/exampledag.py took 0.090 seconds
[2025-04-26T23:54:13.982+0000] {processor.py:161} INFO - Started process (PID=1274) to work on /opt/airflow/dags/exampledag.py
[2025-04-26T23:54:13.984+0000] {processor.py:830} INFO - Processing file /opt/airflow/dags/exampledag.py for tasks to queue
[2025-04-26T23:54:13.987+0000] {logging_mixin.py:188} INFO - [2025-04-26T23:54:13.986+0000] {dagbag.py:538} INFO - Filling up the DagBag from /opt/airflow/dags/exampledag.py
[2025-04-26T23:54:14.036+0000] {processor.py:840} INFO - DAG(s) 'chethan_test_dag' retrieved from /opt/airflow/dags/exampledag.py
[2025-04-26T23:54:14.079+0000] {logging_mixin.py:188} INFO - [2025-04-26T23:54:14.079+0000] {dag.py:3036} INFO - Sync 1 DAGs
[2025-04-26T23:54:14.103+0000] {logging_mixin.py:188} INFO - [2025-04-26T23:54:14.103+0000] {dag.py:3823} INFO - Setting next_dagrun for chethan_test_dag to 2025-04-25 00:00:00+00:00, run_after=2025-04-26 00:00:00+00:00
[2025-04-26T23:54:14.126+0000] {processor.py:183} INFO - Processing /opt/airflow/dags/exampledag.py took 0.147 seconds
[2025-04-26T23:54:45.489+0000] {processor.py:161} INFO - Started process (PID=1326) to work on /opt/airflow/dags/exampledag.py
[2025-04-26T23:54:45.493+0000] {processor.py:830} INFO - Processing file /opt/airflow/dags/exampledag.py for tasks to queue
[2025-04-26T23:54:45.495+0000] {logging_mixin.py:188} INFO - [2025-04-26T23:54:45.494+0000] {dagbag.py:538} INFO - Filling up the DagBag from /opt/airflow/dags/exampledag.py
[2025-04-26T23:54:45.537+0000] {processor.py:840} INFO - DAG(s) 'chethan_test_dag' retrieved from /opt/airflow/dags/exampledag.py
[2025-04-26T23:54:45.579+0000] {logging_mixin.py:188} INFO - [2025-04-26T23:54:45.578+0000] {dag.py:3036} INFO - Sync 1 DAGs
[2025-04-26T23:54:45.620+0000] {logging_mixin.py:188} INFO - [2025-04-26T23:54:45.620+0000] {dag.py:3823} INFO - Setting next_dagrun for chethan_test_dag to 2025-04-25 00:00:00+00:00, run_after=2025-04-26 00:00:00+00:00
[2025-04-26T23:54:45.660+0000] {processor.py:183} INFO - Processing /opt/airflow/dags/exampledag.py took 0.180 seconds
[2025-04-26T23:55:16.720+0000] {processor.py:161} INFO - Started process (PID=1369) to work on /opt/airflow/dags/exampledag.py
[2025-04-26T23:55:16.721+0000] {processor.py:830} INFO - Processing file /opt/airflow/dags/exampledag.py for tasks to queue
[2025-04-26T23:55:16.722+0000] {logging_mixin.py:188} INFO - [2025-04-26T23:55:16.722+0000] {dagbag.py:538} INFO - Filling up the DagBag from /opt/airflow/dags/exampledag.py
[2025-04-26T23:55:16.754+0000] {processor.py:840} INFO - DAG(s) 'chethan_test_dag' retrieved from /opt/airflow/dags/exampledag.py
[2025-04-26T23:55:16.779+0000] {logging_mixin.py:188} INFO - [2025-04-26T23:55:16.779+0000] {dag.py:3036} INFO - Sync 1 DAGs
[2025-04-26T23:55:16.800+0000] {logging_mixin.py:188} INFO - [2025-04-26T23:55:16.800+0000] {dag.py:3823} INFO - Setting next_dagrun for chethan_test_dag to 2025-04-25 00:00:00+00:00, run_after=2025-04-26 00:00:00+00:00
[2025-04-26T23:55:16.847+0000] {processor.py:183} INFO - Processing /opt/airflow/dags/exampledag.py took 0.129 seconds
[2025-04-26T23:55:47.134+0000] {processor.py:161} INFO - Started process (PID=1410) to work on /opt/airflow/dags/exampledag.py
[2025-04-26T23:55:47.135+0000] {processor.py:830} INFO - Processing file /opt/airflow/dags/exampledag.py for tasks to queue
[2025-04-26T23:55:47.136+0000] {logging_mixin.py:188} INFO - [2025-04-26T23:55:47.136+0000] {dagbag.py:538} INFO - Filling up the DagBag from /opt/airflow/dags/exampledag.py
[2025-04-26T23:55:47.161+0000] {processor.py:840} INFO - DAG(s) 'chethan_test_dag' retrieved from /opt/airflow/dags/exampledag.py
[2025-04-26T23:55:47.182+0000] {logging_mixin.py:188} INFO - [2025-04-26T23:55:47.182+0000] {dag.py:3036} INFO - Sync 1 DAGs
[2025-04-26T23:55:47.202+0000] {logging_mixin.py:188} INFO - [2025-04-26T23:55:47.202+0000] {dag.py:3823} INFO - Setting next_dagrun for chethan_test_dag to 2025-04-25 00:00:00+00:00, run_after=2025-04-26 00:00:00+00:00
[2025-04-26T23:55:47.223+0000] {processor.py:183} INFO - Processing /opt/airflow/dags/exampledag.py took 0.092 seconds
[2025-04-26T23:56:18.421+0000] {processor.py:161} INFO - Started process (PID=1455) to work on /opt/airflow/dags/exampledag.py
[2025-04-26T23:56:18.422+0000] {processor.py:830} INFO - Processing file /opt/airflow/dags/exampledag.py for tasks to queue
[2025-04-26T23:56:18.424+0000] {logging_mixin.py:188} INFO - [2025-04-26T23:56:18.423+0000] {dagbag.py:538} INFO - Filling up the DagBag from /opt/airflow/dags/exampledag.py
[2025-04-26T23:56:18.453+0000] {processor.py:840} INFO - DAG(s) 'chethan_test_dag' retrieved from /opt/airflow/dags/exampledag.py
[2025-04-26T23:56:18.474+0000] {logging_mixin.py:188} INFO - [2025-04-26T23:56:18.474+0000] {dag.py:3036} INFO - Sync 1 DAGs
[2025-04-26T23:56:18.503+0000] {logging_mixin.py:188} INFO - [2025-04-26T23:56:18.503+0000] {dag.py:3823} INFO - Setting next_dagrun for chethan_test_dag to 2025-04-25 00:00:00+00:00, run_after=2025-04-26 00:00:00+00:00
[2025-04-26T23:56:18.527+0000] {processor.py:183} INFO - Processing /opt/airflow/dags/exampledag.py took 0.108 seconds
[2025-04-26T23:56:48.822+0000] {processor.py:161} INFO - Started process (PID=1498) to work on /opt/airflow/dags/exampledag.py
[2025-04-26T23:56:48.823+0000] {processor.py:830} INFO - Processing file /opt/airflow/dags/exampledag.py for tasks to queue
[2025-04-26T23:56:48.824+0000] {logging_mixin.py:188} INFO - [2025-04-26T23:56:48.824+0000] {dagbag.py:538} INFO - Filling up the DagBag from /opt/airflow/dags/exampledag.py
[2025-04-26T23:56:48.848+0000] {processor.py:840} INFO - DAG(s) 'chethan_test_dag' retrieved from /opt/airflow/dags/exampledag.py
[2025-04-26T23:56:48.870+0000] {logging_mixin.py:188} INFO - [2025-04-26T23:56:48.870+0000] {dag.py:3036} INFO - Sync 1 DAGs
[2025-04-26T23:56:48.887+0000] {logging_mixin.py:188} INFO - [2025-04-26T23:56:48.886+0000] {dag.py:3823} INFO - Setting next_dagrun for chethan_test_dag to 2025-04-25 00:00:00+00:00, run_after=2025-04-26 00:00:00+00:00
[2025-04-26T23:56:48.901+0000] {processor.py:183} INFO - Processing /opt/airflow/dags/exampledag.py took 0.081 seconds
[2025-04-26T23:57:19.557+0000] {processor.py:161} INFO - Started process (PID=1541) to work on /opt/airflow/dags/exampledag.py
[2025-04-26T23:57:19.558+0000] {processor.py:830} INFO - Processing file /opt/airflow/dags/exampledag.py for tasks to queue
[2025-04-26T23:57:19.560+0000] {logging_mixin.py:188} INFO - [2025-04-26T23:57:19.559+0000] {dagbag.py:538} INFO - Filling up the DagBag from /opt/airflow/dags/exampledag.py
[2025-04-26T23:57:19.606+0000] {processor.py:840} INFO - DAG(s) 'chethan_test_dag' retrieved from /opt/airflow/dags/exampledag.py
[2025-04-26T23:57:19.640+0000] {logging_mixin.py:188} INFO - [2025-04-26T23:57:19.640+0000] {dag.py:3036} INFO - Sync 1 DAGs
[2025-04-26T23:57:19.666+0000] {logging_mixin.py:188} INFO - [2025-04-26T23:57:19.666+0000] {dag.py:3823} INFO - Setting next_dagrun for chethan_test_dag to 2025-04-25 00:00:00+00:00, run_after=2025-04-26 00:00:00+00:00
[2025-04-26T23:57:19.701+0000] {processor.py:183} INFO - Processing /opt/airflow/dags/exampledag.py took 0.147 seconds
[2025-04-26T23:57:49.903+0000] {processor.py:161} INFO - Started process (PID=1582) to work on /opt/airflow/dags/exampledag.py
[2025-04-26T23:57:49.904+0000] {processor.py:830} INFO - Processing file /opt/airflow/dags/exampledag.py for tasks to queue
[2025-04-26T23:57:49.905+0000] {logging_mixin.py:188} INFO - [2025-04-26T23:57:49.905+0000] {dagbag.py:538} INFO - Filling up the DagBag from /opt/airflow/dags/exampledag.py
[2025-04-26T23:57:49.939+0000] {processor.py:840} INFO - DAG(s) 'chethan_test_dag' retrieved from /opt/airflow/dags/exampledag.py
[2025-04-26T23:57:49.959+0000] {logging_mixin.py:188} INFO - [2025-04-26T23:57:49.959+0000] {dag.py:3036} INFO - Sync 1 DAGs
[2025-04-26T23:57:49.977+0000] {logging_mixin.py:188} INFO - [2025-04-26T23:57:49.977+0000] {dag.py:3823} INFO - Setting next_dagrun for chethan_test_dag to 2025-04-25 00:00:00+00:00, run_after=2025-04-26 00:00:00+00:00
[2025-04-26T23:57:49.997+0000] {processor.py:183} INFO - Processing /opt/airflow/dags/exampledag.py took 0.097 seconds
[2025-04-26T23:58:21.128+0000] {processor.py:161} INFO - Started process (PID=1627) to work on /opt/airflow/dags/exampledag.py
[2025-04-26T23:58:21.129+0000] {processor.py:830} INFO - Processing file /opt/airflow/dags/exampledag.py for tasks to queue
[2025-04-26T23:58:21.131+0000] {logging_mixin.py:188} INFO - [2025-04-26T23:58:21.131+0000] {dagbag.py:538} INFO - Filling up the DagBag from /opt/airflow/dags/exampledag.py
[2025-04-26T23:58:21.163+0000] {processor.py:840} INFO - DAG(s) 'chethan_test_dag' retrieved from /opt/airflow/dags/exampledag.py
[2025-04-26T23:58:21.200+0000] {logging_mixin.py:188} INFO - [2025-04-26T23:58:21.200+0000] {dag.py:3036} INFO - Sync 1 DAGs
[2025-04-26T23:58:21.230+0000] {logging_mixin.py:188} INFO - [2025-04-26T23:58:21.230+0000] {dag.py:3823} INFO - Setting next_dagrun for chethan_test_dag to 2025-04-25 00:00:00+00:00, run_after=2025-04-26 00:00:00+00:00
[2025-04-26T23:58:21.252+0000] {processor.py:183} INFO - Processing /opt/airflow/dags/exampledag.py took 0.127 seconds
[2025-04-26T23:58:51.644+0000] {processor.py:161} INFO - Started process (PID=1668) to work on /opt/airflow/dags/exampledag.py
[2025-04-26T23:58:51.646+0000] {processor.py:830} INFO - Processing file /opt/airflow/dags/exampledag.py for tasks to queue
[2025-04-26T23:58:51.648+0000] {logging_mixin.py:188} INFO - [2025-04-26T23:58:51.647+0000] {dagbag.py:538} INFO - Filling up the DagBag from /opt/airflow/dags/exampledag.py
[2025-04-26T23:58:51.678+0000] {processor.py:840} INFO - DAG(s) 'chethan_test_dag' retrieved from /opt/airflow/dags/exampledag.py
[2025-04-26T23:58:51.699+0000] {logging_mixin.py:188} INFO - [2025-04-26T23:58:51.699+0000] {dag.py:3036} INFO - Sync 1 DAGs
[2025-04-26T23:58:51.718+0000] {logging_mixin.py:188} INFO - [2025-04-26T23:58:51.718+0000] {dag.py:3823} INFO - Setting next_dagrun for chethan_test_dag to 2025-04-25 00:00:00+00:00, run_after=2025-04-26 00:00:00+00:00
[2025-04-26T23:58:51.735+0000] {processor.py:183} INFO - Processing /opt/airflow/dags/exampledag.py took 0.094 seconds
[2025-04-26T23:59:22.040+0000] {processor.py:161} INFO - Started process (PID=1713) to work on /opt/airflow/dags/exampledag.py
[2025-04-26T23:59:22.041+0000] {processor.py:830} INFO - Processing file /opt/airflow/dags/exampledag.py for tasks to queue
[2025-04-26T23:59:22.042+0000] {logging_mixin.py:188} INFO - [2025-04-26T23:59:22.042+0000] {dagbag.py:538} INFO - Filling up the DagBag from /opt/airflow/dags/exampledag.py
[2025-04-26T23:59:22.065+0000] {processor.py:840} INFO - DAG(s) 'chethan_test_dag' retrieved from /opt/airflow/dags/exampledag.py
[2025-04-26T23:59:22.086+0000] {logging_mixin.py:188} INFO - [2025-04-26T23:59:22.086+0000] {dag.py:3036} INFO - Sync 1 DAGs
[2025-04-26T23:59:22.105+0000] {logging_mixin.py:188} INFO - [2025-04-26T23:59:22.105+0000] {dag.py:3823} INFO - Setting next_dagrun for chethan_test_dag to 2025-04-25 00:00:00+00:00, run_after=2025-04-26 00:00:00+00:00
[2025-04-26T23:59:22.125+0000] {processor.py:183} INFO - Processing /opt/airflow/dags/exampledag.py took 0.086 seconds
[2025-04-26T23:59:52.201+0000] {processor.py:161} INFO - Started process (PID=1750) to work on /opt/airflow/dags/exampledag.py
[2025-04-26T23:59:52.202+0000] {processor.py:830} INFO - Processing file /opt/airflow/dags/exampledag.py for tasks to queue
[2025-04-26T23:59:52.203+0000] {logging_mixin.py:188} INFO - [2025-04-26T23:59:52.203+0000] {dagbag.py:538} INFO - Filling up the DagBag from /opt/airflow/dags/exampledag.py
[2025-04-26T23:59:52.224+0000] {processor.py:840} INFO - DAG(s) 'chethan_test_dag' retrieved from /opt/airflow/dags/exampledag.py
[2025-04-26T23:59:52.252+0000] {logging_mixin.py:188} INFO - [2025-04-26T23:59:52.252+0000] {dag.py:3036} INFO - Sync 1 DAGs
[2025-04-26T23:59:52.276+0000] {logging_mixin.py:188} INFO - [2025-04-26T23:59:52.276+0000] {dag.py:3823} INFO - Setting next_dagrun for chethan_test_dag to 2025-04-25 00:00:00+00:00, run_after=2025-04-26 00:00:00+00:00
[2025-04-26T23:59:52.298+0000] {processor.py:183} INFO - Processing /opt/airflow/dags/exampledag.py took 0.099 seconds
