[2025-04-26T23:41:24.878+0000] {processor.py:161} INFO - Started process (PID=170) to work on /opt/airflow/dags/kafka_producer_dag.py
[2025-04-26T23:41:24.880+0000] {processor.py:830} INFO - Processing file /opt/airflow/dags/kafka_producer_dag.py for tasks to queue
[2025-04-26T23:41:24.881+0000] {logging_mixin.py:188} INFO - [2025-04-26T23:41:24.881+0000] {dagbag.py:538} INFO - Filling up the DagBag from /opt/airflow/dags/kafka_producer_dag.py
[2025-04-26T23:41:25.011+0000] {processor.py:840} INFO - DAG(s) 'kafka_producer_dag' retrieved from /opt/airflow/dags/kafka_producer_dag.py
[2025-04-26T23:41:25.154+0000] {logging_mixin.py:188} INFO - [2025-04-26T23:41:25.154+0000] {dag.py:3036} INFO - Sync 1 DAGs
[2025-04-26T23:41:25.198+0000] {logging_mixin.py:188} INFO - [2025-04-26T23:41:25.197+0000] {dag.py:3823} INFO - Setting next_dagrun for kafka_producer_dag to 2024-01-01 00:00:00+00:00, run_after=2024-01-01 00:00:00+00:00
[2025-04-26T23:41:25.236+0000] {processor.py:183} INFO - Processing /opt/airflow/dags/kafka_producer_dag.py took 0.361 seconds
[2025-04-26T23:41:55.717+0000] {processor.py:161} INFO - Started process (PID=213) to work on /opt/airflow/dags/kafka_producer_dag.py
[2025-04-26T23:41:55.718+0000] {processor.py:830} INFO - Processing file /opt/airflow/dags/kafka_producer_dag.py for tasks to queue
[2025-04-26T23:41:55.720+0000] {logging_mixin.py:188} INFO - [2025-04-26T23:41:55.719+0000] {dagbag.py:538} INFO - Filling up the DagBag from /opt/airflow/dags/kafka_producer_dag.py
[2025-04-26T23:41:55.807+0000] {processor.py:840} INFO - DAG(s) 'kafka_producer_dag' retrieved from /opt/airflow/dags/kafka_producer_dag.py
[2025-04-26T23:41:55.967+0000] {logging_mixin.py:188} INFO - [2025-04-26T23:41:55.967+0000] {dag.py:3036} INFO - Sync 1 DAGs
[2025-04-26T23:41:55.990+0000] {logging_mixin.py:188} INFO - [2025-04-26T23:41:55.990+0000] {dag.py:3823} INFO - Setting next_dagrun for kafka_producer_dag to 2024-01-01 00:00:00+00:00, run_after=2024-01-01 00:00:00+00:00
[2025-04-26T23:41:56.024+0000] {processor.py:183} INFO - Processing /opt/airflow/dags/kafka_producer_dag.py took 0.312 seconds
[2025-04-26T23:42:26.132+0000] {processor.py:161} INFO - Started process (PID=256) to work on /opt/airflow/dags/kafka_producer_dag.py
[2025-04-26T23:42:26.133+0000] {processor.py:830} INFO - Processing file /opt/airflow/dags/kafka_producer_dag.py for tasks to queue
[2025-04-26T23:42:26.134+0000] {logging_mixin.py:188} INFO - [2025-04-26T23:42:26.134+0000] {dagbag.py:538} INFO - Filling up the DagBag from /opt/airflow/dags/kafka_producer_dag.py
[2025-04-26T23:42:26.209+0000] {processor.py:840} INFO - DAG(s) 'kafka_producer_dag' retrieved from /opt/airflow/dags/kafka_producer_dag.py
[2025-04-26T23:42:26.238+0000] {logging_mixin.py:188} INFO - [2025-04-26T23:42:26.238+0000] {dag.py:3036} INFO - Sync 1 DAGs
[2025-04-26T23:42:26.265+0000] {logging_mixin.py:188} INFO - [2025-04-26T23:42:26.264+0000] {dag.py:3823} INFO - Setting next_dagrun for kafka_producer_dag to 2024-01-01 00:00:00+00:00, run_after=2024-01-01 00:00:00+00:00
[2025-04-26T23:42:26.291+0000] {processor.py:183} INFO - Processing /opt/airflow/dags/kafka_producer_dag.py took 0.163 seconds
[2025-04-26T23:42:56.962+0000] {processor.py:161} INFO - Started process (PID=299) to work on /opt/airflow/dags/kafka_producer_dag.py
[2025-04-26T23:42:56.963+0000] {processor.py:830} INFO - Processing file /opt/airflow/dags/kafka_producer_dag.py for tasks to queue
[2025-04-26T23:42:56.964+0000] {logging_mixin.py:188} INFO - [2025-04-26T23:42:56.964+0000] {dagbag.py:538} INFO - Filling up the DagBag from /opt/airflow/dags/kafka_producer_dag.py
[2025-04-26T23:42:57.036+0000] {processor.py:840} INFO - DAG(s) 'kafka_producer_dag' retrieved from /opt/airflow/dags/kafka_producer_dag.py
[2025-04-26T23:42:57.050+0000] {logging_mixin.py:188} INFO - [2025-04-26T23:42:57.050+0000] {dag.py:3036} INFO - Sync 1 DAGs
[2025-04-26T23:42:57.077+0000] {logging_mixin.py:188} INFO - [2025-04-26T23:42:57.076+0000] {dag.py:3823} INFO - Setting next_dagrun for kafka_producer_dag to 2024-01-01 00:00:00+00:00, run_after=2024-01-01 00:00:00+00:00
[2025-04-26T23:42:57.101+0000] {processor.py:183} INFO - Processing /opt/airflow/dags/kafka_producer_dag.py took 0.142 seconds
[2025-04-26T23:43:27.600+0000] {processor.py:161} INFO - Started process (PID=342) to work on /opt/airflow/dags/kafka_producer_dag.py
[2025-04-26T23:43:27.602+0000] {processor.py:830} INFO - Processing file /opt/airflow/dags/kafka_producer_dag.py for tasks to queue
[2025-04-26T23:43:27.604+0000] {logging_mixin.py:188} INFO - [2025-04-26T23:43:27.603+0000] {dagbag.py:538} INFO - Filling up the DagBag from /opt/airflow/dags/kafka_producer_dag.py
[2025-04-26T23:43:27.682+0000] {processor.py:840} INFO - DAG(s) 'kafka_producer_dag' retrieved from /opt/airflow/dags/kafka_producer_dag.py
[2025-04-26T23:43:27.774+0000] {logging_mixin.py:188} INFO - [2025-04-26T23:43:27.774+0000] {dag.py:3036} INFO - Sync 1 DAGs
[2025-04-26T23:43:27.790+0000] {logging_mixin.py:188} INFO - [2025-04-26T23:43:27.790+0000] {dag.py:3823} INFO - Setting next_dagrun for kafka_producer_dag to 2024-01-01 00:00:00+00:00, run_after=2024-01-01 00:00:00+00:00
[2025-04-26T23:43:27.807+0000] {processor.py:183} INFO - Processing /opt/airflow/dags/kafka_producer_dag.py took 0.211 seconds
[2025-04-26T23:43:58.263+0000] {processor.py:161} INFO - Started process (PID=385) to work on /opt/airflow/dags/kafka_producer_dag.py
[2025-04-26T23:43:58.264+0000] {processor.py:830} INFO - Processing file /opt/airflow/dags/kafka_producer_dag.py for tasks to queue
[2025-04-26T23:43:58.265+0000] {logging_mixin.py:188} INFO - [2025-04-26T23:43:58.265+0000] {dagbag.py:538} INFO - Filling up the DagBag from /opt/airflow/dags/kafka_producer_dag.py
[2025-04-26T23:43:58.332+0000] {processor.py:840} INFO - DAG(s) 'kafka_producer_dag' retrieved from /opt/airflow/dags/kafka_producer_dag.py
[2025-04-26T23:43:58.359+0000] {logging_mixin.py:188} INFO - [2025-04-26T23:43:58.359+0000] {dag.py:3036} INFO - Sync 1 DAGs
[2025-04-26T23:43:58.382+0000] {logging_mixin.py:188} INFO - [2025-04-26T23:43:58.382+0000] {dag.py:3823} INFO - Setting next_dagrun for kafka_producer_dag to 2024-01-01 00:00:00+00:00, run_after=2024-01-01 00:00:00+00:00
[2025-04-26T23:43:58.407+0000] {processor.py:183} INFO - Processing /opt/airflow/dags/kafka_producer_dag.py took 0.147 seconds
[2025-04-26T23:44:29.104+0000] {processor.py:161} INFO - Started process (PID=428) to work on /opt/airflow/dags/kafka_producer_dag.py
[2025-04-26T23:44:29.106+0000] {processor.py:830} INFO - Processing file /opt/airflow/dags/kafka_producer_dag.py for tasks to queue
[2025-04-26T23:44:29.107+0000] {logging_mixin.py:188} INFO - [2025-04-26T23:44:29.107+0000] {dagbag.py:538} INFO - Filling up the DagBag from /opt/airflow/dags/kafka_producer_dag.py
[2025-04-26T23:44:29.353+0000] {processor.py:840} INFO - DAG(s) 'kafka_producer_dag' retrieved from /opt/airflow/dags/kafka_producer_dag.py
[2025-04-26T23:44:29.383+0000] {logging_mixin.py:188} INFO - [2025-04-26T23:44:29.383+0000] {dag.py:3036} INFO - Sync 1 DAGs
[2025-04-26T23:44:29.433+0000] {logging_mixin.py:188} INFO - [2025-04-26T23:44:29.432+0000] {dag.py:3823} INFO - Setting next_dagrun for kafka_producer_dag to 2024-01-01 00:00:00+00:00, run_after=2024-01-01 00:00:00+00:00
[2025-04-26T23:44:29.459+0000] {processor.py:183} INFO - Processing /opt/airflow/dags/kafka_producer_dag.py took 0.360 seconds
[2025-04-26T23:44:59.909+0000] {processor.py:161} INFO - Started process (PID=474) to work on /opt/airflow/dags/kafka_producer_dag.py
[2025-04-26T23:44:59.910+0000] {processor.py:830} INFO - Processing file /opt/airflow/dags/kafka_producer_dag.py for tasks to queue
[2025-04-26T23:44:59.911+0000] {logging_mixin.py:188} INFO - [2025-04-26T23:44:59.911+0000] {dagbag.py:538} INFO - Filling up the DagBag from /opt/airflow/dags/kafka_producer_dag.py
[2025-04-26T23:44:59.981+0000] {processor.py:840} INFO - DAG(s) 'kafka_producer_dag' retrieved from /opt/airflow/dags/kafka_producer_dag.py
[2025-04-26T23:45:00.094+0000] {logging_mixin.py:188} INFO - [2025-04-26T23:45:00.094+0000] {dag.py:3036} INFO - Sync 1 DAGs
[2025-04-26T23:45:00.110+0000] {logging_mixin.py:188} INFO - [2025-04-26T23:45:00.109+0000] {dag.py:3823} INFO - Setting next_dagrun for kafka_producer_dag to 2024-01-01 00:00:00+00:00, run_after=2024-01-01 00:00:00+00:00
[2025-04-26T23:45:00.128+0000] {processor.py:183} INFO - Processing /opt/airflow/dags/kafka_producer_dag.py took 0.222 seconds
[2025-04-26T23:45:30.622+0000] {processor.py:161} INFO - Started process (PID=517) to work on /opt/airflow/dags/kafka_producer_dag.py
[2025-04-26T23:45:30.624+0000] {processor.py:830} INFO - Processing file /opt/airflow/dags/kafka_producer_dag.py for tasks to queue
[2025-04-26T23:45:30.625+0000] {logging_mixin.py:188} INFO - [2025-04-26T23:45:30.625+0000] {dagbag.py:538} INFO - Filling up the DagBag from /opt/airflow/dags/kafka_producer_dag.py
[2025-04-26T23:45:30.684+0000] {processor.py:840} INFO - DAG(s) 'kafka_producer_dag' retrieved from /opt/airflow/dags/kafka_producer_dag.py
[2025-04-26T23:45:30.705+0000] {logging_mixin.py:188} INFO - [2025-04-26T23:45:30.705+0000] {dag.py:3036} INFO - Sync 1 DAGs
[2025-04-26T23:45:30.727+0000] {logging_mixin.py:188} INFO - [2025-04-26T23:45:30.727+0000] {dag.py:3823} INFO - Setting next_dagrun for kafka_producer_dag to 2024-01-01 00:00:00+00:00, run_after=2024-01-01 00:00:00+00:00
[2025-04-26T23:45:30.751+0000] {processor.py:183} INFO - Processing /opt/airflow/dags/kafka_producer_dag.py took 0.131 seconds
[2025-04-26T23:46:00.821+0000] {processor.py:161} INFO - Started process (PID=560) to work on /opt/airflow/dags/kafka_producer_dag.py
[2025-04-26T23:46:00.822+0000] {processor.py:830} INFO - Processing file /opt/airflow/dags/kafka_producer_dag.py for tasks to queue
[2025-04-26T23:46:00.822+0000] {logging_mixin.py:188} INFO - [2025-04-26T23:46:00.822+0000] {dagbag.py:538} INFO - Filling up the DagBag from /opt/airflow/dags/kafka_producer_dag.py
[2025-04-26T23:46:00.875+0000] {processor.py:840} INFO - DAG(s) 'kafka_producer_dag' retrieved from /opt/airflow/dags/kafka_producer_dag.py
[2025-04-26T23:46:00.886+0000] {logging_mixin.py:188} INFO - [2025-04-26T23:46:00.886+0000] {dag.py:3036} INFO - Sync 1 DAGs
[2025-04-26T23:46:00.906+0000] {logging_mixin.py:188} INFO - [2025-04-26T23:46:00.905+0000] {dag.py:3823} INFO - Setting next_dagrun for kafka_producer_dag to 2024-01-01 00:00:00+00:00, run_after=2024-01-01 00:00:00+00:00
[2025-04-26T23:46:00.923+0000] {processor.py:183} INFO - Processing /opt/airflow/dags/kafka_producer_dag.py took 0.105 seconds
[2025-04-26T23:46:31.507+0000] {processor.py:161} INFO - Started process (PID=603) to work on /opt/airflow/dags/kafka_producer_dag.py
[2025-04-26T23:46:31.508+0000] {processor.py:830} INFO - Processing file /opt/airflow/dags/kafka_producer_dag.py for tasks to queue
[2025-04-26T23:46:31.509+0000] {logging_mixin.py:188} INFO - [2025-04-26T23:46:31.509+0000] {dagbag.py:538} INFO - Filling up the DagBag from /opt/airflow/dags/kafka_producer_dag.py
[2025-04-26T23:46:31.577+0000] {processor.py:840} INFO - DAG(s) 'kafka_producer_dag' retrieved from /opt/airflow/dags/kafka_producer_dag.py
[2025-04-26T23:46:31.680+0000] {logging_mixin.py:188} INFO - [2025-04-26T23:46:31.680+0000] {dag.py:3036} INFO - Sync 1 DAGs
[2025-04-26T23:46:31.699+0000] {logging_mixin.py:188} INFO - [2025-04-26T23:46:31.699+0000] {dag.py:3823} INFO - Setting next_dagrun for kafka_producer_dag to 2024-01-01 00:00:00+00:00, run_after=2024-01-01 00:00:00+00:00
[2025-04-26T23:46:31.720+0000] {processor.py:183} INFO - Processing /opt/airflow/dags/kafka_producer_dag.py took 0.216 seconds
[2025-04-26T23:47:01.917+0000] {processor.py:161} INFO - Started process (PID=646) to work on /opt/airflow/dags/kafka_producer_dag.py
[2025-04-26T23:47:01.918+0000] {processor.py:830} INFO - Processing file /opt/airflow/dags/kafka_producer_dag.py for tasks to queue
[2025-04-26T23:47:01.919+0000] {logging_mixin.py:188} INFO - [2025-04-26T23:47:01.919+0000] {dagbag.py:538} INFO - Filling up the DagBag from /opt/airflow/dags/kafka_producer_dag.py
[2025-04-26T23:47:01.990+0000] {processor.py:840} INFO - DAG(s) 'kafka_producer_dag' retrieved from /opt/airflow/dags/kafka_producer_dag.py
[2025-04-26T23:47:02.026+0000] {logging_mixin.py:188} INFO - [2025-04-26T23:47:02.025+0000] {dag.py:3036} INFO - Sync 1 DAGs
[2025-04-26T23:47:02.052+0000] {logging_mixin.py:188} INFO - [2025-04-26T23:47:02.052+0000] {dag.py:3823} INFO - Setting next_dagrun for kafka_producer_dag to 2024-01-01 00:00:00+00:00, run_after=2024-01-01 00:00:00+00:00
[2025-04-26T23:47:02.079+0000] {processor.py:183} INFO - Processing /opt/airflow/dags/kafka_producer_dag.py took 0.165 seconds
[2025-04-26T23:47:32.286+0000] {processor.py:161} INFO - Started process (PID=689) to work on /opt/airflow/dags/kafka_producer_dag.py
[2025-04-26T23:47:32.288+0000] {processor.py:830} INFO - Processing file /opt/airflow/dags/kafka_producer_dag.py for tasks to queue
[2025-04-26T23:47:32.289+0000] {logging_mixin.py:188} INFO - [2025-04-26T23:47:32.289+0000] {dagbag.py:538} INFO - Filling up the DagBag from /opt/airflow/dags/kafka_producer_dag.py
[2025-04-26T23:47:32.370+0000] {processor.py:840} INFO - DAG(s) 'kafka_producer_dag' retrieved from /opt/airflow/dags/kafka_producer_dag.py
[2025-04-26T23:47:32.383+0000] {logging_mixin.py:188} INFO - [2025-04-26T23:47:32.383+0000] {dag.py:3036} INFO - Sync 1 DAGs
[2025-04-26T23:47:32.408+0000] {logging_mixin.py:188} INFO - [2025-04-26T23:47:32.407+0000] {dag.py:3823} INFO - Setting next_dagrun for kafka_producer_dag to 2024-01-01 00:00:00+00:00, run_after=2024-01-01 00:00:00+00:00
[2025-04-26T23:47:32.425+0000] {processor.py:183} INFO - Processing /opt/airflow/dags/kafka_producer_dag.py took 0.141 seconds
[2025-04-26T23:48:02.784+0000] {processor.py:161} INFO - Started process (PID=732) to work on /opt/airflow/dags/kafka_producer_dag.py
[2025-04-26T23:48:02.785+0000] {processor.py:830} INFO - Processing file /opt/airflow/dags/kafka_producer_dag.py for tasks to queue
[2025-04-26T23:48:02.786+0000] {logging_mixin.py:188} INFO - [2025-04-26T23:48:02.785+0000] {dagbag.py:538} INFO - Filling up the DagBag from /opt/airflow/dags/kafka_producer_dag.py
[2025-04-26T23:48:02.838+0000] {processor.py:840} INFO - DAG(s) 'kafka_producer_dag' retrieved from /opt/airflow/dags/kafka_producer_dag.py
[2025-04-26T23:48:02.975+0000] {logging_mixin.py:188} INFO - [2025-04-26T23:48:02.975+0000] {dag.py:3036} INFO - Sync 1 DAGs
[2025-04-26T23:48:02.988+0000] {logging_mixin.py:188} INFO - [2025-04-26T23:48:02.988+0000] {dag.py:3823} INFO - Setting next_dagrun for kafka_producer_dag to 2024-01-01 00:00:00+00:00, run_after=2024-01-01 00:00:00+00:00
[2025-04-26T23:48:03.002+0000] {processor.py:183} INFO - Processing /opt/airflow/dags/kafka_producer_dag.py took 0.220 seconds
[2025-04-26T23:48:33.257+0000] {processor.py:161} INFO - Started process (PID=775) to work on /opt/airflow/dags/kafka_producer_dag.py
[2025-04-26T23:48:33.258+0000] {processor.py:830} INFO - Processing file /opt/airflow/dags/kafka_producer_dag.py for tasks to queue
[2025-04-26T23:48:33.259+0000] {logging_mixin.py:188} INFO - [2025-04-26T23:48:33.259+0000] {dagbag.py:538} INFO - Filling up the DagBag from /opt/airflow/dags/kafka_producer_dag.py
[2025-04-26T23:48:33.322+0000] {processor.py:840} INFO - DAG(s) 'kafka_producer_dag' retrieved from /opt/airflow/dags/kafka_producer_dag.py
[2025-04-26T23:48:33.342+0000] {logging_mixin.py:188} INFO - [2025-04-26T23:48:33.342+0000] {dag.py:3036} INFO - Sync 1 DAGs
[2025-04-26T23:48:33.356+0000] {logging_mixin.py:188} INFO - [2025-04-26T23:48:33.356+0000] {dag.py:3823} INFO - Setting next_dagrun for kafka_producer_dag to 2024-01-01 00:00:00+00:00, run_after=2024-01-01 00:00:00+00:00
[2025-04-26T23:48:33.376+0000] {processor.py:183} INFO - Processing /opt/airflow/dags/kafka_producer_dag.py took 0.121 seconds
[2025-04-26T23:49:03.748+0000] {processor.py:161} INFO - Started process (PID=818) to work on /opt/airflow/dags/kafka_producer_dag.py
[2025-04-26T23:49:03.749+0000] {processor.py:830} INFO - Processing file /opt/airflow/dags/kafka_producer_dag.py for tasks to queue
[2025-04-26T23:49:03.750+0000] {logging_mixin.py:188} INFO - [2025-04-26T23:49:03.750+0000] {dagbag.py:538} INFO - Filling up the DagBag from /opt/airflow/dags/kafka_producer_dag.py
[2025-04-26T23:49:03.807+0000] {processor.py:840} INFO - DAG(s) 'kafka_producer_dag' retrieved from /opt/airflow/dags/kafka_producer_dag.py
[2025-04-26T23:49:03.821+0000] {logging_mixin.py:188} INFO - [2025-04-26T23:49:03.821+0000] {dag.py:3036} INFO - Sync 1 DAGs
[2025-04-26T23:49:03.854+0000] {logging_mixin.py:188} INFO - [2025-04-26T23:49:03.853+0000] {dag.py:3823} INFO - Setting next_dagrun for kafka_producer_dag to 2024-01-01 00:00:00+00:00, run_after=2024-01-01 00:00:00+00:00
[2025-04-26T23:49:03.891+0000] {processor.py:183} INFO - Processing /opt/airflow/dags/kafka_producer_dag.py took 0.146 seconds
[2025-04-26T23:49:34.048+0000] {processor.py:161} INFO - Started process (PID=861) to work on /opt/airflow/dags/kafka_producer_dag.py
[2025-04-26T23:49:34.051+0000] {processor.py:830} INFO - Processing file /opt/airflow/dags/kafka_producer_dag.py for tasks to queue
[2025-04-26T23:49:34.052+0000] {logging_mixin.py:188} INFO - [2025-04-26T23:49:34.052+0000] {dagbag.py:538} INFO - Filling up the DagBag from /opt/airflow/dags/kafka_producer_dag.py
[2025-04-26T23:49:34.109+0000] {processor.py:840} INFO - DAG(s) 'kafka_producer_dag' retrieved from /opt/airflow/dags/kafka_producer_dag.py
[2025-04-26T23:49:34.191+0000] {logging_mixin.py:188} INFO - [2025-04-26T23:49:34.191+0000] {dag.py:3036} INFO - Sync 1 DAGs
[2025-04-26T23:49:34.207+0000] {logging_mixin.py:188} INFO - [2025-04-26T23:49:34.207+0000] {dag.py:3823} INFO - Setting next_dagrun for kafka_producer_dag to 2024-01-01 00:00:00+00:00, run_after=2024-01-01 00:00:00+00:00
[2025-04-26T23:49:34.225+0000] {processor.py:183} INFO - Processing /opt/airflow/dags/kafka_producer_dag.py took 0.180 seconds
[2025-04-26T23:50:04.374+0000] {processor.py:161} INFO - Started process (PID=904) to work on /opt/airflow/dags/kafka_producer_dag.py
[2025-04-26T23:50:04.376+0000] {processor.py:830} INFO - Processing file /opt/airflow/dags/kafka_producer_dag.py for tasks to queue
[2025-04-26T23:50:04.377+0000] {logging_mixin.py:188} INFO - [2025-04-26T23:50:04.377+0000] {dagbag.py:538} INFO - Filling up the DagBag from /opt/airflow/dags/kafka_producer_dag.py
[2025-04-26T23:50:04.441+0000] {processor.py:840} INFO - DAG(s) 'kafka_producer_dag' retrieved from /opt/airflow/dags/kafka_producer_dag.py
[2025-04-26T23:50:04.467+0000] {logging_mixin.py:188} INFO - [2025-04-26T23:50:04.466+0000] {dag.py:3036} INFO - Sync 1 DAGs
[2025-04-26T23:50:04.491+0000] {logging_mixin.py:188} INFO - [2025-04-26T23:50:04.491+0000] {dag.py:3823} INFO - Setting next_dagrun for kafka_producer_dag to 2024-01-01 00:00:00+00:00, run_after=2024-01-01 00:00:00+00:00
[2025-04-26T23:50:04.522+0000] {processor.py:183} INFO - Processing /opt/airflow/dags/kafka_producer_dag.py took 0.153 seconds
[2025-04-26T23:50:34.692+0000] {processor.py:161} INFO - Started process (PID=947) to work on /opt/airflow/dags/kafka_producer_dag.py
[2025-04-26T23:50:34.694+0000] {processor.py:830} INFO - Processing file /opt/airflow/dags/kafka_producer_dag.py for tasks to queue
[2025-04-26T23:50:34.695+0000] {logging_mixin.py:188} INFO - [2025-04-26T23:50:34.695+0000] {dagbag.py:538} INFO - Filling up the DagBag from /opt/airflow/dags/kafka_producer_dag.py
[2025-04-26T23:50:34.761+0000] {processor.py:840} INFO - DAG(s) 'kafka_producer_dag' retrieved from /opt/airflow/dags/kafka_producer_dag.py
[2025-04-26T23:50:34.779+0000] {logging_mixin.py:188} INFO - [2025-04-26T23:50:34.778+0000] {dag.py:3036} INFO - Sync 1 DAGs
[2025-04-26T23:50:34.803+0000] {logging_mixin.py:188} INFO - [2025-04-26T23:50:34.802+0000] {dag.py:3823} INFO - Setting next_dagrun for kafka_producer_dag to 2024-01-01 00:00:00+00:00, run_after=2024-01-01 00:00:00+00:00
[2025-04-26T23:50:34.827+0000] {processor.py:183} INFO - Processing /opt/airflow/dags/kafka_producer_dag.py took 0.137 seconds
[2025-04-26T23:51:05.297+0000] {processor.py:161} INFO - Started process (PID=990) to work on /opt/airflow/dags/kafka_producer_dag.py
[2025-04-26T23:51:05.300+0000] {processor.py:830} INFO - Processing file /opt/airflow/dags/kafka_producer_dag.py for tasks to queue
[2025-04-26T23:51:05.302+0000] {logging_mixin.py:188} INFO - [2025-04-26T23:51:05.301+0000] {dagbag.py:538} INFO - Filling up the DagBag from /opt/airflow/dags/kafka_producer_dag.py
[2025-04-26T23:51:05.380+0000] {processor.py:840} INFO - DAG(s) 'kafka_producer_dag' retrieved from /opt/airflow/dags/kafka_producer_dag.py
[2025-04-26T23:51:05.495+0000] {logging_mixin.py:188} INFO - [2025-04-26T23:51:05.495+0000] {dag.py:3036} INFO - Sync 1 DAGs
[2025-04-26T23:51:05.512+0000] {logging_mixin.py:188} INFO - [2025-04-26T23:51:05.512+0000] {dag.py:3823} INFO - Setting next_dagrun for kafka_producer_dag to 2024-01-01 00:00:00+00:00, run_after=2024-01-01 00:00:00+00:00
[2025-04-26T23:51:05.536+0000] {processor.py:183} INFO - Processing /opt/airflow/dags/kafka_producer_dag.py took 0.245 seconds
[2025-04-26T23:51:36.221+0000] {processor.py:161} INFO - Started process (PID=1033) to work on /opt/airflow/dags/kafka_producer_dag.py
[2025-04-26T23:51:36.223+0000] {processor.py:830} INFO - Processing file /opt/airflow/dags/kafka_producer_dag.py for tasks to queue
[2025-04-26T23:51:36.225+0000] {logging_mixin.py:188} INFO - [2025-04-26T23:51:36.225+0000] {dagbag.py:538} INFO - Filling up the DagBag from /opt/airflow/dags/kafka_producer_dag.py
[2025-04-26T23:51:36.298+0000] {processor.py:840} INFO - DAG(s) 'kafka_producer_dag' retrieved from /opt/airflow/dags/kafka_producer_dag.py
[2025-04-26T23:51:36.325+0000] {logging_mixin.py:188} INFO - [2025-04-26T23:51:36.324+0000] {dag.py:3036} INFO - Sync 1 DAGs
[2025-04-26T23:51:36.343+0000] {logging_mixin.py:188} INFO - [2025-04-26T23:51:36.343+0000] {dag.py:3823} INFO - Setting next_dagrun for kafka_producer_dag to 2024-01-01 00:00:00+00:00, run_after=2024-01-01 00:00:00+00:00
[2025-04-26T23:51:36.362+0000] {processor.py:183} INFO - Processing /opt/airflow/dags/kafka_producer_dag.py took 0.145 seconds
[2025-04-26T23:52:06.544+0000] {processor.py:161} INFO - Started process (PID=1076) to work on /opt/airflow/dags/kafka_producer_dag.py
[2025-04-26T23:52:06.547+0000] {processor.py:830} INFO - Processing file /opt/airflow/dags/kafka_producer_dag.py for tasks to queue
[2025-04-26T23:52:06.551+0000] {logging_mixin.py:188} INFO - [2025-04-26T23:52:06.549+0000] {dagbag.py:538} INFO - Filling up the DagBag from /opt/airflow/dags/kafka_producer_dag.py
[2025-04-26T23:52:06.623+0000] {processor.py:840} INFO - DAG(s) 'kafka_producer_dag' retrieved from /opt/airflow/dags/kafka_producer_dag.py
[2025-04-26T23:52:06.633+0000] {logging_mixin.py:188} INFO - [2025-04-26T23:52:06.632+0000] {dag.py:3036} INFO - Sync 1 DAGs
[2025-04-26T23:52:06.649+0000] {logging_mixin.py:188} INFO - [2025-04-26T23:52:06.649+0000] {dag.py:3823} INFO - Setting next_dagrun for kafka_producer_dag to 2024-01-01 00:00:00+00:00, run_after=2024-01-01 00:00:00+00:00
[2025-04-26T23:52:06.669+0000] {processor.py:183} INFO - Processing /opt/airflow/dags/kafka_producer_dag.py took 0.131 seconds
[2025-04-26T23:52:37.192+0000] {processor.py:161} INFO - Started process (PID=1119) to work on /opt/airflow/dags/kafka_producer_dag.py
[2025-04-26T23:52:37.193+0000] {processor.py:830} INFO - Processing file /opt/airflow/dags/kafka_producer_dag.py for tasks to queue
[2025-04-26T23:52:37.194+0000] {logging_mixin.py:188} INFO - [2025-04-26T23:52:37.194+0000] {dagbag.py:538} INFO - Filling up the DagBag from /opt/airflow/dags/kafka_producer_dag.py
[2025-04-26T23:52:37.290+0000] {processor.py:840} INFO - DAG(s) 'kafka_producer_dag' retrieved from /opt/airflow/dags/kafka_producer_dag.py
[2025-04-26T23:52:37.413+0000] {logging_mixin.py:188} INFO - [2025-04-26T23:52:37.413+0000] {dag.py:3036} INFO - Sync 1 DAGs
[2025-04-26T23:52:37.432+0000] {logging_mixin.py:188} INFO - [2025-04-26T23:52:37.432+0000] {dag.py:3823} INFO - Setting next_dagrun for kafka_producer_dag to 2024-01-01 00:00:00+00:00, run_after=2024-01-01 00:00:00+00:00
[2025-04-26T23:52:37.457+0000] {processor.py:183} INFO - Processing /opt/airflow/dags/kafka_producer_dag.py took 0.267 seconds
[2025-04-26T23:53:07.592+0000] {processor.py:161} INFO - Started process (PID=1168) to work on /opt/airflow/dags/kafka_producer_dag.py
[2025-04-26T23:53:07.593+0000] {processor.py:830} INFO - Processing file /opt/airflow/dags/kafka_producer_dag.py for tasks to queue
[2025-04-26T23:53:07.594+0000] {logging_mixin.py:188} INFO - [2025-04-26T23:53:07.594+0000] {dagbag.py:538} INFO - Filling up the DagBag from /opt/airflow/dags/kafka_producer_dag.py
[2025-04-26T23:53:07.658+0000] {processor.py:840} INFO - DAG(s) 'kafka_producer_dag' retrieved from /opt/airflow/dags/kafka_producer_dag.py
[2025-04-26T23:53:07.681+0000] {logging_mixin.py:188} INFO - [2025-04-26T23:53:07.681+0000] {dag.py:3036} INFO - Sync 1 DAGs
[2025-04-26T23:53:07.703+0000] {logging_mixin.py:188} INFO - [2025-04-26T23:53:07.703+0000] {dag.py:3823} INFO - Setting next_dagrun for kafka_producer_dag to 2024-01-01 00:00:00+00:00, run_after=2024-01-01 00:00:00+00:00
[2025-04-26T23:53:07.727+0000] {processor.py:183} INFO - Processing /opt/airflow/dags/kafka_producer_dag.py took 0.138 seconds
[2025-04-26T23:53:38.202+0000] {processor.py:161} INFO - Started process (PID=1211) to work on /opt/airflow/dags/kafka_producer_dag.py
[2025-04-26T23:53:38.203+0000] {processor.py:830} INFO - Processing file /opt/airflow/dags/kafka_producer_dag.py for tasks to queue
[2025-04-26T23:53:38.203+0000] {logging_mixin.py:188} INFO - [2025-04-26T23:53:38.203+0000] {dagbag.py:538} INFO - Filling up the DagBag from /opt/airflow/dags/kafka_producer_dag.py
[2025-04-26T23:53:38.255+0000] {processor.py:840} INFO - DAG(s) 'kafka_producer_dag' retrieved from /opt/airflow/dags/kafka_producer_dag.py
[2025-04-26T23:53:38.277+0000] {logging_mixin.py:188} INFO - [2025-04-26T23:53:38.277+0000] {dag.py:3036} INFO - Sync 1 DAGs
[2025-04-26T23:53:38.296+0000] {logging_mixin.py:188} INFO - [2025-04-26T23:53:38.295+0000] {dag.py:3823} INFO - Setting next_dagrun for kafka_producer_dag to 2024-01-01 00:00:00+00:00, run_after=2024-01-01 00:00:00+00:00
[2025-04-26T23:53:38.315+0000] {processor.py:183} INFO - Processing /opt/airflow/dags/kafka_producer_dag.py took 0.116 seconds
[2025-04-26T23:54:08.575+0000] {processor.py:161} INFO - Started process (PID=1254) to work on /opt/airflow/dags/kafka_producer_dag.py
[2025-04-26T23:54:08.576+0000] {processor.py:830} INFO - Processing file /opt/airflow/dags/kafka_producer_dag.py for tasks to queue
[2025-04-26T23:54:08.577+0000] {logging_mixin.py:188} INFO - [2025-04-26T23:54:08.577+0000] {dagbag.py:538} INFO - Filling up the DagBag from /opt/airflow/dags/kafka_producer_dag.py
[2025-04-26T23:54:08.631+0000] {processor.py:840} INFO - DAG(s) 'kafka_producer_dag' retrieved from /opt/airflow/dags/kafka_producer_dag.py
[2025-04-26T23:54:08.718+0000] {logging_mixin.py:188} INFO - [2025-04-26T23:54:08.718+0000] {dag.py:3036} INFO - Sync 1 DAGs
[2025-04-26T23:54:08.731+0000] {logging_mixin.py:188} INFO - [2025-04-26T23:54:08.731+0000] {dag.py:3823} INFO - Setting next_dagrun for kafka_producer_dag to 2024-01-01 00:00:00+00:00, run_after=2024-01-01 00:00:00+00:00
[2025-04-26T23:54:08.746+0000] {processor.py:183} INFO - Processing /opt/airflow/dags/kafka_producer_dag.py took 0.173 seconds
[2025-04-26T23:54:39.181+0000] {processor.py:161} INFO - Started process (PID=1297) to work on /opt/airflow/dags/kafka_producer_dag.py
[2025-04-26T23:54:39.190+0000] {processor.py:830} INFO - Processing file /opt/airflow/dags/kafka_producer_dag.py for tasks to queue
[2025-04-26T23:54:39.192+0000] {logging_mixin.py:188} INFO - [2025-04-26T23:54:39.191+0000] {dagbag.py:538} INFO - Filling up the DagBag from /opt/airflow/dags/kafka_producer_dag.py
[2025-04-26T23:54:39.338+0000] {processor.py:840} INFO - DAG(s) 'kafka_producer_dag' retrieved from /opt/airflow/dags/kafka_producer_dag.py
[2025-04-26T23:54:39.385+0000] {logging_mixin.py:188} INFO - [2025-04-26T23:54:39.384+0000] {dag.py:3036} INFO - Sync 1 DAGs
[2025-04-26T23:54:39.421+0000] {logging_mixin.py:188} INFO - [2025-04-26T23:54:39.421+0000] {dag.py:3823} INFO - Setting next_dagrun for kafka_producer_dag to 2024-01-01 00:00:00+00:00, run_after=2024-01-01 00:00:00+00:00
[2025-04-26T23:54:39.457+0000] {processor.py:183} INFO - Processing /opt/airflow/dags/kafka_producer_dag.py took 0.281 seconds
[2025-04-26T23:55:09.936+0000] {processor.py:161} INFO - Started process (PID=1340) to work on /opt/airflow/dags/kafka_producer_dag.py
[2025-04-26T23:55:09.937+0000] {processor.py:830} INFO - Processing file /opt/airflow/dags/kafka_producer_dag.py for tasks to queue
[2025-04-26T23:55:09.937+0000] {logging_mixin.py:188} INFO - [2025-04-26T23:55:09.937+0000] {dagbag.py:538} INFO - Filling up the DagBag from /opt/airflow/dags/kafka_producer_dag.py
[2025-04-26T23:55:09.992+0000] {processor.py:840} INFO - DAG(s) 'kafka_producer_dag' retrieved from /opt/airflow/dags/kafka_producer_dag.py
[2025-04-26T23:55:10.001+0000] {logging_mixin.py:188} INFO - [2025-04-26T23:55:10.001+0000] {dag.py:3036} INFO - Sync 1 DAGs
[2025-04-26T23:55:10.019+0000] {logging_mixin.py:188} INFO - [2025-04-26T23:55:10.019+0000] {dag.py:3823} INFO - Setting next_dagrun for kafka_producer_dag to 2024-01-01 00:00:00+00:00, run_after=2024-01-01 00:00:00+00:00
[2025-04-26T23:55:10.034+0000] {processor.py:183} INFO - Processing /opt/airflow/dags/kafka_producer_dag.py took 0.101 seconds
[2025-04-26T23:55:40.347+0000] {processor.py:161} INFO - Started process (PID=1383) to work on /opt/airflow/dags/kafka_producer_dag.py
[2025-04-26T23:55:40.348+0000] {processor.py:830} INFO - Processing file /opt/airflow/dags/kafka_producer_dag.py for tasks to queue
[2025-04-26T23:55:40.349+0000] {logging_mixin.py:188} INFO - [2025-04-26T23:55:40.349+0000] {dagbag.py:538} INFO - Filling up the DagBag from /opt/airflow/dags/kafka_producer_dag.py
[2025-04-26T23:55:40.402+0000] {processor.py:840} INFO - DAG(s) 'kafka_producer_dag' retrieved from /opt/airflow/dags/kafka_producer_dag.py
[2025-04-26T23:55:40.508+0000] {logging_mixin.py:188} INFO - [2025-04-26T23:55:40.507+0000] {dag.py:3036} INFO - Sync 1 DAGs
[2025-04-26T23:55:40.526+0000] {logging_mixin.py:188} INFO - [2025-04-26T23:55:40.526+0000] {dag.py:3823} INFO - Setting next_dagrun for kafka_producer_dag to 2024-01-01 00:00:00+00:00, run_after=2024-01-01 00:00:00+00:00
[2025-04-26T23:55:40.544+0000] {processor.py:183} INFO - Processing /opt/airflow/dags/kafka_producer_dag.py took 0.199 seconds
[2025-04-26T23:56:10.699+0000] {processor.py:161} INFO - Started process (PID=1426) to work on /opt/airflow/dags/kafka_producer_dag.py
[2025-04-26T23:56:10.700+0000] {processor.py:830} INFO - Processing file /opt/airflow/dags/kafka_producer_dag.py for tasks to queue
[2025-04-26T23:56:10.701+0000] {logging_mixin.py:188} INFO - [2025-04-26T23:56:10.701+0000] {dagbag.py:538} INFO - Filling up the DagBag from /opt/airflow/dags/kafka_producer_dag.py
[2025-04-26T23:56:10.755+0000] {processor.py:840} INFO - DAG(s) 'kafka_producer_dag' retrieved from /opt/airflow/dags/kafka_producer_dag.py
[2025-04-26T23:56:10.775+0000] {logging_mixin.py:188} INFO - [2025-04-26T23:56:10.775+0000] {dag.py:3036} INFO - Sync 1 DAGs
[2025-04-26T23:56:10.796+0000] {logging_mixin.py:188} INFO - [2025-04-26T23:56:10.796+0000] {dag.py:3823} INFO - Setting next_dagrun for kafka_producer_dag to 2024-01-01 00:00:00+00:00, run_after=2024-01-01 00:00:00+00:00
[2025-04-26T23:56:10.820+0000] {processor.py:183} INFO - Processing /opt/airflow/dags/kafka_producer_dag.py took 0.124 seconds
[2025-04-26T23:56:41.089+0000] {processor.py:161} INFO - Started process (PID=1469) to work on /opt/airflow/dags/kafka_producer_dag.py
[2025-04-26T23:56:41.090+0000] {processor.py:830} INFO - Processing file /opt/airflow/dags/kafka_producer_dag.py for tasks to queue
[2025-04-26T23:56:41.091+0000] {logging_mixin.py:188} INFO - [2025-04-26T23:56:41.091+0000] {dagbag.py:538} INFO - Filling up the DagBag from /opt/airflow/dags/kafka_producer_dag.py
[2025-04-26T23:56:41.155+0000] {processor.py:840} INFO - DAG(s) 'kafka_producer_dag' retrieved from /opt/airflow/dags/kafka_producer_dag.py
[2025-04-26T23:56:41.170+0000] {logging_mixin.py:188} INFO - [2025-04-26T23:56:41.170+0000] {dag.py:3036} INFO - Sync 1 DAGs
[2025-04-26T23:56:41.195+0000] {logging_mixin.py:188} INFO - [2025-04-26T23:56:41.195+0000] {dag.py:3823} INFO - Setting next_dagrun for kafka_producer_dag to 2024-01-01 00:00:00+00:00, run_after=2024-01-01 00:00:00+00:00
[2025-04-26T23:56:41.218+0000] {processor.py:183} INFO - Processing /opt/airflow/dags/kafka_producer_dag.py took 0.132 seconds
[2025-04-26T23:57:11.400+0000] {processor.py:161} INFO - Started process (PID=1512) to work on /opt/airflow/dags/kafka_producer_dag.py
[2025-04-26T23:57:11.401+0000] {processor.py:830} INFO - Processing file /opt/airflow/dags/kafka_producer_dag.py for tasks to queue
[2025-04-26T23:57:11.402+0000] {logging_mixin.py:188} INFO - [2025-04-26T23:57:11.402+0000] {dagbag.py:538} INFO - Filling up the DagBag from /opt/airflow/dags/kafka_producer_dag.py
[2025-04-26T23:57:11.455+0000] {processor.py:840} INFO - DAG(s) 'kafka_producer_dag' retrieved from /opt/airflow/dags/kafka_producer_dag.py
[2025-04-26T23:57:11.548+0000] {logging_mixin.py:188} INFO - [2025-04-26T23:57:11.548+0000] {dag.py:3036} INFO - Sync 1 DAGs
[2025-04-26T23:57:11.565+0000] {logging_mixin.py:188} INFO - [2025-04-26T23:57:11.564+0000] {dag.py:3823} INFO - Setting next_dagrun for kafka_producer_dag to 2024-01-01 00:00:00+00:00, run_after=2024-01-01 00:00:00+00:00
[2025-04-26T23:57:11.585+0000] {processor.py:183} INFO - Processing /opt/airflow/dags/kafka_producer_dag.py took 0.187 seconds
[2025-04-26T23:57:42.143+0000] {processor.py:161} INFO - Started process (PID=1555) to work on /opt/airflow/dags/kafka_producer_dag.py
[2025-04-26T23:57:42.144+0000] {processor.py:830} INFO - Processing file /opt/airflow/dags/kafka_producer_dag.py for tasks to queue
[2025-04-26T23:57:42.146+0000] {logging_mixin.py:188} INFO - [2025-04-26T23:57:42.145+0000] {dagbag.py:538} INFO - Filling up the DagBag from /opt/airflow/dags/kafka_producer_dag.py
[2025-04-26T23:57:42.220+0000] {processor.py:840} INFO - DAG(s) 'kafka_producer_dag' retrieved from /opt/airflow/dags/kafka_producer_dag.py
[2025-04-26T23:57:42.250+0000] {logging_mixin.py:188} INFO - [2025-04-26T23:57:42.250+0000] {dag.py:3036} INFO - Sync 1 DAGs
[2025-04-26T23:57:42.273+0000] {logging_mixin.py:188} INFO - [2025-04-26T23:57:42.272+0000] {dag.py:3823} INFO - Setting next_dagrun for kafka_producer_dag to 2024-01-01 00:00:00+00:00, run_after=2024-01-01 00:00:00+00:00
[2025-04-26T23:57:42.298+0000] {processor.py:183} INFO - Processing /opt/airflow/dags/kafka_producer_dag.py took 0.159 seconds
[2025-04-26T23:58:12.439+0000] {processor.py:161} INFO - Started process (PID=1598) to work on /opt/airflow/dags/kafka_producer_dag.py
[2025-04-26T23:58:12.440+0000] {processor.py:830} INFO - Processing file /opt/airflow/dags/kafka_producer_dag.py for tasks to queue
[2025-04-26T23:58:12.441+0000] {logging_mixin.py:188} INFO - [2025-04-26T23:58:12.441+0000] {dagbag.py:538} INFO - Filling up the DagBag from /opt/airflow/dags/kafka_producer_dag.py
[2025-04-26T23:58:12.508+0000] {processor.py:840} INFO - DAG(s) 'kafka_producer_dag' retrieved from /opt/airflow/dags/kafka_producer_dag.py
[2025-04-26T23:58:12.520+0000] {logging_mixin.py:188} INFO - [2025-04-26T23:58:12.520+0000] {dag.py:3036} INFO - Sync 1 DAGs
[2025-04-26T23:58:12.541+0000] {logging_mixin.py:188} INFO - [2025-04-26T23:58:12.541+0000] {dag.py:3823} INFO - Setting next_dagrun for kafka_producer_dag to 2024-01-01 00:00:00+00:00, run_after=2024-01-01 00:00:00+00:00
[2025-04-26T23:58:12.561+0000] {processor.py:183} INFO - Processing /opt/airflow/dags/kafka_producer_dag.py took 0.125 seconds
[2025-04-26T23:58:42.727+0000] {processor.py:161} INFO - Started process (PID=1641) to work on /opt/airflow/dags/kafka_producer_dag.py
[2025-04-26T23:58:42.728+0000] {processor.py:830} INFO - Processing file /opt/airflow/dags/kafka_producer_dag.py for tasks to queue
[2025-04-26T23:58:42.729+0000] {logging_mixin.py:188} INFO - [2025-04-26T23:58:42.728+0000] {dagbag.py:538} INFO - Filling up the DagBag from /opt/airflow/dags/kafka_producer_dag.py
[2025-04-26T23:58:42.788+0000] {processor.py:840} INFO - DAG(s) 'kafka_producer_dag' retrieved from /opt/airflow/dags/kafka_producer_dag.py
[2025-04-26T23:58:42.871+0000] {logging_mixin.py:188} INFO - [2025-04-26T23:58:42.870+0000] {dag.py:3036} INFO - Sync 1 DAGs
[2025-04-26T23:58:42.887+0000] {logging_mixin.py:188} INFO - [2025-04-26T23:58:42.887+0000] {dag.py:3823} INFO - Setting next_dagrun for kafka_producer_dag to 2024-01-01 00:00:00+00:00, run_after=2024-01-01 00:00:00+00:00
[2025-04-26T23:58:42.913+0000] {processor.py:183} INFO - Processing /opt/airflow/dags/kafka_producer_dag.py took 0.188 seconds
[2025-04-26T23:59:13.158+0000] {processor.py:161} INFO - Started process (PID=1687) to work on /opt/airflow/dags/kafka_producer_dag.py
[2025-04-26T23:59:13.159+0000] {processor.py:830} INFO - Processing file /opt/airflow/dags/kafka_producer_dag.py for tasks to queue
[2025-04-26T23:59:13.160+0000] {logging_mixin.py:188} INFO - [2025-04-26T23:59:13.160+0000] {dagbag.py:538} INFO - Filling up the DagBag from /opt/airflow/dags/kafka_producer_dag.py
[2025-04-26T23:59:13.228+0000] {processor.py:840} INFO - DAG(s) 'kafka_producer_dag' retrieved from /opt/airflow/dags/kafka_producer_dag.py
[2025-04-26T23:59:13.261+0000] {logging_mixin.py:188} INFO - [2025-04-26T23:59:13.260+0000] {dag.py:3036} INFO - Sync 1 DAGs
[2025-04-26T23:59:13.284+0000] {logging_mixin.py:188} INFO - [2025-04-26T23:59:13.283+0000] {dag.py:3823} INFO - Setting next_dagrun for kafka_producer_dag to 2024-01-01 00:00:00+00:00, run_after=2024-01-01 00:00:00+00:00
[2025-04-26T23:59:13.301+0000] {processor.py:183} INFO - Processing /opt/airflow/dags/kafka_producer_dag.py took 0.145 seconds
[2025-04-26T23:59:43.787+0000] {processor.py:161} INFO - Started process (PID=1730) to work on /opt/airflow/dags/kafka_producer_dag.py
[2025-04-26T23:59:43.789+0000] {processor.py:830} INFO - Processing file /opt/airflow/dags/kafka_producer_dag.py for tasks to queue
[2025-04-26T23:59:43.791+0000] {logging_mixin.py:188} INFO - [2025-04-26T23:59:43.790+0000] {dagbag.py:538} INFO - Filling up the DagBag from /opt/airflow/dags/kafka_producer_dag.py
[2025-04-26T23:59:43.876+0000] {processor.py:840} INFO - DAG(s) 'kafka_producer_dag' retrieved from /opt/airflow/dags/kafka_producer_dag.py
[2025-04-26T23:59:43.886+0000] {logging_mixin.py:188} INFO - [2025-04-26T23:59:43.886+0000] {dag.py:3036} INFO - Sync 1 DAGs
[2025-04-26T23:59:43.905+0000] {logging_mixin.py:188} INFO - [2025-04-26T23:59:43.904+0000] {dag.py:3823} INFO - Setting next_dagrun for kafka_producer_dag to 2024-01-01 00:00:00+00:00, run_after=2024-01-01 00:00:00+00:00
[2025-04-26T23:59:43.921+0000] {processor.py:183} INFO - Processing /opt/airflow/dags/kafka_producer_dag.py took 0.138 seconds
