[2025-04-26T23:41:27.405+0000] {processor.py:161} INFO - Started process (PID=191) to work on /opt/airflow/dags/transform_orders_dag.py
[2025-04-26T23:41:27.407+0000] {processor.py:830} INFO - Processing file /opt/airflow/dags/transform_orders_dag.py for tasks to queue
[2025-04-26T23:41:27.408+0000] {logging_mixin.py:188} INFO - [2025-04-26T23:41:27.407+0000] {dagbag.py:538} INFO - Filling up the DagBag from /opt/airflow/dags/transform_orders_dag.py
[2025-04-26T23:41:27.871+0000] {processor.py:840} INFO - DAG(s) 'clean_orders_csv_dag' retrieved from /opt/airflow/dags/transform_orders_dag.py
[2025-04-26T23:41:27.894+0000] {logging_mixin.py:188} INFO - [2025-04-26T23:41:27.894+0000] {dag.py:3036} INFO - Sync 1 DAGs
[2025-04-26T23:41:27.907+0000] {logging_mixin.py:188} INFO - [2025-04-26T23:41:27.906+0000] {dag.py:3823} INFO - Setting next_dagrun for clean_orders_csv_dag to None, run_after=None
[2025-04-26T23:41:27.929+0000] {processor.py:183} INFO - Processing /opt/airflow/dags/transform_orders_dag.py took 0.530 seconds
[2025-04-26T23:41:58.094+0000] {processor.py:161} INFO - Started process (PID=229) to work on /opt/airflow/dags/transform_orders_dag.py
[2025-04-26T23:41:58.096+0000] {processor.py:830} INFO - Processing file /opt/airflow/dags/transform_orders_dag.py for tasks to queue
[2025-04-26T23:41:58.097+0000] {logging_mixin.py:188} INFO - [2025-04-26T23:41:58.097+0000] {dagbag.py:538} INFO - Filling up the DagBag from /opt/airflow/dags/transform_orders_dag.py
[2025-04-26T23:41:58.374+0000] {processor.py:840} INFO - DAG(s) 'clean_orders_csv_dag' retrieved from /opt/airflow/dags/transform_orders_dag.py
[2025-04-26T23:41:58.385+0000] {logging_mixin.py:188} INFO - [2025-04-26T23:41:58.385+0000] {dag.py:3036} INFO - Sync 1 DAGs
[2025-04-26T23:41:58.395+0000] {logging_mixin.py:188} INFO - [2025-04-26T23:41:58.395+0000] {dag.py:3823} INFO - Setting next_dagrun for clean_orders_csv_dag to None, run_after=None
[2025-04-26T23:41:58.410+0000] {processor.py:183} INFO - Processing /opt/airflow/dags/transform_orders_dag.py took 0.319 seconds
[2025-04-26T23:42:28.957+0000] {processor.py:161} INFO - Started process (PID=277) to work on /opt/airflow/dags/transform_orders_dag.py
[2025-04-26T23:42:28.958+0000] {processor.py:830} INFO - Processing file /opt/airflow/dags/transform_orders_dag.py for tasks to queue
[2025-04-26T23:42:28.959+0000] {logging_mixin.py:188} INFO - [2025-04-26T23:42:28.959+0000] {dagbag.py:538} INFO - Filling up the DagBag from /opt/airflow/dags/transform_orders_dag.py
[2025-04-26T23:42:29.316+0000] {processor.py:840} INFO - DAG(s) 'clean_orders_csv_dag' retrieved from /opt/airflow/dags/transform_orders_dag.py
[2025-04-26T23:42:29.420+0000] {logging_mixin.py:188} INFO - [2025-04-26T23:42:29.420+0000] {dag.py:3036} INFO - Sync 1 DAGs
[2025-04-26T23:42:29.435+0000] {logging_mixin.py:188} INFO - [2025-04-26T23:42:29.435+0000] {dag.py:3823} INFO - Setting next_dagrun for clean_orders_csv_dag to None, run_after=None
[2025-04-26T23:42:29.458+0000] {processor.py:183} INFO - Processing /opt/airflow/dags/transform_orders_dag.py took 0.505 seconds
[2025-04-26T23:42:59.913+0000] {processor.py:161} INFO - Started process (PID=320) to work on /opt/airflow/dags/transform_orders_dag.py
[2025-04-26T23:42:59.914+0000] {processor.py:830} INFO - Processing file /opt/airflow/dags/transform_orders_dag.py for tasks to queue
[2025-04-26T23:42:59.916+0000] {logging_mixin.py:188} INFO - [2025-04-26T23:42:59.915+0000] {dagbag.py:538} INFO - Filling up the DagBag from /opt/airflow/dags/transform_orders_dag.py
[2025-04-26T23:43:00.396+0000] {processor.py:840} INFO - DAG(s) 'clean_orders_csv_dag' retrieved from /opt/airflow/dags/transform_orders_dag.py
[2025-04-26T23:43:00.449+0000] {logging_mixin.py:188} INFO - [2025-04-26T23:43:00.448+0000] {dag.py:3036} INFO - Sync 1 DAGs
[2025-04-26T23:43:00.494+0000] {logging_mixin.py:188} INFO - [2025-04-26T23:43:00.493+0000] {dag.py:3823} INFO - Setting next_dagrun for clean_orders_csv_dag to None, run_after=None
[2025-04-26T23:43:00.563+0000] {processor.py:183} INFO - Processing /opt/airflow/dags/transform_orders_dag.py took 0.656 seconds
[2025-04-26T23:43:31.314+0000] {processor.py:161} INFO - Started process (PID=365) to work on /opt/airflow/dags/transform_orders_dag.py
[2025-04-26T23:43:31.315+0000] {processor.py:830} INFO - Processing file /opt/airflow/dags/transform_orders_dag.py for tasks to queue
[2025-04-26T23:43:31.316+0000] {logging_mixin.py:188} INFO - [2025-04-26T23:43:31.316+0000] {dagbag.py:538} INFO - Filling up the DagBag from /opt/airflow/dags/transform_orders_dag.py
[2025-04-26T23:43:31.675+0000] {processor.py:840} INFO - DAG(s) 'clean_orders_csv_dag' retrieved from /opt/airflow/dags/transform_orders_dag.py
[2025-04-26T23:43:31.750+0000] {logging_mixin.py:188} INFO - [2025-04-26T23:43:31.749+0000] {dag.py:3036} INFO - Sync 1 DAGs
[2025-04-26T23:43:31.769+0000] {logging_mixin.py:188} INFO - [2025-04-26T23:43:31.769+0000] {dag.py:3823} INFO - Setting next_dagrun for clean_orders_csv_dag to None, run_after=None
[2025-04-26T23:43:31.796+0000] {processor.py:183} INFO - Processing /opt/airflow/dags/transform_orders_dag.py took 0.485 seconds
[2025-04-26T23:44:02.005+0000] {processor.py:161} INFO - Started process (PID=408) to work on /opt/airflow/dags/transform_orders_dag.py
[2025-04-26T23:44:02.007+0000] {processor.py:830} INFO - Processing file /opt/airflow/dags/transform_orders_dag.py for tasks to queue
[2025-04-26T23:44:02.008+0000] {logging_mixin.py:188} INFO - [2025-04-26T23:44:02.007+0000] {dagbag.py:538} INFO - Filling up the DagBag from /opt/airflow/dags/transform_orders_dag.py
[2025-04-26T23:44:02.306+0000] {processor.py:840} INFO - DAG(s) 'clean_orders_csv_dag' retrieved from /opt/airflow/dags/transform_orders_dag.py
[2025-04-26T23:44:02.333+0000] {logging_mixin.py:188} INFO - [2025-04-26T23:44:02.332+0000] {dag.py:3036} INFO - Sync 1 DAGs
[2025-04-26T23:44:02.351+0000] {logging_mixin.py:188} INFO - [2025-04-26T23:44:02.350+0000] {dag.py:3823} INFO - Setting next_dagrun for clean_orders_csv_dag to None, run_after=None
[2025-04-26T23:44:02.378+0000] {processor.py:183} INFO - Processing /opt/airflow/dags/transform_orders_dag.py took 0.376 seconds
[2025-04-26T23:44:32.820+0000] {processor.py:161} INFO - Started process (PID=451) to work on /opt/airflow/dags/transform_orders_dag.py
[2025-04-26T23:44:32.821+0000] {processor.py:830} INFO - Processing file /opt/airflow/dags/transform_orders_dag.py for tasks to queue
[2025-04-26T23:44:32.822+0000] {logging_mixin.py:188} INFO - [2025-04-26T23:44:32.822+0000] {dagbag.py:538} INFO - Filling up the DagBag from /opt/airflow/dags/transform_orders_dag.py
[2025-04-26T23:44:33.315+0000] {processor.py:840} INFO - DAG(s) 'clean_orders_csv_dag' retrieved from /opt/airflow/dags/transform_orders_dag.py
[2025-04-26T23:44:33.349+0000] {logging_mixin.py:188} INFO - [2025-04-26T23:44:33.349+0000] {dag.py:3036} INFO - Sync 1 DAGs
[2025-04-26T23:44:33.368+0000] {logging_mixin.py:188} INFO - [2025-04-26T23:44:33.368+0000] {dag.py:3823} INFO - Setting next_dagrun for clean_orders_csv_dag to None, run_after=None
[2025-04-26T23:44:33.395+0000] {processor.py:183} INFO - Processing /opt/airflow/dags/transform_orders_dag.py took 0.577 seconds
[2025-04-26T23:45:03.471+0000] {processor.py:161} INFO - Started process (PID=497) to work on /opt/airflow/dags/transform_orders_dag.py
[2025-04-26T23:45:03.473+0000] {processor.py:830} INFO - Processing file /opt/airflow/dags/transform_orders_dag.py for tasks to queue
[2025-04-26T23:45:03.474+0000] {logging_mixin.py:188} INFO - [2025-04-26T23:45:03.473+0000] {dagbag.py:538} INFO - Filling up the DagBag from /opt/airflow/dags/transform_orders_dag.py
[2025-04-26T23:45:03.721+0000] {processor.py:840} INFO - DAG(s) 'clean_orders_csv_dag' retrieved from /opt/airflow/dags/transform_orders_dag.py
[2025-04-26T23:45:03.746+0000] {logging_mixin.py:188} INFO - [2025-04-26T23:45:03.746+0000] {dag.py:3036} INFO - Sync 1 DAGs
[2025-04-26T23:45:03.756+0000] {logging_mixin.py:188} INFO - [2025-04-26T23:45:03.756+0000] {dag.py:3823} INFO - Setting next_dagrun for clean_orders_csv_dag to None, run_after=None
[2025-04-26T23:45:03.789+0000] {processor.py:183} INFO - Processing /opt/airflow/dags/transform_orders_dag.py took 0.319 seconds
[2025-04-26T23:45:33.997+0000] {processor.py:161} INFO - Started process (PID=540) to work on /opt/airflow/dags/transform_orders_dag.py
[2025-04-26T23:45:33.998+0000] {processor.py:830} INFO - Processing file /opt/airflow/dags/transform_orders_dag.py for tasks to queue
[2025-04-26T23:45:33.999+0000] {logging_mixin.py:188} INFO - [2025-04-26T23:45:33.999+0000] {dagbag.py:538} INFO - Filling up the DagBag from /opt/airflow/dags/transform_orders_dag.py
[2025-04-26T23:45:34.288+0000] {processor.py:840} INFO - DAG(s) 'clean_orders_csv_dag' retrieved from /opt/airflow/dags/transform_orders_dag.py
[2025-04-26T23:45:34.306+0000] {logging_mixin.py:188} INFO - [2025-04-26T23:45:34.306+0000] {dag.py:3036} INFO - Sync 1 DAGs
[2025-04-26T23:45:34.314+0000] {logging_mixin.py:188} INFO - [2025-04-26T23:45:34.314+0000] {dag.py:3823} INFO - Setting next_dagrun for clean_orders_csv_dag to None, run_after=None
[2025-04-26T23:45:34.336+0000] {processor.py:183} INFO - Processing /opt/airflow/dags/transform_orders_dag.py took 0.342 seconds
[2025-04-26T23:46:04.586+0000] {processor.py:161} INFO - Started process (PID=583) to work on /opt/airflow/dags/transform_orders_dag.py
[2025-04-26T23:46:04.587+0000] {processor.py:830} INFO - Processing file /opt/airflow/dags/transform_orders_dag.py for tasks to queue
[2025-04-26T23:46:04.588+0000] {logging_mixin.py:188} INFO - [2025-04-26T23:46:04.588+0000] {dagbag.py:538} INFO - Filling up the DagBag from /opt/airflow/dags/transform_orders_dag.py
[2025-04-26T23:46:04.897+0000] {processor.py:840} INFO - DAG(s) 'clean_orders_csv_dag' retrieved from /opt/airflow/dags/transform_orders_dag.py
[2025-04-26T23:46:04.918+0000] {logging_mixin.py:188} INFO - [2025-04-26T23:46:04.918+0000] {dag.py:3036} INFO - Sync 1 DAGs
[2025-04-26T23:46:04.930+0000] {logging_mixin.py:188} INFO - [2025-04-26T23:46:04.930+0000] {dag.py:3823} INFO - Setting next_dagrun for clean_orders_csv_dag to None, run_after=None
[2025-04-26T23:46:04.952+0000] {processor.py:183} INFO - Processing /opt/airflow/dags/transform_orders_dag.py took 0.368 seconds
[2025-04-26T23:46:35.254+0000] {processor.py:161} INFO - Started process (PID=626) to work on /opt/airflow/dags/transform_orders_dag.py
[2025-04-26T23:46:35.256+0000] {processor.py:830} INFO - Processing file /opt/airflow/dags/transform_orders_dag.py for tasks to queue
[2025-04-26T23:46:35.258+0000] {logging_mixin.py:188} INFO - [2025-04-26T23:46:35.258+0000] {dagbag.py:538} INFO - Filling up the DagBag from /opt/airflow/dags/transform_orders_dag.py
[2025-04-26T23:46:35.938+0000] {processor.py:840} INFO - DAG(s) 'clean_orders_csv_dag' retrieved from /opt/airflow/dags/transform_orders_dag.py
[2025-04-26T23:46:35.984+0000] {logging_mixin.py:188} INFO - [2025-04-26T23:46:35.984+0000] {dag.py:3036} INFO - Sync 1 DAGs
[2025-04-26T23:46:36.012+0000] {logging_mixin.py:188} INFO - [2025-04-26T23:46:36.012+0000] {dag.py:3823} INFO - Setting next_dagrun for clean_orders_csv_dag to None, run_after=None
[2025-04-26T23:46:36.071+0000] {processor.py:183} INFO - Processing /opt/airflow/dags/transform_orders_dag.py took 0.825 seconds
[2025-04-26T23:47:06.296+0000] {processor.py:161} INFO - Started process (PID=669) to work on /opt/airflow/dags/transform_orders_dag.py
[2025-04-26T23:47:06.297+0000] {processor.py:830} INFO - Processing file /opt/airflow/dags/transform_orders_dag.py for tasks to queue
[2025-04-26T23:47:06.298+0000] {logging_mixin.py:188} INFO - [2025-04-26T23:47:06.298+0000] {dagbag.py:538} INFO - Filling up the DagBag from /opt/airflow/dags/transform_orders_dag.py
[2025-04-26T23:47:06.619+0000] {processor.py:840} INFO - DAG(s) 'clean_orders_csv_dag' retrieved from /opt/airflow/dags/transform_orders_dag.py
[2025-04-26T23:47:06.654+0000] {logging_mixin.py:188} INFO - [2025-04-26T23:47:06.653+0000] {dag.py:3036} INFO - Sync 1 DAGs
[2025-04-26T23:47:06.669+0000] {logging_mixin.py:188} INFO - [2025-04-26T23:47:06.669+0000] {dag.py:3823} INFO - Setting next_dagrun for clean_orders_csv_dag to None, run_after=None
[2025-04-26T23:47:06.717+0000] {processor.py:183} INFO - Processing /opt/airflow/dags/transform_orders_dag.py took 0.424 seconds
[2025-04-26T23:47:36.853+0000] {processor.py:161} INFO - Started process (PID=712) to work on /opt/airflow/dags/transform_orders_dag.py
[2025-04-26T23:47:36.855+0000] {processor.py:830} INFO - Processing file /opt/airflow/dags/transform_orders_dag.py for tasks to queue
[2025-04-26T23:47:36.856+0000] {logging_mixin.py:188} INFO - [2025-04-26T23:47:36.856+0000] {dagbag.py:538} INFO - Filling up the DagBag from /opt/airflow/dags/transform_orders_dag.py
[2025-04-26T23:47:37.140+0000] {processor.py:840} INFO - DAG(s) 'clean_orders_csv_dag' retrieved from /opt/airflow/dags/transform_orders_dag.py
[2025-04-26T23:47:37.170+0000] {logging_mixin.py:188} INFO - [2025-04-26T23:47:37.170+0000] {dag.py:3036} INFO - Sync 1 DAGs
[2025-04-26T23:47:37.185+0000] {logging_mixin.py:188} INFO - [2025-04-26T23:47:37.185+0000] {dag.py:3823} INFO - Setting next_dagrun for clean_orders_csv_dag to None, run_after=None
[2025-04-26T23:47:37.208+0000] {processor.py:183} INFO - Processing /opt/airflow/dags/transform_orders_dag.py took 0.357 seconds
[2025-04-26T23:48:07.346+0000] {processor.py:161} INFO - Started process (PID=755) to work on /opt/airflow/dags/transform_orders_dag.py
[2025-04-26T23:48:07.347+0000] {processor.py:830} INFO - Processing file /opt/airflow/dags/transform_orders_dag.py for tasks to queue
[2025-04-26T23:48:07.347+0000] {logging_mixin.py:188} INFO - [2025-04-26T23:48:07.347+0000] {dagbag.py:538} INFO - Filling up the DagBag from /opt/airflow/dags/transform_orders_dag.py
[2025-04-26T23:48:07.605+0000] {processor.py:840} INFO - DAG(s) 'clean_orders_csv_dag' retrieved from /opt/airflow/dags/transform_orders_dag.py
[2025-04-26T23:48:07.627+0000] {logging_mixin.py:188} INFO - [2025-04-26T23:48:07.626+0000] {dag.py:3036} INFO - Sync 1 DAGs
[2025-04-26T23:48:07.637+0000] {logging_mixin.py:188} INFO - [2025-04-26T23:48:07.637+0000] {dag.py:3823} INFO - Setting next_dagrun for clean_orders_csv_dag to None, run_after=None
[2025-04-26T23:48:07.658+0000] {processor.py:183} INFO - Processing /opt/airflow/dags/transform_orders_dag.py took 0.315 seconds
[2025-04-26T23:48:37.875+0000] {processor.py:161} INFO - Started process (PID=798) to work on /opt/airflow/dags/transform_orders_dag.py
[2025-04-26T23:48:37.876+0000] {processor.py:830} INFO - Processing file /opt/airflow/dags/transform_orders_dag.py for tasks to queue
[2025-04-26T23:48:37.877+0000] {logging_mixin.py:188} INFO - [2025-04-26T23:48:37.877+0000] {dagbag.py:538} INFO - Filling up the DagBag from /opt/airflow/dags/transform_orders_dag.py
[2025-04-26T23:48:38.202+0000] {processor.py:840} INFO - DAG(s) 'clean_orders_csv_dag' retrieved from /opt/airflow/dags/transform_orders_dag.py
[2025-04-26T23:48:38.225+0000] {logging_mixin.py:188} INFO - [2025-04-26T23:48:38.224+0000] {dag.py:3036} INFO - Sync 1 DAGs
[2025-04-26T23:48:38.234+0000] {logging_mixin.py:188} INFO - [2025-04-26T23:48:38.234+0000] {dag.py:3823} INFO - Setting next_dagrun for clean_orders_csv_dag to None, run_after=None
[2025-04-26T23:48:38.255+0000] {processor.py:183} INFO - Processing /opt/airflow/dags/transform_orders_dag.py took 0.383 seconds
[2025-04-26T23:49:08.590+0000] {processor.py:161} INFO - Started process (PID=841) to work on /opt/airflow/dags/transform_orders_dag.py
[2025-04-26T23:49:08.592+0000] {processor.py:830} INFO - Processing file /opt/airflow/dags/transform_orders_dag.py for tasks to queue
[2025-04-26T23:49:08.593+0000] {logging_mixin.py:188} INFO - [2025-04-26T23:49:08.593+0000] {dagbag.py:538} INFO - Filling up the DagBag from /opt/airflow/dags/transform_orders_dag.py
[2025-04-26T23:49:09.214+0000] {processor.py:840} INFO - DAG(s) 'clean_orders_csv_dag' retrieved from /opt/airflow/dags/transform_orders_dag.py
[2025-04-26T23:49:09.255+0000] {logging_mixin.py:188} INFO - [2025-04-26T23:49:09.254+0000] {dag.py:3036} INFO - Sync 1 DAGs
[2025-04-26T23:49:09.274+0000] {logging_mixin.py:188} INFO - [2025-04-26T23:49:09.274+0000] {dag.py:3823} INFO - Setting next_dagrun for clean_orders_csv_dag to None, run_after=None
[2025-04-26T23:49:09.315+0000] {processor.py:183} INFO - Processing /opt/airflow/dags/transform_orders_dag.py took 0.728 seconds
[2025-04-26T23:49:39.534+0000] {processor.py:161} INFO - Started process (PID=884) to work on /opt/airflow/dags/transform_orders_dag.py
[2025-04-26T23:49:39.535+0000] {processor.py:830} INFO - Processing file /opt/airflow/dags/transform_orders_dag.py for tasks to queue
[2025-04-26T23:49:39.536+0000] {logging_mixin.py:188} INFO - [2025-04-26T23:49:39.536+0000] {dagbag.py:538} INFO - Filling up the DagBag from /opt/airflow/dags/transform_orders_dag.py
[2025-04-26T23:49:39.799+0000] {processor.py:840} INFO - DAG(s) 'clean_orders_csv_dag' retrieved from /opt/airflow/dags/transform_orders_dag.py
[2025-04-26T23:49:39.817+0000] {logging_mixin.py:188} INFO - [2025-04-26T23:49:39.817+0000] {dag.py:3036} INFO - Sync 1 DAGs
[2025-04-26T23:49:39.827+0000] {logging_mixin.py:188} INFO - [2025-04-26T23:49:39.827+0000] {dag.py:3823} INFO - Setting next_dagrun for clean_orders_csv_dag to None, run_after=None
[2025-04-26T23:49:39.844+0000] {processor.py:183} INFO - Processing /opt/airflow/dags/transform_orders_dag.py took 0.312 seconds
[2025-04-26T23:50:09.932+0000] {processor.py:161} INFO - Started process (PID=927) to work on /opt/airflow/dags/transform_orders_dag.py
[2025-04-26T23:50:09.932+0000] {processor.py:830} INFO - Processing file /opt/airflow/dags/transform_orders_dag.py for tasks to queue
[2025-04-26T23:50:09.933+0000] {logging_mixin.py:188} INFO - [2025-04-26T23:50:09.933+0000] {dagbag.py:538} INFO - Filling up the DagBag from /opt/airflow/dags/transform_orders_dag.py
[2025-04-26T23:50:10.162+0000] {processor.py:840} INFO - DAG(s) 'clean_orders_csv_dag' retrieved from /opt/airflow/dags/transform_orders_dag.py
[2025-04-26T23:50:10.180+0000] {logging_mixin.py:188} INFO - [2025-04-26T23:50:10.180+0000] {dag.py:3036} INFO - Sync 1 DAGs
[2025-04-26T23:50:10.190+0000] {logging_mixin.py:188} INFO - [2025-04-26T23:50:10.190+0000] {dag.py:3823} INFO - Setting next_dagrun for clean_orders_csv_dag to None, run_after=None
[2025-04-26T23:50:10.213+0000] {processor.py:183} INFO - Processing /opt/airflow/dags/transform_orders_dag.py took 0.284 seconds
[2025-04-26T23:50:40.437+0000] {processor.py:161} INFO - Started process (PID=970) to work on /opt/airflow/dags/transform_orders_dag.py
[2025-04-26T23:50:40.438+0000] {processor.py:830} INFO - Processing file /opt/airflow/dags/transform_orders_dag.py for tasks to queue
[2025-04-26T23:50:40.439+0000] {logging_mixin.py:188} INFO - [2025-04-26T23:50:40.439+0000] {dagbag.py:538} INFO - Filling up the DagBag from /opt/airflow/dags/transform_orders_dag.py
[2025-04-26T23:50:40.756+0000] {processor.py:840} INFO - DAG(s) 'clean_orders_csv_dag' retrieved from /opt/airflow/dags/transform_orders_dag.py
[2025-04-26T23:50:40.795+0000] {logging_mixin.py:188} INFO - [2025-04-26T23:50:40.794+0000] {dag.py:3036} INFO - Sync 1 DAGs
[2025-04-26T23:50:40.812+0000] {logging_mixin.py:188} INFO - [2025-04-26T23:50:40.812+0000] {dag.py:3823} INFO - Setting next_dagrun for clean_orders_csv_dag to None, run_after=None
[2025-04-26T23:50:40.841+0000] {processor.py:183} INFO - Processing /opt/airflow/dags/transform_orders_dag.py took 0.408 seconds
[2025-04-26T23:51:11.103+0000] {processor.py:161} INFO - Started process (PID=1013) to work on /opt/airflow/dags/transform_orders_dag.py
[2025-04-26T23:51:11.104+0000] {processor.py:830} INFO - Processing file /opt/airflow/dags/transform_orders_dag.py for tasks to queue
[2025-04-26T23:51:11.104+0000] {logging_mixin.py:188} INFO - [2025-04-26T23:51:11.104+0000] {dagbag.py:538} INFO - Filling up the DagBag from /opt/airflow/dags/transform_orders_dag.py
[2025-04-26T23:51:11.406+0000] {processor.py:840} INFO - DAG(s) 'clean_orders_csv_dag' retrieved from /opt/airflow/dags/transform_orders_dag.py
[2025-04-26T23:51:11.428+0000] {logging_mixin.py:188} INFO - [2025-04-26T23:51:11.428+0000] {dag.py:3036} INFO - Sync 1 DAGs
[2025-04-26T23:51:11.438+0000] {logging_mixin.py:188} INFO - [2025-04-26T23:51:11.438+0000] {dag.py:3823} INFO - Setting next_dagrun for clean_orders_csv_dag to None, run_after=None
[2025-04-26T23:51:11.459+0000] {processor.py:183} INFO - Processing /opt/airflow/dags/transform_orders_dag.py took 0.359 seconds
[2025-04-26T23:51:41.637+0000] {processor.py:161} INFO - Started process (PID=1054) to work on /opt/airflow/dags/transform_orders_dag.py
[2025-04-26T23:51:41.638+0000] {processor.py:830} INFO - Processing file /opt/airflow/dags/transform_orders_dag.py for tasks to queue
[2025-04-26T23:51:41.639+0000] {logging_mixin.py:188} INFO - [2025-04-26T23:51:41.639+0000] {dagbag.py:538} INFO - Filling up the DagBag from /opt/airflow/dags/transform_orders_dag.py
[2025-04-26T23:51:41.894+0000] {processor.py:840} INFO - DAG(s) 'clean_orders_csv_dag' retrieved from /opt/airflow/dags/transform_orders_dag.py
[2025-04-26T23:51:41.914+0000] {logging_mixin.py:188} INFO - [2025-04-26T23:51:41.914+0000] {dag.py:3036} INFO - Sync 1 DAGs
[2025-04-26T23:51:41.927+0000] {logging_mixin.py:188} INFO - [2025-04-26T23:51:41.927+0000] {dag.py:3823} INFO - Setting next_dagrun for clean_orders_csv_dag to None, run_after=None
[2025-04-26T23:51:41.948+0000] {processor.py:183} INFO - Processing /opt/airflow/dags/transform_orders_dag.py took 0.314 seconds
[2025-04-26T23:52:12.304+0000] {processor.py:161} INFO - Started process (PID=1099) to work on /opt/airflow/dags/transform_orders_dag.py
[2025-04-26T23:52:12.305+0000] {processor.py:830} INFO - Processing file /opt/airflow/dags/transform_orders_dag.py for tasks to queue
[2025-04-26T23:52:12.306+0000] {logging_mixin.py:188} INFO - [2025-04-26T23:52:12.306+0000] {dagbag.py:538} INFO - Filling up the DagBag from /opt/airflow/dags/transform_orders_dag.py
[2025-04-26T23:52:12.568+0000] {processor.py:840} INFO - DAG(s) 'clean_orders_csv_dag' retrieved from /opt/airflow/dags/transform_orders_dag.py
[2025-04-26T23:52:12.616+0000] {logging_mixin.py:188} INFO - [2025-04-26T23:52:12.616+0000] {dag.py:3036} INFO - Sync 1 DAGs
[2025-04-26T23:52:12.647+0000] {logging_mixin.py:188} INFO - [2025-04-26T23:52:12.647+0000] {dag.py:3823} INFO - Setting next_dagrun for clean_orders_csv_dag to None, run_after=None
[2025-04-26T23:52:12.672+0000] {processor.py:183} INFO - Processing /opt/airflow/dags/transform_orders_dag.py took 0.370 seconds
[2025-04-26T23:52:42.794+0000] {processor.py:161} INFO - Started process (PID=1143) to work on /opt/airflow/dags/transform_orders_dag.py
[2025-04-26T23:52:42.795+0000] {processor.py:830} INFO - Processing file /opt/airflow/dags/transform_orders_dag.py for tasks to queue
[2025-04-26T23:52:42.796+0000] {logging_mixin.py:188} INFO - [2025-04-26T23:52:42.796+0000] {dagbag.py:538} INFO - Filling up the DagBag from /opt/airflow/dags/transform_orders_dag.py
[2025-04-26T23:52:43.065+0000] {processor.py:840} INFO - DAG(s) 'clean_orders_csv_dag' retrieved from /opt/airflow/dags/transform_orders_dag.py
[2025-04-26T23:52:43.087+0000] {logging_mixin.py:188} INFO - [2025-04-26T23:52:43.086+0000] {dag.py:3036} INFO - Sync 1 DAGs
[2025-04-26T23:52:43.098+0000] {logging_mixin.py:188} INFO - [2025-04-26T23:52:43.098+0000] {dag.py:3823} INFO - Setting next_dagrun for clean_orders_csv_dag to None, run_after=None
[2025-04-26T23:52:43.122+0000] {processor.py:183} INFO - Processing /opt/airflow/dags/transform_orders_dag.py took 0.332 seconds
[2025-04-26T23:53:13.382+0000] {processor.py:161} INFO - Started process (PID=1189) to work on /opt/airflow/dags/transform_orders_dag.py
[2025-04-26T23:53:13.383+0000] {processor.py:830} INFO - Processing file /opt/airflow/dags/transform_orders_dag.py for tasks to queue
[2025-04-26T23:53:13.384+0000] {logging_mixin.py:188} INFO - [2025-04-26T23:53:13.384+0000] {dagbag.py:538} INFO - Filling up the DagBag from /opt/airflow/dags/transform_orders_dag.py
[2025-04-26T23:53:13.655+0000] {processor.py:840} INFO - DAG(s) 'clean_orders_csv_dag' retrieved from /opt/airflow/dags/transform_orders_dag.py
[2025-04-26T23:53:13.679+0000] {logging_mixin.py:188} INFO - [2025-04-26T23:53:13.679+0000] {dag.py:3036} INFO - Sync 1 DAGs
[2025-04-26T23:53:13.693+0000] {logging_mixin.py:188} INFO - [2025-04-26T23:53:13.693+0000] {dag.py:3823} INFO - Setting next_dagrun for clean_orders_csv_dag to None, run_after=None
[2025-04-26T23:53:13.716+0000] {processor.py:183} INFO - Processing /opt/airflow/dags/transform_orders_dag.py took 0.337 seconds
[2025-04-26T23:53:43.807+0000] {processor.py:161} INFO - Started process (PID=1237) to work on /opt/airflow/dags/transform_orders_dag.py
[2025-04-26T23:53:43.808+0000] {processor.py:830} INFO - Processing file /opt/airflow/dags/transform_orders_dag.py for tasks to queue
[2025-04-26T23:53:43.809+0000] {logging_mixin.py:188} INFO - [2025-04-26T23:53:43.809+0000] {dagbag.py:538} INFO - Filling up the DagBag from /opt/airflow/dags/transform_orders_dag.py
[2025-04-26T23:53:44.033+0000] {processor.py:840} INFO - DAG(s) 'clean_orders_csv_dag' retrieved from /opt/airflow/dags/transform_orders_dag.py
[2025-04-26T23:53:44.048+0000] {logging_mixin.py:188} INFO - [2025-04-26T23:53:44.048+0000] {dag.py:3036} INFO - Sync 1 DAGs
[2025-04-26T23:53:44.057+0000] {logging_mixin.py:188} INFO - [2025-04-26T23:53:44.057+0000] {dag.py:3823} INFO - Setting next_dagrun for clean_orders_csv_dag to None, run_after=None
[2025-04-26T23:53:44.074+0000] {processor.py:183} INFO - Processing /opt/airflow/dags/transform_orders_dag.py took 0.268 seconds
[2025-04-26T23:54:14.184+0000] {processor.py:161} INFO - Started process (PID=1280) to work on /opt/airflow/dags/transform_orders_dag.py
[2025-04-26T23:54:14.186+0000] {processor.py:830} INFO - Processing file /opt/airflow/dags/transform_orders_dag.py for tasks to queue
[2025-04-26T23:54:14.188+0000] {logging_mixin.py:188} INFO - [2025-04-26T23:54:14.187+0000] {dagbag.py:538} INFO - Filling up the DagBag from /opt/airflow/dags/transform_orders_dag.py
[2025-04-26T23:54:14.478+0000] {processor.py:840} INFO - DAG(s) 'clean_orders_csv_dag' retrieved from /opt/airflow/dags/transform_orders_dag.py
[2025-04-26T23:54:14.495+0000] {logging_mixin.py:188} INFO - [2025-04-26T23:54:14.495+0000] {dag.py:3036} INFO - Sync 1 DAGs
[2025-04-26T23:54:14.505+0000] {logging_mixin.py:188} INFO - [2025-04-26T23:54:14.505+0000] {dag.py:3823} INFO - Setting next_dagrun for clean_orders_csv_dag to None, run_after=None
[2025-04-26T23:54:14.523+0000] {processor.py:183} INFO - Processing /opt/airflow/dags/transform_orders_dag.py took 0.342 seconds
[2025-04-26T23:54:44.648+0000] {processor.py:161} INFO - Started process (PID=1317) to work on /opt/airflow/dags/transform_orders_dag.py
[2025-04-26T23:54:44.650+0000] {processor.py:830} INFO - Processing file /opt/airflow/dags/transform_orders_dag.py for tasks to queue
[2025-04-26T23:54:44.652+0000] {logging_mixin.py:188} INFO - [2025-04-26T23:54:44.651+0000] {dagbag.py:538} INFO - Filling up the DagBag from /opt/airflow/dags/transform_orders_dag.py
[2025-04-26T23:54:45.127+0000] {processor.py:840} INFO - DAG(s) 'clean_orders_csv_dag' retrieved from /opt/airflow/dags/transform_orders_dag.py
[2025-04-26T23:54:45.217+0000] {logging_mixin.py:188} INFO - [2025-04-26T23:54:45.215+0000] {dag.py:3036} INFO - Sync 1 DAGs
[2025-04-26T23:54:45.318+0000] {logging_mixin.py:188} INFO - [2025-04-26T23:54:45.318+0000] {dag.py:3823} INFO - Setting next_dagrun for clean_orders_csv_dag to None, run_after=None
[2025-04-26T23:54:45.381+0000] {processor.py:183} INFO - Processing /opt/airflow/dags/transform_orders_dag.py took 0.737 seconds
[2025-04-26T23:55:16.215+0000] {processor.py:161} INFO - Started process (PID=1360) to work on /opt/airflow/dags/transform_orders_dag.py
[2025-04-26T23:55:16.216+0000] {processor.py:830} INFO - Processing file /opt/airflow/dags/transform_orders_dag.py for tasks to queue
[2025-04-26T23:55:16.217+0000] {logging_mixin.py:188} INFO - [2025-04-26T23:55:16.217+0000] {dagbag.py:538} INFO - Filling up the DagBag from /opt/airflow/dags/transform_orders_dag.py
[2025-04-26T23:55:16.584+0000] {processor.py:840} INFO - DAG(s) 'clean_orders_csv_dag' retrieved from /opt/airflow/dags/transform_orders_dag.py
[2025-04-26T23:55:16.609+0000] {logging_mixin.py:188} INFO - [2025-04-26T23:55:16.608+0000] {dag.py:3036} INFO - Sync 1 DAGs
[2025-04-26T23:55:16.634+0000] {logging_mixin.py:188} INFO - [2025-04-26T23:55:16.634+0000] {dag.py:3823} INFO - Setting next_dagrun for clean_orders_csv_dag to None, run_after=None
[2025-04-26T23:55:16.662+0000] {processor.py:183} INFO - Processing /opt/airflow/dags/transform_orders_dag.py took 0.451 seconds
[2025-04-26T23:55:46.855+0000] {processor.py:161} INFO - Started process (PID=1404) to work on /opt/airflow/dags/transform_orders_dag.py
[2025-04-26T23:55:46.857+0000] {processor.py:830} INFO - Processing file /opt/airflow/dags/transform_orders_dag.py for tasks to queue
[2025-04-26T23:55:46.858+0000] {logging_mixin.py:188} INFO - [2025-04-26T23:55:46.858+0000] {dagbag.py:538} INFO - Filling up the DagBag from /opt/airflow/dags/transform_orders_dag.py
[2025-04-26T23:55:47.117+0000] {processor.py:840} INFO - DAG(s) 'clean_orders_csv_dag' retrieved from /opt/airflow/dags/transform_orders_dag.py
[2025-04-26T23:55:47.134+0000] {logging_mixin.py:188} INFO - [2025-04-26T23:55:47.133+0000] {dag.py:3036} INFO - Sync 1 DAGs
[2025-04-26T23:55:47.142+0000] {logging_mixin.py:188} INFO - [2025-04-26T23:55:47.142+0000] {dag.py:3823} INFO - Setting next_dagrun for clean_orders_csv_dag to None, run_after=None
[2025-04-26T23:55:47.157+0000] {processor.py:183} INFO - Processing /opt/airflow/dags/transform_orders_dag.py took 0.307 seconds
[2025-04-26T23:56:18.000+0000] {processor.py:161} INFO - Started process (PID=1446) to work on /opt/airflow/dags/transform_orders_dag.py
[2025-04-26T23:56:18.001+0000] {processor.py:830} INFO - Processing file /opt/airflow/dags/transform_orders_dag.py for tasks to queue
[2025-04-26T23:56:18.001+0000] {logging_mixin.py:188} INFO - [2025-04-26T23:56:18.001+0000] {dagbag.py:538} INFO - Filling up the DagBag from /opt/airflow/dags/transform_orders_dag.py
[2025-04-26T23:56:18.303+0000] {processor.py:840} INFO - DAG(s) 'clean_orders_csv_dag' retrieved from /opt/airflow/dags/transform_orders_dag.py
[2025-04-26T23:56:18.325+0000] {logging_mixin.py:188} INFO - [2025-04-26T23:56:18.325+0000] {dag.py:3036} INFO - Sync 1 DAGs
[2025-04-26T23:56:18.341+0000] {logging_mixin.py:188} INFO - [2025-04-26T23:56:18.341+0000] {dag.py:3823} INFO - Setting next_dagrun for clean_orders_csv_dag to None, run_after=None
[2025-04-26T23:56:18.384+0000] {processor.py:183} INFO - Processing /opt/airflow/dags/transform_orders_dag.py took 0.386 seconds
[2025-04-26T23:56:48.472+0000] {processor.py:161} INFO - Started process (PID=1489) to work on /opt/airflow/dags/transform_orders_dag.py
[2025-04-26T23:56:48.472+0000] {processor.py:830} INFO - Processing file /opt/airflow/dags/transform_orders_dag.py for tasks to queue
[2025-04-26T23:56:48.473+0000] {logging_mixin.py:188} INFO - [2025-04-26T23:56:48.473+0000] {dagbag.py:538} INFO - Filling up the DagBag from /opt/airflow/dags/transform_orders_dag.py
[2025-04-26T23:56:48.713+0000] {processor.py:840} INFO - DAG(s) 'clean_orders_csv_dag' retrieved from /opt/airflow/dags/transform_orders_dag.py
[2025-04-26T23:56:48.737+0000] {logging_mixin.py:188} INFO - [2025-04-26T23:56:48.737+0000] {dag.py:3036} INFO - Sync 1 DAGs
[2025-04-26T23:56:48.750+0000] {logging_mixin.py:188} INFO - [2025-04-26T23:56:48.750+0000] {dag.py:3823} INFO - Setting next_dagrun for clean_orders_csv_dag to None, run_after=None
[2025-04-26T23:56:48.767+0000] {processor.py:183} INFO - Processing /opt/airflow/dags/transform_orders_dag.py took 0.298 seconds
[2025-04-26T23:57:18.924+0000] {processor.py:161} INFO - Started process (PID=1532) to work on /opt/airflow/dags/transform_orders_dag.py
[2025-04-26T23:57:18.925+0000] {processor.py:830} INFO - Processing file /opt/airflow/dags/transform_orders_dag.py for tasks to queue
[2025-04-26T23:57:18.926+0000] {logging_mixin.py:188} INFO - [2025-04-26T23:57:18.926+0000] {dagbag.py:538} INFO - Filling up the DagBag from /opt/airflow/dags/transform_orders_dag.py
[2025-04-26T23:57:19.374+0000] {processor.py:840} INFO - DAG(s) 'clean_orders_csv_dag' retrieved from /opt/airflow/dags/transform_orders_dag.py
[2025-04-26T23:57:19.424+0000] {logging_mixin.py:188} INFO - [2025-04-26T23:57:19.423+0000] {dag.py:3036} INFO - Sync 1 DAGs
[2025-04-26T23:57:19.447+0000] {logging_mixin.py:188} INFO - [2025-04-26T23:57:19.447+0000] {dag.py:3823} INFO - Setting next_dagrun for clean_orders_csv_dag to None, run_after=None
[2025-04-26T23:57:19.492+0000] {processor.py:183} INFO - Processing /opt/airflow/dags/transform_orders_dag.py took 0.570 seconds
[2025-04-26T23:57:49.675+0000] {processor.py:161} INFO - Started process (PID=1576) to work on /opt/airflow/dags/transform_orders_dag.py
[2025-04-26T23:57:49.676+0000] {processor.py:830} INFO - Processing file /opt/airflow/dags/transform_orders_dag.py for tasks to queue
[2025-04-26T23:57:49.677+0000] {logging_mixin.py:188} INFO - [2025-04-26T23:57:49.677+0000] {dagbag.py:538} INFO - Filling up the DagBag from /opt/airflow/dags/transform_orders_dag.py
[2025-04-26T23:57:49.940+0000] {processor.py:840} INFO - DAG(s) 'clean_orders_csv_dag' retrieved from /opt/airflow/dags/transform_orders_dag.py
[2025-04-26T23:57:49.959+0000] {logging_mixin.py:188} INFO - [2025-04-26T23:57:49.959+0000] {dag.py:3036} INFO - Sync 1 DAGs
[2025-04-26T23:57:49.969+0000] {logging_mixin.py:188} INFO - [2025-04-26T23:57:49.969+0000] {dag.py:3823} INFO - Setting next_dagrun for clean_orders_csv_dag to None, run_after=None
[2025-04-26T23:57:49.988+0000] {processor.py:183} INFO - Processing /opt/airflow/dags/transform_orders_dag.py took 0.315 seconds
[2025-04-26T23:58:20.720+0000] {processor.py:161} INFO - Started process (PID=1618) to work on /opt/airflow/dags/transform_orders_dag.py
[2025-04-26T23:58:20.721+0000] {processor.py:830} INFO - Processing file /opt/airflow/dags/transform_orders_dag.py for tasks to queue
[2025-04-26T23:58:20.721+0000] {logging_mixin.py:188} INFO - [2025-04-26T23:58:20.721+0000] {dagbag.py:538} INFO - Filling up the DagBag from /opt/airflow/dags/transform_orders_dag.py
[2025-04-26T23:58:20.949+0000] {processor.py:840} INFO - DAG(s) 'clean_orders_csv_dag' retrieved from /opt/airflow/dags/transform_orders_dag.py
[2025-04-26T23:58:21.001+0000] {logging_mixin.py:188} INFO - [2025-04-26T23:58:21.000+0000] {dag.py:3036} INFO - Sync 1 DAGs
[2025-04-26T23:58:21.025+0000] {logging_mixin.py:188} INFO - [2025-04-26T23:58:21.024+0000] {dag.py:3823} INFO - Setting next_dagrun for clean_orders_csv_dag to None, run_after=None
[2025-04-26T23:58:21.050+0000] {processor.py:183} INFO - Processing /opt/airflow/dags/transform_orders_dag.py took 0.332 seconds
[2025-04-26T23:58:51.142+0000] {processor.py:161} INFO - Started process (PID=1658) to work on /opt/airflow/dags/transform_orders_dag.py
[2025-04-26T23:58:51.143+0000] {processor.py:830} INFO - Processing file /opt/airflow/dags/transform_orders_dag.py for tasks to queue
[2025-04-26T23:58:51.144+0000] {logging_mixin.py:188} INFO - [2025-04-26T23:58:51.144+0000] {dagbag.py:538} INFO - Filling up the DagBag from /opt/airflow/dags/transform_orders_dag.py
[2025-04-26T23:58:51.486+0000] {processor.py:840} INFO - DAG(s) 'clean_orders_csv_dag' retrieved from /opt/airflow/dags/transform_orders_dag.py
[2025-04-26T23:58:51.540+0000] {logging_mixin.py:188} INFO - [2025-04-26T23:58:51.540+0000] {dag.py:3036} INFO - Sync 1 DAGs
[2025-04-26T23:58:51.564+0000] {logging_mixin.py:188} INFO - [2025-04-26T23:58:51.563+0000] {dag.py:3823} INFO - Setting next_dagrun for clean_orders_csv_dag to None, run_after=None
[2025-04-26T23:58:51.592+0000] {processor.py:183} INFO - Processing /opt/airflow/dags/transform_orders_dag.py took 0.452 seconds
[2025-04-26T23:59:21.692+0000] {processor.py:161} INFO - Started process (PID=1704) to work on /opt/airflow/dags/transform_orders_dag.py
[2025-04-26T23:59:21.693+0000] {processor.py:830} INFO - Processing file /opt/airflow/dags/transform_orders_dag.py for tasks to queue
[2025-04-26T23:59:21.694+0000] {logging_mixin.py:188} INFO - [2025-04-26T23:59:21.694+0000] {dagbag.py:538} INFO - Filling up the DagBag from /opt/airflow/dags/transform_orders_dag.py
[2025-04-26T23:59:21.933+0000] {processor.py:840} INFO - DAG(s) 'clean_orders_csv_dag' retrieved from /opt/airflow/dags/transform_orders_dag.py
[2025-04-26T23:59:21.951+0000] {logging_mixin.py:188} INFO - [2025-04-26T23:59:21.951+0000] {dag.py:3036} INFO - Sync 1 DAGs
[2025-04-26T23:59:21.961+0000] {logging_mixin.py:188} INFO - [2025-04-26T23:59:21.961+0000] {dag.py:3823} INFO - Setting next_dagrun for clean_orders_csv_dag to None, run_after=None
[2025-04-26T23:59:21.976+0000] {processor.py:183} INFO - Processing /opt/airflow/dags/transform_orders_dag.py took 0.287 seconds
[2025-04-26T23:59:52.197+0000] {processor.py:161} INFO - Started process (PID=1747) to work on /opt/airflow/dags/transform_orders_dag.py
[2025-04-26T23:59:52.198+0000] {processor.py:830} INFO - Processing file /opt/airflow/dags/transform_orders_dag.py for tasks to queue
[2025-04-26T23:59:52.199+0000] {logging_mixin.py:188} INFO - [2025-04-26T23:59:52.199+0000] {dagbag.py:538} INFO - Filling up the DagBag from /opt/airflow/dags/transform_orders_dag.py
[2025-04-26T23:59:52.449+0000] {processor.py:840} INFO - DAG(s) 'clean_orders_csv_dag' retrieved from /opt/airflow/dags/transform_orders_dag.py
[2025-04-26T23:59:52.466+0000] {logging_mixin.py:188} INFO - [2025-04-26T23:59:52.466+0000] {dag.py:3036} INFO - Sync 1 DAGs
[2025-04-26T23:59:52.474+0000] {logging_mixin.py:188} INFO - [2025-04-26T23:59:52.474+0000] {dag.py:3823} INFO - Setting next_dagrun for clean_orders_csv_dag to None, run_after=None
[2025-04-26T23:59:52.489+0000] {processor.py:183} INFO - Processing /opt/airflow/dags/transform_orders_dag.py took 0.294 seconds
