[2025-04-15T22:15:42.215+0000] {processor.py:157} INFO - Started process (PID=179) to work on /opt/airflow/dags/Code explanation.xlsx
[2025-04-15T22:15:42.217+0000] {processor.py:829} INFO - Processing file /opt/airflow/dags/Code explanation.xlsx for tasks to queue
[2025-04-15T22:15:42.219+0000] {logging_mixin.py:154} INFO - [2025-04-15T22:15:42.218+0000] {dagbag.py:536} INFO - Filling up the DagBag from /opt/airflow/dags/Code explanation.xlsx
[2025-04-15T22:15:42.235+0000] {processor.py:841} WARNING - No viable dags retrieved from /opt/airflow/dags/Code explanation.xlsx
[2025-04-15T22:15:42.256+0000] {processor.py:179} INFO - Processing /opt/airflow/dags/Code explanation.xlsx took 0.045 seconds
[2025-04-15T22:16:12.549+0000] {processor.py:157} INFO - Started process (PID=206) to work on /opt/airflow/dags/Code explanation.xlsx
[2025-04-15T22:16:12.551+0000] {processor.py:829} INFO - Processing file /opt/airflow/dags/Code explanation.xlsx for tasks to queue
[2025-04-15T22:16:12.552+0000] {logging_mixin.py:154} INFO - [2025-04-15T22:16:12.552+0000] {dagbag.py:536} INFO - Filling up the DagBag from /opt/airflow/dags/Code explanation.xlsx
[2025-04-15T22:16:12.566+0000] {processor.py:841} WARNING - No viable dags retrieved from /opt/airflow/dags/Code explanation.xlsx
[2025-04-15T22:16:12.605+0000] {processor.py:179} INFO - Processing /opt/airflow/dags/Code explanation.xlsx took 0.067 seconds
[2025-04-15T22:16:42.678+0000] {processor.py:157} INFO - Started process (PID=237) to work on /opt/airflow/dags/Code explanation.xlsx
[2025-04-15T22:16:42.679+0000] {processor.py:829} INFO - Processing file /opt/airflow/dags/Code explanation.xlsx for tasks to queue
[2025-04-15T22:16:42.680+0000] {logging_mixin.py:154} INFO - [2025-04-15T22:16:42.680+0000] {dagbag.py:536} INFO - Filling up the DagBag from /opt/airflow/dags/Code explanation.xlsx
[2025-04-15T22:16:42.689+0000] {processor.py:841} WARNING - No viable dags retrieved from /opt/airflow/dags/Code explanation.xlsx
[2025-04-15T22:16:42.698+0000] {processor.py:179} INFO - Processing /opt/airflow/dags/Code explanation.xlsx took 0.023 seconds
[2025-04-15T22:17:12.762+0000] {processor.py:157} INFO - Started process (PID=271) to work on /opt/airflow/dags/Code explanation.xlsx
[2025-04-15T22:17:12.763+0000] {processor.py:829} INFO - Processing file /opt/airflow/dags/Code explanation.xlsx for tasks to queue
[2025-04-15T22:17:12.764+0000] {logging_mixin.py:154} INFO - [2025-04-15T22:17:12.764+0000] {dagbag.py:536} INFO - Filling up the DagBag from /opt/airflow/dags/Code explanation.xlsx
[2025-04-15T22:17:12.778+0000] {processor.py:841} WARNING - No viable dags retrieved from /opt/airflow/dags/Code explanation.xlsx
[2025-04-15T22:17:12.800+0000] {processor.py:179} INFO - Processing /opt/airflow/dags/Code explanation.xlsx took 0.041 seconds
[2025-04-15T22:17:43.145+0000] {processor.py:157} INFO - Started process (PID=305) to work on /opt/airflow/dags/Code explanation.xlsx
[2025-04-15T22:17:43.146+0000] {processor.py:829} INFO - Processing file /opt/airflow/dags/Code explanation.xlsx for tasks to queue
[2025-04-15T22:17:43.147+0000] {logging_mixin.py:154} INFO - [2025-04-15T22:17:43.147+0000] {dagbag.py:536} INFO - Filling up the DagBag from /opt/airflow/dags/Code explanation.xlsx
[2025-04-15T22:17:43.155+0000] {processor.py:841} WARNING - No viable dags retrieved from /opt/airflow/dags/Code explanation.xlsx
[2025-04-15T22:17:43.170+0000] {processor.py:179} INFO - Processing /opt/airflow/dags/Code explanation.xlsx took 0.027 seconds
[2025-04-15T22:18:13.658+0000] {processor.py:157} INFO - Started process (PID=339) to work on /opt/airflow/dags/Code explanation.xlsx
[2025-04-15T22:18:13.659+0000] {processor.py:829} INFO - Processing file /opt/airflow/dags/Code explanation.xlsx for tasks to queue
[2025-04-15T22:18:13.660+0000] {logging_mixin.py:154} INFO - [2025-04-15T22:18:13.660+0000] {dagbag.py:536} INFO - Filling up the DagBag from /opt/airflow/dags/Code explanation.xlsx
[2025-04-15T22:18:13.669+0000] {processor.py:841} WARNING - No viable dags retrieved from /opt/airflow/dags/Code explanation.xlsx
[2025-04-15T22:18:13.681+0000] {processor.py:179} INFO - Processing /opt/airflow/dags/Code explanation.xlsx took 0.026 seconds
[2025-04-15T22:18:44.370+0000] {processor.py:157} INFO - Started process (PID=373) to work on /opt/airflow/dags/Code explanation.xlsx
[2025-04-15T22:18:44.371+0000] {processor.py:829} INFO - Processing file /opt/airflow/dags/Code explanation.xlsx for tasks to queue
[2025-04-15T22:18:44.372+0000] {logging_mixin.py:154} INFO - [2025-04-15T22:18:44.372+0000] {dagbag.py:536} INFO - Filling up the DagBag from /opt/airflow/dags/Code explanation.xlsx
[2025-04-15T22:18:44.381+0000] {processor.py:841} WARNING - No viable dags retrieved from /opt/airflow/dags/Code explanation.xlsx
[2025-04-15T22:18:44.393+0000] {processor.py:179} INFO - Processing /opt/airflow/dags/Code explanation.xlsx took 0.026 seconds
[2025-04-15T22:19:15.008+0000] {processor.py:157} INFO - Started process (PID=407) to work on /opt/airflow/dags/Code explanation.xlsx
[2025-04-15T22:19:15.009+0000] {processor.py:829} INFO - Processing file /opt/airflow/dags/Code explanation.xlsx for tasks to queue
[2025-04-15T22:19:15.009+0000] {logging_mixin.py:154} INFO - [2025-04-15T22:19:15.009+0000] {dagbag.py:536} INFO - Filling up the DagBag from /opt/airflow/dags/Code explanation.xlsx
[2025-04-15T22:19:15.019+0000] {processor.py:841} WARNING - No viable dags retrieved from /opt/airflow/dags/Code explanation.xlsx
[2025-04-15T22:19:15.029+0000] {processor.py:179} INFO - Processing /opt/airflow/dags/Code explanation.xlsx took 0.024 seconds
[2025-04-15T22:19:45.576+0000] {processor.py:157} INFO - Started process (PID=441) to work on /opt/airflow/dags/Code explanation.xlsx
[2025-04-15T22:19:45.578+0000] {processor.py:829} INFO - Processing file /opt/airflow/dags/Code explanation.xlsx for tasks to queue
[2025-04-15T22:19:45.579+0000] {logging_mixin.py:154} INFO - [2025-04-15T22:19:45.579+0000] {dagbag.py:536} INFO - Filling up the DagBag from /opt/airflow/dags/Code explanation.xlsx
[2025-04-15T22:19:45.589+0000] {processor.py:841} WARNING - No viable dags retrieved from /opt/airflow/dags/Code explanation.xlsx
[2025-04-15T22:19:45.604+0000] {processor.py:179} INFO - Processing /opt/airflow/dags/Code explanation.xlsx took 0.030 seconds
[2025-04-15T22:20:16.038+0000] {processor.py:157} INFO - Started process (PID=475) to work on /opt/airflow/dags/Code explanation.xlsx
[2025-04-15T22:20:16.039+0000] {processor.py:829} INFO - Processing file /opt/airflow/dags/Code explanation.xlsx for tasks to queue
[2025-04-15T22:20:16.040+0000] {logging_mixin.py:154} INFO - [2025-04-15T22:20:16.039+0000] {dagbag.py:536} INFO - Filling up the DagBag from /opt/airflow/dags/Code explanation.xlsx
[2025-04-15T22:20:16.052+0000] {processor.py:841} WARNING - No viable dags retrieved from /opt/airflow/dags/Code explanation.xlsx
[2025-04-15T22:20:16.066+0000] {processor.py:179} INFO - Processing /opt/airflow/dags/Code explanation.xlsx took 0.031 seconds
[2025-04-15T22:20:46.118+0000] {processor.py:157} INFO - Started process (PID=509) to work on /opt/airflow/dags/Code explanation.xlsx
[2025-04-15T22:20:46.119+0000] {processor.py:829} INFO - Processing file /opt/airflow/dags/Code explanation.xlsx for tasks to queue
[2025-04-15T22:20:46.119+0000] {logging_mixin.py:154} INFO - [2025-04-15T22:20:46.119+0000] {dagbag.py:536} INFO - Filling up the DagBag from /opt/airflow/dags/Code explanation.xlsx
[2025-04-15T22:20:46.127+0000] {processor.py:841} WARNING - No viable dags retrieved from /opt/airflow/dags/Code explanation.xlsx
[2025-04-15T22:20:46.137+0000] {processor.py:179} INFO - Processing /opt/airflow/dags/Code explanation.xlsx took 0.022 seconds
[2025-04-15T22:21:16.511+0000] {processor.py:157} INFO - Started process (PID=543) to work on /opt/airflow/dags/Code explanation.xlsx
[2025-04-15T22:21:16.513+0000] {processor.py:829} INFO - Processing file /opt/airflow/dags/Code explanation.xlsx for tasks to queue
[2025-04-15T22:21:16.513+0000] {logging_mixin.py:154} INFO - [2025-04-15T22:21:16.513+0000] {dagbag.py:536} INFO - Filling up the DagBag from /opt/airflow/dags/Code explanation.xlsx
[2025-04-15T22:21:16.522+0000] {processor.py:841} WARNING - No viable dags retrieved from /opt/airflow/dags/Code explanation.xlsx
[2025-04-15T22:21:16.535+0000] {processor.py:179} INFO - Processing /opt/airflow/dags/Code explanation.xlsx took 0.026 seconds
[2025-04-15T22:21:46.614+0000] {processor.py:157} INFO - Started process (PID=577) to work on /opt/airflow/dags/Code explanation.xlsx
[2025-04-15T22:21:46.615+0000] {processor.py:829} INFO - Processing file /opt/airflow/dags/Code explanation.xlsx for tasks to queue
[2025-04-15T22:21:46.616+0000] {logging_mixin.py:154} INFO - [2025-04-15T22:21:46.616+0000] {dagbag.py:536} INFO - Filling up the DagBag from /opt/airflow/dags/Code explanation.xlsx
[2025-04-15T22:21:46.629+0000] {processor.py:841} WARNING - No viable dags retrieved from /opt/airflow/dags/Code explanation.xlsx
[2025-04-15T22:21:46.646+0000] {processor.py:179} INFO - Processing /opt/airflow/dags/Code explanation.xlsx took 0.035 seconds
[2025-04-15T22:22:17.025+0000] {processor.py:157} INFO - Started process (PID=611) to work on /opt/airflow/dags/Code explanation.xlsx
[2025-04-15T22:22:17.026+0000] {processor.py:829} INFO - Processing file /opt/airflow/dags/Code explanation.xlsx for tasks to queue
[2025-04-15T22:22:17.027+0000] {logging_mixin.py:154} INFO - [2025-04-15T22:22:17.027+0000] {dagbag.py:536} INFO - Filling up the DagBag from /opt/airflow/dags/Code explanation.xlsx
[2025-04-15T22:22:17.035+0000] {processor.py:841} WARNING - No viable dags retrieved from /opt/airflow/dags/Code explanation.xlsx
[2025-04-15T22:22:17.048+0000] {processor.py:179} INFO - Processing /opt/airflow/dags/Code explanation.xlsx took 0.026 seconds
[2025-04-15T22:36:43.322+0000] {processor.py:157} INFO - Started process (PID=654) to work on /opt/airflow/dags/Code explanation.xlsx
[2025-04-15T22:36:43.323+0000] {processor.py:829} INFO - Processing file /opt/airflow/dags/Code explanation.xlsx for tasks to queue
[2025-04-15T22:36:43.325+0000] {logging_mixin.py:154} INFO - [2025-04-15T22:36:43.325+0000] {dagbag.py:536} INFO - Filling up the DagBag from /opt/airflow/dags/Code explanation.xlsx
[2025-04-15T22:36:43.340+0000] {processor.py:841} WARNING - No viable dags retrieved from /opt/airflow/dags/Code explanation.xlsx
[2025-04-15T22:36:43.360+0000] {processor.py:179} INFO - Processing /opt/airflow/dags/Code explanation.xlsx took 0.043 seconds
[2025-04-15T22:37:13.863+0000] {processor.py:157} INFO - Started process (PID=690) to work on /opt/airflow/dags/Code explanation.xlsx
[2025-04-15T22:37:13.864+0000] {processor.py:829} INFO - Processing file /opt/airflow/dags/Code explanation.xlsx for tasks to queue
[2025-04-15T22:37:13.866+0000] {logging_mixin.py:154} INFO - [2025-04-15T22:37:13.865+0000] {dagbag.py:536} INFO - Filling up the DagBag from /opt/airflow/dags/Code explanation.xlsx
[2025-04-15T22:37:13.878+0000] {processor.py:841} WARNING - No viable dags retrieved from /opt/airflow/dags/Code explanation.xlsx
[2025-04-15T22:37:13.893+0000] {processor.py:179} INFO - Processing /opt/airflow/dags/Code explanation.xlsx took 0.034 seconds
[2025-04-15T22:37:44.625+0000] {processor.py:157} INFO - Started process (PID=716) to work on /opt/airflow/dags/Code explanation.xlsx
[2025-04-15T22:37:44.627+0000] {processor.py:829} INFO - Processing file /opt/airflow/dags/Code explanation.xlsx for tasks to queue
[2025-04-15T22:37:44.629+0000] {logging_mixin.py:154} INFO - [2025-04-15T22:37:44.628+0000] {dagbag.py:536} INFO - Filling up the DagBag from /opt/airflow/dags/Code explanation.xlsx
[2025-04-15T22:37:44.645+0000] {processor.py:841} WARNING - No viable dags retrieved from /opt/airflow/dags/Code explanation.xlsx
[2025-04-15T22:37:44.678+0000] {processor.py:179} INFO - Processing /opt/airflow/dags/Code explanation.xlsx took 0.056 seconds
[2025-04-15T22:38:14.988+0000] {processor.py:157} INFO - Started process (PID=744) to work on /opt/airflow/dags/Code explanation.xlsx
[2025-04-15T22:38:14.989+0000] {processor.py:829} INFO - Processing file /opt/airflow/dags/Code explanation.xlsx for tasks to queue
[2025-04-15T22:38:14.991+0000] {logging_mixin.py:154} INFO - [2025-04-15T22:38:14.990+0000] {dagbag.py:536} INFO - Filling up the DagBag from /opt/airflow/dags/Code explanation.xlsx
[2025-04-15T22:38:15.002+0000] {processor.py:841} WARNING - No viable dags retrieved from /opt/airflow/dags/Code explanation.xlsx
[2025-04-15T22:38:15.018+0000] {processor.py:179} INFO - Processing /opt/airflow/dags/Code explanation.xlsx took 0.032 seconds
[2025-04-15T22:38:45.613+0000] {processor.py:157} INFO - Started process (PID=777) to work on /opt/airflow/dags/Code explanation.xlsx
[2025-04-15T22:38:45.614+0000] {processor.py:829} INFO - Processing file /opt/airflow/dags/Code explanation.xlsx for tasks to queue
[2025-04-15T22:38:45.615+0000] {logging_mixin.py:154} INFO - [2025-04-15T22:38:45.615+0000] {dagbag.py:536} INFO - Filling up the DagBag from /opt/airflow/dags/Code explanation.xlsx
[2025-04-15T22:38:45.627+0000] {processor.py:841} WARNING - No viable dags retrieved from /opt/airflow/dags/Code explanation.xlsx
[2025-04-15T22:38:45.641+0000] {processor.py:179} INFO - Processing /opt/airflow/dags/Code explanation.xlsx took 0.032 seconds
[2025-04-15T22:39:16.279+0000] {processor.py:157} INFO - Started process (PID=805) to work on /opt/airflow/dags/Code explanation.xlsx
[2025-04-15T22:39:16.281+0000] {processor.py:829} INFO - Processing file /opt/airflow/dags/Code explanation.xlsx for tasks to queue
[2025-04-15T22:39:16.283+0000] {logging_mixin.py:154} INFO - [2025-04-15T22:39:16.282+0000] {dagbag.py:536} INFO - Filling up the DagBag from /opt/airflow/dags/Code explanation.xlsx
[2025-04-15T22:39:16.296+0000] {processor.py:841} WARNING - No viable dags retrieved from /opt/airflow/dags/Code explanation.xlsx
[2025-04-15T22:39:16.315+0000] {processor.py:179} INFO - Processing /opt/airflow/dags/Code explanation.xlsx took 0.041 seconds
[2025-04-15T22:39:46.876+0000] {processor.py:157} INFO - Started process (PID=839) to work on /opt/airflow/dags/Code explanation.xlsx
[2025-04-15T22:39:46.878+0000] {processor.py:829} INFO - Processing file /opt/airflow/dags/Code explanation.xlsx for tasks to queue
[2025-04-15T22:39:46.879+0000] {logging_mixin.py:154} INFO - [2025-04-15T22:39:46.879+0000] {dagbag.py:536} INFO - Filling up the DagBag from /opt/airflow/dags/Code explanation.xlsx
[2025-04-15T22:39:46.892+0000] {processor.py:841} WARNING - No viable dags retrieved from /opt/airflow/dags/Code explanation.xlsx
[2025-04-15T22:39:46.909+0000] {processor.py:179} INFO - Processing /opt/airflow/dags/Code explanation.xlsx took 0.037 seconds
[2025-04-15T22:40:17.407+0000] {processor.py:157} INFO - Started process (PID=873) to work on /opt/airflow/dags/Code explanation.xlsx
[2025-04-15T22:40:17.408+0000] {processor.py:829} INFO - Processing file /opt/airflow/dags/Code explanation.xlsx for tasks to queue
[2025-04-15T22:40:17.410+0000] {logging_mixin.py:154} INFO - [2025-04-15T22:40:17.409+0000] {dagbag.py:536} INFO - Filling up the DagBag from /opt/airflow/dags/Code explanation.xlsx
[2025-04-15T22:40:17.422+0000] {processor.py:841} WARNING - No viable dags retrieved from /opt/airflow/dags/Code explanation.xlsx
[2025-04-15T22:40:17.438+0000] {processor.py:179} INFO - Processing /opt/airflow/dags/Code explanation.xlsx took 0.034 seconds
[2025-04-15T22:40:47.949+0000] {processor.py:157} INFO - Started process (PID=907) to work on /opt/airflow/dags/Code explanation.xlsx
[2025-04-15T22:40:47.950+0000] {processor.py:829} INFO - Processing file /opt/airflow/dags/Code explanation.xlsx for tasks to queue
[2025-04-15T22:40:47.951+0000] {logging_mixin.py:154} INFO - [2025-04-15T22:40:47.951+0000] {dagbag.py:536} INFO - Filling up the DagBag from /opt/airflow/dags/Code explanation.xlsx
[2025-04-15T22:40:47.961+0000] {processor.py:841} WARNING - No viable dags retrieved from /opt/airflow/dags/Code explanation.xlsx
[2025-04-15T22:40:47.977+0000] {processor.py:179} INFO - Processing /opt/airflow/dags/Code explanation.xlsx took 0.031 seconds
[2025-04-15T22:41:18.090+0000] {processor.py:157} INFO - Started process (PID=938) to work on /opt/airflow/dags/Code explanation.xlsx
[2025-04-15T22:41:18.091+0000] {processor.py:829} INFO - Processing file /opt/airflow/dags/Code explanation.xlsx for tasks to queue
[2025-04-15T22:41:18.091+0000] {logging_mixin.py:154} INFO - [2025-04-15T22:41:18.091+0000] {dagbag.py:536} INFO - Filling up the DagBag from /opt/airflow/dags/Code explanation.xlsx
[2025-04-15T22:41:18.100+0000] {processor.py:841} WARNING - No viable dags retrieved from /opt/airflow/dags/Code explanation.xlsx
[2025-04-15T22:41:18.111+0000] {processor.py:179} INFO - Processing /opt/airflow/dags/Code explanation.xlsx took 0.023 seconds
[2025-04-15T22:41:48.424+0000] {processor.py:157} INFO - Started process (PID=972) to work on /opt/airflow/dags/Code explanation.xlsx
[2025-04-15T22:41:48.425+0000] {processor.py:829} INFO - Processing file /opt/airflow/dags/Code explanation.xlsx for tasks to queue
[2025-04-15T22:41:48.426+0000] {logging_mixin.py:154} INFO - [2025-04-15T22:41:48.425+0000] {dagbag.py:536} INFO - Filling up the DagBag from /opt/airflow/dags/Code explanation.xlsx
[2025-04-15T22:41:48.434+0000] {processor.py:841} WARNING - No viable dags retrieved from /opt/airflow/dags/Code explanation.xlsx
[2025-04-15T22:41:48.445+0000] {processor.py:179} INFO - Processing /opt/airflow/dags/Code explanation.xlsx took 0.024 seconds
[2025-04-15T22:42:19.081+0000] {processor.py:157} INFO - Started process (PID=1006) to work on /opt/airflow/dags/Code explanation.xlsx
[2025-04-15T22:42:19.082+0000] {processor.py:829} INFO - Processing file /opt/airflow/dags/Code explanation.xlsx for tasks to queue
[2025-04-15T22:42:19.083+0000] {logging_mixin.py:154} INFO - [2025-04-15T22:42:19.083+0000] {dagbag.py:536} INFO - Filling up the DagBag from /opt/airflow/dags/Code explanation.xlsx
[2025-04-15T22:42:19.097+0000] {processor.py:841} WARNING - No viable dags retrieved from /opt/airflow/dags/Code explanation.xlsx
[2025-04-15T22:42:19.110+0000] {processor.py:179} INFO - Processing /opt/airflow/dags/Code explanation.xlsx took 0.032 seconds
[2025-04-15T22:42:49.636+0000] {processor.py:157} INFO - Started process (PID=1040) to work on /opt/airflow/dags/Code explanation.xlsx
[2025-04-15T22:42:49.637+0000] {processor.py:829} INFO - Processing file /opt/airflow/dags/Code explanation.xlsx for tasks to queue
[2025-04-15T22:42:49.638+0000] {logging_mixin.py:154} INFO - [2025-04-15T22:42:49.637+0000] {dagbag.py:536} INFO - Filling up the DagBag from /opt/airflow/dags/Code explanation.xlsx
[2025-04-15T22:42:49.645+0000] {processor.py:841} WARNING - No viable dags retrieved from /opt/airflow/dags/Code explanation.xlsx
[2025-04-15T22:42:49.657+0000] {processor.py:179} INFO - Processing /opt/airflow/dags/Code explanation.xlsx took 0.024 seconds
[2025-04-15T22:43:20.134+0000] {processor.py:157} INFO - Started process (PID=1074) to work on /opt/airflow/dags/Code explanation.xlsx
[2025-04-15T22:43:20.135+0000] {processor.py:829} INFO - Processing file /opt/airflow/dags/Code explanation.xlsx for tasks to queue
[2025-04-15T22:43:20.136+0000] {logging_mixin.py:154} INFO - [2025-04-15T22:43:20.136+0000] {dagbag.py:536} INFO - Filling up the DagBag from /opt/airflow/dags/Code explanation.xlsx
[2025-04-15T22:43:20.146+0000] {processor.py:841} WARNING - No viable dags retrieved from /opt/airflow/dags/Code explanation.xlsx
[2025-04-15T22:43:20.156+0000] {processor.py:179} INFO - Processing /opt/airflow/dags/Code explanation.xlsx took 0.024 seconds
[2025-04-15T22:43:50.441+0000] {processor.py:157} INFO - Started process (PID=1108) to work on /opt/airflow/dags/Code explanation.xlsx
[2025-04-15T22:43:50.445+0000] {processor.py:829} INFO - Processing file /opt/airflow/dags/Code explanation.xlsx for tasks to queue
[2025-04-15T22:43:50.448+0000] {logging_mixin.py:154} INFO - [2025-04-15T22:43:50.447+0000] {dagbag.py:536} INFO - Filling up the DagBag from /opt/airflow/dags/Code explanation.xlsx
[2025-04-15T22:43:50.481+0000] {processor.py:841} WARNING - No viable dags retrieved from /opt/airflow/dags/Code explanation.xlsx
[2025-04-15T22:43:50.493+0000] {processor.py:179} INFO - Processing /opt/airflow/dags/Code explanation.xlsx took 0.055 seconds
[2025-04-15T22:44:20.906+0000] {processor.py:157} INFO - Started process (PID=1142) to work on /opt/airflow/dags/Code explanation.xlsx
[2025-04-15T22:44:20.908+0000] {processor.py:829} INFO - Processing file /opt/airflow/dags/Code explanation.xlsx for tasks to queue
[2025-04-15T22:44:20.909+0000] {logging_mixin.py:154} INFO - [2025-04-15T22:44:20.908+0000] {dagbag.py:536} INFO - Filling up the DagBag from /opt/airflow/dags/Code explanation.xlsx
[2025-04-15T22:44:20.919+0000] {processor.py:841} WARNING - No viable dags retrieved from /opt/airflow/dags/Code explanation.xlsx
[2025-04-15T22:44:20.932+0000] {processor.py:179} INFO - Processing /opt/airflow/dags/Code explanation.xlsx took 0.030 seconds
[2025-04-15T22:44:51.013+0000] {processor.py:157} INFO - Started process (PID=1176) to work on /opt/airflow/dags/Code explanation.xlsx
[2025-04-15T22:44:51.015+0000] {processor.py:829} INFO - Processing file /opt/airflow/dags/Code explanation.xlsx for tasks to queue
[2025-04-15T22:44:51.017+0000] {logging_mixin.py:154} INFO - [2025-04-15T22:44:51.016+0000] {dagbag.py:536} INFO - Filling up the DagBag from /opt/airflow/dags/Code explanation.xlsx
[2025-04-15T22:44:51.032+0000] {processor.py:841} WARNING - No viable dags retrieved from /opt/airflow/dags/Code explanation.xlsx
[2025-04-15T22:44:51.042+0000] {processor.py:179} INFO - Processing /opt/airflow/dags/Code explanation.xlsx took 0.032 seconds
[2025-04-15T22:45:21.253+0000] {processor.py:157} INFO - Started process (PID=1210) to work on /opt/airflow/dags/Code explanation.xlsx
[2025-04-15T22:45:21.255+0000] {processor.py:829} INFO - Processing file /opt/airflow/dags/Code explanation.xlsx for tasks to queue
[2025-04-15T22:45:21.257+0000] {logging_mixin.py:154} INFO - [2025-04-15T22:45:21.257+0000] {dagbag.py:536} INFO - Filling up the DagBag from /opt/airflow/dags/Code explanation.xlsx
[2025-04-15T22:45:21.269+0000] {processor.py:841} WARNING - No viable dags retrieved from /opt/airflow/dags/Code explanation.xlsx
[2025-04-15T22:45:21.282+0000] {processor.py:179} INFO - Processing /opt/airflow/dags/Code explanation.xlsx took 0.031 seconds
[2025-04-15T22:45:51.689+0000] {processor.py:157} INFO - Started process (PID=1244) to work on /opt/airflow/dags/Code explanation.xlsx
[2025-04-15T22:45:51.690+0000] {processor.py:829} INFO - Processing file /opt/airflow/dags/Code explanation.xlsx for tasks to queue
[2025-04-15T22:45:51.691+0000] {logging_mixin.py:154} INFO - [2025-04-15T22:45:51.691+0000] {dagbag.py:536} INFO - Filling up the DagBag from /opt/airflow/dags/Code explanation.xlsx
[2025-04-15T22:45:51.700+0000] {processor.py:841} WARNING - No viable dags retrieved from /opt/airflow/dags/Code explanation.xlsx
[2025-04-15T22:45:51.714+0000] {processor.py:179} INFO - Processing /opt/airflow/dags/Code explanation.xlsx took 0.027 seconds
[2025-04-15T22:46:21.892+0000] {processor.py:157} INFO - Started process (PID=1278) to work on /opt/airflow/dags/Code explanation.xlsx
[2025-04-15T22:46:21.894+0000] {processor.py:829} INFO - Processing file /opt/airflow/dags/Code explanation.xlsx for tasks to queue
[2025-04-15T22:46:21.895+0000] {logging_mixin.py:154} INFO - [2025-04-15T22:46:21.894+0000] {dagbag.py:536} INFO - Filling up the DagBag from /opt/airflow/dags/Code explanation.xlsx
[2025-04-15T22:46:21.905+0000] {processor.py:841} WARNING - No viable dags retrieved from /opt/airflow/dags/Code explanation.xlsx
[2025-04-15T22:46:21.920+0000] {processor.py:179} INFO - Processing /opt/airflow/dags/Code explanation.xlsx took 0.031 seconds
[2025-04-15T22:46:52.164+0000] {processor.py:157} INFO - Started process (PID=1312) to work on /opt/airflow/dags/Code explanation.xlsx
[2025-04-15T22:46:52.165+0000] {processor.py:829} INFO - Processing file /opt/airflow/dags/Code explanation.xlsx for tasks to queue
[2025-04-15T22:46:52.166+0000] {logging_mixin.py:154} INFO - [2025-04-15T22:46:52.166+0000] {dagbag.py:536} INFO - Filling up the DagBag from /opt/airflow/dags/Code explanation.xlsx
[2025-04-15T22:46:52.174+0000] {processor.py:841} WARNING - No viable dags retrieved from /opt/airflow/dags/Code explanation.xlsx
[2025-04-15T22:46:52.186+0000] {processor.py:179} INFO - Processing /opt/airflow/dags/Code explanation.xlsx took 0.025 seconds
[2025-04-15T22:47:22.616+0000] {processor.py:157} INFO - Started process (PID=1346) to work on /opt/airflow/dags/Code explanation.xlsx
[2025-04-15T22:47:22.617+0000] {processor.py:829} INFO - Processing file /opt/airflow/dags/Code explanation.xlsx for tasks to queue
[2025-04-15T22:47:22.618+0000] {logging_mixin.py:154} INFO - [2025-04-15T22:47:22.617+0000] {dagbag.py:536} INFO - Filling up the DagBag from /opt/airflow/dags/Code explanation.xlsx
[2025-04-15T22:47:22.624+0000] {processor.py:841} WARNING - No viable dags retrieved from /opt/airflow/dags/Code explanation.xlsx
[2025-04-15T22:47:22.635+0000] {processor.py:179} INFO - Processing /opt/airflow/dags/Code explanation.xlsx took 0.021 seconds
[2025-04-15T22:47:53.402+0000] {processor.py:157} INFO - Started process (PID=1380) to work on /opt/airflow/dags/Code explanation.xlsx
[2025-04-15T22:47:53.403+0000] {processor.py:829} INFO - Processing file /opt/airflow/dags/Code explanation.xlsx for tasks to queue
[2025-04-15T22:47:53.404+0000] {logging_mixin.py:154} INFO - [2025-04-15T22:47:53.404+0000] {dagbag.py:536} INFO - Filling up the DagBag from /opt/airflow/dags/Code explanation.xlsx
[2025-04-15T22:47:53.413+0000] {processor.py:841} WARNING - No viable dags retrieved from /opt/airflow/dags/Code explanation.xlsx
[2025-04-15T22:47:53.423+0000] {processor.py:179} INFO - Processing /opt/airflow/dags/Code explanation.xlsx took 0.025 seconds
[2025-04-15T22:48:23.865+0000] {processor.py:157} INFO - Started process (PID=1414) to work on /opt/airflow/dags/Code explanation.xlsx
[2025-04-15T22:48:23.866+0000] {processor.py:829} INFO - Processing file /opt/airflow/dags/Code explanation.xlsx for tasks to queue
[2025-04-15T22:48:23.867+0000] {logging_mixin.py:154} INFO - [2025-04-15T22:48:23.867+0000] {dagbag.py:536} INFO - Filling up the DagBag from /opt/airflow/dags/Code explanation.xlsx
[2025-04-15T22:48:23.875+0000] {processor.py:841} WARNING - No viable dags retrieved from /opt/airflow/dags/Code explanation.xlsx
[2025-04-15T22:48:23.886+0000] {processor.py:179} INFO - Processing /opt/airflow/dags/Code explanation.xlsx took 0.023 seconds
[2025-04-15T22:48:53.974+0000] {processor.py:157} INFO - Started process (PID=1448) to work on /opt/airflow/dags/Code explanation.xlsx
[2025-04-15T22:48:53.975+0000] {processor.py:829} INFO - Processing file /opt/airflow/dags/Code explanation.xlsx for tasks to queue
[2025-04-15T22:48:53.976+0000] {logging_mixin.py:154} INFO - [2025-04-15T22:48:53.975+0000] {dagbag.py:536} INFO - Filling up the DagBag from /opt/airflow/dags/Code explanation.xlsx
[2025-04-15T22:48:53.982+0000] {processor.py:841} WARNING - No viable dags retrieved from /opt/airflow/dags/Code explanation.xlsx
[2025-04-15T22:48:53.992+0000] {processor.py:179} INFO - Processing /opt/airflow/dags/Code explanation.xlsx took 0.020 seconds
[2025-04-15T22:49:24.134+0000] {processor.py:157} INFO - Started process (PID=1482) to work on /opt/airflow/dags/Code explanation.xlsx
[2025-04-15T22:49:24.135+0000] {processor.py:829} INFO - Processing file /opt/airflow/dags/Code explanation.xlsx for tasks to queue
[2025-04-15T22:49:24.136+0000] {logging_mixin.py:154} INFO - [2025-04-15T22:49:24.136+0000] {dagbag.py:536} INFO - Filling up the DagBag from /opt/airflow/dags/Code explanation.xlsx
[2025-04-15T22:49:24.147+0000] {processor.py:841} WARNING - No viable dags retrieved from /opt/airflow/dags/Code explanation.xlsx
[2025-04-15T22:49:24.158+0000] {processor.py:179} INFO - Processing /opt/airflow/dags/Code explanation.xlsx took 0.026 seconds
[2025-04-15T22:49:54.668+0000] {processor.py:157} INFO - Started process (PID=1516) to work on /opt/airflow/dags/Code explanation.xlsx
[2025-04-15T22:49:54.669+0000] {processor.py:829} INFO - Processing file /opt/airflow/dags/Code explanation.xlsx for tasks to queue
[2025-04-15T22:49:54.670+0000] {logging_mixin.py:154} INFO - [2025-04-15T22:49:54.670+0000] {dagbag.py:536} INFO - Filling up the DagBag from /opt/airflow/dags/Code explanation.xlsx
[2025-04-15T22:49:54.680+0000] {processor.py:841} WARNING - No viable dags retrieved from /opt/airflow/dags/Code explanation.xlsx
[2025-04-15T22:49:54.695+0000] {processor.py:179} INFO - Processing /opt/airflow/dags/Code explanation.xlsx took 0.029 seconds
[2025-04-15T22:50:24.879+0000] {processor.py:157} INFO - Started process (PID=1550) to work on /opt/airflow/dags/Code explanation.xlsx
[2025-04-15T22:50:24.880+0000] {processor.py:829} INFO - Processing file /opt/airflow/dags/Code explanation.xlsx for tasks to queue
[2025-04-15T22:50:24.881+0000] {logging_mixin.py:154} INFO - [2025-04-15T22:50:24.881+0000] {dagbag.py:536} INFO - Filling up the DagBag from /opt/airflow/dags/Code explanation.xlsx
[2025-04-15T22:50:24.886+0000] {processor.py:841} WARNING - No viable dags retrieved from /opt/airflow/dags/Code explanation.xlsx
[2025-04-15T22:50:24.896+0000] {processor.py:179} INFO - Processing /opt/airflow/dags/Code explanation.xlsx took 0.019 seconds
[2025-04-15T22:50:55.230+0000] {processor.py:157} INFO - Started process (PID=1584) to work on /opt/airflow/dags/Code explanation.xlsx
[2025-04-15T22:50:55.231+0000] {processor.py:829} INFO - Processing file /opt/airflow/dags/Code explanation.xlsx for tasks to queue
[2025-04-15T22:50:55.232+0000] {logging_mixin.py:154} INFO - [2025-04-15T22:50:55.232+0000] {dagbag.py:536} INFO - Filling up the DagBag from /opt/airflow/dags/Code explanation.xlsx
[2025-04-15T22:50:55.236+0000] {processor.py:841} WARNING - No viable dags retrieved from /opt/airflow/dags/Code explanation.xlsx
[2025-04-15T22:50:55.245+0000] {processor.py:179} INFO - Processing /opt/airflow/dags/Code explanation.xlsx took 0.018 seconds
[2025-04-15T22:51:25.580+0000] {processor.py:157} INFO - Started process (PID=1618) to work on /opt/airflow/dags/Code explanation.xlsx
[2025-04-15T22:51:25.580+0000] {processor.py:829} INFO - Processing file /opt/airflow/dags/Code explanation.xlsx for tasks to queue
[2025-04-15T22:51:25.581+0000] {logging_mixin.py:154} INFO - [2025-04-15T22:51:25.581+0000] {dagbag.py:536} INFO - Filling up the DagBag from /opt/airflow/dags/Code explanation.xlsx
[2025-04-15T22:51:25.585+0000] {processor.py:841} WARNING - No viable dags retrieved from /opt/airflow/dags/Code explanation.xlsx
[2025-04-15T22:51:25.595+0000] {processor.py:179} INFO - Processing /opt/airflow/dags/Code explanation.xlsx took 0.017 seconds
[2025-04-15T22:51:55.668+0000] {processor.py:157} INFO - Started process (PID=1652) to work on /opt/airflow/dags/Code explanation.xlsx
[2025-04-15T22:51:55.669+0000] {processor.py:829} INFO - Processing file /opt/airflow/dags/Code explanation.xlsx for tasks to queue
[2025-04-15T22:51:55.669+0000] {logging_mixin.py:154} INFO - [2025-04-15T22:51:55.669+0000] {dagbag.py:536} INFO - Filling up the DagBag from /opt/airflow/dags/Code explanation.xlsx
[2025-04-15T22:51:55.673+0000] {processor.py:841} WARNING - No viable dags retrieved from /opt/airflow/dags/Code explanation.xlsx
[2025-04-15T22:51:55.682+0000] {processor.py:179} INFO - Processing /opt/airflow/dags/Code explanation.xlsx took 0.016 seconds
[2025-04-15T22:52:26.096+0000] {processor.py:157} INFO - Started process (PID=1686) to work on /opt/airflow/dags/Code explanation.xlsx
[2025-04-15T22:52:26.097+0000] {processor.py:829} INFO - Processing file /opt/airflow/dags/Code explanation.xlsx for tasks to queue
[2025-04-15T22:52:26.098+0000] {logging_mixin.py:154} INFO - [2025-04-15T22:52:26.097+0000] {dagbag.py:536} INFO - Filling up the DagBag from /opt/airflow/dags/Code explanation.xlsx
[2025-04-15T22:52:26.102+0000] {processor.py:841} WARNING - No viable dags retrieved from /opt/airflow/dags/Code explanation.xlsx
[2025-04-15T22:52:26.111+0000] {processor.py:179} INFO - Processing /opt/airflow/dags/Code explanation.xlsx took 0.018 seconds
[2025-04-15T22:52:56.199+0000] {processor.py:157} INFO - Started process (PID=1720) to work on /opt/airflow/dags/Code explanation.xlsx
[2025-04-15T22:52:56.200+0000] {processor.py:829} INFO - Processing file /opt/airflow/dags/Code explanation.xlsx for tasks to queue
[2025-04-15T22:52:56.201+0000] {logging_mixin.py:154} INFO - [2025-04-15T22:52:56.201+0000] {dagbag.py:536} INFO - Filling up the DagBag from /opt/airflow/dags/Code explanation.xlsx
[2025-04-15T22:52:56.211+0000] {processor.py:841} WARNING - No viable dags retrieved from /opt/airflow/dags/Code explanation.xlsx
[2025-04-15T22:52:56.222+0000] {processor.py:179} INFO - Processing /opt/airflow/dags/Code explanation.xlsx took 0.026 seconds
[2025-04-15T22:53:26.585+0000] {processor.py:157} INFO - Started process (PID=1754) to work on /opt/airflow/dags/Code explanation.xlsx
[2025-04-15T22:53:26.586+0000] {processor.py:829} INFO - Processing file /opt/airflow/dags/Code explanation.xlsx for tasks to queue
[2025-04-15T22:53:26.586+0000] {logging_mixin.py:154} INFO - [2025-04-15T22:53:26.586+0000] {dagbag.py:536} INFO - Filling up the DagBag from /opt/airflow/dags/Code explanation.xlsx
[2025-04-15T22:53:26.591+0000] {processor.py:841} WARNING - No viable dags retrieved from /opt/airflow/dags/Code explanation.xlsx
[2025-04-15T22:53:26.601+0000] {processor.py:179} INFO - Processing /opt/airflow/dags/Code explanation.xlsx took 0.018 seconds
[2025-04-15T22:53:56.972+0000] {processor.py:157} INFO - Started process (PID=1788) to work on /opt/airflow/dags/Code explanation.xlsx
[2025-04-15T22:53:56.973+0000] {processor.py:829} INFO - Processing file /opt/airflow/dags/Code explanation.xlsx for tasks to queue
[2025-04-15T22:53:56.974+0000] {logging_mixin.py:154} INFO - [2025-04-15T22:53:56.974+0000] {dagbag.py:536} INFO - Filling up the DagBag from /opt/airflow/dags/Code explanation.xlsx
[2025-04-15T22:53:56.985+0000] {processor.py:841} WARNING - No viable dags retrieved from /opt/airflow/dags/Code explanation.xlsx
[2025-04-15T22:53:56.995+0000] {processor.py:179} INFO - Processing /opt/airflow/dags/Code explanation.xlsx took 0.026 seconds
[2025-04-15T22:54:27.413+0000] {processor.py:157} INFO - Started process (PID=1822) to work on /opt/airflow/dags/Code explanation.xlsx
[2025-04-15T22:54:27.414+0000] {processor.py:829} INFO - Processing file /opt/airflow/dags/Code explanation.xlsx for tasks to queue
[2025-04-15T22:54:27.416+0000] {logging_mixin.py:154} INFO - [2025-04-15T22:54:27.415+0000] {dagbag.py:536} INFO - Filling up the DagBag from /opt/airflow/dags/Code explanation.xlsx
[2025-04-15T22:54:27.425+0000] {processor.py:841} WARNING - No viable dags retrieved from /opt/airflow/dags/Code explanation.xlsx
[2025-04-15T22:54:27.439+0000] {processor.py:179} INFO - Processing /opt/airflow/dags/Code explanation.xlsx took 0.029 seconds
[2025-04-15T22:54:57.968+0000] {processor.py:157} INFO - Started process (PID=1856) to work on /opt/airflow/dags/Code explanation.xlsx
[2025-04-15T22:54:57.970+0000] {processor.py:829} INFO - Processing file /opt/airflow/dags/Code explanation.xlsx for tasks to queue
[2025-04-15T22:54:57.971+0000] {logging_mixin.py:154} INFO - [2025-04-15T22:54:57.971+0000] {dagbag.py:536} INFO - Filling up the DagBag from /opt/airflow/dags/Code explanation.xlsx
[2025-04-15T22:54:57.978+0000] {processor.py:841} WARNING - No viable dags retrieved from /opt/airflow/dags/Code explanation.xlsx
[2025-04-15T22:54:57.992+0000] {processor.py:179} INFO - Processing /opt/airflow/dags/Code explanation.xlsx took 0.027 seconds
[2025-04-15T22:55:28.411+0000] {processor.py:157} INFO - Started process (PID=1890) to work on /opt/airflow/dags/Code explanation.xlsx
[2025-04-15T22:55:28.412+0000] {processor.py:829} INFO - Processing file /opt/airflow/dags/Code explanation.xlsx for tasks to queue
[2025-04-15T22:55:28.414+0000] {logging_mixin.py:154} INFO - [2025-04-15T22:55:28.414+0000] {dagbag.py:536} INFO - Filling up the DagBag from /opt/airflow/dags/Code explanation.xlsx
[2025-04-15T22:55:28.445+0000] {processor.py:841} WARNING - No viable dags retrieved from /opt/airflow/dags/Code explanation.xlsx
[2025-04-15T22:55:28.460+0000] {processor.py:179} INFO - Processing /opt/airflow/dags/Code explanation.xlsx took 0.052 seconds
[2025-04-15T22:55:59.057+0000] {processor.py:157} INFO - Started process (PID=1924) to work on /opt/airflow/dags/Code explanation.xlsx
[2025-04-15T22:55:59.058+0000] {processor.py:829} INFO - Processing file /opt/airflow/dags/Code explanation.xlsx for tasks to queue
[2025-04-15T22:55:59.059+0000] {logging_mixin.py:154} INFO - [2025-04-15T22:55:59.059+0000] {dagbag.py:536} INFO - Filling up the DagBag from /opt/airflow/dags/Code explanation.xlsx
[2025-04-15T22:55:59.068+0000] {processor.py:841} WARNING - No viable dags retrieved from /opt/airflow/dags/Code explanation.xlsx
[2025-04-15T22:55:59.078+0000] {processor.py:179} INFO - Processing /opt/airflow/dags/Code explanation.xlsx took 0.025 seconds
[2025-04-15T22:56:29.315+0000] {processor.py:157} INFO - Started process (PID=1958) to work on /opt/airflow/dags/Code explanation.xlsx
[2025-04-15T22:56:29.316+0000] {processor.py:829} INFO - Processing file /opt/airflow/dags/Code explanation.xlsx for tasks to queue
[2025-04-15T22:56:29.317+0000] {logging_mixin.py:154} INFO - [2025-04-15T22:56:29.317+0000] {dagbag.py:536} INFO - Filling up the DagBag from /opt/airflow/dags/Code explanation.xlsx
[2025-04-15T22:56:29.329+0000] {processor.py:841} WARNING - No viable dags retrieved from /opt/airflow/dags/Code explanation.xlsx
[2025-04-15T22:56:29.342+0000] {processor.py:179} INFO - Processing /opt/airflow/dags/Code explanation.xlsx took 0.029 seconds
[2025-04-15T22:56:59.420+0000] {processor.py:157} INFO - Started process (PID=1992) to work on /opt/airflow/dags/Code explanation.xlsx
[2025-04-15T22:56:59.421+0000] {processor.py:829} INFO - Processing file /opt/airflow/dags/Code explanation.xlsx for tasks to queue
[2025-04-15T22:56:59.422+0000] {logging_mixin.py:154} INFO - [2025-04-15T22:56:59.422+0000] {dagbag.py:536} INFO - Filling up the DagBag from /opt/airflow/dags/Code explanation.xlsx
[2025-04-15T22:56:59.430+0000] {processor.py:841} WARNING - No viable dags retrieved from /opt/airflow/dags/Code explanation.xlsx
[2025-04-15T22:56:59.440+0000] {processor.py:179} INFO - Processing /opt/airflow/dags/Code explanation.xlsx took 0.022 seconds
[2025-04-15T22:57:29.836+0000] {processor.py:157} INFO - Started process (PID=2026) to work on /opt/airflow/dags/Code explanation.xlsx
[2025-04-15T22:57:29.837+0000] {processor.py:829} INFO - Processing file /opt/airflow/dags/Code explanation.xlsx for tasks to queue
[2025-04-15T22:57:29.838+0000] {logging_mixin.py:154} INFO - [2025-04-15T22:57:29.837+0000] {dagbag.py:536} INFO - Filling up the DagBag from /opt/airflow/dags/Code explanation.xlsx
[2025-04-15T22:57:29.872+0000] {processor.py:841} WARNING - No viable dags retrieved from /opt/airflow/dags/Code explanation.xlsx
[2025-04-15T22:57:29.883+0000] {processor.py:179} INFO - Processing /opt/airflow/dags/Code explanation.xlsx took 0.051 seconds
[2025-04-15T22:58:00.219+0000] {processor.py:157} INFO - Started process (PID=2060) to work on /opt/airflow/dags/Code explanation.xlsx
[2025-04-15T22:58:00.220+0000] {processor.py:829} INFO - Processing file /opt/airflow/dags/Code explanation.xlsx for tasks to queue
[2025-04-15T22:58:00.221+0000] {logging_mixin.py:154} INFO - [2025-04-15T22:58:00.220+0000] {dagbag.py:536} INFO - Filling up the DagBag from /opt/airflow/dags/Code explanation.xlsx
[2025-04-15T22:58:00.225+0000] {processor.py:841} WARNING - No viable dags retrieved from /opt/airflow/dags/Code explanation.xlsx
[2025-04-15T22:58:00.234+0000] {processor.py:179} INFO - Processing /opt/airflow/dags/Code explanation.xlsx took 0.018 seconds
[2025-04-15T22:58:30.309+0000] {processor.py:157} INFO - Started process (PID=2094) to work on /opt/airflow/dags/Code explanation.xlsx
[2025-04-15T22:58:30.311+0000] {processor.py:829} INFO - Processing file /opt/airflow/dags/Code explanation.xlsx for tasks to queue
[2025-04-15T22:58:30.313+0000] {logging_mixin.py:154} INFO - [2025-04-15T22:58:30.313+0000] {dagbag.py:536} INFO - Filling up the DagBag from /opt/airflow/dags/Code explanation.xlsx
[2025-04-15T22:58:30.339+0000] {processor.py:841} WARNING - No viable dags retrieved from /opt/airflow/dags/Code explanation.xlsx
[2025-04-15T22:58:30.368+0000] {processor.py:179} INFO - Processing /opt/airflow/dags/Code explanation.xlsx took 0.062 seconds
[2025-04-15T22:59:01.193+0000] {processor.py:157} INFO - Started process (PID=2128) to work on /opt/airflow/dags/Code explanation.xlsx
[2025-04-15T22:59:01.195+0000] {processor.py:829} INFO - Processing file /opt/airflow/dags/Code explanation.xlsx for tasks to queue
[2025-04-15T22:59:01.196+0000] {logging_mixin.py:154} INFO - [2025-04-15T22:59:01.196+0000] {dagbag.py:536} INFO - Filling up the DagBag from /opt/airflow/dags/Code explanation.xlsx
[2025-04-15T22:59:01.201+0000] {processor.py:841} WARNING - No viable dags retrieved from /opt/airflow/dags/Code explanation.xlsx
[2025-04-15T22:59:01.211+0000] {processor.py:179} INFO - Processing /opt/airflow/dags/Code explanation.xlsx took 0.020 seconds
[2025-04-15T22:59:31.707+0000] {processor.py:157} INFO - Started process (PID=2162) to work on /opt/airflow/dags/Code explanation.xlsx
[2025-04-15T22:59:31.707+0000] {processor.py:829} INFO - Processing file /opt/airflow/dags/Code explanation.xlsx for tasks to queue
[2025-04-15T22:59:31.708+0000] {logging_mixin.py:154} INFO - [2025-04-15T22:59:31.708+0000] {dagbag.py:536} INFO - Filling up the DagBag from /opt/airflow/dags/Code explanation.xlsx
[2025-04-15T22:59:31.719+0000] {processor.py:841} WARNING - No viable dags retrieved from /opt/airflow/dags/Code explanation.xlsx
[2025-04-15T22:59:31.729+0000] {processor.py:179} INFO - Processing /opt/airflow/dags/Code explanation.xlsx took 0.024 seconds
[2025-04-15T23:00:02.238+0000] {processor.py:157} INFO - Started process (PID=2196) to work on /opt/airflow/dags/Code explanation.xlsx
[2025-04-15T23:00:02.239+0000] {processor.py:829} INFO - Processing file /opt/airflow/dags/Code explanation.xlsx for tasks to queue
[2025-04-15T23:00:02.240+0000] {logging_mixin.py:154} INFO - [2025-04-15T23:00:02.240+0000] {dagbag.py:536} INFO - Filling up the DagBag from /opt/airflow/dags/Code explanation.xlsx
[2025-04-15T23:00:02.248+0000] {processor.py:841} WARNING - No viable dags retrieved from /opt/airflow/dags/Code explanation.xlsx
[2025-04-15T23:00:02.258+0000] {processor.py:179} INFO - Processing /opt/airflow/dags/Code explanation.xlsx took 0.022 seconds
[2025-04-15T23:00:32.674+0000] {processor.py:157} INFO - Started process (PID=2230) to work on /opt/airflow/dags/Code explanation.xlsx
[2025-04-15T23:00:32.675+0000] {processor.py:829} INFO - Processing file /opt/airflow/dags/Code explanation.xlsx for tasks to queue
[2025-04-15T23:00:32.676+0000] {logging_mixin.py:154} INFO - [2025-04-15T23:00:32.676+0000] {dagbag.py:536} INFO - Filling up the DagBag from /opt/airflow/dags/Code explanation.xlsx
[2025-04-15T23:00:32.690+0000] {processor.py:841} WARNING - No viable dags retrieved from /opt/airflow/dags/Code explanation.xlsx
[2025-04-15T23:00:32.701+0000] {processor.py:179} INFO - Processing /opt/airflow/dags/Code explanation.xlsx took 0.030 seconds
[2025-04-15T23:01:03.063+0000] {processor.py:157} INFO - Started process (PID=2264) to work on /opt/airflow/dags/Code explanation.xlsx
[2025-04-15T23:01:03.064+0000] {processor.py:829} INFO - Processing file /opt/airflow/dags/Code explanation.xlsx for tasks to queue
[2025-04-15T23:01:03.065+0000] {logging_mixin.py:154} INFO - [2025-04-15T23:01:03.064+0000] {dagbag.py:536} INFO - Filling up the DagBag from /opt/airflow/dags/Code explanation.xlsx
[2025-04-15T23:01:03.077+0000] {processor.py:841} WARNING - No viable dags retrieved from /opt/airflow/dags/Code explanation.xlsx
[2025-04-15T23:01:03.090+0000] {processor.py:179} INFO - Processing /opt/airflow/dags/Code explanation.xlsx took 0.029 seconds
[2025-04-15T23:01:33.719+0000] {processor.py:157} INFO - Started process (PID=2298) to work on /opt/airflow/dags/Code explanation.xlsx
[2025-04-15T23:01:33.720+0000] {processor.py:829} INFO - Processing file /opt/airflow/dags/Code explanation.xlsx for tasks to queue
[2025-04-15T23:01:33.720+0000] {logging_mixin.py:154} INFO - [2025-04-15T23:01:33.720+0000] {dagbag.py:536} INFO - Filling up the DagBag from /opt/airflow/dags/Code explanation.xlsx
[2025-04-15T23:01:33.728+0000] {processor.py:841} WARNING - No viable dags retrieved from /opt/airflow/dags/Code explanation.xlsx
[2025-04-15T23:01:33.737+0000] {processor.py:179} INFO - Processing /opt/airflow/dags/Code explanation.xlsx took 0.021 seconds
[2025-04-15T23:02:04.272+0000] {processor.py:157} INFO - Started process (PID=2332) to work on /opt/airflow/dags/Code explanation.xlsx
[2025-04-15T23:02:04.275+0000] {processor.py:829} INFO - Processing file /opt/airflow/dags/Code explanation.xlsx for tasks to queue
[2025-04-15T23:02:04.276+0000] {logging_mixin.py:154} INFO - [2025-04-15T23:02:04.276+0000] {dagbag.py:536} INFO - Filling up the DagBag from /opt/airflow/dags/Code explanation.xlsx
[2025-04-15T23:02:04.290+0000] {processor.py:841} WARNING - No viable dags retrieved from /opt/airflow/dags/Code explanation.xlsx
[2025-04-15T23:02:04.305+0000] {processor.py:179} INFO - Processing /opt/airflow/dags/Code explanation.xlsx took 0.036 seconds
[2025-04-15T23:02:34.711+0000] {processor.py:157} INFO - Started process (PID=2366) to work on /opt/airflow/dags/Code explanation.xlsx
[2025-04-15T23:02:34.712+0000] {processor.py:829} INFO - Processing file /opt/airflow/dags/Code explanation.xlsx for tasks to queue
[2025-04-15T23:02:34.713+0000] {logging_mixin.py:154} INFO - [2025-04-15T23:02:34.713+0000] {dagbag.py:536} INFO - Filling up the DagBag from /opt/airflow/dags/Code explanation.xlsx
[2025-04-15T23:02:34.723+0000] {processor.py:841} WARNING - No viable dags retrieved from /opt/airflow/dags/Code explanation.xlsx
[2025-04-15T23:02:34.745+0000] {processor.py:179} INFO - Processing /opt/airflow/dags/Code explanation.xlsx took 0.037 seconds
[2025-04-15T23:03:04.863+0000] {processor.py:157} INFO - Started process (PID=2400) to work on /opt/airflow/dags/Code explanation.xlsx
[2025-04-15T23:03:04.865+0000] {processor.py:829} INFO - Processing file /opt/airflow/dags/Code explanation.xlsx for tasks to queue
[2025-04-15T23:03:04.866+0000] {logging_mixin.py:154} INFO - [2025-04-15T23:03:04.866+0000] {dagbag.py:536} INFO - Filling up the DagBag from /opt/airflow/dags/Code explanation.xlsx
[2025-04-15T23:03:04.876+0000] {processor.py:841} WARNING - No viable dags retrieved from /opt/airflow/dags/Code explanation.xlsx
[2025-04-15T23:03:04.888+0000] {processor.py:179} INFO - Processing /opt/airflow/dags/Code explanation.xlsx took 0.030 seconds
[2025-04-15T23:03:35.021+0000] {processor.py:157} INFO - Started process (PID=2434) to work on /opt/airflow/dags/Code explanation.xlsx
[2025-04-15T23:03:35.022+0000] {processor.py:829} INFO - Processing file /opt/airflow/dags/Code explanation.xlsx for tasks to queue
[2025-04-15T23:03:35.023+0000] {logging_mixin.py:154} INFO - [2025-04-15T23:03:35.023+0000] {dagbag.py:536} INFO - Filling up the DagBag from /opt/airflow/dags/Code explanation.xlsx
[2025-04-15T23:03:35.030+0000] {processor.py:841} WARNING - No viable dags retrieved from /opt/airflow/dags/Code explanation.xlsx
[2025-04-15T23:03:35.040+0000] {processor.py:179} INFO - Processing /opt/airflow/dags/Code explanation.xlsx took 0.021 seconds
[2025-04-15T23:04:05.228+0000] {processor.py:157} INFO - Started process (PID=2468) to work on /opt/airflow/dags/Code explanation.xlsx
[2025-04-15T23:04:05.229+0000] {processor.py:829} INFO - Processing file /opt/airflow/dags/Code explanation.xlsx for tasks to queue
[2025-04-15T23:04:05.230+0000] {logging_mixin.py:154} INFO - [2025-04-15T23:04:05.230+0000] {dagbag.py:536} INFO - Filling up the DagBag from /opt/airflow/dags/Code explanation.xlsx
[2025-04-15T23:04:05.238+0000] {processor.py:841} WARNING - No viable dags retrieved from /opt/airflow/dags/Code explanation.xlsx
[2025-04-15T23:04:05.247+0000] {processor.py:179} INFO - Processing /opt/airflow/dags/Code explanation.xlsx took 0.022 seconds
[2025-04-15T23:04:35.408+0000] {processor.py:157} INFO - Started process (PID=2502) to work on /opt/airflow/dags/Code explanation.xlsx
[2025-04-15T23:04:35.409+0000] {processor.py:829} INFO - Processing file /opt/airflow/dags/Code explanation.xlsx for tasks to queue
[2025-04-15T23:04:35.409+0000] {logging_mixin.py:154} INFO - [2025-04-15T23:04:35.409+0000] {dagbag.py:536} INFO - Filling up the DagBag from /opt/airflow/dags/Code explanation.xlsx
[2025-04-15T23:04:35.417+0000] {processor.py:841} WARNING - No viable dags retrieved from /opt/airflow/dags/Code explanation.xlsx
[2025-04-15T23:04:35.427+0000] {processor.py:179} INFO - Processing /opt/airflow/dags/Code explanation.xlsx took 0.022 seconds
[2025-04-15T23:05:05.762+0000] {processor.py:157} INFO - Started process (PID=2536) to work on /opt/airflow/dags/Code explanation.xlsx
[2025-04-15T23:05:05.763+0000] {processor.py:829} INFO - Processing file /opt/airflow/dags/Code explanation.xlsx for tasks to queue
[2025-04-15T23:05:05.764+0000] {logging_mixin.py:154} INFO - [2025-04-15T23:05:05.764+0000] {dagbag.py:536} INFO - Filling up the DagBag from /opt/airflow/dags/Code explanation.xlsx
[2025-04-15T23:05:05.774+0000] {processor.py:841} WARNING - No viable dags retrieved from /opt/airflow/dags/Code explanation.xlsx
[2025-04-15T23:05:05.785+0000] {processor.py:179} INFO - Processing /opt/airflow/dags/Code explanation.xlsx took 0.025 seconds
[2025-04-15T23:05:36.163+0000] {processor.py:157} INFO - Started process (PID=2570) to work on /opt/airflow/dags/Code explanation.xlsx
[2025-04-15T23:05:36.166+0000] {processor.py:829} INFO - Processing file /opt/airflow/dags/Code explanation.xlsx for tasks to queue
[2025-04-15T23:05:36.168+0000] {logging_mixin.py:154} INFO - [2025-04-15T23:05:36.167+0000] {dagbag.py:536} INFO - Filling up the DagBag from /opt/airflow/dags/Code explanation.xlsx
[2025-04-15T23:05:36.178+0000] {processor.py:841} WARNING - No viable dags retrieved from /opt/airflow/dags/Code explanation.xlsx
[2025-04-15T23:05:36.190+0000] {processor.py:179} INFO - Processing /opt/airflow/dags/Code explanation.xlsx took 0.031 seconds
[2025-04-15T23:06:06.785+0000] {processor.py:157} INFO - Started process (PID=2604) to work on /opt/airflow/dags/Code explanation.xlsx
[2025-04-15T23:06:06.786+0000] {processor.py:829} INFO - Processing file /opt/airflow/dags/Code explanation.xlsx for tasks to queue
[2025-04-15T23:06:06.787+0000] {logging_mixin.py:154} INFO - [2025-04-15T23:06:06.787+0000] {dagbag.py:536} INFO - Filling up the DagBag from /opt/airflow/dags/Code explanation.xlsx
[2025-04-15T23:06:06.797+0000] {processor.py:841} WARNING - No viable dags retrieved from /opt/airflow/dags/Code explanation.xlsx
[2025-04-15T23:06:06.807+0000] {processor.py:179} INFO - Processing /opt/airflow/dags/Code explanation.xlsx took 0.024 seconds
[2025-04-15T23:06:37.239+0000] {processor.py:157} INFO - Started process (PID=2638) to work on /opt/airflow/dags/Code explanation.xlsx
[2025-04-15T23:06:37.240+0000] {processor.py:829} INFO - Processing file /opt/airflow/dags/Code explanation.xlsx for tasks to queue
[2025-04-15T23:06:37.242+0000] {logging_mixin.py:154} INFO - [2025-04-15T23:06:37.241+0000] {dagbag.py:536} INFO - Filling up the DagBag from /opt/airflow/dags/Code explanation.xlsx
[2025-04-15T23:06:37.251+0000] {processor.py:841} WARNING - No viable dags retrieved from /opt/airflow/dags/Code explanation.xlsx
[2025-04-15T23:06:37.263+0000] {processor.py:179} INFO - Processing /opt/airflow/dags/Code explanation.xlsx took 0.027 seconds
[2025-04-15T23:07:07.715+0000] {processor.py:157} INFO - Started process (PID=2672) to work on /opt/airflow/dags/Code explanation.xlsx
[2025-04-15T23:07:07.716+0000] {processor.py:829} INFO - Processing file /opt/airflow/dags/Code explanation.xlsx for tasks to queue
[2025-04-15T23:07:07.717+0000] {logging_mixin.py:154} INFO - [2025-04-15T23:07:07.717+0000] {dagbag.py:536} INFO - Filling up the DagBag from /opt/airflow/dags/Code explanation.xlsx
[2025-04-15T23:07:07.724+0000] {processor.py:841} WARNING - No viable dags retrieved from /opt/airflow/dags/Code explanation.xlsx
[2025-04-15T23:07:07.734+0000] {processor.py:179} INFO - Processing /opt/airflow/dags/Code explanation.xlsx took 0.022 seconds
[2025-04-15T23:07:37.813+0000] {processor.py:157} INFO - Started process (PID=2706) to work on /opt/airflow/dags/Code explanation.xlsx
[2025-04-15T23:07:37.815+0000] {processor.py:829} INFO - Processing file /opt/airflow/dags/Code explanation.xlsx for tasks to queue
[2025-04-15T23:07:37.815+0000] {logging_mixin.py:154} INFO - [2025-04-15T23:07:37.815+0000] {dagbag.py:536} INFO - Filling up the DagBag from /opt/airflow/dags/Code explanation.xlsx
[2025-04-15T23:07:37.820+0000] {processor.py:841} WARNING - No viable dags retrieved from /opt/airflow/dags/Code explanation.xlsx
[2025-04-15T23:07:37.834+0000] {processor.py:179} INFO - Processing /opt/airflow/dags/Code explanation.xlsx took 0.023 seconds
[2025-04-15T23:08:08.288+0000] {processor.py:157} INFO - Started process (PID=2740) to work on /opt/airflow/dags/Code explanation.xlsx
[2025-04-15T23:08:08.289+0000] {processor.py:829} INFO - Processing file /opt/airflow/dags/Code explanation.xlsx for tasks to queue
[2025-04-15T23:08:08.290+0000] {logging_mixin.py:154} INFO - [2025-04-15T23:08:08.289+0000] {dagbag.py:536} INFO - Filling up the DagBag from /opt/airflow/dags/Code explanation.xlsx
[2025-04-15T23:08:08.297+0000] {processor.py:841} WARNING - No viable dags retrieved from /opt/airflow/dags/Code explanation.xlsx
[2025-04-15T23:08:08.307+0000] {processor.py:179} INFO - Processing /opt/airflow/dags/Code explanation.xlsx took 0.021 seconds
[2025-04-15T23:08:38.697+0000] {processor.py:157} INFO - Started process (PID=2774) to work on /opt/airflow/dags/Code explanation.xlsx
[2025-04-15T23:08:38.698+0000] {processor.py:829} INFO - Processing file /opt/airflow/dags/Code explanation.xlsx for tasks to queue
[2025-04-15T23:08:38.699+0000] {logging_mixin.py:154} INFO - [2025-04-15T23:08:38.699+0000] {dagbag.py:536} INFO - Filling up the DagBag from /opt/airflow/dags/Code explanation.xlsx
[2025-04-15T23:08:38.709+0000] {processor.py:841} WARNING - No viable dags retrieved from /opt/airflow/dags/Code explanation.xlsx
[2025-04-15T23:08:38.717+0000] {processor.py:179} INFO - Processing /opt/airflow/dags/Code explanation.xlsx took 0.022 seconds
[2025-04-15T23:09:09.103+0000] {processor.py:157} INFO - Started process (PID=2808) to work on /opt/airflow/dags/Code explanation.xlsx
[2025-04-15T23:09:09.104+0000] {processor.py:829} INFO - Processing file /opt/airflow/dags/Code explanation.xlsx for tasks to queue
[2025-04-15T23:09:09.106+0000] {logging_mixin.py:154} INFO - [2025-04-15T23:09:09.105+0000] {dagbag.py:536} INFO - Filling up the DagBag from /opt/airflow/dags/Code explanation.xlsx
[2025-04-15T23:09:09.118+0000] {processor.py:841} WARNING - No viable dags retrieved from /opt/airflow/dags/Code explanation.xlsx
[2025-04-15T23:09:09.128+0000] {processor.py:179} INFO - Processing /opt/airflow/dags/Code explanation.xlsx took 0.028 seconds
[2025-04-15T23:09:39.512+0000] {processor.py:157} INFO - Started process (PID=2842) to work on /opt/airflow/dags/Code explanation.xlsx
[2025-04-15T23:09:39.513+0000] {processor.py:829} INFO - Processing file /opt/airflow/dags/Code explanation.xlsx for tasks to queue
[2025-04-15T23:09:39.513+0000] {logging_mixin.py:154} INFO - [2025-04-15T23:09:39.513+0000] {dagbag.py:536} INFO - Filling up the DagBag from /opt/airflow/dags/Code explanation.xlsx
[2025-04-15T23:09:39.518+0000] {processor.py:841} WARNING - No viable dags retrieved from /opt/airflow/dags/Code explanation.xlsx
[2025-04-15T23:09:39.530+0000] {processor.py:179} INFO - Processing /opt/airflow/dags/Code explanation.xlsx took 0.020 seconds
[2025-04-15T23:10:09.941+0000] {processor.py:157} INFO - Started process (PID=2876) to work on /opt/airflow/dags/Code explanation.xlsx
[2025-04-15T23:10:09.942+0000] {processor.py:829} INFO - Processing file /opt/airflow/dags/Code explanation.xlsx for tasks to queue
[2025-04-15T23:10:09.943+0000] {logging_mixin.py:154} INFO - [2025-04-15T23:10:09.943+0000] {dagbag.py:536} INFO - Filling up the DagBag from /opt/airflow/dags/Code explanation.xlsx
[2025-04-15T23:10:09.947+0000] {processor.py:841} WARNING - No viable dags retrieved from /opt/airflow/dags/Code explanation.xlsx
[2025-04-15T23:10:09.956+0000] {processor.py:179} INFO - Processing /opt/airflow/dags/Code explanation.xlsx took 0.017 seconds
[2025-04-15T23:10:40.714+0000] {processor.py:157} INFO - Started process (PID=2910) to work on /opt/airflow/dags/Code explanation.xlsx
[2025-04-15T23:10:40.715+0000] {processor.py:829} INFO - Processing file /opt/airflow/dags/Code explanation.xlsx for tasks to queue
[2025-04-15T23:10:40.716+0000] {logging_mixin.py:154} INFO - [2025-04-15T23:10:40.716+0000] {dagbag.py:536} INFO - Filling up the DagBag from /opt/airflow/dags/Code explanation.xlsx
[2025-04-15T23:10:40.726+0000] {processor.py:841} WARNING - No viable dags retrieved from /opt/airflow/dags/Code explanation.xlsx
[2025-04-15T23:10:40.736+0000] {processor.py:179} INFO - Processing /opt/airflow/dags/Code explanation.xlsx took 0.024 seconds
[2025-04-15T23:11:11.144+0000] {processor.py:157} INFO - Started process (PID=2944) to work on /opt/airflow/dags/Code explanation.xlsx
[2025-04-15T23:11:11.145+0000] {processor.py:829} INFO - Processing file /opt/airflow/dags/Code explanation.xlsx for tasks to queue
[2025-04-15T23:11:11.145+0000] {logging_mixin.py:154} INFO - [2025-04-15T23:11:11.145+0000] {dagbag.py:536} INFO - Filling up the DagBag from /opt/airflow/dags/Code explanation.xlsx
[2025-04-15T23:11:11.154+0000] {processor.py:841} WARNING - No viable dags retrieved from /opt/airflow/dags/Code explanation.xlsx
[2025-04-15T23:11:11.165+0000] {processor.py:179} INFO - Processing /opt/airflow/dags/Code explanation.xlsx took 0.023 seconds
[2025-04-15T23:11:41.570+0000] {processor.py:157} INFO - Started process (PID=2978) to work on /opt/airflow/dags/Code explanation.xlsx
[2025-04-15T23:11:41.571+0000] {processor.py:829} INFO - Processing file /opt/airflow/dags/Code explanation.xlsx for tasks to queue
[2025-04-15T23:11:41.572+0000] {logging_mixin.py:154} INFO - [2025-04-15T23:11:41.571+0000] {dagbag.py:536} INFO - Filling up the DagBag from /opt/airflow/dags/Code explanation.xlsx
[2025-04-15T23:11:41.576+0000] {processor.py:841} WARNING - No viable dags retrieved from /opt/airflow/dags/Code explanation.xlsx
[2025-04-15T23:11:41.585+0000] {processor.py:179} INFO - Processing /opt/airflow/dags/Code explanation.xlsx took 0.017 seconds
[2025-04-15T23:12:11.988+0000] {processor.py:157} INFO - Started process (PID=3012) to work on /opt/airflow/dags/Code explanation.xlsx
[2025-04-15T23:12:11.989+0000] {processor.py:829} INFO - Processing file /opt/airflow/dags/Code explanation.xlsx for tasks to queue
[2025-04-15T23:12:11.990+0000] {logging_mixin.py:154} INFO - [2025-04-15T23:12:11.990+0000] {dagbag.py:536} INFO - Filling up the DagBag from /opt/airflow/dags/Code explanation.xlsx
[2025-04-15T23:12:11.997+0000] {processor.py:841} WARNING - No viable dags retrieved from /opt/airflow/dags/Code explanation.xlsx
[2025-04-15T23:12:12.006+0000] {processor.py:179} INFO - Processing /opt/airflow/dags/Code explanation.xlsx took 0.020 seconds
[2025-04-15T23:12:42.301+0000] {processor.py:157} INFO - Started process (PID=3046) to work on /opt/airflow/dags/Code explanation.xlsx
[2025-04-15T23:12:42.302+0000] {processor.py:829} INFO - Processing file /opt/airflow/dags/Code explanation.xlsx for tasks to queue
[2025-04-15T23:12:42.303+0000] {logging_mixin.py:154} INFO - [2025-04-15T23:12:42.303+0000] {dagbag.py:536} INFO - Filling up the DagBag from /opt/airflow/dags/Code explanation.xlsx
[2025-04-15T23:12:42.311+0000] {processor.py:841} WARNING - No viable dags retrieved from /opt/airflow/dags/Code explanation.xlsx
[2025-04-15T23:12:42.321+0000] {processor.py:179} INFO - Processing /opt/airflow/dags/Code explanation.xlsx took 0.022 seconds
[2025-04-15T23:13:13.127+0000] {processor.py:157} INFO - Started process (PID=3080) to work on /opt/airflow/dags/Code explanation.xlsx
[2025-04-15T23:13:13.128+0000] {processor.py:829} INFO - Processing file /opt/airflow/dags/Code explanation.xlsx for tasks to queue
[2025-04-15T23:13:13.129+0000] {logging_mixin.py:154} INFO - [2025-04-15T23:13:13.129+0000] {dagbag.py:536} INFO - Filling up the DagBag from /opt/airflow/dags/Code explanation.xlsx
[2025-04-15T23:13:13.139+0000] {processor.py:841} WARNING - No viable dags retrieved from /opt/airflow/dags/Code explanation.xlsx
[2025-04-15T23:13:13.149+0000] {processor.py:179} INFO - Processing /opt/airflow/dags/Code explanation.xlsx took 0.025 seconds
[2025-04-15T23:13:43.522+0000] {processor.py:157} INFO - Started process (PID=3114) to work on /opt/airflow/dags/Code explanation.xlsx
[2025-04-15T23:13:43.523+0000] {processor.py:829} INFO - Processing file /opt/airflow/dags/Code explanation.xlsx for tasks to queue
[2025-04-15T23:13:43.523+0000] {logging_mixin.py:154} INFO - [2025-04-15T23:13:43.523+0000] {dagbag.py:536} INFO - Filling up the DagBag from /opt/airflow/dags/Code explanation.xlsx
[2025-04-15T23:13:43.528+0000] {processor.py:841} WARNING - No viable dags retrieved from /opt/airflow/dags/Code explanation.xlsx
[2025-04-15T23:13:43.537+0000] {processor.py:179} INFO - Processing /opt/airflow/dags/Code explanation.xlsx took 0.018 seconds
[2025-04-15T23:14:13.593+0000] {processor.py:157} INFO - Started process (PID=3148) to work on /opt/airflow/dags/Code explanation.xlsx
[2025-04-15T23:14:13.594+0000] {processor.py:829} INFO - Processing file /opt/airflow/dags/Code explanation.xlsx for tasks to queue
[2025-04-15T23:14:13.595+0000] {logging_mixin.py:154} INFO - [2025-04-15T23:14:13.594+0000] {dagbag.py:536} INFO - Filling up the DagBag from /opt/airflow/dags/Code explanation.xlsx
[2025-04-15T23:14:13.599+0000] {processor.py:841} WARNING - No viable dags retrieved from /opt/airflow/dags/Code explanation.xlsx
[2025-04-15T23:14:13.610+0000] {processor.py:179} INFO - Processing /opt/airflow/dags/Code explanation.xlsx took 0.020 seconds
[2025-04-15T23:14:43.976+0000] {processor.py:157} INFO - Started process (PID=3182) to work on /opt/airflow/dags/Code explanation.xlsx
[2025-04-15T23:14:43.977+0000] {processor.py:829} INFO - Processing file /opt/airflow/dags/Code explanation.xlsx for tasks to queue
[2025-04-15T23:14:43.977+0000] {logging_mixin.py:154} INFO - [2025-04-15T23:14:43.977+0000] {dagbag.py:536} INFO - Filling up the DagBag from /opt/airflow/dags/Code explanation.xlsx
[2025-04-15T23:14:43.986+0000] {processor.py:841} WARNING - No viable dags retrieved from /opt/airflow/dags/Code explanation.xlsx
[2025-04-15T23:14:43.995+0000] {processor.py:179} INFO - Processing /opt/airflow/dags/Code explanation.xlsx took 0.021 seconds
[2025-04-15T23:15:14.332+0000] {processor.py:157} INFO - Started process (PID=3216) to work on /opt/airflow/dags/Code explanation.xlsx
[2025-04-15T23:15:14.333+0000] {processor.py:829} INFO - Processing file /opt/airflow/dags/Code explanation.xlsx for tasks to queue
[2025-04-15T23:15:14.334+0000] {logging_mixin.py:154} INFO - [2025-04-15T23:15:14.334+0000] {dagbag.py:536} INFO - Filling up the DagBag from /opt/airflow/dags/Code explanation.xlsx
[2025-04-15T23:15:14.346+0000] {processor.py:841} WARNING - No viable dags retrieved from /opt/airflow/dags/Code explanation.xlsx
[2025-04-15T23:15:14.356+0000] {processor.py:179} INFO - Processing /opt/airflow/dags/Code explanation.xlsx took 0.027 seconds
[2025-04-15T23:15:44.438+0000] {processor.py:157} INFO - Started process (PID=3250) to work on /opt/airflow/dags/Code explanation.xlsx
[2025-04-15T23:15:44.439+0000] {processor.py:829} INFO - Processing file /opt/airflow/dags/Code explanation.xlsx for tasks to queue
[2025-04-15T23:15:44.440+0000] {logging_mixin.py:154} INFO - [2025-04-15T23:15:44.440+0000] {dagbag.py:536} INFO - Filling up the DagBag from /opt/airflow/dags/Code explanation.xlsx
[2025-04-15T23:15:44.445+0000] {processor.py:841} WARNING - No viable dags retrieved from /opt/airflow/dags/Code explanation.xlsx
[2025-04-15T23:15:44.454+0000] {processor.py:179} INFO - Processing /opt/airflow/dags/Code explanation.xlsx took 0.019 seconds
[2025-04-15T23:16:14.705+0000] {processor.py:157} INFO - Started process (PID=3284) to work on /opt/airflow/dags/Code explanation.xlsx
[2025-04-15T23:16:14.706+0000] {processor.py:829} INFO - Processing file /opt/airflow/dags/Code explanation.xlsx for tasks to queue
[2025-04-15T23:16:14.707+0000] {logging_mixin.py:154} INFO - [2025-04-15T23:16:14.707+0000] {dagbag.py:536} INFO - Filling up the DagBag from /opt/airflow/dags/Code explanation.xlsx
[2025-04-15T23:16:14.715+0000] {processor.py:841} WARNING - No viable dags retrieved from /opt/airflow/dags/Code explanation.xlsx
[2025-04-15T23:16:14.726+0000] {processor.py:179} INFO - Processing /opt/airflow/dags/Code explanation.xlsx took 0.025 seconds
[2025-04-15T23:16:45.294+0000] {processor.py:157} INFO - Started process (PID=3318) to work on /opt/airflow/dags/Code explanation.xlsx
[2025-04-15T23:16:45.295+0000] {processor.py:829} INFO - Processing file /opt/airflow/dags/Code explanation.xlsx for tasks to queue
[2025-04-15T23:16:45.296+0000] {logging_mixin.py:154} INFO - [2025-04-15T23:16:45.296+0000] {dagbag.py:536} INFO - Filling up the DagBag from /opt/airflow/dags/Code explanation.xlsx
[2025-04-15T23:16:45.304+0000] {processor.py:841} WARNING - No viable dags retrieved from /opt/airflow/dags/Code explanation.xlsx
[2025-04-15T23:16:45.315+0000] {processor.py:179} INFO - Processing /opt/airflow/dags/Code explanation.xlsx took 0.023 seconds
[2025-04-15T23:17:15.648+0000] {processor.py:157} INFO - Started process (PID=3352) to work on /opt/airflow/dags/Code explanation.xlsx
[2025-04-15T23:17:15.649+0000] {processor.py:829} INFO - Processing file /opt/airflow/dags/Code explanation.xlsx for tasks to queue
[2025-04-15T23:17:15.650+0000] {logging_mixin.py:154} INFO - [2025-04-15T23:17:15.650+0000] {dagbag.py:536} INFO - Filling up the DagBag from /opt/airflow/dags/Code explanation.xlsx
[2025-04-15T23:17:15.661+0000] {processor.py:841} WARNING - No viable dags retrieved from /opt/airflow/dags/Code explanation.xlsx
[2025-04-15T23:17:15.672+0000] {processor.py:179} INFO - Processing /opt/airflow/dags/Code explanation.xlsx took 0.026 seconds
[2025-04-15T23:17:45.878+0000] {processor.py:157} INFO - Started process (PID=3386) to work on /opt/airflow/dags/Code explanation.xlsx
[2025-04-15T23:17:45.878+0000] {processor.py:829} INFO - Processing file /opt/airflow/dags/Code explanation.xlsx for tasks to queue
[2025-04-15T23:17:45.879+0000] {logging_mixin.py:154} INFO - [2025-04-15T23:17:45.879+0000] {dagbag.py:536} INFO - Filling up the DagBag from /opt/airflow/dags/Code explanation.xlsx
[2025-04-15T23:17:45.889+0000] {processor.py:841} WARNING - No viable dags retrieved from /opt/airflow/dags/Code explanation.xlsx
[2025-04-15T23:17:45.898+0000] {processor.py:179} INFO - Processing /opt/airflow/dags/Code explanation.xlsx took 0.022 seconds
[2025-04-15T23:18:16.159+0000] {processor.py:157} INFO - Started process (PID=3420) to work on /opt/airflow/dags/Code explanation.xlsx
[2025-04-15T23:18:16.159+0000] {processor.py:829} INFO - Processing file /opt/airflow/dags/Code explanation.xlsx for tasks to queue
[2025-04-15T23:18:16.160+0000] {logging_mixin.py:154} INFO - [2025-04-15T23:18:16.160+0000] {dagbag.py:536} INFO - Filling up the DagBag from /opt/airflow/dags/Code explanation.xlsx
[2025-04-15T23:18:16.171+0000] {processor.py:841} WARNING - No viable dags retrieved from /opt/airflow/dags/Code explanation.xlsx
[2025-04-15T23:18:16.181+0000] {processor.py:179} INFO - Processing /opt/airflow/dags/Code explanation.xlsx took 0.025 seconds
[2025-04-15T23:18:46.581+0000] {processor.py:157} INFO - Started process (PID=3454) to work on /opt/airflow/dags/Code explanation.xlsx
[2025-04-15T23:18:46.582+0000] {processor.py:829} INFO - Processing file /opt/airflow/dags/Code explanation.xlsx for tasks to queue
[2025-04-15T23:18:46.583+0000] {logging_mixin.py:154} INFO - [2025-04-15T23:18:46.583+0000] {dagbag.py:536} INFO - Filling up the DagBag from /opt/airflow/dags/Code explanation.xlsx
[2025-04-15T23:18:46.593+0000] {processor.py:841} WARNING - No viable dags retrieved from /opt/airflow/dags/Code explanation.xlsx
[2025-04-15T23:18:46.606+0000] {processor.py:179} INFO - Processing /opt/airflow/dags/Code explanation.xlsx took 0.028 seconds
[2025-04-15T23:19:16.986+0000] {processor.py:157} INFO - Started process (PID=3488) to work on /opt/airflow/dags/Code explanation.xlsx
[2025-04-15T23:19:16.987+0000] {processor.py:829} INFO - Processing file /opt/airflow/dags/Code explanation.xlsx for tasks to queue
[2025-04-15T23:19:16.988+0000] {logging_mixin.py:154} INFO - [2025-04-15T23:19:16.988+0000] {dagbag.py:536} INFO - Filling up the DagBag from /opt/airflow/dags/Code explanation.xlsx
[2025-04-15T23:19:16.996+0000] {processor.py:841} WARNING - No viable dags retrieved from /opt/airflow/dags/Code explanation.xlsx
[2025-04-15T23:19:17.007+0000] {processor.py:179} INFO - Processing /opt/airflow/dags/Code explanation.xlsx took 0.024 seconds
[2025-04-15T23:19:47.412+0000] {processor.py:157} INFO - Started process (PID=3522) to work on /opt/airflow/dags/Code explanation.xlsx
[2025-04-15T23:19:47.413+0000] {processor.py:829} INFO - Processing file /opt/airflow/dags/Code explanation.xlsx for tasks to queue
[2025-04-15T23:19:47.414+0000] {logging_mixin.py:154} INFO - [2025-04-15T23:19:47.414+0000] {dagbag.py:536} INFO - Filling up the DagBag from /opt/airflow/dags/Code explanation.xlsx
[2025-04-15T23:19:47.423+0000] {processor.py:841} WARNING - No viable dags retrieved from /opt/airflow/dags/Code explanation.xlsx
[2025-04-15T23:19:47.433+0000] {processor.py:179} INFO - Processing /opt/airflow/dags/Code explanation.xlsx took 0.023 seconds
[2025-04-15T23:20:18.230+0000] {processor.py:157} INFO - Started process (PID=3556) to work on /opt/airflow/dags/Code explanation.xlsx
[2025-04-15T23:20:18.233+0000] {processor.py:829} INFO - Processing file /opt/airflow/dags/Code explanation.xlsx for tasks to queue
[2025-04-15T23:20:18.234+0000] {logging_mixin.py:154} INFO - [2025-04-15T23:20:18.234+0000] {dagbag.py:536} INFO - Filling up the DagBag from /opt/airflow/dags/Code explanation.xlsx
[2025-04-15T23:20:18.273+0000] {processor.py:841} WARNING - No viable dags retrieved from /opt/airflow/dags/Code explanation.xlsx
[2025-04-15T23:20:18.289+0000] {processor.py:179} INFO - Processing /opt/airflow/dags/Code explanation.xlsx took 0.061 seconds
[2025-04-15T23:20:48.644+0000] {processor.py:157} INFO - Started process (PID=3590) to work on /opt/airflow/dags/Code explanation.xlsx
[2025-04-15T23:20:48.645+0000] {processor.py:829} INFO - Processing file /opt/airflow/dags/Code explanation.xlsx for tasks to queue
[2025-04-15T23:20:48.646+0000] {logging_mixin.py:154} INFO - [2025-04-15T23:20:48.646+0000] {dagbag.py:536} INFO - Filling up the DagBag from /opt/airflow/dags/Code explanation.xlsx
[2025-04-15T23:20:48.656+0000] {processor.py:841} WARNING - No viable dags retrieved from /opt/airflow/dags/Code explanation.xlsx
[2025-04-15T23:20:48.674+0000] {processor.py:179} INFO - Processing /opt/airflow/dags/Code explanation.xlsx took 0.032 seconds
[2025-04-15T23:21:18.739+0000] {processor.py:157} INFO - Started process (PID=3612) to work on /opt/airflow/dags/Code explanation.xlsx
[2025-04-15T23:21:18.741+0000] {processor.py:829} INFO - Processing file /opt/airflow/dags/Code explanation.xlsx for tasks to queue
[2025-04-15T23:21:18.742+0000] {logging_mixin.py:154} INFO - [2025-04-15T23:21:18.741+0000] {dagbag.py:536} INFO - Filling up the DagBag from /opt/airflow/dags/Code explanation.xlsx
[2025-04-15T23:21:18.753+0000] {processor.py:841} WARNING - No viable dags retrieved from /opt/airflow/dags/Code explanation.xlsx
[2025-04-15T23:21:18.766+0000] {processor.py:179} INFO - Processing /opt/airflow/dags/Code explanation.xlsx took 0.029 seconds
[2025-04-15T23:21:49.155+0000] {processor.py:157} INFO - Started process (PID=3644) to work on /opt/airflow/dags/Code explanation.xlsx
[2025-04-15T23:21:49.157+0000] {processor.py:829} INFO - Processing file /opt/airflow/dags/Code explanation.xlsx for tasks to queue
[2025-04-15T23:21:49.158+0000] {logging_mixin.py:154} INFO - [2025-04-15T23:21:49.158+0000] {dagbag.py:536} INFO - Filling up the DagBag from /opt/airflow/dags/Code explanation.xlsx
[2025-04-15T23:21:49.170+0000] {processor.py:841} WARNING - No viable dags retrieved from /opt/airflow/dags/Code explanation.xlsx
[2025-04-15T23:21:49.182+0000] {processor.py:179} INFO - Processing /opt/airflow/dags/Code explanation.xlsx took 0.029 seconds
[2025-04-15T23:22:20.530+0000] {processor.py:157} INFO - Started process (PID=3679) to work on /opt/airflow/dags/Code explanation.xlsx
[2025-04-15T23:22:20.531+0000] {processor.py:829} INFO - Processing file /opt/airflow/dags/Code explanation.xlsx for tasks to queue
[2025-04-15T23:22:20.532+0000] {logging_mixin.py:154} INFO - [2025-04-15T23:22:20.531+0000] {dagbag.py:536} INFO - Filling up the DagBag from /opt/airflow/dags/Code explanation.xlsx
[2025-04-15T23:22:20.542+0000] {processor.py:841} WARNING - No viable dags retrieved from /opt/airflow/dags/Code explanation.xlsx
[2025-04-15T23:22:20.552+0000] {processor.py:179} INFO - Processing /opt/airflow/dags/Code explanation.xlsx took 0.024 seconds
[2025-04-15T23:22:51.928+0000] {processor.py:157} INFO - Started process (PID=3712) to work on /opt/airflow/dags/Code explanation.xlsx
[2025-04-15T23:22:51.929+0000] {processor.py:829} INFO - Processing file /opt/airflow/dags/Code explanation.xlsx for tasks to queue
[2025-04-15T23:22:51.930+0000] {logging_mixin.py:154} INFO - [2025-04-15T23:22:51.930+0000] {dagbag.py:536} INFO - Filling up the DagBag from /opt/airflow/dags/Code explanation.xlsx
[2025-04-15T23:22:51.942+0000] {processor.py:841} WARNING - No viable dags retrieved from /opt/airflow/dags/Code explanation.xlsx
[2025-04-15T23:22:51.955+0000] {processor.py:179} INFO - Processing /opt/airflow/dags/Code explanation.xlsx took 0.029 seconds
[2025-04-15T23:23:22.479+0000] {processor.py:157} INFO - Started process (PID=3745) to work on /opt/airflow/dags/Code explanation.xlsx
[2025-04-15T23:23:22.480+0000] {processor.py:829} INFO - Processing file /opt/airflow/dags/Code explanation.xlsx for tasks to queue
[2025-04-15T23:23:22.481+0000] {logging_mixin.py:154} INFO - [2025-04-15T23:23:22.481+0000] {dagbag.py:536} INFO - Filling up the DagBag from /opt/airflow/dags/Code explanation.xlsx
[2025-04-15T23:23:22.491+0000] {processor.py:841} WARNING - No viable dags retrieved from /opt/airflow/dags/Code explanation.xlsx
[2025-04-15T23:23:22.516+0000] {processor.py:179} INFO - Processing /opt/airflow/dags/Code explanation.xlsx took 0.042 seconds
[2025-04-15T23:23:52.589+0000] {processor.py:157} INFO - Started process (PID=3773) to work on /opt/airflow/dags/Code explanation.xlsx
[2025-04-15T23:23:52.590+0000] {processor.py:829} INFO - Processing file /opt/airflow/dags/Code explanation.xlsx for tasks to queue
[2025-04-15T23:23:52.591+0000] {logging_mixin.py:154} INFO - [2025-04-15T23:23:52.591+0000] {dagbag.py:536} INFO - Filling up the DagBag from /opt/airflow/dags/Code explanation.xlsx
[2025-04-15T23:23:52.600+0000] {processor.py:841} WARNING - No viable dags retrieved from /opt/airflow/dags/Code explanation.xlsx
[2025-04-15T23:23:52.613+0000] {processor.py:179} INFO - Processing /opt/airflow/dags/Code explanation.xlsx took 0.026 seconds
[2025-04-15T23:24:22.947+0000] {processor.py:157} INFO - Started process (PID=3804) to work on /opt/airflow/dags/Code explanation.xlsx
[2025-04-15T23:24:22.949+0000] {processor.py:829} INFO - Processing file /opt/airflow/dags/Code explanation.xlsx for tasks to queue
[2025-04-15T23:24:22.950+0000] {logging_mixin.py:154} INFO - [2025-04-15T23:24:22.950+0000] {dagbag.py:536} INFO - Filling up the DagBag from /opt/airflow/dags/Code explanation.xlsx
[2025-04-15T23:24:22.961+0000] {processor.py:841} WARNING - No viable dags retrieved from /opt/airflow/dags/Code explanation.xlsx
[2025-04-15T23:24:22.975+0000] {processor.py:179} INFO - Processing /opt/airflow/dags/Code explanation.xlsx took 0.032 seconds
[2025-04-15T23:24:53.747+0000] {processor.py:157} INFO - Started process (PID=3841) to work on /opt/airflow/dags/Code explanation.xlsx
[2025-04-15T23:24:53.748+0000] {processor.py:829} INFO - Processing file /opt/airflow/dags/Code explanation.xlsx for tasks to queue
[2025-04-15T23:24:53.749+0000] {logging_mixin.py:154} INFO - [2025-04-15T23:24:53.749+0000] {dagbag.py:536} INFO - Filling up the DagBag from /opt/airflow/dags/Code explanation.xlsx
[2025-04-15T23:24:53.756+0000] {processor.py:841} WARNING - No viable dags retrieved from /opt/airflow/dags/Code explanation.xlsx
[2025-04-15T23:24:53.768+0000] {processor.py:179} INFO - Processing /opt/airflow/dags/Code explanation.xlsx took 0.023 seconds
[2025-04-15T23:25:24.431+0000] {processor.py:157} INFO - Started process (PID=3875) to work on /opt/airflow/dags/Code explanation.xlsx
[2025-04-15T23:25:24.433+0000] {processor.py:829} INFO - Processing file /opt/airflow/dags/Code explanation.xlsx for tasks to queue
[2025-04-15T23:25:24.434+0000] {logging_mixin.py:154} INFO - [2025-04-15T23:25:24.434+0000] {dagbag.py:536} INFO - Filling up the DagBag from /opt/airflow/dags/Code explanation.xlsx
[2025-04-15T23:25:24.444+0000] {processor.py:841} WARNING - No viable dags retrieved from /opt/airflow/dags/Code explanation.xlsx
[2025-04-15T23:25:24.456+0000] {processor.py:179} INFO - Processing /opt/airflow/dags/Code explanation.xlsx took 0.027 seconds
[2025-04-15T23:25:55.106+0000] {processor.py:157} INFO - Started process (PID=3909) to work on /opt/airflow/dags/Code explanation.xlsx
[2025-04-15T23:25:55.107+0000] {processor.py:829} INFO - Processing file /opt/airflow/dags/Code explanation.xlsx for tasks to queue
[2025-04-15T23:25:55.108+0000] {logging_mixin.py:154} INFO - [2025-04-15T23:25:55.107+0000] {dagbag.py:536} INFO - Filling up the DagBag from /opt/airflow/dags/Code explanation.xlsx
[2025-04-15T23:25:55.117+0000] {processor.py:841} WARNING - No viable dags retrieved from /opt/airflow/dags/Code explanation.xlsx
[2025-04-15T23:25:55.130+0000] {processor.py:179} INFO - Processing /opt/airflow/dags/Code explanation.xlsx took 0.027 seconds
[2025-04-15T23:26:25.493+0000] {processor.py:157} INFO - Started process (PID=3943) to work on /opt/airflow/dags/Code explanation.xlsx
[2025-04-15T23:26:25.494+0000] {processor.py:829} INFO - Processing file /opt/airflow/dags/Code explanation.xlsx for tasks to queue
[2025-04-15T23:26:25.495+0000] {logging_mixin.py:154} INFO - [2025-04-15T23:26:25.495+0000] {dagbag.py:536} INFO - Filling up the DagBag from /opt/airflow/dags/Code explanation.xlsx
[2025-04-15T23:26:25.504+0000] {processor.py:841} WARNING - No viable dags retrieved from /opt/airflow/dags/Code explanation.xlsx
[2025-04-15T23:26:25.517+0000] {processor.py:179} INFO - Processing /opt/airflow/dags/Code explanation.xlsx took 0.027 seconds
[2025-04-15T23:26:55.967+0000] {processor.py:157} INFO - Started process (PID=3977) to work on /opt/airflow/dags/Code explanation.xlsx
[2025-04-15T23:26:55.968+0000] {processor.py:829} INFO - Processing file /opt/airflow/dags/Code explanation.xlsx for tasks to queue
[2025-04-15T23:26:55.969+0000] {logging_mixin.py:154} INFO - [2025-04-15T23:26:55.969+0000] {dagbag.py:536} INFO - Filling up the DagBag from /opt/airflow/dags/Code explanation.xlsx
[2025-04-15T23:26:55.979+0000] {processor.py:841} WARNING - No viable dags retrieved from /opt/airflow/dags/Code explanation.xlsx
[2025-04-15T23:26:55.992+0000] {processor.py:179} INFO - Processing /opt/airflow/dags/Code explanation.xlsx took 0.028 seconds
[2025-04-15T23:27:26.689+0000] {processor.py:157} INFO - Started process (PID=4011) to work on /opt/airflow/dags/Code explanation.xlsx
[2025-04-15T23:27:26.691+0000] {processor.py:829} INFO - Processing file /opt/airflow/dags/Code explanation.xlsx for tasks to queue
[2025-04-15T23:27:26.692+0000] {logging_mixin.py:154} INFO - [2025-04-15T23:27:26.692+0000] {dagbag.py:536} INFO - Filling up the DagBag from /opt/airflow/dags/Code explanation.xlsx
[2025-04-15T23:27:26.711+0000] {processor.py:841} WARNING - No viable dags retrieved from /opt/airflow/dags/Code explanation.xlsx
[2025-04-15T23:27:26.724+0000] {processor.py:179} INFO - Processing /opt/airflow/dags/Code explanation.xlsx took 0.038 seconds
[2025-04-15T23:27:57.167+0000] {processor.py:157} INFO - Started process (PID=4045) to work on /opt/airflow/dags/Code explanation.xlsx
[2025-04-15T23:27:57.169+0000] {processor.py:829} INFO - Processing file /opt/airflow/dags/Code explanation.xlsx for tasks to queue
[2025-04-15T23:27:57.172+0000] {logging_mixin.py:154} INFO - [2025-04-15T23:27:57.172+0000] {dagbag.py:536} INFO - Filling up the DagBag from /opt/airflow/dags/Code explanation.xlsx
[2025-04-15T23:27:57.195+0000] {processor.py:841} WARNING - No viable dags retrieved from /opt/airflow/dags/Code explanation.xlsx
[2025-04-15T23:27:57.209+0000] {processor.py:179} INFO - Processing /opt/airflow/dags/Code explanation.xlsx took 0.045 seconds
[2025-04-15T23:28:27.522+0000] {processor.py:157} INFO - Started process (PID=4076) to work on /opt/airflow/dags/Code explanation.xlsx
[2025-04-15T23:28:27.523+0000] {processor.py:829} INFO - Processing file /opt/airflow/dags/Code explanation.xlsx for tasks to queue
[2025-04-15T23:28:27.524+0000] {logging_mixin.py:154} INFO - [2025-04-15T23:28:27.524+0000] {dagbag.py:536} INFO - Filling up the DagBag from /opt/airflow/dags/Code explanation.xlsx
[2025-04-15T23:28:27.528+0000] {processor.py:841} WARNING - No viable dags retrieved from /opt/airflow/dags/Code explanation.xlsx
[2025-04-15T23:28:27.539+0000] {processor.py:179} INFO - Processing /opt/airflow/dags/Code explanation.xlsx took 0.019 seconds
